ABSC 0
ACFY 2
ACPP 7
ADGT 0
AEKC 11
AFKS 0
AHFG 5
AHNZ 12
AISK 0
AKKK 0
AKRJ 1
ALRY 0
ALYZ 2
AMLJ 100
AMQN 0
ANRX 3
AQBC 1
AQDR 0
AQGJ 9
AQPM 0
ARBZ 0
ARVF 0
ATEU 1
AUTF 0
AVVK 19
AWBO 5
AXTS 1
AYIO 1
AZDS 0
BBKW 91
BBUS 0
BCQW 0
BCTY 1
BDEE 0
BDLT 19
BDNX 0
BDOY 1
BEWM 5
BFIQ 0
BFIS 2
BFQJ 12
BFYD 0
BGSJ 2
BHKF 32
BKGM 1
BKQZ 5
BMXV 0
BNMJ 0
BNXR 2
BOQO 18
BPCU 0
BPKU 2
BPQM 5
BQAU 0
BQMS 0
BSAB 0
BSBN 1
BSET 1
BSHY 0
BUBP 0
BUPO 2
BUZR 0
BVCR 2
BVMA 31
BWLV 6
BWUZ 1
BXEM 306
BXUB 0
BYAH 0
BYPL 1
CAPB 22
CBTS 0
CDLK 1
CDTD 4
CEKA 1
CHKC 1
CHNR 1
CHZJ 0
CIDF 2
CIUF 0
CIUY 0
CKFD 0
CKVT 2
CLMO 0
CLSM 0
CLWR 105
CLYV 0
CNJN 1
COCY 1
COWH 0
COYS 1
CQKN 2
CSAD 7
CSIW 0
CSMU 0
CTQN 2
CUFF 2
CUHH 9
CUHV 4
CUKI 0
CUXA 1
CUYS 18
CVKL 0
CVTZ 0
CWVY 2
CXVT 0
CYBN 0
CYHP 1
CZCO 1
CZVP 2
DAKX 6
DARQ 0
DCQS 0
DDPH 1
DELM 2
DGKJ 3
DGPJ 6
DGUQ 0
DGZS 33
DIIW 0
DIQI 0
DJED 0
DJMU 0
DJPQ 1
DJPR 0
DKMU 1
DMAQ 1
DMXE 0
DNMH 9
DOIW 2
DPNB 2
DPWP 1
DQXV 0
DSAH 0
DSCG 7
DSOR 0
DVLQ 0
DVQE 1
DVTN 0
DVZT 0
DWBT 1
DWHU 6
DWOY 0
DWZZ 0
DXJE 0
DYKM 20
EARD 10
EAVF 43
EBGV 0
EBYV 0
ECBR 2
ECKS 1
ECLH 1
ECOA 0
EDLB 0
EFFG 0
EGOY 1
EHOE 1
EHUG 18
EIMU 0
EIPB 1
EIWC 0
EJHO 1
EKBD 1
EKIX 0
EKVQ 0
EMAW 0
EMDT 1
EMPW 123
EMZX 2
EOFY 2
EOPH 6
ERXX 0
ESDM 1
ESSU 2
ESWM 0
ETOE 1
EUSX 0
EVDK 0
EVLL 0
EWGE 1
EWGW 5
EWWQ 11
EXJI 31
EXUL 0
EZHQ 2
FAFG 0
FBDR 0
FCZO 5
FDAW 0
FESN 0
FFNY 1
FGJA 4
FGQQ 0
FGRF 0
FGWS 0
FHCP 0
FIKA 0
FIOH 0
FJVL 0
FJYR 1
FJZJ 2
FKGP 18
FLSR 3
FMKJ 1
FMTI 0
FNPJ 1
FNUI 0
FPAD 1
FPFE 0
FPGP 3
FPYV 2
FQPI 0
FRFX 3
FSBI 0
FTIW 1
FTXO 4
FUAM 1
FVIQ 17
FVXC 0
FWWW 3
FXDQ 2
FXFK 1
FXMF 3
FXVL 0
FZBI 1
GBFS 0
GBXV 46
GCHN 1
GDVM 0
GDZE 0
GEEU 0
GEFA 1
GELW 0
GFDX 7
GGFX 6
GHZW 0
GIGY 3
GIHO 0
GIJT 75
GJME 2
GJZL 0
GJZP 0
GKBJ 0
GLBE 2
GLRL 5
GLYY 53
GMPC 20
GNLO 0
GOVC 2
GPBU 0
GQCN 0
GQTP 1
GSWB 0
GUZQ 0
GUZZ 14
GVSB 13
GVTM 1
GVYM 0
GXCA 0
GXHY 7
GXWB 2
GXZH 108
GYGT 9
GZOV 1
HBIN 0
HDWX 46
HEDU 0
HGHQ 2
HHIC 0
HHIF 1
HHNS 0
HHQU 0
HJJX 1
HKMT 0
HLVC 1
HLYW 0
HMQC 6
HMRV 0
HMTG 0
HMUR 0
HNMB 7
HPQR 0
HQFR 0
HRCP 0
HSDV 0
HSRK 0
HTWI 0
HUXE 1
HVOW 45
HYOF 1
HZBM 0
IAAA 4
IACO 67
IAKT 0
IAPE 2
IAZQ 0
IBCX 0
IBGC 5
IBGE 0
IBMH 0
IBPI 0
ICYF 3
IDEB 0
IDFM 0
IGTK 6
IHKP 0
IHKW 28
IIUU 0
IIWM 0
IIXQ 0
IJDA 0
IJEC 0
IJQG 0
IJZE 0
IKBY 0
IKNH 3
ILOT 0
IMTK 2
INHS 5
INLX 0
INPZ 1
INSP 0
IOLD 4
IOYG 0
IPGO 6
IPUM 0
IPVH 2
IPVP 8
IPZK 0
IQDK 0
IQMG 1
IRLQ 1
ITIE 0
IUWR 1
IWRP 0
IXJO 2
IXSS 1
IYOM 0
IZIQ 0
JALG 0
JAZF 3
JCDK 21
JCTB 0
JDOC 16
JDWI 0
JEGJ 10
JFQL 1
JGBQ 0
JHUC 2
JHYD 3
JIJH 5
JIQJ 0
JIZP 0
JJCQ 0
JKJX 0
JKTD 13
JKWD 5
JLDN 0
JLKT 0
JLWG 0
JMBQ 0
JMQD 0
JNRB 1
JPDV 26
JQVM 1
JRFB 7
JRHA 19
JUCR 4
JUWX 0
JVQZ 0
JWCS 0
JWMD 0
JWWG 4
JWXM 0
JXAN 1
JYQT 3
JYQV 0
JZES 0
JZKA 0
KAIQ 0
KARH 1
KAYX 1
KBMX 0
KBPM 0
KCWP 0
KDKU 1
KENV 0
KESZ 8
KGDT 0
KGHZ 20
KGNH 0
KGOQ 0
KGPG 3
KHTO 6
KICZ 4
KINL 3
KJYT 1
KKGW 1
KLNT 0
KMAT 1
KMJZ 26
KMSK 0
KMXG 0
KNIP 0
KOQN 0
KPMB 2
KPTB 1
KQEW 0
KRHU 1
KRPQ 0
KTDW 2
KTDX 0
KUXX 0
KVGO 798
KWSZ 0
KWTT 0
KXDI 0
KXMN 3
KXSW 0
KYMS 1
KZGS 0
LAKK 2
LANM 0
LANX 3
LAXN 0
LBCK 0
LBEQ 260
LBTF 11
LCAJ 59
LCIV 0
LDRP 1
LDVM 0
LECU 0
LEMU 0
LFRG 2
LGCP 0
LJDL 0
LJQC 0
LKES 0
LKHV 0
LMBM 1
LMUE 2
LNCR 0
LPHE 0
LQCE 18
LQNH 0
LRHQ 0
LRVJ 1
LSIT 0
LTAP 18
LUWQ 6
LWEO 4
LWWR 0
LXAE 10
LXDS 1
LXGR 7
LYJR 0
LZIZ 0
MABT 1
MANA 15
MAPH 1
MAWZ 0
MBOX 1
MBVK 0
MBYG 0
MDBC 0
MDLJ 0
MDOJ 0
MEHI 2
MFNH 0
MHFC 3
MHJT 0
MIJH 0
MKHP 8
MKPQ 0
MLMR 0
MLTK 0
MMBU 0
MMUF 0
MNCE 2
MOTF 0
MOVX 4
MQWQ 0
MSCE 1
MSHM 0
MSNO 1
MSSD 0
MSSW 1
MTRL 1
MUQI 2
MUXZ 0
MUYE 0
MVAO 0
MVPE 0
MYGO 1
MYHK 0
MYNG 0
MYSG 7
MYUC 0
MZIZ 12
MZXC 2
NBFQ 0
NBOI 0
NBZJ 0
NCNY 0
NCZV 6
NDAK 0
NENA 0
NENM 2
NFXP 0
NGKA 0
NGZI 0
NHHA 89
NIMA 0
NIYA 2
NJNG 1
NJSI 3
NJXR 3
NLCK 0
NLJA 1
NLPB 0
NLRQ 0
NMAN 30
NMNM 0
NNES 1
NNQJ 23
NODJ 998
NPWC 0
NRGR 0
NRMI 0
NRNB 2
NSVL 1
NUBL 2
NUPL 1
NUQB 0
NVEG 0
NXTZ 33
NYVH 0
NZDG 2
NZOR 4
OASA 0
OATA 2
OBZB 0
OCJU 2
ODAJ 0
ODDS 2
ODKC 0
ODYZ 8
OEEC 0
OEVQ 0
OFOS 7
OGDI 3
OGIG 0
OGOT 0
OGXT 1
OHCN 7
OIQW 276
OITN 37
OKFI 0
OKGS 9
OKSF 0
OKUW 1
OLBM 13
OLHA 1
OOCC 7
OOCD 3
OPPG 0
OPQN 0
OREI 0
ORIK 0
ORKJ 17
OSEA 0
OSWM 0
OTSI 1
OUDN 7
OVFW 0
OVGS 0
OVIW 7
OVOQ 1
OWLD 41
OWPW 0
OWVK 1
OXEM 0
OXJT 0
OXZZ 0
OZEZ 3
PAKX 0
PALS 0
PBGR 0
PBNU 0
PCFJ 5
PCSD 1
PDGA 0
PDUE 5
PEIE 5
PELE 4
PEWV 3
PFUS 10
PHON 2
PICP 0
PIGX 9
PIRF 6
PITT 0
PIYR 6
PJME 13
PKGY 0
PLAL 3
PLFU 1
PLSX 0
PLZD 1
PMGK 0
PMHD 8
PMUB 92
PNIJ 0
PNMU 1
PNPA 0
PPVN 298
PROD 0
PSYP 0
PTEV 9
PTKB 1
PUDE 0
PVFF 3
PVFS 3
PVSO 1
PWZE 0
PXHF 0
PYGU 0
PYYZ 1
PZDE 0
PZNO 29
QAPV 2
QAZS 0
QBWQ 0
QEVQ 0
QEWD 0
QEZQ 0
QFNQ 2
QFRT 0
QFXL 5
QGLD 3
QIAI 0
QIPB 0
QIVL 0
QJYR 0
QLEY 1
QMHR 0
QMST 0
QMVM 0
QOUP 1
QPNL 0
QSEU 0
QSKI 3
QSMZ 0
QSSQ 0
QSVS 0
QTHN 0
QUEE 0
QUIL 4
QUNG 0
QVJM 4
QWCJ 1
QXBL 1
QXGI 1
QXOK 1
QXTG 0
QYDD 2
QYDQ 1
QZIE 0
QZSD 0
RAOD 12
RAXM 0
RCDC 2
RCLC 0
RCSC 12
RDVQ 0
REAZ 1
REBJ 16
REKI 7
REPL 0
REVX 13
RFIT 0
RFOZ 0
RFTM 1
RGMU 1
RKPO 0
RLRD 0
RMCG 0
RMPZ 0
ROGE 7
ROWQ 2
RPHI 3
RPNV 0
RPQK 0
RSDO 3
RSDP 0
RSJH 0
RTMS 0
RUCH 7
RUGY 0
RVFH 0
RVTV 6
RWDT 0
RXRP 2
RYLH 1
RZJX 9
RZZM 0
SAQJ 2
SAYV 0
SCDA 0
SCFY 1
SDHH 0
SDUP 0
SETM 0
SFPH 0
SFZX 1
SGLS 0
SGOG 2
SGOT 2
SIKJ 0
SIVY 0
SJYG 3
SKAX 8
SMOP 6
SMPQ 3
SNXA 0
SOCS 5
SORX 0
SPBI 1
SQUD 0
SQYY 22
SSCJ 0
SSNU 0
SSSX 0
SUHD 0
SVEQ 1
SVVM 10
SWLB 1
SXBJ 2
SXSZ 0
SYID 2
SZUK 6
TATD 0
TAVN 7
TCRN 0
TDBC 0
TGDZ 0
TGWV 0
THEJ 0
THXI 2
TJHL 1
TJHU 0
TKGI 0
TKHV 2
TKLJ 0
TLBD 1
TLMO 2
TMDD 0
TMDP 0
TOJD 0
TONO 0
TQYR 762
TRXM 1
TSPB 0
TSQO 0
TSRZ 0
TSSJ 0
TSVU 10
TUHO 0
TUUK 0
TUUR 5
TVPD 0
TWEC 2
TWOU 1
TWQP 3
TWSP 1
TXAW 5
TXEV 1
UAYM 2
UAZZ 0
UBKP 0
UBNI 59
UCBL 7
UCDW 2
UCGZ 0
UDGM 4
UDSL 24
UESW 31
UFGA 1
UFUQ 0
UISY 0
ULYH 0
UMHE 2
UMUC 1
UNNX 2
UOGJ 0
UPTF 1
USIZ 3
USJJ 0
USRN 0
UTFI 0
UUSN 0
UVZM 31
UWEZ 22
UWFR 0
UXNT 0
UXUE 0
UYAI 20
UYEG 2
UYXY 1
UYYE 0
UYYU 0
UZFY 0
UZTX 37
VAGL 1
VBIQ 5
VBRT 0
VBTS 3
VCCV 0
VDBG 0
VDLV 0
VDOO 0
VEFK 0
VERW 0
VETR 2
VEXW 0
VFBN 8
VFKA 4
VFNJ 1
VGED 0
VIKS 0
VJHK 0
VKEM 2
VKJU 1
VLSM 1
VNVZ 0
VOGQ 0
VOTF 0
VQDL 0
VQOE 0
VRHM 0
VUEH 0
VUKB 3
VUSI 7
VUYB 1
VVKB 0
VWIS 0
VWUX 10
VWXF 0
VYTP 0
VYWA 1
VZOI 0
VZWS 1
WAHE 0
WAXS 2
WBNR 0
WBRA 1
WCUI 0
WDDA 0
WEBW 0
WFFT 4
WFIB 2
WFOU 1
WFXI 4
WFYE 0
WGDP 2
WIVK 2
WJDU 0
WKFI 5
WMPR 0
WMUQ 0
WMWD 0
WNMW 2
WOAW 8
WPEJ 0
WQJP 2
WSXM 0
WTCQ 0
WTEA 1
WTGE 0
WTQL 0
WTYK 48
WURA 0
WVJJ 1
WVSJ 0
WYEW 6
XAOR 0
XAQN 3
XBCF 0
XBJQ 2
XCRQ 0
XCVO 5
XDAI 0
XEMY 1
XENZ 0
XERI 3
XFKS 0
XFPB 1
XFRC 1
XFYQ 0
XGFM 1
XJIT 0
XJZK 2
XKCY 1
XKGR 1
XKKT 0
XKVF 10
XLWW 1
XMLY 0
XOBQ 129
XPPI 0
XPUJ 0
XSFB 1
XSFW 0
XTCJ 0
XULH 1
XVJV 0
XWQY 5
XXAZ 0
XXYK 3
XYGY 0
XYLC 0
XZNQ 0
XZPQ 1
YADT 3
YAUP 0
YBIO 0
YBOX 0
YBYG 1
YBZE 6
YCEB 0
YCTI 0
YDCE 0
YDOR 6
YECU 4
YERG 0
YFJN 18
YFVP 0
YGTG 0
YHNU 0
YHRL 0
YHSS 0
YIBD 1
YKAO 0
YKZS 3
YOBS 3
YOMH 0
YONC 0
YOVO 0
YPNV 0
YPOQ 3
YPUQ 57
YQSE 20
YRDB 11
YRHF 0
YSKD 0
YSMS 0
YUYQ 0
YVFH 16
YVOR 13
YXFA 0
YXQR 2
YYCI 0
YYXZ 10
ZAPG 0
ZBVD 6
ZCAH 0
ZCRD 0
ZDJD 5
ZEDQ 4
ZEKB 1
ZGSS 1
ZHEN 0
ZJAM 3
ZJCN 1
ZJQI 0
ZJQX 0
ZKDM 0
ZLRS 1
ZOHO 0
ZOWR 34
ZPCQ 31
ZPGX 0
ZRBX 22
ZREI 0
ZRWT 1
ZSFT 1
ZSZW 0
ZTCH 0
ZTEY 0
ZTLM 0
ZVEF 2
ZWFQ 45
ZWLC 0
ZWNE 2
ZWVK 2
ZZWN 2
ZZYH 0
