AAFB 1
AAJB 4
AAUV 0
ABYZ 18
ACIA 27
ACKZ 0
ACZJ 0
ADOU 8
AHPA 0
AIOK 0
AJCL 36
AJIH 0
AJKW 0
AKDU 0
ALBB 5
ALJA 6
ALNJ 3
ANKO 4
ANOJ 0
AODL 1
APBM 2
APZD 5
AQHR 0
AQLT 0
ASFT 1
ASTU 11
ASWJ 0
ASWW 0
ATNN 1
ATXT 1
AWFG 5
AWHQ 1
AWRN 0
AXIX 3
AZKA 1
BBCG 0
BBTD 1
BCIT 0
BDLN 3
BDUL 0
BDYF 1
BEGF 6
BFGY 0
BJBA 4
BKDT 34
BKJB 0
BLFY 9
BLHO 0
BLIG 0
BLKC 1
BMAF 0
BNWL 1
BNYS 8
BPLY 0
BPNC 0
BQLJ 0
BQQR 9
BRVY 1
BSEP 2
BURP 8
BUZN 2
BVEA 3
BVJL 13
BWAV 0
BWNU 1
BWRV 0
BXJW 1
BXTA 1
BYEK 1
BYSO 0
CABN 3
CADD 0
CBJD 1
CCMH 1
CDEI 0
CFUW 0
CGTQ 0
CIEM 60
CJKZ 0
CJPE 1
CKBF 0
CKCB 130
CLRS 3
CLWO 1
CLZU 0
CMRY 2
CMXP 0
CNZA 16
COTQ 16
CPDC 0
CPKB 2
CPUC 0
CQZX 3
CRCP 0
CTNY 0
CURC 0
CWDO 4
CWJL 0
CYLC 1
CZWT 0
DAHH 0
DBJI 1
DCAD 0
DCKL 1
DCOF 0
DCQO 0
DCYE 0
DDFG 0
DDJI 0
DDXF 2
DFDY 0
DFML 0
DFWZ 77
DHWW 3
DIFU 0
DIVM 5
DIXY 3
DKGJ 0
DLVY 0
DMHT 0
DMMW 0
DMVZ 4
DMZP 0
DNLU 1
DNSG 0
DOAA 0
DOJE 0
DOQG 0
DORY 3
DPON 0
DQEQ 0
DQIK 6
DQUR 0
DRPF 0
DSEI 3
DSLL 0
DSPY 1
DTRA 0
DTSA 3
DULC 1
DUOD 0
DUPK 0
DUVG 0
DUVP 0
DWJN 2
DWKJ 0
DXSC 1
DYVM 0
EABH 0
EBCG 1
EBUS 0
ECDL 0
ECGR 0
ECIH 10
EDHV 0
EEQG 23
EETW 0
EEUZ 2
EFHP 4
EIFA 0
ELDS 4
ELGQ 3
ELIL 0
ELJE 0
ENHS 0
ENVR 0
ENXL 3
EOPK 1
EOXB 0
EPES 0
EPMW 11
EQOI 0
ERDU 3
ERNG 2
ERTE 10
ERVI 0
ESTA 0
ESTN 2
ESYW 16
EVGX 0
EVID 1
EXTS 0
EYEG 0
EZUG 0
FAEY 11
FARU 3
FAWH 0
FAXM 0
FAYG 0
FBEI 0
FBFW 0
FBYU 0
FDVE 0
FDWO 2
FDXZ 0
FFQW 0
FFZK 1
FGKD 4
FGPW 4
FHPV 1
FHRD 0
FHTH 0
FJZD 1
FLDE 0
FMOG 6
FNSF 1
FOOZ 0
FPJH 0
FQDI 0
FQIF 0
FQRV 0
FQSL 2
FQVC 0
FRTZ 0
FSAK 0
FURJ 0
FVQE 239
FWJK 1
FWRH 2
FWZR 3
FXET 0
FXPP 1
FXYN 0
FZAA 8
FZKQ 0
GANY 1
GAVG 0
GBDX 0
GBHO 1
GCGV 0
GCMU 10
GDSU 29
GEGF 0
GEMD 0
GFEH 19
GHTI 0
GINF 1
GIPW 1
GJVQ 5
GKMY 0
GLAF 2
GLFR 0
GLYX 0
GMLA 0
GNED 0
GNND 0
GOEU 0
GOIO 1
GPLS 0
GPPI 0
GQAF 0
GRHC 0
GTLB 1
GUCV 0
GUNY 5
GUOW 0
GVEI 0
GVYO 48
GVZP 4
GWEW 2
GWFF 0
GWPE 0
GXOI 1
GXPD 0
GYAK 0
GYCW 0
GYPW 0
GYXQ 0
HASU 1
HBJI 0
HBUE 0
HBVS 4
HCDI 0
HCGE 0
HCHC 0
HCYH 2
HGGX 0
HHEM 0
HILN 0
HJFE 3
HKGA 4
HLQF 0
HMJF 1
HMXW 1
HMYY 0
HMZU 4
HNDO 0
HNHM 20
HNTU 0
HOSP 0
HQJP 2
HQNX 3
HSVJ 0
HSXA 1
HTDC 1
HTTC 0
HTUJ 0
HUYA 0
HWMC 5
HWMV 3
HWPB 1
HWVQ 3
HXHM 0
HXPL 0
HYRN 6
HZVJ 0
IAIZ 0
IBIE 3
IBKM 1
ICGS 0
IDTY 1
IDUG 3
IFPW 0
IGSO 24
IHDD 7
IIDR 0
IJCU 1
IJWP 1
ILMV 1
ILXQ 0
IMMR 0
INNI 12
INYP 1
IOAZ 0
IOXB 1
IQSG 0
ITHX 3
ITZO 0
IUOL 1
IXFX 0
IXOI 0
IXVG 3
IXXO 0
IXZA 0
IYJE 1
IYVP 5
IYVX 2
IZJG 0
JAGM 0
JALD 2
JATQ 3
JBFF 0
JBJF 3
JBTU 0
JBYE 14
JCPZ 1
JCXX 6
JDKQ 1
JDPM 0
JEHF 0
JFVC 7
JGBY 0
JGEI 0
JHFN 0
JHWG 0
JIAY 0
JICP 4
JIIB 1
JIIE 11
JIJX 0
JIKP 0
JINW 8
JISL 1
JKKJ 1
JLYV 0
JMCG 0
JMKX 5
JNEA 24
JOHO 0
JOKV 1
JOYK 0
JQGM 0
JRKA 0
JSAA 7
JSPU 1
JSUC 1
JSYO 13
JTGT 79
JVDQ 0
JVKB 3
JWTD 0
JWXS 4
JXGA 0
JXOD 1
JYHE 0
KAZJ 19
KBDW 6
KBNX 0
KBSX 0
KCKZ 0
KDBT 11
KDEW 0
KGBQ 2
KGCJ 12
KGEZ 0
KGGB 11
KGNH 1
KGRF 14
KGVF 2
KHVI 0
KJKG 1
KJZV 2
KKKF 0
KLFB 2
KODC 2
KODD 1
KPTU 24
KQHI 0
KRLP 0
KUEN 2
KUND 14
KUYW 5
KVEE 0
KVZW 996
KWNK 105
KZBT 5
KZUJ 3
LADC 0
LAIS 0
LAVW 0
LBVU 2
LCEZ 1
LDXH 0
LDZK 0
LFAZ 0
LIFB 1
LILZ 1
LIMJ 0
LJDY 0
LJXS 4
LKSU 10
LLGM 0
LLHC 0
LMLH 1
LNPP 1
LNWV 0
LOIV 0
LPFW 0
LPUH 0
LRAS 2
LRPQ 1
LSBV 1
LSRV 6
LSWT 25
LUBK 0
LUNR 6
LWJH 0
LWRP 0
LXRS 0
MAGK 0
MAIX 2
MBLL 1
MCBS 37
MCUA 3
MDDQ 1
MDZF 0
MEEU 0
MFCB 6
MFDG 0
MFFR 1
MGVF 0
MHEY 1
MHMZ 0
MHXV 7
MIKB 0
MJOV 0
MJPP 0
MKRH 2
MLNQ 0
MLVC 0
MNIU 1
MNPU 5
MOFU 0
MPCB 3
MPQS 0
MPXW 0
MQIK 0
MQYE 1
MRFG 0
MSLS 4
MSQT 0
MTCR 1
MTPD 6
MUFB 2
MVTG 0
MVTS 7
MXMP 2
MXUH 1
MYDD 0
MYMO 0
MZBR 39
NADN 0
NAVO 0
NBZX 17
NCUU 3
NDNP 0
NEFE 4
NFZM 0
NGOU 2
NHUD 1
NIKZ 4
NJCV 1
NJOB 0
NJRW 0
NKKI 0
NMEI 1
NMZF 1
NNCN 0
NNWK 2
NOVA 0
NQVT 1
NRFT 0
NSGM 0
NSHO 0
NSRL 0
NUFL 0
NUNT 5
NVOG 161
NVZQ 0
NWCQ 0
NWIX 0
NXWW 3
NYGJ 1
NYIJ 6
NYYR 28
NZSK 18
OAYE 0
OBLK 1
OBQL 0
OCEJ 0
OCEM 7
ODBG 5
ODHX 5
OENK 2
OFBS 0
OFBY 4
OFCG 4
OFHD 0
OFLF 1
OFVP 0
OFYD 0
OGAY 0
OHHK 0
OIIZ 0
OLER 0
OLQP 0
ONGJ 1
ONYZ 1
OPMY 0
OQIS 0
OQNC 0
OQZU 0
ORIK 4
OTIS 0
OTUW 0
OUYW 1
OVDN 2
OVON 0
OWIE 0
OWJQ 4
OWKH 1
OXLT 0
OXUL 0
OYSG 29
OYSR 2
OZOQ 0
OZQR 2
OZYP 0
OZZA 0
PACD 0
PAGD 1
PALN 0
PASE 0
PCZI 0
PDHA 0
PDIO 0
PFIE 1
PFOH 0
PHRV 0
PHZE 0
PIZW 1
PKVS 11
PMDS 0
PMPW 11
PMUG 0
POSF 26
PPCE 0
PPEJ 0
PQDA 1
PQRW 0
PRKW 8
PRQE 1
PSQG 0
PSWT 0
PUMW 0
PUXN 2
PVCZ 0
PVJF 0
PWCV 1
PXIU 0
PYRX 0
QBYC 4
QDXH 0
QDZI 9
QEUB 5
QGIN 0
QHBP 0
QHPB 0
QHYY 0
QHZN 2
QIJV 0
QIST 23
QJYN 0
QKLT 18
QLCU 0
QLRD 1
QLXI 1
QMBK 1
QNIZ 2
QNMO 1
QNUF 1
QOOY 0
QOWJ 1
QPRB 1
QPSL 84
QPVJ 17
QQKL 1
QQKR 0
QQWW 0
QRIZ 1
QRLY 2
QSQU 0
QTHF 173
QUJC 1
QVVU 0
QVXQ 52
QWWO 0
QWZF 0
QWZJ 0
QXHT 0
QYHQ 0
QZEC 44
RANR 0
RAOX 7
RCKY 28
RCMV 0
RCQJ 0
RCST 0
RDBY 0
RDCI 0
RELQ 0
RFPO 0
RGZB 0
RHQZ 1
RHSE 0
RIGW 0
RIQR 1
RJNB 0
RKLX 5
RLLG 0
RLZV 4
RMAR 1
RQDW 0
RQJM 0
RRUE 0
RRUH 1
RRZO 5
RTDF 4
RTHQ 2
RTMS 1
RTYC 2
RUSZ 2
RVES 6
RVRA 1
RVVF 0
RWIK 12
RWIO 0
RWLN 7
RWUA 6
RXED 0
RXNK 0
RZNY 1
RZYR 0
SABA 0
SBXX 0
SBYO 1
SCRW 0
SCSD 0
SDTR 1
SEFB 4
SEUC 3
SEYU 13
SFTJ 1
SGEU 2
SHRC 0
SHVK 2
SHZQ 2
SIQD 5
SIXS 1
SJCN 11
SJGJ 0
SKDL 0
SKFS 0
SLDM 0
SLMR 2
SLSD 0
SLYC 1
SMGL 0
SMKV 974
SNQL 0
SNSN 1
SNWN 0
SOMM 0
SORV 14
SOTU 0
SPGV 1
SPJT 1
SPMM 1
SQOP 0
SQOV 3
SRLW 0
SRYS 0
SSOG 0
SSUM 5
STDR 1
STLZ 14
STYE 3
SUEN 0
SUGZ 7
SUYI 0
SVUC 0
SWAQ 0
SWDM 1
SWDN 0
SXII 0
SXTV 2
SXYB 2
SYGT 2
SZCV 6
SZIC 2
SZMX 18
SZZE 0
TAOD 2
TBDJ 0
TBEJ 0
TBPJ 1
TCUB 2
TCXM 0
TCZU 14
TDAX 7
TEOD 0
TEZE 16
TFIQ 0
TFUX 4
TGJV 3
THRV 2
TIQF 1
TIVW 17
TKTG 0
TLFT 32
TLLX 0
TMXG 120
TNED 0
TNNE 0
TNYM 19
TOFW 2
TPIH 4
TPQP 8
TQXD 0
TRKK 0
TRKL 14
TRMU 39
TRQC 0
TTSG 0
TUPO 1
TVIS 0
TXDC 0
TXPX 0
TXRM 3
TXRY 1
TYQQ 0
TYWW 0
TZMU 0
UCFT 0
UCJM 1
UEWK 0
UFFY 0
UFHG 0
UFHM 9
UFNE 0
UFNR 0
UGEN 2
UGYX 2
UHIT 10
UHVJ 1
UHXK 0
UIAW 0
UIHQ 0
UJDG 32
UJUH 0
UJVE 0
UKPX 9
UKUY 1
UKWE 0
UMCU 15
UMJC 0
UMPG 1
UOEH 17
UOTF 0
UQMY 2
UTLO 2
UTUM 1
UTXE 1
UUXF 1
UUZK 0
UVGS 1
UVQH 1
UWEH 8
UWZW 0
UXEC 4
UXPA 1
UZJI 0
VBHH 2
VBQV 0
VCMT 5
VDOQ 0
VGBU 1
VIAZ 0
VJCD 0
VKEU 1
VMOS 3
VODE 0
VOKR 0
VORL 1
VPXA 1
VQHP 0
VRSK 0
VULR 0
VUVE 733
VVIJ 0
VVMT 0
VVUQ 0
VWBS 2
VWGV 1
VWKJ 0
VWTX 0
VXDO 0
VXEP 268
VXUP 3
VXXG 1
VYTB 5
VYVV 5
VZFY 4
VZJW 0
VZKK 8
VZOQ 14
WAZP 0
WBGM 0
WBYK 7
WCIO 0
WCQA 0
WDJR 0
WDPG 2
WDQV 0
WEBK 0
WEFM 6
WEQD 0
WFHV 0
WGSA 2
WHNK 1
WHOI 8
WHQK 1
WIKK 1
WILG 0
WKDC 0
WKNF 1
WLTS 1
WNTB 2
WOXI 0
WPPO 0
WQQZ 0
WQSP 0
WQYN 0
WSEF 1
WSWR 0
WUQF 0
WUVK 0
WVFK 1
WXWR 5
WZWM 1
XBGA 10
XCIK 0
XCPE 1
XDNA 9
XDNE 1
XDQW 0
XEFF 11
XFMD 2
XFPL 0
XFRA 0
XFXE 1
XGDY 9
XIIL 0
XISR 0
XJIQ 0
XJRA 0
XKAT 0
XKEJ 2
XLJL 10
XMGW 1
XMLD 0
XMML 0
XNJM 1
XOUQ 2
XPTD 0
XQEQ 2
XQLA 0
XREO 0
XSMW 1
XTNL 3
XWQX 1
XWRB 0
YANR 0
YASU 1
YBBG 0
YBMI 0
YBMK 0
YCDS 0
YCDU 0
YCYD 0
YDGW 1
YDHE 5
YDMB 2
YGOJ 2
YGTL 8
YGZU 0
YIJF 1
YJZC 1
YKIA 0
YKNK 0
YKSA 50
YKTU 0
YMJQ 4
YMNM 30
YNXD 0
YOHI 0
YPLX 0
YRCD 1
YRJB 1
YSEO 0
YSHN 3
YTQL 684
YUTR 68
YUZF 0
YVIB 0
YVOY 1
YVQB 1
YVYF 0
YWRO 1
YXNG 0
YXQG 0
YYEY 1
YZAL 1
YZRZ 6
ZBAH 0
ZBAW 0
ZBTX 0
ZEPE 72
ZFAM 0
ZFGC 0
ZFWU 0
ZFXC 5
ZGBU 0
ZHBM 137
ZHJI 0
ZIAF 4
ZITY 0
ZJIO 3
ZLCN 1
ZLMB 7
ZNRH 4
ZNXX 1
ZOUT 7
ZOXE 15
ZPWH 0
ZRKH 40
ZSFW 4
ZUFQ 0
ZUMQ 0
ZVUH 13
ZWFZ 2
ZWJX 0
ZWKS 1
ZWMC 0
ZXGA 0
ZXGN 0
ZXIQ 2
