AAOG 0
ACAR 89
ACDJ 623
ACGI 2
ACUH 1
AETE 1
AGFX 0
AGUU 2
AHXO 0
ALDQ 2
ALHO 0
ALHQ 0
ALXA 0
ALYL 0
AMDV 0
ANAU 0
AOHD 1
AOIF 0
APPF 0
APQB 0
AQMJ 2
ATNK 14
AUPL 7
AURY 0
AVBU 0
AVWJ 0
AWBW 19
AWQE 1
AWST 132
AXEF 0
AXVG 1
AYUR 1
AZBS 11
AZDH 1
AZES 0
BBQC 1
BBZB 0
BCHZ 0
BCKH 0
BCRO 0
BDDK 0
BFSH 7
BFXT 2
BGOF 2
BGSX 1
BGXO 0
BHMC 2
BIBR 0
BILA 0
BJKS 0
BJRZ 1
BLFF 1
BLIR 3
BMOI 1
BNDN 2
BPRF 1
BROV 1
BSIY 0
BSJS 1
BSPJ 0
BSVU 0
BTUJ 0
BUFU 2
BUXQ 12
BVZP 0
BWDN 1
BWGS 0
BWQU 1
BXMT 4
BXQN 1
BXRZ 5
BXVA 0
BXYA 0
BYKZ 12
BYMB 14
BZEK 0
CAAM 5
CAJL 0
CBOY 0
CBPO 1
CCPI 0
CDEC 0
CEOC 4
CFIF 6
CGBK 0
CGFI 1
CGFK 1
CGJH 0
CHTZ 0
CIEZ 1
CJOE 10
CLHR 0
CLJP 0
CLOA 0
CLPV 5
CMNC 1
CNTR 4
COBC 4
COFQ 0
CPBR 1
CQEO 0
CSAL 1
CSCO 0
CSXD 1
CTBH 0
CTDK 3
CTLP 0
CVZI 2
CWNM 0
CWQR 0
CXUR 1
CYWF 0
DAHN 3
DAVB 18
DAYT 0
DBCR 1
DCZT 3
DDQM 2
DEJX 0
DEYX 16
DFPK 0
DGLV 1
DGPN 0
DGXX 1
DGZF 1
DIAN 0
DIZS 0
DJDQ 0
DKEE 0
DKEG 9
DLEW 2
DLQF 0
DLRX 0
DNEA 0
DNTC 4
DOKG 0
DOVT 0
DPBB 1
DPUN 1
DPXW 3
DQMM 0
DSZC 0
DTXR 3
DUMW 22
DUSB 7
DVJR 3
DVXG 0
DXAG 0
DYGY 0
DYKL 0
DYPQ 0
DZWD 5
DZXO 0
DZZG 4
EAKT 1
EALR 1
EBDJ 6
ECCA 0
EDOK 0
EEIB 0
EEQR 2
EFCU 0
EFTS 0
EGOL 3
EGQS 0
EILF 0
EIXF 1
EJCD 5
EKBH 0
EKPR 7
EMMF 0
EMRP 8
ENKQ 1
EOAQ 2
EPDE 2
EQAA 0
EQEC 0
EQGA 7
EQHE 67
EQUA 3
ERLM 0
ERLN 0
ESMB 2
ETDZ 1
ETZP 0
EUJO 0
EUPR 2
EUYA 1
EYJR 5
EYXQ 0
FAFD 0
FAPV 0
FBGP 1
FDMX 1
FEGN 4
FEHW 0
FERL 1
FETS 0
FGGD 0
FGLE 0
FGSD 0
FGZX 0
FIGM 0
FIMU 0
FJDG 4
FKZD 0
FMKI 0
FMYO 1
FMZX 0
FNVX 8
FOZK 0
FPEU 1
FPZY 4
FQGJ 5
FQTX 998
FQYV 0
FSNM 0
FTEW 0
FUMF 1
FUYE 58
FWPK 3
FWZR 0
FXJJ 18
FYSZ 1
FZRN 0
FZTB 0
GAED 0
GAQH 4
GBAF 1
GBQB 2
GBYF 8
GCBL 0
GCWD 0
GDFB 1
GDLC 17
GDXQ 0
GEYW 2
GFKO 1
GGOG 1
GGPS 0
GHSY 0
GIVP 7
GIYO 6
GJCT 1
GJDP 1
GKAW 0
GLML 12
GNBE 0
GNQJ 1
GNRA 1
GOSF 0
GQHU 0
GQMB 1
GSKZ 0
GSPB 0
GTCF 0
GUKC 0
GUZZ 1
GWLI 0
GWNN 0
GWQU 3
GWVL 0
GXPO 1
GXQF 2
GXUI 0
GYSJ 0
GZJP 0
HAKX 0
HBIA 0
HBKV 1
HDBI 0
HDKO 0
HEBN 1
HEMM 7
HFCV 0
HGEL 0
HGUO 2
HISQ 1
HJAM 1
HJGY 1
HJYN 3
HLNJ 14
HNNQ 0
HNXO 0
HOGK 2
HOHR 9
HQYG 2
HRHM 0
HSOM 0
HSRF 4
HSZI 0
HTCD 0
HTPF 6
HUQC 0
HWLT 0
HXGS 1
HXRM 16
HYWH 1
HYWO 0
HZSJ 1
ICFX 0
ICPU 6
ICUM 0
IELU 0
IFJK 1
IFTD 54
IGAY 175
IGKL 0
IHAN 72
IHZO 1
IIGV 3
IJEX 0
IKGT 32
IMNG 3
IMPW 0
IOKD 0
IOUH 0
IOWT 0
IPFP 3
IPNX 0
IQMZ 0
IRTL 0
ISJB 0
IUZK 1
IVDW 0
IVXK 0
IWZQ 4
IXSU 2
IYEA 0
IZIF 1
JAEY 0
JECD 6
JFMU 0
JGGZ 12
JGIP 8
JHUW 6
JKGC 0
JKOK 1
JLEH 0
JLMY 8
JMPC 0
JNJY 0
JNQR 1
JPZL 0
JQHW 2
JQRI 0
JQUX 1
JQWP 3
JSLE 2
JSQA 0
JTBJ 0
JUYM 1
JVAI 0
JWUW 0
JYIV 0
JYXE 0
JZUE 0
JZVO 1
KAUL 0
KBGB 5
KBNM 0
KCBV 4
KCEF 2
KCJP 0
KCNA 0
KCOM 2
KCVD 4
KDUR 1
KDVZ 0
KDYS 0
KEYJ 0
KFMG 0
KFZW 21
KGNW 8
KGPV 10
KHPO 4
KIVV 1
KJKF 0
KKPU 0
KLBJ 0
KNAG 0
KNEF 0
KNJB 0
KODH 1
KOGR 9
KOKY 3
KOUE 2
KQKK 0
KSEJ 0
KTON 0
KVFW 1
KXSH 0
KXXG 0
KYYK 0
KZAL 8
KZSH 8
KZUC 2
LAWK 0
LBFD 1
LBNO 0
LBTB 15
LEDV 0
LEXE 204
LFHL 10
LFNG 0
LGRX 1
LGVX 0
LGXE 0
LJKP 14
LKQN 0
LKZX 0
LLGH 2
LMXE 0
LNDS 5
LNOK 0
LOSY 0
LPJE 10
LPMW 10
LQIB 0
LSAW 0
LSBH 3
LSWX 29
LTCU 9
LUBQ 0
LVBA 0
LVZS 0
LWLX 44
LXQW 0
LXVE 0
LYNI 1
MAXC 5
MBBQ 1
MBJI 1
MBYS 3
MCOH 1
MDNE 0
MDQB 0
MENP 0
MEPO 14
MFNC 1
MHZK 0
MIEO 0
MIFG 6
MJHD 0
MJSW 3
MJYU 4
MKEM 3
MLLM 5
MLMC 0
MLSZ 2
MMGD 0
MMQJ 0
MMWD 0
MMZC 5
MNDK 0
MNFE 2
MNXR 4
MPBF 0
MQUA 1
MQUD 0
MRGR 1
MRKH 0
MRKW 1
MTAK 8
MVQR 0
MWQX 0
MYJO 0
MZJV 0
MZSU 4
MZTM 0
NBCY 0
NBOP 4
NCFS 3
NDFI 0
NDFL 0
NDVJ 0
NEZI 0
NFKL 0
NHIT 3
NHYK 1
NIGE 4
NILX 0
NJAZ 0
NJTZ 1
NKXG 0
NLHH 0
NLWN 4
NMOM 0
NMPN 0
NMWV 2
NNJX 0
NOTT 0
NOWV 0
NPPA 0
NQRP 12
NSZQ 0
NTKB 2
NTTJ 0
NVKE 0
NVOZ 15
NWKT 3
NWKW 0
NWRL 0
NXYT 0
NXZS 7
NYFB 0
NYUM 0
NZDF 8
NZQH 0
NZXY 3
OAII 0
OBVL 0
OCHE 0
OCNA 1
OCSC 14
ODRF 18
OFDI 0
OFON 1
OFOO 1
OFPC 5
OGBM 1
OHEC 0
OHHE 2
OHPO 0
OJKP 1
OKLR 0
OMAT 1
OMAU 0
OMEP 10
OMMB 26
ONPR 39
ONQI 5
OOGZ 1
OOJM 0
OQOR 1
ORLE 0
OSQC 2
OTEE 21
OTGP 0
OUGW 0
OUKS 18
OVCD 0
OVIB 0
OXYP 0
OYIJ 1
OZIA 0
PBRL 0
PDWY 0
PDXU 0
PFJL 0
PFSX 0
PGZZ 2
PHHZ 0
PHXA 0
PIDQ 5
PJEA 0
PLSP 0
PLYA 1
PMTZ 0
PPKL 0
PQAN 0
PQKG 0
PSUW 0
PTRD 9
PUAA 1
PWWJ 0
PXFG 0
PXGQ 118
PXSJ 2
PYMO 0
PYSU 3
PZSP 0
QASY 9
QAUE 2
QAZC 0
QCOA 2
QCVX 0
QCXM 0
QCYA 0
QDPU 0
QDWF 4
QEJR 0
QENV 0
QGAK 0
QGBC 0
QGUA 1
QHBB 11
QHSF 1
QIED 3
QIRG 0
QIYC 0
QJRJ 33
QJRM 5
QJZL 0
QKAD 11
QLBB 0
QLJK 0
QLVG 2
QLWL 4
QNZQ 0
QOGN 1
QONH 3
QOOM 1
QOQT 1
QPRK 0
QQPU 1
QQRH 0
QRDL 0
QRFH 0
QRYI 1
QSGP 0
QSIK 4
QSNE 0
QSOL 0
QTNU 0
QTVB 3
QUVG 11
QUZJ 5
QVEJ 0
QVFP 0
QYRL 0
RBNF 21
RCSE 0
RDBK 0
RDJJ 1
RDNI 0
RDOD 6
RDUZ 37
REDX 2
RFXC 2
RGDN 0
RGXI 23
RHBV 1
RHOV 0
RHYF 2
RIER 0
RJGT 23
RJMW 1
RJZG 1
RKGK 0
RKOY 1
RKQA 0
RLBN 0
RLCE 0
RLJT 1
RLOO 0
RMJN 2
RMJU 0
RMXV 0
RNFA 0
RPGZ 0
RQMV 0
RQZC 4
RRBP 2
RRJL 1
RRWK 1
RSGW 0
RSOG 0
RTWQ 2
RURP 0
RVQP 1
RVWB 10
RWPT 8
RXEK 0
RXNK 0
RXPO 0
RXYL 0
RYCE 3
RYKL 3
RZKH 2
SBMI 0
SBUZ 0
SDOQ 0
SDZL 8
SENQ 0
SEOF 1
SFAE 2
SGHP 3
SGLZ 1
SILH 0
SIMC 200
SJRA 0
SJVU 0
SKXX 0
SKZK 2
SLFV 1
SLSK 1
SMEA 0
SNTG 0
SOEJ 0
SOOK 0
SOSO 0
SPAS 0
SPMU 1
SQST 5
SRHO 3
SRJZ 0
SRKC 17
SRWM 3
SSAR 0
STAF 0
SULN 0
SVUC 2
SXJG 7
SYQL 0
SYRN 1
SYRP 0
SYVK 0
SZHK 0
SZLR 1
SZYQ 116
TANP 0
TBEL 22
TBMW 0
TCMX 5
TCRY 0
TDQY 1
TDSH 4
THCH 1
THMP 3
THXB 0
THXN 0
THXT 4
TIFJ 3
TJRP 3
TKDA 0
TLNE 0
TMEU 4
TNAT 0
TNMQ 0
TNPF 0
TNWH 0
TOKW 0
TPHE 0
TQQA 2
TRGZ 3
TRKS 0
TSAL 0
TTFD 0
TUBB 0
TUES 1
TWEG 7
TWMC 3
TWPS 0
TXBG 0
TXJW 0
TXNY 0
TXXS 5
TYMK 17
TZCH 61
UBIB 0
UCCJ 81
UCJN 0
UCKO 0
UCND 3
UCPV 0
UCQR 0
UDFB 2
UDQJ 1
UDSL 5
UEZV 0
UFMV 0
UFYH 2
UGFO 0
UHPC 0
UITU 1
UJBO 1
UJUL 0
UKAE 0
UKXH 1
ULCL 7
ULLK 1
UOBP 0
UPIH 0
UQMX 0
URWS 0
USEJ 5
USXL 38
UTAN 10
UTNG 0
UTWZ 3
UUDN 0
UUGT 1
UUKJ 5
UUUJ 0
UUXK 0
UWKB 0
UWLN 70
UWRI 3
UXDM 0
UYWT 0
UZFX 11
UZRT 7
VATQ 0
VCGW 0
VDXR 3
VEGD 0
VFDK 0
VGBR 0
VGNV 39
VGWQ 6
VHNJ 0
VJDY 10
VKAY 1
VKGC 5
VKLS 3
VKRV 3
VLRU 0
VMDJ 4
VMZY 1
VNJZ 0
VOXZ 2
VPAV 22
VPDD 21
VPDV 1
VPEU 0
VPGF 0
VPJT 0
VPKT 27
VPLM 1
VPNF 0
VPSY 0
VQYD 3
VRPF 0
VSCO 0
VSIQ 0
VUJB 0
VVWW 90
VWAE 0
VXDC 0
VYCI 6
VYJD 0
VYMR 0
VYUO 3
VZEP 0
VZUT 4
VZXS 0
VZZO 1
WAQV 0
WBHS 0
WFBJ 0
WGIE 0
WGKS 0
WGRV 0
WGUL 0
WHUG 18
WIAT 0
WIIJ 7
WJMN 4
WMOR 0
WMSU 2
WPIF 1
WPVA 1
WQBP 2
WQNX 4
WQOJ 0
WQWI 0
WRBJ 0
WREH 1
WTYN 2
WUIK 0
WVGG 0
WVKV 1
WVNI 0
WVWD 4
WWYU 0
WWZL 0
WXMG 1
WXZY 4
WZTP 0
WZUI 0
XBBN 1
XBVG 6
XCEK 0
XCIR 0
XDJA 0
XDUH 0
XEQQ 1
XEXJ 8
XFEK 0
XGWN 5
XHIV 0
XHLX 0
XHNL 0
XJUC 5
XJVS 2
XKAO 1
XLLL 2
XLNK 8
XLUP 11
XMGW 44
XMMG 5
XMNY 0
XMQK 3
XMSD 2
XMZL 0
XOWF 0
XPAC 0
XPJV 0
XPTW 123
XPUO 1
XQJE 0
XQYP 0
XRFT 31
XSBZ 4
XSZH 10
XTCS 0
XUNE 4
XUYM 43
XVHS 0
XXBJ 6
XXIO 0
XYLM 0
XYUO 2
XZIH 295
YAQI 0
YAQN 0
YBIE 1
YBWQ 0
YCJR 0
YCLC 0
YDBC 2
YDIW 3
YERV 3
YFLU 0
YFYZ 1
YGBG 6
YGGF 1
YGWT 95
YHGJ 0
YHPB 0
YHQA 0
YIEC 0
YJPV 0
YLES 0
YLII 0
YLMD 0
YLMJ 0
YMUE 0
YNOZ 0
YOZT 2
YQBB 0
YQKN 0
YQRX 0
YQSF 5
YRWQ 0
YTZX 1
YUMF 3
YVCZ 0
YVJE 2
YVOK 25
YWBW 1
YWJT 2
YXVN 10
YXXC 0
YYKK 3
YYPB 0
YYSX 0
YYVI 0
YZKE 0
YZMP 0
YZSZ 2
ZATJ 0
ZBPL 1
ZBTS 0
ZCNJ 0
ZDGE 3
ZDKQ 8
ZDWL 88
ZDZL 4
ZEGA 1
ZEGQ 4
ZESV 784
ZETD 0
ZFKV 1
ZFXN 2
ZGCX 1
ZGHO 4
ZGKT 0
ZHZX 0
ZKME 0
ZKVX 11
ZLJR 0
ZMAS 2
ZMPQ 0
ZNNH 1
ZNWQ 0
ZOTE 27
ZOXZ 0
ZOYC 1
ZPJT 3
ZPWL 10
ZRIV 1
ZSUG 11
ZUTJ 79
ZVEN 0
ZWGH 4
ZZPP 1
ZZRT 0
