AAFY 0
AAIK 6
ABEY 5
ABFH 2
ABME 0
ABOL 0
ABWR 0
ADFE 2
ADIM 0
ADJP 998
AEEE 0
AFPI 0
AGVW 0
AHIF 2
AIMS 2
AJFI 0
AJHX 0
AJLI 0
AJXT 0
AJZH 1
AKCR 0
AKCS 0
AKVR 0
ANDT 3
ANVJ 0
ANXE 1
AOJY 0
APIF 1
AQUH 1
ASEQ 3
ASTI 2
ATWZ 15
AUXC 4
AVAX 0
AVDP 0
AVDR 5
AVHW 1
AVPE 0
AWDI 0
AXJO 1
AXJY 7
AXVE 232
AZVC 1
AZXV 0
BAPB 1
BCSM 4
BCTJ 1
BDEA 1
BEEB 5
BETM 241
BFFW 3
BFZJ 0
BGGJ 1
BGXP 0
BGXU 3
BICG 0
BIRX 0
BKAH 5
BKDL 2
BKHQ 0
BKXK 2
BMDD 1
BMIC 1
BMQH 1
BNRD 2
BNZM 3
BPLJ 0
BPXZ 2
BQRG 0
BSEF 0
BSWU 0
BTKW 35
BUBX 0
BUEY 1
BUFP 3
BVID 42
BVIH 0
BWKS 1
BXBP 10
BYDA 1
BYXO 3
BZXB 3
CACK 0
CAQM 6
CARA 1
CDBN 0
CEMS 9
CGCN 0
CGGP 6
CGLG 83
CHQK 2
CIGZ 0
CIWO 2
CKSM 0
CLBS 0
CLKA 0
CLVX 0
CLXM 1
CMTR 13
CQGP 7
CQNX 2
CQVW 0
CRER 29
CRGJ 0
CRLQ 6
CUNI 0
CVPM 0
CWDY 1
CYKA 2
CZKB 2
DAAL 0
DBIU 0
DBMO 23
DBUX 0
DCGQ 0
DCIH 0
DCIM 0
DCZZ 47
DDNJ 3
DDZI 2
DENU 1
DETN 2
DFDE 0
DFHO 16
DFIC 3
DGNZ 6
DHMR 6
DILH 0
DIWP 0
DJSH 0
DLGJ 0
DMIT 0
DMOF 0
DMUR 25
DNRV 1
DPER 0
DPRT 2
DPVG 0
DQGN 0
DQTA 0
DRHR 0
DTIF 1
DTSJ 49
DULB 2
DVBZ 1
DVGI 0
DVVJ 0
DWGM 0
DWSX 5
DWZR 0
DXTU 1
DYPM 0
DYTW 0
DYVO 3
DZAC 2
DZEN 0
EAYZ 5
ECUX 2
EDBD 0
EDLH 9
EESR 1
EFAX 1
EHMM 0
EHUI 0
EJTR 5
EKMO 0
ELHG 0
ELSV 2
ENMQ 1
ENYL 0
EQCN 0
EQSK 0
EQXR 0
EQYY 0
EROJ 0
ERTW 0
ERZV 2
EUJO 0
EWHJ 0
EWIO 0
EXMD 0
EYIG 0
EYOE 0
FCNB 2
FDDA 4
FDIV 0
FDYQ 0
FELS 0
FFSS 0
FHGO 13
FIWX 0
FIXG 0
FKET 0
FKYL 1
FLKO 0
FLXO 3
FMLJ 0
FMMI 1
FOFW 0
FOHK 0
FOMQ 0
FONQ 49
FPID 0
FRLY 0
FRNA 15
FRUC 0
FTJH 1
FTLJ 2
FTYH 0
FUGB 0
FULF 0
FUYX 24
FVYK 0
FWFF 11
FXCG 6
FXEC 0
FXEM 0
FYMZ 1
FYVT 0
FYXR 2
FZXM 0
GBBZ 0
GCJI 0
GCQH 0
GDPW 0
GELD 16
GEYA 2
GHAQ 11
GHJY 2
GHTV 2
GINW 0
GIOS 0
GJMJ 13
GJWL 0
GNCA 0
GNUX 1
GODA 4
GOZJ 1
GPFT 30
GQFK 1
GQGV 0
GREX 1
GRNR 0
GRRI 0
GRRJ 0
GTCI 1
GTDV 49
GTSE 0
GWIV 0
GWKA 0
GWWI 4
GXAE 1
GXQO 30
GXSW 4
GYXW 3
HAYN 0
HBAH 1
HCXG 0
HCYE 0
HDCX 1
HDQL 0
HEJY 8
HFFP 0
HGIQ 0
HGRO 2
HHJS 1
HILR 0
HJAL 1
HJRN 0
HJUX 2
HKYM 3
HLIV 0
HMHR 4
HOBS 2
HPHM 0
HPTU 2
HPZU 1
HQHD 0
HQRQ 0
HRGO 0
HRTQ 9
HWQQ 0
HWRW 5
HXWE 0
HXZR 4
HYEC 1
HYXA 0
HZFD 1
IAXL 0
IBJP 0
IBLG 0
IBMH 0
IDRO 0
IFGE 5
IFJB 0
IFSI 0
IGXW 0
IHOP 17
IIHV 1
IITI 0
IKVN 0
IKYT 16
ILMO 0
ILXR 0
IMIX 2
INBB 3
INOJ 2
IPAE 2
IPJF 3
IQNH 1
IRMR 0
IRPQ 5
ISAE 1
ISAH 0
ITEG 0
IVNY 1
IXUP 0
IXYJ 0
IZES 5
JBOH 0
JDHQ 1
JDII 10
JDPF 0
JENU 15
JEQK 0
JHNQ 0
JHYD 34
JIRV 0
JJAX 0
JJOP 6
JKVN 1
JLKE 1
JNUR 0
JOOG 0
JOQK 0
JPBZ 1
JPME 0
JPPA 0
JQGA 5
JQGT 0
JQXA 1
JQYY 0
JQZH 0
JRCB 19
JRHK 0
JRMU 0
JSUX 1
JTUB 4
JTUF 3
JTXX 1
JVGM 18
JWHY 2
JYQC 0
JZJL 3
JZMK 0
JZVF 0
JZZQ 0
KAFS 7
KARZ 18
KAYC 0
KBSR 0
KCAO 0
KCEY 3
KCRM 0
KDCZ 2
KDGG 0
KDJQ 113
KDOY 34
KETF 6
KGVC 6
KHEF 0
KJMF 0
KJOM 0
KJVS 0
KJYC 0
KKEE 0
KKNY 0
KKUP 22
KLDZ 0
KLGW 0
KLUE 1
KMDK 5
KMDR 6
KMQR 0
KNYR 0
KPRP 0
KQYO 0
KRFD 2
KRNL 0
KSMS 0
KSUC 28
KTDL 0
KTUD 0
KUUP 0
KUVE 0
KUVR 0
KUWN 31
KXAF 12
KYFA 0
KYFO 0
KZKM 2
KZST 6
LAAS 0
LCCB 0
LCKD 0
LCNB 0
LCTL 0
LCXJ 1
LDBN 0
LDEK 0
LEBB 0
LEDG 0
LFHY 9
LHMR 2
LIEH 0
LIRY 6
LKNO 2
LMGL 1
LMVH 3
LMVW 0
LMWZ 0
LNMW 0
LNOD 2
LOHA 0
LOVF 0
LQWG 69
LSMI 0
LTXE 0
LVDA 0
LWUZ 5
LYVB 0
LYWJ 1
LZGJ 0
LZTZ 5
LZUL 0
LZVJ 12
MARI 0
MAVP 0
MBOE 2
MCGX 0
MDDO 0
MDHW 1
MDVW 1
MEGL 6
MEHZ 2
MEYP 1
MFAJ 1
MFSX 5
MGYN 0
MHLM 2
MIKW 0
MKJL 8
MKYK 3
MLAU 1
MLBU 0
MMIB 1
MMIL 0
MMUL 1
MNJS 0
MNRO 1
MORX 6
MPVU 0
MQED 2
MQFM 0
MRSF 0
MSKN 5
MTAE 4
MTLR 12
MUJV 0
MUUA 0
MVKE 4
MVRK 178
MWPW 18
MWSH 0
MWXN 3
MWYJ 1
MXYA 0
MYBD 0
MYTU 5
MZHZ 1
MZTD 28
NAFP 0
NAID 0
NCLI 0
NENE 0
NGBQ 0
NGDQ 0
NGGM 0
NHEN 0
NHRB 12
NJGE 0
NJPW 38
NKDL 3
NKZN 0
NLXO 11
NMJR 1
NMNP 0
NNCD 1
NNML 0
NPQB 43
NQVP 3
NRGA 0
NSBX 0
NSXA 1
NTCI 0
NTIP 0
NVRZ 4
NXUO 0
NYBF 15
NYFI 3
NYYK 18
NYZR 0
NZBK 1
NZBS 0
NZLW 0
NZSO 8
NZUL 0
NZUQ 1
OAEJ 1
OAQS 0
OAVN 1
OAWU 16
OBIC 28
OBSA 2
OBUK 0
OCTE 0
ODCV 0
ODLE 1
OEBW 0
OEKL 4
OEVI 0
OFEZ 8
OFVT 0
OGFR 6
OIMT 0
OJIV 0
OJKC 1
OJNG 8
OKAW 4
OKBQ 0
OLHW 1
OLXG 0
OMGV 0
ONON 0
ONTT 2
OOEC 1
OOZT 0
OPAG 8
OPQH 2
OPSD 0
OQQU 10
OQYV 18
ORQH 77
ORTR 0
OSEQ 0
OSLE 0
OSSG 5
OTIR 1
OTPN 5
OUXC 2
OVMN 1
OWEM 1
OWKB 0
OZTM 0
PADU 1
PBSE 1
PBYZ 8
PCLN 0
PEFG 2
PFXJ 5
PGWB 0
PGXU 0
PIGE 0
PILT 0
PJCK 23
PJGD 5
PKBE 5
PKJE 3
PKZM 0
PMNC 0
PMUL 0
PMWL 27
PNIZ 2
PPEB 0
PQDG 0
PQKK 1
PQLP 2
PRQT 16
PTDY 1
PUJF 1
PUSZ 0
PWQZ 0
PWXJ 0
PXBU 0
PXDP 0
PXFY 7
PXKW 29
PXPC 3
PYDG 4
PZYF 1
QADV 24
QAUM 0
QBTQ 1
QBTZ 3
QCGC 0
QCKP 1
QCVF 0
QDDX 0
QDHJ 1
QDJH 0
QDMY 1
QDOX 1
QDPR 0
QDRX 0
QENE 1
QENW 0
QFOU 0
QHME 0
QJHM 2
QJLD 2
QKEJ 0
QLFC 0
QLPN 0
QMCQ 0
QMJO 4
QNIO 31
QNPI 3
QNZB 0
QTIB 0
QTND 0
QUDG 5
QWCQ 2
QWKZ 3
QYCK 0
QZXV 0
RBWG 4
RCVR 1
RDOH 1
REKQ 0
REPW 2
REUZ 0
REVO 0
RFFB 1
RGOL 10
RGSE 6
RGVM 0
RILY 1
RJMU 0
RKVG 0
RKWL 1
RLAH 1
RLCM 0
RLHY 37
RMSS 2
RMYY 2
RNTV 29
RNWP 1
ROGP 1
RPUJ 3
RQBA 1
RQJA 0
RQVH 0
RQYK 16
RRXZ 6
RSIW 0
RSLA 0
RSTX 0
RSWE 2
RTBW 6
RTPY 1
RTTG 0
RTYY 0
RYAI 0
RYBC 0
RYGY 21
RYLN 1
RYLV 6
RZQJ 5
SAVC 0
SCWT 0
SDXG 1
SEUH 0
SFGH 0
SFYG 0
SFZG 17
SGHE 3
SHCC 2
SHYR 40
SIIT 2
SIYP 1
SIZI 0
SJIL 0
SJXE 0
SJZM 0
SLGP 0
SLPZ 1
SLSI 0
SMBQ 4
SMEI 4
SMXH 8
SNIQ 0
SOIB 0
SOOR 0
SPHL 0
SQEM 4
SQKP 0
SRXK 6
SSJH 0
SSKG 0
SSQV 0
SSXU 0
STAD 0
SVHZ 2
SVME 0
SXKY 4
SXZR 1
SYNI 0
SZQN 0
SZUP 0
TACW 0
TAEI 0
TAUA 2
TCJG 0
TCWR 12
TDNI 0
TETG 0
THBX 0
THIN 0
TIKZ 0
TINK 0
TLOI 0
TMGZ 2
TMOR 1
TMVM 0
TNGO 14
TQHU 1
TQMW 0
TRVB 0
TRXY 0
TSAK 5
TUBY 3
TUJU 0
TVAL 0
TVMR 1
TWNR 0
TWQZ 2
TXKW 0
TXLX 0
TYEI 1
TYNB 0
TZCL 0
TZWD 5
UABO 0
UAUR 9
UBBI 1
UBEV 0
UBOM 6
UBVV 0
UBVY 1
UDFO 0
UDUW 37
UDXD 3
UFET 0
UFJM 0
UGCV 1
UGEM 0
UGQE 0
UHXG 0
UICX 3
UJDH 1
UKCV 1
UKRI 7
UKRW 1
ULHB 0
ULQH 3
ULRD 12
ULXZ 0
UMGS 5
UMXY 1
UMYD 1
UPKK 0
UPXQ 0
UQXQ 1
URKI 2
URTT 0
USGV 2
UTIK 0
UUCN 3
UVNJ 0
UVPG 0
UVPS 4
UVXF 1
UWDH 2
UWNJ 0
UWNZ 0
UXGP 0
UXUS 0
UYHZ 0
UYNI 0
UZCQ 8
VBRH 0
VCXZ 0
VFRK 3
VFUN 2
VGBR 0
VGRD 0
VGVF 0
VGWK 0
VICR 0
VIFE 0
VIQI 2
VMID 0
VNXV 0
VOBG 3
VONE 0
VOSP 0
VPTU 1
VPYM 1
VRYB 0
VSOE 3
VTFR 5
VTIV 1
VUYM 14
VVER 9
VVQW 2
VVXW 0
VWXQ 6
VWZD 0
VXXC 0
VYGE 0
VZZU 1
WABU 0
WAMU 0
WDBN 1
WDLJ 150
WERO 0
WFKY 0
WGIH 0
WHOV 0
WHXI 3
WIIP 0
WIXY 0
WJPQ 0
WJQQ 0
WLFS 0
WMRG 1
WNCG 0
WNJA 1
WOBJ 2
WOTD 0
WOYK 0
WPNZ 0
WPOF 0
WPRV 0
WPVN 2
WQND 9
WQPR 0
WQQS 0
WRDB 3
WRRS 7
WUBA 0
WUMT 0
WUWO 0
WVEE 14
WVHJ 5
WWLB 18
WWOC 0
WXVM 1
WYKP 0
WZAH 1
WZHO 1
WZPR 15
WZSY 32
WZTG 0
XABF 0
XAEJ 1
XAKR 219
XDBP 0
XDIC 1
XDYO 1
XFPD 0
XGZT 2
XHKB 0
XJDJ 1
XJJT 42
XKIT 3
XMXY 27
XNJI 0
XOLL 1
XOPO 0
XOSE 1
XPZG 1
XQJD 32
XRGA 2
XRQF 0
XSEH 0
XTOG 1
XTVU 0
XUJN 76
XWEX 447
XWUC 0
XWUG 2
XWWR 0
XZHA 1
XZJO 0
XZKS 0
XZSU 0
YAHJ 3
YAKT 0
YAYV 2
YBAO 0
YBCE 3
YCHM 2
YCNX 0
YCRW 73
YDOG 0
YECY 0
YEHM 2
YFJO 0
YFOC 1
YGQV 6
YHBW 0
YHIX 1
YHJC 0
YHWT 1
YHZU 0
YIQY 0
YIRJ 2
YITY 1
YKMO 0
YKRD 0
YKSO 0
YLTA 0
YLYL 0
YMWU 0
YNBR 1
YNIT 3
YOAX 2
YOMD 0
YOPK 3
YOWR 1
YPGO 3
YPME 0
YPOO 1
YPRM 17
YQGO 3
YQLN 0
YQOM 9
YROC 4
YSNS 0
YTKH 0
YVAY 0
YVCW 0
YWGZ 3
YXAF 6
YYLF 0
YZFG 0
YZYF 0
ZAYM 1
ZBAU 0
ZBVB 0
ZCQB 8
ZCZE 0
ZCZQ 0
ZDWA 4
ZEWU 0
ZFQV 9
ZGRU 0
ZHDJ 2
ZIBJ 13
ZIFB 20
ZIHH 10
ZIHT 20
ZIIY 1
ZILN 139
ZJBB 0
ZKLE 3
ZLRT 1
ZLUT 0
ZMWJ 0
ZNAW 0
ZNCH 4
ZOAD 0
ZORT 1
ZPEH 0
ZPII 1
ZQIE 1
ZQPR 15
ZRJI 7
ZRRQ 0
ZSVV 0
ZTAS 0
ZVBQ 11
ZVNB 2
ZWDZ 0
ZWFF 0
ZXMO 0
ZXXA 1
ZZYS 0
