ABTD 0
ACQL 0
ACRY 2
ACZF 0
ADCS 4
AEFZ 13
AETQ 0
AFAY 2
AFHG 1
AFQL 0
AGXX 0
AHEP 1
AHUN 19
AJAR 1
AJHG 1
AJNX 2
AJOG 0
AKBQ 0
ALVA 42
AMKA 0
AONS 0
APWP 6
AQAD 25
AQEO 0
AQPA 1
AQTF 0
ARQB 1
AUIM 19
AUNG 0
AUQX 44
AUTT 4
AUTZ 2
AUYU 0
AVET 0
AVGU 0
AWCG 190
AXTU 3
AYEC 0
AZTM 0
BAKJ 0
BANJ 0
BCSM 2
BETY 0
BFYW 0
BGUI 0
BHKH 0
BHZG 0
BIIC 0
BINM 0
BJII 1
BLBN 0
BLJB 10
BLJR 0
BLRV 33
BMFE 2
BMHK 1
BMXU 0
BQDI 0
BQHL 0
BQRR 8
BRDM 0
BRPU 1
BSAE 0
BSMF 15
BSZU 0
BTNY 0
BTUT 0
BTVA 57
BULK 0
BUWB 3
BWKI 1
BWLG 0
BWTO 1
BXUY 1
BYHY 0
BZHY 0
BZVN 0
CANE 1
CBFE 22
CCDD 1
CGAK 0
CIFV 0
CKAQ 0
CKGM 0
CKXV 5
CKYF 2
CLTA 7
CMIN 0
CNLD 1
COIB 0
CPAB 1
CPCA 0
CPQB 1
CQRB 1
CRDV 0
CRHV 1
CTBA 7
CTMN 1
CTQZ 1
CTUP 1
CTUU 0
CUDY 2
CULK 0
CUTM 59
CVAC 2
CVTW 0
CXBN 2
CXHG 0
CXIO 0
CXSR 0
CYGT 0
CYUN 0
CZFN 2
CZTW 3
DAQR 1
DAVF 0
DAYL 0
DBLN 0
DCIX 41
DCMR 1
DDJN 1
DDLR 13
DDOO 3
DEDJ 0
DEEP 3
DEZX 0
DFLC 0
DGRH 0
DHFX 1
DHIV 0
DHOR 1
DHPC 3
DKHI 1
DKVH 1
DKZM 5
DLNV 0
DNOD 5
DOTR 2
DOUB 7
DPGW 0
DPMN 11
DQUP 11
DRGK 7
DTNK 0
DUAO 0
DUFP 1
DUSX 0
DVIW 1
DWNQ 0
DXEK 2
DYFR 27
DYGH 0
DZDR 2
DZZS 0
EAMH 0
EAYI 1
EBBE 0
EBZK 0
EDMO 3
EDPE 1
EEDE 0
EEFC 2
EEST 7
EESU 0
EEWA 2
EFHY 2
EGFS 1
EGGL 1
EIPY 5
EIXD 1
EJXS 0
EJYV 0
EKIB 1
EKPP 0
ELOG 3
EMET 1
EMIH 0
EMRD 2
ENYY 1
EOTF 0
EQOJ 0
EQRI 1
ESTZ 7
ETFQ 6
ETHT 0
EUCG 0
EVOW 0
EVVG 0
EVYP 0
EXQX 0
EXSC 1
EYQN 11
EZKS 0
FBFC 7
FCGI 9
FDDH 1
FDHX 1
FDPS 0
FFEU 0
FFPF 1
FFSP 14
FHJC 0
FIGY 0
FIQZ 0
FJQI 6
FKDB 1
FLAF 0
FLAX 0
FNVI 0
FNWT 0
FNWW 0
FNZD 2
FOSD 0
FOVZ 0
FOXG 1
FPNO 0
FPRS 3
FPWC 0
FSKX 0
FSYT 0
FTPI 2
FTUN 0
FTXT 12
FUBO 1
FUBR 0
FUDX 3
FUEH 1
FULC 0
FULW 0
FVKO 1
FXSG 0
FYTI 0
FZIK 1
FZZR 0
GBJL 6
GBSH 0
GCNE 6
GEPV 0
GETQ 1
GFQB 0
GFUG 0
GGPC 18
GGZP 1
GHRH 4
GIJO 0
GKBV 2
GKCK 6
GKGM 8
GKWC 0
GLKR 2
GORF 0
GQBK 0
GQGM 1
GRZG 0
GSEV 0
GVBD 5
GVOX 4
GVZX 15
GWGL 0
GWIJ 2
GXCX 0
GYYH 0
HBUX 3
HCVE 4
HEOD 0
HFRQ 0
HGJA 2
HGOT 0
HILD 0
HJLD 5
HJSQ 2
HJTY 0
HKAW 0
HKDE 4
HKQJ 0
HLAF 0
HLCH 0
HMET 56
HMNV 0
HMTG 0
HNBV 3
HNLO 5
HOHD 2
HPJU 0
HQBL 37
HRYI 0
HSAU 0
HSVZ 0
HSYX 0
HTCE 0
HVJH 0
HVNB 1
HVRT 2
HWHH 0
HWJG 3
HWUF 1
HXKQ 5
HYII 21
HZHN 14
HZZI 0
IAWE 0
IBFF 1
IBGJ 0
IBQN 0
ICGJ 2
ICTX 8
IECV 0
IELF 9
IEWF 0
IFDA 1
IFRV 0
IIEG 0
IIKX 0
IIOZ 0
IKGW 1
IKOJ 0
IKUI 5
IKYH 17
ILAK 2
ILMG 1
IMOU 0
IMYX 0
IOUX 1
IPTI 5
IQHO 1
ISHF 0
ITKR 4
IVFL 2
IXZR 0
IYDS 0
IZJZ 0
IZXY 0
JCVC 0
JEVB 0
JFCH 94
JFIF 0
JFJN 1
JFMQ 9
JFPI 0
JGWS 0
JHQR 3
JJTF 2
JKYF 0
JLDE 11
JNWX 0
JOIK 0
JOUU 0
JOWX 0
JPTG 0
JPUS 16
JQFG 0
JQNN 0
JSIQ 0
JSIW 0
JSNL 0
JTNT 0
JUNT 0
JUOY 11
JWPS 2
JXBP 8
JXIZ 0
JXZG 0
JZSL 0
KBZG 10
KCNZ 0
KDJP 26
KDLZ 3
KDVS 0
KFBS 0
KFJA 1
KFOZ 0
KFRO 0
KFRU 0
KGFF 0
KGOQ 12
KGTA 2
KHEY 0
KIXG 0
KKBN 0
KKDI 0
KKGR 1
KKRU 3
KLVG 0
KLWA 2
KMLB 1
KNAF 14
KNLG 0
KNRQ 13
KOYR 0
KQHD 4
KQXA 7
KRGM 5
KRNJ 1
KRVG 1
KTFJ 1
KTUO 0
KUEJ 3
KUFS 1
KUUI 0
KVHW 1
KWUY 1
KXKP 0
KXNK 0
KYQG 4
KZFX 1
LAUS 0
LAYG 3
LBAK 7
LBGB 0
LCPK 1
LCVV 205
LEIZ 0
LERE 2
LFDT 1
LGEC 1
LGOA 1
LHMA 0
LHYF 3
LIDB 0
LIQS 1
LKGU 1
LKSU 21
LKZQ 0
LLNM 0
LLUF 8
LMAO 4
LMFX 0
LNKO 1
LNMY 0
LNND 1
LOST 0
LQCE 2
LQVZ 75
LTKW 5
LVYA 16
LWLQ 13
LWOG 8
LXHN 7
LYWM 0
LZNL 0
LZPJ 1
LZRT 2
MACZ 4
MAUT 16
MBSC 3
MCVL 41
MDMS 1
MEAB 82
MFUF 0
MGCW 0
MHHO 0
MHNC 4
MHNY 0
MMTO 3
MRLR 10
MRUC 2
MSJN 3
MTAL 3
MTPR 19
MTQZ 1
MVLF 0
MVVL 0
MWEC 13
MWJQ 1
MWNL 0
MXLQ 0
MXWP 4
MYRE 2
MYYL 0
MYYQ 0
MZLP 997
MZUB 4
NAOP 4
NBBH 0
NCDQ 0
NDJL 0
NEIP 3
NEPT 1
NESN 0
NFFN 0
NGNZ 9
NGSO 10
NGVM 0
NGXB 0
NIDK 0
NJET 1
NJUG 0
NKUC 2
NLWC 2
NLXH 0
NOJJ 0
NOWL 0
NPMV 9
NRDB 0
NSCM 3
NSUP 1
NVGI 0
NVNY 5
NVUE 0
NWJE 0
NYMR 1
NZJE 0
NZNN 0
OBWI 1
OCIG 4
ODSJ 0
OEJY 0
OEKB 36
OEVD 0
OGDL 0
OGWY 3
OHQE 2
OKCH 0
OKNK 2
OKYW 2
OLAD 3
OLAT 0
OOHL 0
OQHF 0
OQJS 0
OQMC 4
OTDD 2
OTHH 0
OTTV 0
OTVN 5
OUGT 2
OUKL 5
OVJG 0
OVJI 3
OWXE 0
OWZX 0
OXHT 0
OXPX 0
OYIN 0
OYJZ 32
OZCR 0
OZCY 1
OZIX 0
PALD 3
PAPD 3
PASH 0
PBGI 0
PBXE 0
PBYQ 0
PCRS 0
PCSV 1
PDLY 0
PDNM 0
PFTU 3
PHFY 0
PHHM 0
PHRV 25
PIEO 1
PIGZ 0
PJZU 3
PLCV 0
PLGX 0
PLIG 12
PLJV 1
PLKQ 5
PMJI 0
PMLH 0
PMPD 0
PMWK 2
PNOA 0
PNRN 4
PPAQ 0
PQXG 2
PREE 0
PSWR 0
PTFZ 0
PVAE 0
PVEZ 2
PVHR 146
PWSR 0
PXDE 1
PXPF 2
PXTO 0
PZHH 1
QACU 1
QAJU 1
QASK 0
QAVG 2
QBJY 0
QCWF 1
QDGV 0
QEPC 0
QESC 44
QEWI 0
QFVP 1
QGGR 0
QGHM 2
QGHT 0
QGMS 5
QGOV 4
QHBR 0
QHFO 0
QHOZ 2
QINR 0
QJBJ 7
QJWH 0
QKBA 0
QLIX 1
QLRK 0
QMOF 0
QMOL 0
QNEY 0
QNSS 1
QODH 0
QOHW 0
QOID 0
QOLL 0
QOQA 0
QOVX 1
QQRQ 2
QSCD 88
QTBS 0
QTOH 1
QUFF 0
QUJD 3
QUSK 7
QWFT 9
QXLT 52
QXMI 0
QXUT 2
QYDD 0
QYDO 1
QYPX 0
RAJV 0
RBNT 1
RBQN 1
RCNF 6
RDZM 0
REEG 0
REZA 0
RFFT 2
RFYQ 0
RGCO 0
RGHR 0
RJBA 26
RJIK 0
RJJY 0
RJLM 0
RKAS 0
RKRZ 1
RKYN 0
RLDA 3
RLJZ 6
RMSQ 111
RMYE 1
RNSR 1
RNVE 0
ROJY 0
RPMF 0
RQRT 0
RQUK 8
RRGQ 3
RRSO 0
RSSL 0
RTDF 0
RTMC 1
RTOG 1
RTQU 7
RUCK 0
RUNY 0
RVRL 0
RVSD 1
RWMP 5
RWVB 1
RWYA 18
RXAB 0
RXAH 7
RXVE 1
RYZD 0
RZTX 0
SBNB 2
SBPQ 2
SCTN 1
SDEJ 0
SDUR 0
SDZD 4
SDZV 0
SECA 13
SELM 2
SERP 0
SESC 0
SFRC 0
SFVB 0
SHTA 1
SIVU 0
SKBD 5
SLML 0
SLOK 5
SLPW 0
SMDO 4
SMUR 1
SODU 1
SOQC 0
SPHB 0
SPJP 0
SPVK 0
SRAF 1
SSIL 0
SSKG 0
STDG 1
SUDX 0
SUHE 1
SVVT 2
SYGP 22
SZOI 0
SZQT 0
TAJK 0
TANX 0
TBHW 97
TBMY 0
TBPO 1
TCLP 0
TDPR 201
TERP 9
TESD 0
TEZT 2
TFPR 0
THGU 2
THSQ 1
THVA 3
THWE 0
TJGP 2
TJNP 2
TJXM 0
TLRQ 1
TLUI 4
TMQL 0
TNCS 0
TNID 1
TNVC 0
TNXP 2
TODB 5
TORI 1
TPKX 0
TPXA 1
TQAH 4
TRLO 1
TSMQ 2
TTTR 0
TTTY 0
TTUB 7
TUKH 1
TUNW 0
TUVD 506
TVGT 1
TVMJ 0
TVPA 1
TVSQ 0
TVVD 1
TYIK 0
TZNR 3
TZUA 52
UADT 0
UBAF 0
UBGL 0
UCDW 1
UDEL 0
UEON 3
UEPG 2
UETN 0
UFCR 0
UFEJ 15
UFTQ 0
UGXB 1
UIEB 42
UIFM 0
UIGJ 309
UIOX 0
UKJO 1
ULHI 0
ULJB 5
ULUL 14
UMBL 1
UMKY 12
UMSH 5
UNKT 0
UNOO 0
UPBN 1
UQJN 1
URMQ 0
USWQ 0
UTYA 4
UVOQ 0
UVPU 2
UVVI 7
UWXT 0
UXSS 0
UZFG 0
UZGB 2
UZNT 0
VBPD 0
VCBK 0
VCTL 0
VDCJ 2
VEJM 0
VEOP 5
VETP 58
VEXN 0
VEYI 3
VGFU 0
VHBI 225
VHTC 0
VIPA 0
VIQP 0
VITY 9
VJEV 0
VKBW 5
VKQB 12
VLRN 2
VOUE 0
VPPL 1
VQRM 2
VSOJ 2
VTML 2
VUGX 1
VUMR 1
VVWX 0
VWHF 1
VWKF 72
VXMH 2
VXPZ 0
VYCK 26
VYSZ 0
VYYJ 0
VZKL 1
VZLA 0
VZPM 2
VZWH 3
WABC 0
WAFG 0
WDPW 3
WDYE 12
WEJD 0
WEOA 15
WEVV 0
WFRF 0
WFTJ 0
WFWU 0
WFWW 0
WFYG 0
WGCH 1
WHBO 0
WHHS 1
WHVW 12
WHVX 0
WHZQ 0
WIJR 17
WJKQ 0
WJQU 0
WOSZ 0
WOZM 0
WPSM 1
WQEM 1
WQNV 1
WQRI 0
WRLP 0
WSIS 0
WTFK 10
WUDJ 0
WULN 3
WVIL 1
WVTZ 0
WVZU 0
WWPN 4
WXRN 4
WXVZ 1
WYPD 5
WYQG 4
WYXY 1
XACI 0
XBUQ 0
XBVW 1
XCRV 6
XDIL 1
XDRZ 0
XEES 2
XFNH 0
XFTX 0
XGUA 0
XHKJ 6
XIBR 55
XINB 0
XIOB 4
XJAI 1
XJQT 11
XKEC 0
XLFK 1
XLMG 37
XLMQ 0
XLZO 1
XMWE 0
XNJZ 0
XOHE 1
XOUG 0
XPRW 0
XPZG 4
XQAY 0
XRVP 0
XTHL 0
XUYY 0
XVIO 0
XVKM 0
XVTK 3
XWDI 0
XWKY 21
XWSJ 0
XXJI 0
XYMG 2
XZAP 0
YABP 0
YACI 10
YAHL 0
YAOT 0
YBTB 1
YDAF 0
YDNL 0
YFCH 6
YGBC 3
YGSN 5
YHYN 0
YJUO 12
YKFS 4
YKYR 0
YLAO 0
YLKO 0
YMXZ 21
YNGV 0
YOYR 0
YPTG 0
YQJH 8
YSOU 19
YUFW 0
YUMZ 0
YURO 0
YUTH 7
YVFW 0
YVNN 1
YWQF 0
YWYY 0
YXEY 0
YXPA 0
YYER 2
YYJS 0
YYLV 0
YZKT 52
YZPH 0
ZASL 1
ZASO 0
ZAVI 0
ZBBE 3
ZBZQ 0
ZCBT 2
ZCCF 1
ZCGK 0
ZCTO 2
ZDMW 7
ZDRX 0
ZEIQ 0
ZEOI 0
ZEXA 0
ZFZO 0
ZGTH 23
ZHHF 0
ZHVP 1
ZIAT 1
ZIXQ 4
ZKDK 0
ZLJI 1
ZLMH 4
ZLUC 4
ZMIN 0
ZNAX 0
ZOBS 1
ZPDK 0
ZPPN 0
ZPRS 0
ZPYC 6
ZQZI 4
ZROT 0
ZRWC 0
ZSUG 1
ZTLU 0
ZUHG 1
ZVGY 0
ZVTO 0
ZWFA 0
ZWUR 1
ZXBZ 1
ZXCW 2
ZYWN 1
ZZLJ 0
ZZTC 3
ZZXB 2
