AAYH 0
ABKN 3
ADAV 0
ADHT 1
AEOW 0
AFPI 0
AFQM 1
AFYC 0
AFZW 0
AGGB 6
AGWA 12
AGWW 0
AHJP 0
AIZQ 5
AKKG 0
AKYK 0
ALGH 0
ALGW 2
ALKC 17
ANAX 0
ANCE 0
ANFP 3
AOLU 1
APSZ 0
AQBC 0
ARRA 35
ASNC 0
ATDG 3
AVWI 0
AWCT 12
AWZC 0
AXEI 0
AXFA 2
AXHT 7
AXUR 5
AYMH 2
AYMM 0
AZQV 0
BAFC 3
BBAF 4
BBLR 0
BBWC 0
BBYJ 21
BCYI 0
BDGO 1
BDIW 180
BDOK 35
BDXH 0
BEAC 1
BFUP 2
BGRE 17
BHCA 0
BHOO 1
BHSM 0
BICI 0
BIKO 0
BKFR 1
BKMS 4
BKTF 4
BLDU 1
BLUO 3
BLZY 0
BNUU 0
BOCT 2
BOIC 0
BOYL 26
BPGD 2
BQDL 1
BQKE 0
BQNH 0
BQRI 0
BRAW 0
BSWW 1
BTDK 3
BTDX 0
BTFJ 0
BTMJ 1
BUJJ 0
BVFH 1
BVHS 0
BXQB 1
BYTP 11
BZCO 3
CAOU 2
CBRM 3
CCDC 1
CCHN 0
CCLU 0
CCPM 0
CCYO 1
CFPG 11
CFUZ 0
CGBG 0
CGFC 0
CGGN 0
CGVE 0
CGXO 0
CHYJ 1
CJIL 0
CKFD 3
CLEB 0
CLMJ 0
CNYD 0
COTE 1
CPNY 1
CRKM 2
CRNC 0
CSBS 2
CSOW 0
CSRA 0
CTPN 0
CUHV 1
CVCG 0
CVFJ 0
CVJI 0
CXAB 2
CXPR 4
CXRR 0
CYFA 3
CYJJ 0
CYOJ 1
CYTE 1
CZKP 0
CZPL 0
CZWH 7
DAZH 0
DBNE 1
DBOP 13
DCJE 0
DCJY 3
DCRF 3
DCRZ 1
DEEO 82
DFCK 2
DFPX 2
DFQH 0
DGEV 0
DGGV 14
DHBO 0
DIHB 0
DJDG 3
DJKN 1
DJNO 5
DKPB 0
DLBO 0
DMSJ 0
DMZA 1
DNLN 0
DODN 0
DOPP 0
DQDS 0
DTCK 0
DUVB 1
DUWL 0
DVOA 0
DWSP 1
DXGU 0
DXOU 0
DZCW 754
DZDU 0
DZON 0
DZUA 2
EAWH 1
EBTY 3
ECJH 0
EEOB 0
EFTT 0
EIVT 0
EKAK 0
EKCW 1
EKFS 0
ELEE 1
ELEG 17
ELJE 1
EMPV 996
ENGB 3
EOEI 0
EORP 0
EQMB 5
ERIY 0
ESER 0
ESIJ 0
ETQO 5
EUOT 3
EVVX 20
EVXA 0
EVZL 0
EXMG 0
EYCI 0
EYFS 7
EYHR 4
EZYH 1
FAJY 0
FAKJ 0
FAWY 0
FBKM 0
FCRB 2
FDGB 1
FDIJ 0
FEOT 7
FFLH 0
FFUO 0
FGMG 1
FGYO 7
FIXX 0
FJZS 4
FKBB 0
FKQE 0
FLHR 0
FOTL 0
FOYH 0
FPAY 1
FPIB 0
FPUK 14
FPXU 21
FQER 0
FQGF 0
FQHL 1
FQZB 0
FRDH 1
FRMR 0
FRNK 5
FRXE 0
FRXP 2
FTLL 1
FTZD 14
FTZH 0
FVDG 0
FVHV 0
FVNS 1
FWVZ 2
FXEI 0
FXHZ 8
FXMM 2
FYDF 4
FZJQ 3
FZSS 0
FZZZ 0
GAWM 0
GBPX 0
GCSE 0
GDBE 1
GDGT 0
GDWO 33
GEUQ 2
GFEW 0
GGLY 0
GGTB 0
GGVB 18
GIVC 0
GIWN 1
GKYO 8
GLPB 7
GMHR 0
GMMB 4
GMMW 3
GMYJ 0
GNFL 0
GNZD 0
GODN 96
GOZD 0
GPBC 10
GPMA 0
GQEU 0
GQHD 0
GQIE 1
GQOB 0
GQTU 0
GSKG 0
GVLN 2
GWEL 0
GWGE 1
GXNC 2
GXYW 1
GYEJ 0
GYOS 13
GZJN 1
HAMY 0
HAWJ 0
HAZS 0
HBGR 2
HBGT 0
HBLF 11
HBVN 0
HCUE 0
HDDJ 5
HDXR 0
HEMG 3
HEYG 2
HFIJ 1
HHVF 33
HIBP 0
HIHZ 0
HIII 3
HIKQ 0
HIRO 0
HKED 0
HLKY 1
HLLE 6
HLXM 0
HMLF 5
HNQL 2
HOAG 1
HPNH 0
HPTS 0
HQEX 0
HQRQ 0
HRET 2
HSPL 1
HVSI 7
HWFE 0
HXYF 7
HZEF 5
HZND 4
HZSI 0
HZWY 2
IAMB 2
ICBL 1
IDAR 1
IEGI 2
IEMM 0
IISY 0
IJGQ 0
IKOA 1
IKVF 0
ILSI 1
INQK 0
INTD 3
IPTD 2
IPWD 0
IQXA 0
IRAJ 0
ISIS 0
ISOO 28
ISWI 23
IVXZ 0
IXLH 0
IXVF 1
IXYW 0
IZKQ 0
IZTY 0
JAVY 1
JCDP 0
JEPW 10
JERY 4
JFVJ 0
JGLY 0
JGVX 0
JGWQ 0
JHEK 1
JHHS 9
JITH 2
JJQE 0
JKAP 1
JKPX 0
JKUN 4
JLID 2
JLOL 0
JMQJ 0
JNUW 0
JNWB 0
JOSN 0
JOXD 4
JPQN 32
JRCI 1
JRQY 0
JSEB 3
JSNW 0
JSUK 0
JUAA 37
JUEP 2
JUHZ 5
JURY 18
JWPL 0
JXFQ 0
JYNR 1
JZCH 0
JZFI 57
JZYO 2
KAEX 0
KAIL 0
KBLV 1
KCKS 13
KCSF 33
KDPP 0
KEHN 1
KFGA 4
KFVB 1
KFXD 0
KGBQ 2
KIDF 0
KINA 0
KJAJ 2
KJRQ 0
KKBM 7
KKDH 0
KLKN 0
KLKU 0
KLSQ 1
KLYA 0
KLZE 11
KMAF 0
KMEB 4
KMHV 0
KNBP 3
KNEP 0
KNLS 3
KNSN 0
KPPW 11
KPTC 1
KQMQ 5
KVXK 1
KWCJ 17
KXFR 60
KYMA 0
KZED 0
KZLL 7
LAKQ 5
LALG 0
LAMD 0
LAUO 37
LAYT 22
LBSW 3
LBYR 4
LDVL 0
LESL 29
LEUM 0
LGIG 4
LHLG 0
LHQO 0
LHZI 0
LIDB 1
LJBI 0
LJBY 0
LJGN 6
LJRY 5
LKTD 1
LLOZ 0
LLYI 2
LMRH 0
LNBU 0
LNJW 0
LPKK 1
LPME 3
LPSD 0
LQKT 1
LRJH 45
LUVP 10
LWOP 1
LWXQ 0
LYUV 1
LZDK 3
LZMV 0
LZNR 0
LZVM 0
MAVT 0
MCOB 2
MDJA 12
MDYY 2
MEKD 2
MESK 1
MFCV 163
MFLE 1
MFVL 3
MFYZ 4
MGCX 1
MGRC 5
MHMK 0
MHRE 0
MIFY 0
MIUP 0
MJDM 56
MJEH 21
MJEN 3
MJFO 2
MJNF 1
MJRM 7
MJRZ 1
MJTW 4
MKAX 0
MKKW 0
MLIB 0
MLLY 0
MMFW 0
MMGT 0
MMHW 0
MMSU 10
MOKX 0
MOLT 1
MOOT 0
MPOO 0
MQRB 0
MRIG 2
MRLK 0
MRXU 0
MTNV 0
MTVR 1
MUHF 1
MUHM 11
MUHZ 1
MURZ 3
MVIH 9
MVNV 0
MVPP 0
MVVO 0
MWDO 0
MWZI 2
MXEK 0
MXGP 24
MXQE 4
MYHN 0
MYRQ 0
NAER 1
NBBG 0
NBXI 1
NBXL 0
NCEZ 3
NCGK 1
NCZF 0
NDFU 0
NDJN 6
NDTJ 11
NFDU 0
NFJQ 0
NGNK 0
NGOF 5
NGPZ 1
NGXP 12
NHXG 11
NIRC 3
NIVZ 2
NJRX 0
NKOS 0
NKTO 0
NLPM 0
NLYE 0
NNGJ 1
NNUI 0
NPMK 1
NQDA 0
NQPH 0
NRAO 0
NRPW 0
NSAD 0
NSBW 4
NSST 0
NSUI 10
NTOS 0
NTQE 2
NTQV 3
NUHO 0
NUNP 0
NUWQ 0
NVNI 4
NVXD 0
NVZO 3
NWJG 0
NXBS 4
NYDS 0
NYRT 6
NYTS 0
NZAK 0
NZON 0
OCUD 238
ODCK 0
OELM 0
OFIJ 50
OFVO 2
OFXZ 0
OGDN 5
OGFX 14
OGWY 1
OJTA 1
OKTY 0
OKYD 0
OLOA 4
OLSW 1
ONLN 9
ONRG 7
OPWP 8
OQML 5
ORNS 0
ORSN 6
ORVI 1
OTFE 0
OUMU 0
OVAL 2
OVSC 21
OWOG 0
OXRX 0
OXTP 2
OYLG 0
OYYB 0
OZXE 0
PBRF 0
PDOS 3
PDVK 1
PEMX 0
PGHL 1
PGMD 0
PGTX 4
PHPE 0
PIPW 0
PJGE 1
PJRK 4
PKSH 1
PKTR 0
PLJC 11
PLLZ 15
PLVM 0
PNDL 8
PNVD 0
POBJ 0
PQVZ 0
PRES 0
PRHL 1
PRLI 6
PRTM 0
PSFU 1
PSXL 0
PTLD 4
PTQP 0
PUPF 1
PVGQ 0
PVVU 1
PXIE 1
PYTS 18
PZFM 0
QAHL 0
QAZH 4
QBRU 1
QBTU 0
QDOB 2
QEXK 1
QFBU 2
QFOH 7
QGQT 360
QHAG 3
QHHR 16
QLAR 3
QLQM 3
QMPO 0
QNJF 1
QNRI 0
QOWP 0
QPJA 0
QPOW 7
QQVA 0
QQZI 0
QRCP 5
QRTI 1
QTCG 0
QTXW 0
QUVG 0
QUYH 0
QVFG 0
QWIC 0
QWXT 10
QYBG 10
QYHA 0
QZJS 2
QZKM 8
QZRE 2
RAAA 0
RCUJ 1
RCZT 1
RDFZ 0
RDSS 0
RDTM 0
REHK 0
REXG 6
RFIX 5
RFYI 0
RHVM 0
RIPB 0
RKIC 1
RKVE 0
RMKD 0
ROBJ 3
ROER 1
ROUT 0
RPRZ 0
RQDW 0
RQFF 46
RQPA 0
RSTK 1
RSXS 0
RTKN 0
RTQT 23
RUHH 2
RVNL 0
RWDQ 14
RWXH 3
RXBU 1
RXOG 4
RXVO 1
RYYQ 0
RZPV 2
RZSY 1
SADQ 0
SCBN 0
SCLM 0
SCSS 7
SDPK 0
SENI 0
SFOW 1
SGRI 0
SGZQ 0
SHCK 0
SHKZ 1
SKFF 2
SKHX 0
SKTF 0
SKXE 5
SKYQ 2
SLHQ 0
SMAB 3
SNKT 3
SNQW 0
SOUQ 2
SPRL 2
SQNH 0
SRCV 1
SRJB 1
SSDJ 1
STGK 0
STHI 0
SUPW 0
SUVH 0
SVCR 0
SVJB 32
SVOH 0
SVRW 0
SXNH 0
SYBE 1
SYBM 1
SYNJ 0
SZAY 2
SZMW 54
SZSZ 4
SZWB 5
TAHZ 6
TALC 0
TAXC 64
TBRU 7
TBTP 1
TBUN 0
TBUZ 22
TCIK 3
TDJG 0
TFOZ 2
TFQZ 2
TFWA 0
TGMM 2
TGWM 0
TIBI 12
TJAR 1
TKBE 0
TKOA 10
TKRS 5
TKUK 0
TLAO 3
TNIS 3
TNRA 1
TNWI 0
TNXS 0
TOSU 3
TOYY 73
TQGO 0
TQMM 0
TTFC 0
TTHJ 0
TUDE 5
TVCW 0
TWLA 0
TXUX 0
TYSN 2
TZUC 0
UBYS 0
UDPW 5
UEMG 0
UEPE 0
UEXX 0
UFGW 0
UFNB 0
UGKM 0
UHEW 0
UJNT 1
ULVK 1
UMLW 0
UMSR 8
UNPW 1
UPMS 0
UPSA 0
UQDH 1
UQTH 1
URES 15
URYI 25
USGG 4
USKT 0
UTSB 0
UTXC 9
UUBG 4
UVDY 0
UVPH 2
UXAM 0
UXZM 3
UYFX 0
UZKK 1
VABK 0
VAKJ 0
VAQZ 3
VATI 0
VAVL 1
VBBY 0
VEAX 0
VEFE 2
VEKD 0
VELO 0
VEOW 1
VEYX 46
VFGB 0
VFYM 43
VGBP 1
VGJS 14
VGKX 0
VIGP 0
VITL 0
VJSJ 6
VJTS 17
VKMI 0
VMAD 0
VMNN 0
VMSZ 0
VNQG 9
VPCF 2
VPHC 16
VPPB 0
VRPI 2
VSFT 2
VSGC 0
VTYG 0
VUEK 0
VVBC 1
VVQD 2
VVVL 0
VVXU 7
VWXF 0
VYNY 0
VYUX 0
VZHN 0
VZIM 0
WAON 0
WAUQ 0
WBBO 0
WBWC 1
WCKT 0
WEQI 3
WFII 0
WFYP 0
WGKE 0
WHSN 0
WHSP 0
WJPE 1
WKJB 0
WKVN 1
WLCZ 3
WLJT 210
WMUB 0
WNIL 3
WNNY 2
WOMF 0
WOSG 3
WPHE 1
WPOF 1
WQUE 0
WRNT 1
WTJJ 2
WTLQ 4
WTTW 0
WUET 0
WWRN 0
WWUS 0
WXED 0
WXGA 13
WXLT 1
WZSD 0
WZVP 1
XACN 1
XAZG 0
XBPU 0
XCQS 1
XCWE 0
XDUU 0
XGTZ 1
XGVQ 0
XHJQ 1
XIZM 1
XJCY 1
XJDE 2
XJFN 1
XJVU 6
XLDL 31
XLMT 1
XLOU 4
XMAJ 1
XMZT 3
XNEO 2
XNMZ 0
XOMO 5
XPHC 1
XQHB 0
XQHW 1
XQQI 6
XRVE 0
XRWZ 0
XSIH 0
XTDF 3
XUCK 1
XUEO 1
XUNW 0
XWWF 0
XYRK 4
XYUA 1
YABT 1
YCAB 4
YDWG 36
YETO 1
YEXC 0
YFOQ 13
YGZX 0
YJAA 0
YJBH 0
YKJJ 1
YKUF 8
YLFA 2
YLLI 0
YLMH 0
YLVL 0
YMCQ 64
YMHX 0
YMVM 0
YMVQ 0
YNBX 0
YOMH 1
YPPJ 0
YPTL 6
YQDW 33
YRMC 2
YRRF 0
YSHE 0
YTFL 1
YVBW 0
YWCT 0
YWNT 1
YWTS 0
YWZN 0
YXCP 0
YXQG 1
YXSH 45
YZDS 0
YZPC 0
YZWZ 0
ZBAP 5
ZBIP 0
ZBJD 0
ZCRA 1
ZDNO 4
ZEPM 14
ZFII 1
ZFVZ 2
ZGJR 2
ZGLM 0
ZGRL 2
ZHQG 0
ZHUC 2
ZIBX 8
ZIXK 16
ZJCB 4
ZJYM 92
ZKCG 0
ZKOL 4
ZKUE 4
ZNIO 1
ZOMS 0
ZOOH 0
ZOVV 0
ZOZR 14
ZPFH 0
ZQVQ 6
ZQZU 16
ZRMI 0
ZUTR 0
ZVBL 0
ZWXH 0
ZXYB 1
ZZKC 5
