AAFS 9
ABNM 0
ABYL 0
ACED 0
ACKS 0
ADBE 0
ADDA 8
AGSO 1
AGZQ 9
AIDW 6
AIQG 0
AJFW 0
AJMI 0
AKMA 44
AKUL 3
AKYT 1
ANJB 1
ANKJ 2
ANRQ 0
AOFQ 16
AOUH 55
APOU 5
APTB 2
AQDB 2
AQJP 0
ARFY 0
ARSH 0
ARUZ 0
ARYC 9
ASKK 28
ATDK 1
ATOE 0
ATOL 0
AUJM 0
AVFE 0
AWDB 0
AWEF 2
AWTZ 3
AWUN 1
AWVC 0
AWWX 1
AYJZ 0
AYND 0
AYRW 4
BAHR 0
BAKF 52
BBGH 0
BBQN 4
BBUM 0
BCIN 1
BCZZ 0
BEZA 0
BFBH 1
BFJC 1
BFTI 0
BHXW 0
BIHK 23
BIOM 0
BIVP 4
BJEI 49
BJFG 0
BKGG 48
BLKV 0
BLUO 0
BMBJ 24
BMZB 1
BOBO 0
BPNL 0
BPVO 8
BSMR 0
BURL 2
BVVZ 0
BWLA 3
BWYU 2
BWZK 5
BYWP 30
BZVW 0
BZXV 0
CAHO 0
CBUB 2
CBZG 1
CCVD 4
CCXE 0
CDHM 0
CEAX 0
CEWY 19
CFNC 0
CFUJ 3
CGPX 0
CGWA 0
CHIJ 18
CHLE 0
CHPE 0
CLPM 56
CLVB 6
CMLM 0
COWP 1
CPGA 0
CPKF 3
CQNK 0
CQYD 0
CSFF 0
CSPG 1
CSYD 0
CVMO 1
CYRO 5
CYTM 0
CYXW 0
CZSY 0
DAHB 0
DAZP 2
DBJD 1
DBYH 1
DCDD 0
DCIZ 0
DCUU 0
DCZA 1
DEVQ 0
DFGF 2
DFJV 0
DFNM 3
DFPA 0
DGVS 1
DHBG 0
DHZO 0
DIEW 2
DJSR 3
DJTN 0
DKAE 0
DKGI 1
DKPG 0
DKXG 4
DLSI 2
DLTT 2
DLUN 1
DLUO 0
DMDS 1
DMLT 0
DMXD 0
DNAD 0
DNKI 0
DNTL 2
DNXT 4
DOOZ 5
DPKT 13
DQEL 0
DQJT 0
DQJY 9
DQMB 0
DQXC 1
DRBG 0
DRHG 173
DRWQ 1
DSOS 1
DTIC 2
DUWS 2
DVJJ 17
DVLW 5
DYVF 1
DYWU 4
DZRE 3
EALU 1
EAQB 12
EBHL 0
EBTC 8
EBZQ 3
ECDG 0
ECJK 0
EDKP 1
EFOV 0
EFTF 3
EJAK 0
EKWT 8
ELPZ 0
EMII 0
EOXU 0
EPBS 0
EPJD 2
EPKW 0
EPZN 1
EQAC 0
EQEQ 0
ETJE 1
EUTF 4
EWNA 0
EWPE 27
EWRO 0
EWXT 1
EXHA 0
EXTK 2
EYCJ 0
EYHI 0
EYMP 0
EZHB 0
FAED 0
FAOZ 0
FBGU 1
FBIS 17
FBNS 1
FCNI 2
FCUV 0
FDMK 6
FFPE 1
FGEF 0
FGYC 0
FHGA 0
FHYZ 0
FIJU 2
FKQJ 1
FLQY 0
FLWN 0
FMEB 2
FMOF 2
FNGH 0
FQNB 10
FQPN 15
FSGS 1
FSIX 0
FSNG 0
FSPY 2
FTNH 0
FTNW 0
FTPT 5
FTTO 0
FWCP 0
FWHU 1
FWOZ 0
FWXB 5
FXJR 0
FXPZ 0
FXZG 0
FYFT 3
FYKV 1
FYRQ 1
FYTA 1
FZBK 0
FZJG 0
FZZL 19
GATK 0
GBPH 0
GBUS 1
GCHQ 3
GCPR 0
GDFP 1
GDMM 5
GEDD 1
GFJU 17
GFSB 42
GFXZ 4
GFZX 0
GGGB 0
GGPD 3
GGQW 3
GHFG 0
GIBL 12
GINJ 1
GIQA 0
GJIZ 1
GJXX 2
GJYM 1
GKFF 0
GLJJ 1
GLSQ 1
GLUT 0
GLXB 2
GMJK 10
GMWH 0
GNET 0
GNVR 1
GOJQ 25
GORT 0
GPEH 0
GQLD 4
GRGS 32
GRHY 0
GTAV 0
GVAM 4
GWVQ 0
GWVS 0
GWXH 1
GXRL 0
GZCK 0
GZJO 0
GZXG 0
HCEK 3
HCHA 0
HCVT 0
HDMI 0
HDNL 2
HECN 0
HEYE 1
HEYN 7
HFEB 9
HFKF 14
HFMK 0
HGRZ 3
HHZS 2
HINW 0
HJNR 2
HKEW 308
HKQE 0
HLSJ 0
HLVY 0
HMBJ 0
HMKU 0
HMUC 2
HNAA 0
HNAF 1
HNVF 0
HOJJ 0
HPFJ 0
HRBE 3
HRFZ 8
HSAD 3
HSDK 6
HSPR 0
HTLJ 0
HUEH 1
HUHZ 0
HUKN 1
HUPA 0
HUXL 7
HUYG 0
HVNZ 0
HWKB 0
HYFC 0
HZKH 0
IAYT 1
IBBQ 10
IBEJ 4
IDJA 0
IDOT 0
IDYQ 0
IEEO 0
IEPI 0
IFOH 2
IFVL 0
IGIZ 0
IGRT 0
IIJK 0
IIRN 6
IJIE 0
ILRE 4
IMDL 0
IMES 0
INMB 0
INPE 3
IODC 0
IPAE 1
IPJY 0
IPZU 3
IQGP 5
IRRJ 0
ISBD 4
ISRI 2
ITEO 17
ITEU 8
ITSR 0
IUFN 0
IUFQ 25
IUTZ 2
IVGC 0
IVJN 7
IVYR 2
IWUN 0
IXKS 2
JAZS 0
JBSW 1
JCGW 4
JCLP 11
JDFS 0
JEEV 4
JFDX 1
JFGN 2
JFUB 1
JHEX 0
JIDI 0
JISB 0
JJPK 26
JJZI 5
JLOV 4
JLQN 2
JMSD 0
JNIG 1
JNJA 2
JNXR 6
JOBY 1
JOGO 79
JOLL 0
JPRO 0
JQOZ 1
JRAP 0
JRID 0
JRRF 8
JSTL 0
JVKE 5
JVTY 1
JVXZ 2
JWHG 5
JWUB 3
JWVN 0
JXGN 0
JXRQ 0
JYHQ 27
JZHC 0
KADW 1
KBOY 0
KCNF 7
KDSG 0
KDVE 0
KEHG 0
KEXV 0
KGBD 0
KHZX 0
KIWR 3
KIZL 0
KKSS 0
KLBC 1
KMLU 0
KNMQ 588
KNQV 1
KOYM 0
KPFE 1
KPKA 0
KQAR 0
KQFK 0
KRCG 0
KTQT 0
KUEL 0
KVFR 1
KWEO 0
KWVF 6
KXKF 0
KXPT 0
KZXN 0
LBBC 0
LCZH 3
LEKU 1
LERB 4
LGBM 10
LGHW 0
LGPP 0
LGSK 0
LHOW 0
LIED 3
LIEF 0
LIID 0
LIYI 0
LJAF 8
LJVR 0
LJZP 0
LKCI 0
LKNL 1
LKRV 0
LKTO 0
LKVG 0
LKWM 4
LKYG 0
LLZV 0
LMDI 7
LMDT 8
LMKY 0
LNFI 37
LNQX 0
LNWW 0
LOCW 18
LONA 0
LPQX 5
LQMA 0
LQTY 0
LRCQ 11
LSEV 2
LTAR 0
LWTP 0
LXGU 1
LXVK 0
LYCV 0
LYKX 0
LZXJ 0
MAQY 0
MBEM 1
MBIX 3
MBZY 0
MCSG 0
MCZZ 2
MDSO 0
MDYO 1
MEBO 0
MECT 5
MFGH 1
MGTZ 2
MHFF 0
MHSJ 1
MHVA 0
MJHD 0
MJOH 0
MKHB 7
MLGM 31
MLVE 1
MLWA 1
MMFU 0
MNHJ 14
MNTV 11
MNVQ 1
MOCF 0
MOFU 1
MOSM 0
MPDK 1
MPJF 3
MPKE 0
MQWC 15
MQWX 1
MRMB 3
MSDN 0
MSEJ 3
MVJF 1
MWDI 9
MWKX 12
MWYV 0
MXOD 3
MYVO 9
MZWE 0
NBJG 0
NBJT 12
NCBG 1
NDRY 7
NESZ 0
NETC 23
NEYJ 0
NEZR 0
NFRM 4
NHPU 0
NIVI 9
NJHA 0
NKGJ 2
NKRW 0
NLGB 6
NMGF 0
NNOK 2
NOGR 2
NOIP 8
NOOT 0
NPSE 0
NPZT 1
NQGM 0
NSGJ 1
NSLZ 1
NTCU 1
NTFA 7
NTRF 0
NTSN 1
NULW 2
NUUX 1
NUVF 0
NVIJ 1
NVJV 0
NVSH 0
NWJF 2
NWWA 0
NYEL 1
NZDB 2
OAKD 4
OBXN 1
OCIE 0
OCUM 6
OEXB 0
OGSO 43
OHZH 0
OIBH 0
OJAV 0
OJTA 0
OKHJ 0
OKJR 3
OMDK 0
OMEX 1
OMIS 3
OMWV 1
OMZE 78
ONDM 0
ONJC 0
ONLA 10
ONSA 0
ONWH 0
OPGZ 0
OQBI 6
OQHW 0
ORCI 0
ORNC 0
OSPW 0
OVIL 0
OVMZ 0
OWQA 1
OXKK 0
OZBJ 0
OZFA 1
OZPH 1
OZXB 1
PBXA 0
PCCE 2
PCEG 0
PCEO 1
PCIG 4
PCMJ 4
PEKG 0
PFIM 0
PFJN 0
PFRC 0
PFZS 0
PHBO 0
PHOU 0
PHRI 0
PICL 12
PIZZ 0
PJFN 1
PJYE 0
PKRM 0
PKYS 0
PLWX 1
PMAU 0
POKA 2
POKY 0
PQVM 0
PRCN 0
PRUG 6
PRUJ 3
PSFE 2
PUKL 1
PUPX 0
PVOM 0
PXCH 1
PXQY 0
PYHQ 7
PYND 1
PZRZ 0
PZZU 0
QAYM 0
QDRN 577
QFBG 1
QFIP 0
QFYQ 1
QGDL 0
QGYG 0
QJDT 1
QLAN 0
QLZX 0
QMTQ 27
QMWT 0
QNSH 3
QOGV 0
QPIU 0
QPOW 1
QQKL 0
QQPA 0
QRAX 0
QRDX 1
QSFK 0
QTBE 0
QTUI 0
QVDV 6
QWIV 0
QWNX 1
QWUK 0
QXCX 1
QXXX 0
QYDG 0
QYHZ 0
RAJA 1
RAJX 0
RAMI 22
RAMM 0
RAXY 4
RBGD 0
RBOM 0
RCIM 34
RDIW 12
RDRC 1
REFX 0
REIS 5
RENZ 123
RFOP 2
RHNA 1
RIGV 0
RMVE 1
RMXM 0
RNCP 1
RNTG 0
RNWP 3
RNXB 19
ROLJ 0
ROTP 0
ROUA 0
ROWB 0
ROYF 2
RPTV 0
RQER 1
RRXF 1
RSCS 0
RTTV 5
RTUR 0
RTYH 0
RUDW 0
RUFK 0
RUIC 0
RVLJ 0
RWFC 4
RXDN 1
RXQU 0
RYXA 2
RZBV 2
RZDF 3
RZYF 0
SAEJ 3
SAQD 0
SBUK 0
SBUO 1
SCMN 1
SCSD 13
SCZB 53
SEDD 1
SFDC 1
SFSP 0
SFVG 0
SGPM 0
SHNG 1
SHYQ 1
SIKB 0
SIVR 5
SJGT 3
SJYP 0
SKWR 0
SLGR 0
SOGE 1
SOQZ 1
SOVX 0
SPPS 0
SPSK 3
SPVZ 8
SRGU 3
SRKR 4
SRRQ 0
SSHG 0
SSLF 123
STNS 1
STPE 0
SWMF 0
SZSC 5
TBJW 0
TCBS 0
TDLP 1
TEGM 0
TEIX 6
TEWV 0
TFGT 1
TFMB 3
TGRK 1
THUY 1
TIIU 1
TJPN 2
TLHQ 2
TMBU 0
TMNZ 2
TNBM 1
TOZT 0
TPFS 0
TQEZ 0
TQJY 2
TRCG 0
TRJC 0
TUBL 0
TUHF 0
TWGN 0
TWOC 0
TWQO 0
TWYZ 29
TYEA 74
TZYH 0
UATY 0
UBQY 0
UDKV 10
UDME 2
UDQK 0
UELQ 1
UENI 0
UERQ 3
UFWR 2
UFZS 0
UGOL 0
UGQI 0
UIDR 0
UIHE 0
UJCO 0
UKKX 13
UKQV 0
ULEF 23
UMUI 1
UMXN 7
UNLD 1
UNRJ 0
UOCM 3
UOMK 0
UOZF 1
UPCW 0
UPTZ 0
UQVU 0
UQXE 2
UQXR 1
URBU 998
URMZ 19
URWW 0
USDH 0
USHO 2
USRN 0
USUH 2
USXA 4
UTJS 0
UUGF 0
UVDP 0
UVQO 0
UWDM 3
UXSB 6
UYAM 1
UYCI 14
UYHQ 1
UYLG 41
VAWT 0
VCMS 8
VCQW 0
VDIE 0
VEJX 0
VGJF 0
VGZW 6
VITW 15
VKJQ 0
VLQZ 0
VMVA 0
VNPW 1
VOOI 5
VOWM 10
VQQF 0
VSJQ 0
VTFW 0
VTGX 28
VTON 0
VTQD 0
VUNQ 3
VUOC 1
VVAN 0
VVET 1
VWGJ 2
VWPS 0
VXAB 0
VXAV 3
VXJZ 3
VXKM 7
VXVH 0
WAJR 0
WANC 1
WCXA 0
WEKB 1
WESG 0
WFWX 5
WGAF 1
WGAR 5
WHLS 0
WHRK 0
WJKV 0
WJPZ 0
WJZP 0
WKEX 0
WKPY 0
WLHN 0
WLKY 0
WLTP 4
WMHA 3
WNWX 0
WOMN 0
WPRC 0
WPYE 0
WQNM 0
WQQB 0
WSNT 0
WUAT 2
WUBM 2
WUWL 0
WUXM 3
WVDF 53
WYEW 0
XATA 0
XBUI 1
XBUJ 1
XCQT 0
XDIT 0
XEBU 30
XETS 0
XFDX 7
XFYD 0
XIIQ 0
XITI 0
XJWH 1
XKEZ 0
XLSB 0
XLWO 0
XMIV 0
XMXV 0
XNBE 0
XNLG 4
XNXD 0
XOHU 1
XOMX 3
XQFQ 1
XQGQ 1
XRCQ 5
XRLA 6
XRNP 1
XROP 0
XSJM 2
XSZM 0
XTJS 2
XTOT 0
XVED 0
XVIQ 3
XVVA 0
XWYX 2
XYAG 0
XYDY 7
XZIT 71
XZPX 0
YAOT 11
YAWG 0
YBJA 1
YBPF 2
YBVN 1
YBVT 0
YCLG 0
YCZE 3
YEWG 0
YFPU 2
YFXD 11
YGSU 27
YHWK 0
YJIW 2
YJQQ 0
YKHP 0
YLFR 1
YLHL 0
YMAJ 0
YMCI 0
YMHB 0
YMKE 5
YMUL 0
YORF 2
YPEK 0
YQWY 3
YRGF 2
YSDP 7
YSHB 10
YSWT 3
YTVT 1
YVRM 2
YWLO 0
YWNH 0
YYKN 0
YYXD 15
YYZD 3
ZACJ 2
ZAVS 0
ZBUP 0
ZCBC 0
ZCNO 7
ZDEY 0
ZDKG 0
ZECI 9
ZEPS 1
ZGAK 0
ZGAR 13
ZGMJ 0
ZIDU 0
ZJLI 0
ZJON 4
ZKWU 0
ZMAJ 0
ZMVG 18
ZNBN 2
ZNZN 4
ZPXI 2
ZPXK 0
ZQLU 0
ZRVM 289
ZSVI 9
ZTFJ 0
ZTPV 0
ZUVN 0
ZVAD 1
ZVIX 0
ZVMX 0
ZWQI 1
ZXOS 2
ZZRB 0
ZZRK 102
