AETD 9
AEZT 0
AHST 9
AHVA 0
AIVQ 0
AJLS 1
AKYA 0
ALIE 2
ALIP 14
ALOV 4
AMAJ 0
ANCR 0
ANGB 0
ANZW 1
AOIN 0
APFM 0
APVE 0
AQGW 0
AQHH 1
ARDI 1
ARQM 3
ASMI 0
ATIG 1
ATZI 1
AVSK 0
AWHN 6
AWWU 0
AXBO 3
AXRS 0
AYUF 1
AZQA 1
AZWH 0
AZXR 0
BCXS 0
BDRO 0
BDSO 0
BDUL 2
BISE 0
BJSG 0
BLPD 0
BLSF 183
BMRF 0
BMTI 0
BNDJ 1
BNRY 0
BNXX 1
BOAY 0
BOBY 3
BOID 0
BOJL 0
BOQA 0
BOYH 1
BPNN 0
BPPN 24
BRAF 5
BRBQ 0
BRBV 6
BRHH 0
BSSM 1
BTPR 10
BULY 0
BUWK 0
BVAV 34
BXBP 0
BXGI 10
BXIZ 0
BXQM 0
BYBV 5
BZCP 0
BZSQ 6
CABS 0
CAFL 3
CAGJ 0
CAHF 0
CATD 0
CBOH 0
CDFV 0
CDKS 6
CEJD 0
CHAF 0
CHRO 28
CHZL 0
CIBA 0
CIDP 23
CIOW 0
CJIA 2
CKJD 0
CKZA 0
CLGZ 0
CMBI 4
CMOE 11
CONI 0
CPRI 1
CQCE 2
CQQB 2
CTPL 0
CTVK 0
CVUE 10
CVUV 1
CWEL 0
CWIE 0
CWIG 0
CWZQ 1
CXSK 1
CZNY 1
DCXX 0
DDFG 0
DFCZ 2
DHDK 6
DHOZ 4
DHUJ 2
DITU 2
DIXI 0
DJCP 13
DJED 13
DJYP 0
DKML 0
DKZW 4
DLKF 5
DMAS 102
DMMN 0
DNCH 3
DOGR 0
DPCE 1
DPOY 0
DPXH 219
DQJZ 0
DQOO 0
DRDT 0
DRRR 32
DRVJ 0
DRYD 0
DSRS 0
DSXI 0
DULS 0
DVZD 0
DWEJ 0
DXMI 0
DYIC 0
DZKW 0
EARJ 0
EAUC 10
EBBT 0
ECQL 50
EDPQ 0
EFOF 0
EGAF 1
EHCT 0
EHFT 0
EHWD 0
EILF 47
EKRO 0
ELFC 0
ELXU 5
EMCA 1
EMHA 0
EMKD 1
EMSU 9
EMUF 0
ENKD 0
ENOJ 1
ENYL 1
EOAA 45
EOMR 0
EONG 2
EOPS 0
EPDW 4
ERTJ 3
ESVC 1
ETEU 1
EUEG 1
EUNO 1
EWAL 0
EWQS 78
EXCU 4
EXLM 1
EXXL 9
EYZG 0
EZJC 0
FAFX 0
FAHF 0
FAMD 1
FAYH 1
FBVK 0
FCUH 1
FECH 55
FEEQ 0
FEIT 0
FFJS 0
FFLW 0
FFSX 0
FGDF 0
FGNF 0
FGPY 0
FGUE 0
FHBN 1
FIZM 1
FIZT 0
FIZW 0
FKBY 0
FKLD 0
FKUO 1
FMUH 2
FNUC 0
FPLK 5
FPTQ 0
FQKQ 1
FQSY 0
FRIA 1
FRMF 0
FTED 17
FTOR 0
FTVJ 15
FVTB 1
FVVX 0
FVZT 2
FWRA 0
FXFG 0
FYHZ 1
FYQF 0
FYVZ 2
FZDD 2
FZSV 1
GADS 0
GAPI 0
GAUY 0
GBAA 1
GBAY 0
GCIS 0
GCSQ 0
GDDN 1
GDFE 0
GDOP 0
GDPC 0
GFJY 0
GGWP 1
GGYZ 0
GHMF 1
GIDI 0
GIUK 1
GKAX 1
GKPD 15
GKQQ 121
GKWO 0
GLPT 2
GMHI 18
GMRR 7
GMSW 0
GNKD 3
GNLE 0
GNLS 13
GNPC 0
GNYO 0
GOFP 0
GOMU 1
GOON 0
GQJK 0
GQKR 0
GQVA 9
GQYR 0
GRLS 1
GTKL 0
GUMB 1
GUSB 0
GVGD 5
GVYW 4
GWHA 0
GWMP 1
GYBL 5
GYVE 0
GZIS 2
GZXY 22
HABF 0
HAUI 2
HEXP 2
HFKO 1
HFQH 0
HFUI 2
HGIP 0
HHDX 0
HHNC 0
HHQK 2
HICV 0
HIGW 0
HIKB 4
HIWQ 1
HJYR 0
HKCH 21
HKYP 0
HMXK 3
HNFB 0
HPLJ 0
HPNY 12
HPQI 4
HPVT 2
HSAF 1
HTAU 2
HVAT 12
HVWA 0
HVWR 0
HVZC 5
HWNI 2
HWVO 3
HWZZ 5
HXFE 0
HXHF 0
HXXJ 2
HYJU 2
HYNM 3
IANU 6
ICGG 0
IDFO 0
IDOY 335
IEEI 0
IEIW 0
IEUR 1
IEWJ 2
IFGM 0
IFYD 0
IGDI 1
IGPM 0
IJFP 0
IJSH 0
IJVY 2
IKPX 0
ILDR 0
ILHP 0
ILMG 0
ILMM 5
ILZB 0
IMDQ 3
IMPQ 1
INQC 2
INZC 34
IPIT 3
IQXD 0
IRAS 2
ISGX 0
ISHR 3
ISRI 0
ISTS 0
ISXL 0
ITHL 0
IUMS 1
IVSD 1
IWUY 0
IWZP 4
IXZQ 2
IYCV 2
IYET 4
IYSG 15
IZFO 0
IZYM 15
JANQ 0
JCAL 2
JCCQ 10
JCXQ 0
JDBH 1
JDSV 0
JDZM 0
JEJM 1
JEZY 1
JFJY 1
JFRF 4
JGNP 0
JGZE 0
JHQA 1
JIAC 2
JICO 3
JJUZ 1
JJXC 0
JKAR 10
JKCN 0
JKKW 52
JLAY 3
JLNY 6
JMHL 0
JMLR 1
JMYV 3
JNXU 0
JOZW 0
JPBW 1
JPNU 0
JSCG 0
JTHT 2
JVLS 1
JVYS 1
JWHC 0
JWIR 30
JWRP 1
JZEO 0
KBWO 3
KBZK 1
KCAA 0
KCBN 5
KCDY 0
KESW 0
KFBB 0
KFDK 0
KGWP 0
KHNQ 1
KHZE 0
KIFR 0
KIGF 5
KJES 3
KJGL 0
KLDU 29
KLOG 0
KMAE 0
KMEO 0
KMXB 0
KNUL 59
KOVV 0
KPRK 0
KPUG 0
KQGJ 4
KQNH 0
KQSP 0
KRBH 0
KRCV 0
KRIH 2
KSON 0
KSPU 0
KSRP 0
KSSY 0
KTNQ 4
KTPL 0
KUKZ 0
KWXF 1
KWYX 2
KZFS 0
LACP 14
LAHD 0
LAHX 0
LAHZ 0
LAIO 0
LANK 0
LCBS 0
LCKE 0
LCTR 8
LCVY 0
LEGN 0
LEMT 0
LEXY 1
LFGG 0
LHNR 0
LIZG 1
LJZL 0
LKUX 0
LLPV 0
LMDD 0
LMQP 0
LMYI 0
LNBY 0
LNKM 0
LNTX 0
LNYH 1
LPWV 0
LPZQ 0
LQXD 0
LRBC 1
LSUC 0
LSXT 0
LTTZ 0
LWCA 0
LWEE 0
LWNT 0
LWOH 3
LXGY 0
LXWH 4
LYKI 0
LYUU 4
LZQH 0
MAJB 1
MAOI 0
MASF 1
MAXS 1
MBDG 0
MCOD 4
MDFJ 4
MEGY 0
MEZA 10
MGVK 4
MHQV 0
MHTV 4
MIEO 3
MIQP 0
MIZT 0
MJNX 1
MJOX 5
MLGH 0
MMRY 21
MMUJ 8
MNZT 0
MPJM 0
MPPU 0
MQIR 0
MQZY 1
MRHV 7
MRVF 1
MSRB 6
MTYH 1
MUAG 0
MWMA 61
MXXL 1
MYDT 9
NACW 1
NADR 1
NATB 1
NAUQ 1
NBFB 2
NBFZ 2
NBUH 0
NBXA 0
NBYZ 62
NCFP 1
NDWQ 4
NEAQ 1
NESW 0
NEUN 3
NEVJ 0
NGHG 1
NGTH 1
NHAS 0
NIGB 0
NIUZ 1
NJIC 0
NMVH 1
NNDG 388
NOQV 1
NOZF 0
NOZR 0
NQFF 2
NRQY 2
NRVH 3
NSKW 5
NSUO 1
NSXS 6
NTSK 1
NTST 0
NTYJ 0
NWJI 1
NWOO 0
NXVQ 0
NYLO 323
NYMS 0
NZEB 0
NZEN 0
NZJM 2
OAVX 3
OBDC 0
OCAJ 0
OCHC 3
OCTK 0
OCZM 9
ODRX 0
ODZO 2
OEDI 9
OEER 0
OERY 0
OEVC 2
OFJJ 5
OFKO 5
OGFM 0
OGOU 0
OHEO 0
OHUQ 0
OHZA 1
OICD 2
OJMT 0
OJXT 0
OKEB 1
OKHU 23
OKJY 1
OKQJ 4
OKTY 4
OLNQ 0
OLVH 6
OLWI 0
OMEW 7
OMMQ 27
OMSJ 0
OOGU 0
OOPW 0
OOXB 1
OPPP 0
OPZX 7
OQNO 0
OQYM 12
ORMM 2
ORVT 0
OSVU 0
OTFQ 4
OTSZ 8
OUEL 0
OUJV 1
OULO 1
OVFV 9
OVTS 0
OVWV 0
OWBM 0
OWFD 8
OXHW 0
OXKU 454
OXSU 10
OYCI 1
OYFH 0
OYHY 3
OYJT 0
OYRF 19
OZBC 1
OZVB 1
PABF 3
PAWH 1
PBDO 2
PBEJ 1
PCUO 0
PCVL 0
PDAL 7
PDAN 0
PDHC 0
PDPH 0
PFHR 0
PGSE 19
PHMN 2
PJEO 0
PJWC 0
PLAF 1
PMUZ 0
PMYK 0
PNRW 0
POUM 0
PPQQ 2
PPVQ 0
PPZF 6
PPZN 1
PQSW 0
PSIF 10
PTCK 11
PTYQ 1
PWHQ 2
PWHS 2
PYVH 0
QAIP 1
QAOT 5
QAYA 5
QBGA 1
QBIT 2
QBSG 37
QCEJ 2
QDMX 7
QEOW 0
QFJG 1
QFOW 1
QGIP 2
QGLH 18
QHNU 5
QHVR 0
QIFF 1
QKBD 1
QMRW 0
QNGR 0
QOII 0
QQMG 1
QRBP 0
QROG 7
QRYD 0
QSOS 4
QTKW 0
QXZH 0
RABC 0
RBGR 2
RBHA 0
RBHM 25
RBZH 2
RCAA 1
RDLL 19
RDLM 1
RDXY 2
REEK 0
REEX 6
REGS 3
REHK 8
RFPU 0
RIGE 0
RIKG 6
RJIF 0
RJQR 5
RLIS 2
RLYC 143
RMIE 1
RNED 0
RNVY 3
RQSE 41
RREQ 0
RSWI 2
RTBE 0
RUSO 11
RVEE 2
RWWA 0
RYEJ 0
RYEP 0
RYKC 0
SBJR 0
SBNN 0
SBQH 10
SDKZ 0
SDSK 0
SEPM 0
SGDQ 0
SHKR 0
SIQR 1
SITM 0
SJBN 2
SKBW 0
SKLU 0
SKVJ 0
SNIT 2
SOJF 126
SQDD 6
SQEA 0
SQJB 0
SQRB 0
SQXG 0
SRNY 0
SSJE 68
SSSI 1
SSUL 1
SVCB 5
SVKI 0
SVKO 0
SVTM 7
SWBL 0
SWFA 0
SXAS 3
SXJQ 28
SYFC 1
SYYU 0
SZBC 1
SZZG 2
TAXC 0
TAZZ 0
TBXK 7
TEBS 4
TECG 0
TFKI 82
TGQA 0
TGXW 0
THJT 2
THMT 19
THPV 6
THZV 0
TIER 0
TIGB 1
TIMY 0
TIQC 5
TJVV 0
TNFV 0
TOXA 0
TPGA 3
TQHP 3
TRGG 0
TRTE 1
TSBG 4
TTEU 1
TTPA 0
TTVH 0
TUTO 29
TZHP 4
TZVN 2
UARA 2
UBMN 0
UBRU 3
UCQG 1
UEDE 4
UEHG 1
UFOU 2
UFWK 1
UGDC 0
UGJC 0
UGKG 4
UHGY 5
UIAX 1
UISD 54
UJDB 1
UJEI 0
UKUV 0
UKZG 14
ULDE 0
UMFS 1
UMQQ 0
UNIW 0
UNRO 0
UNZY 3
UOJD 1
UOQD 37
UPYH 17
UQCM 1
UQQY 0
UTRH 15
UTXH 3
UUDT 0
UUIS 8
UVYW 0
UXCD 3
UYGQ 0
UYHP 1
UZMI 0
VADR 0
VAXA 1
VBHN 0
VCCC 0
VCRZ 0
VCUU 15
VDRL 27
VFNY 0
VFPP 0
VGQA 2
VGVY 0
VGXO 1
VHOR 1
VHXU 3
VJXQ 1
VKCO 2
VKIP 0
VMVJ 2
VNDE 1
VNDR 0
VPSF 0
VPTZ 0
VPWJ 1
VQQY 3
VRIU 0
VSFB 0
VSFI 0
VSVD 1
VTCM 0
VTJI 3
VTWN 2
VUER 16
VUUK 0
VVHI 0
VVIE 0
VVZW 0
VWBW 1
VWFI 0
VWFJ 0
VWIT 4
VXTB 0
VYBD 0
VZDR 2
VZWX 0
VZXN 0
WAGQ 0
WAMF 2
WBBM 0
WBPS 2
WDAG 2
WDBU 0
WDDO 3
WDEM 1
WDOB 1
WEFR 0
WEGM 0
WEMI 0
WEYH 0
WFIZ 51
WFVX 0
WGMO 0
WHRG 1
WHRM 1
WJTY 0
WLHY 0
WLQP 0
WMUJ 5
WNEE 1
WOHI 2
WOTJ 18
WQLL 1
WRMK 998
WVHY 2
WVON 0
WVRA 0
WVYU 0
WWNG 0
WWVD 0
WWYR 0
WWYX 1
WXSS 0
WYBU 4
WYJD 0
WZBY 0
WZLH 0
WZOR 1
XAHJ 4
XAPL 2
XAWS 3
XBGH 0
XBSZ 0
XCWQ 2
XECO 1
XEII 1
XEJC 1
XGIE 0
XGLJ 0
XGMR 0
XGYX 1
XHJQ 0
XHMU 16
XIJX 0
XILN 0
XJIR 4
XJZE 2
XLCC 2
XMUU 6
XMVL 0
XOUH 14
XQYE 0
XRNS 2
XSXO 1
XTPB 4
XUTV 1
XWRQ 0
XXPN 0
XYPK 3
XZBS 0
XZNW 2
YBNV 0
YCKC 1
YEJX 0
YEMG 1
YENU 3
YFPL 5
YGKH 15
YHTR 0
YIAC 0
YIDB 1
YJEQ 0
YJII 0
YJLP 0
YJVE 1
YKGY 10
YKZE 0
YLNH 0
YLZC 0
YMYB 7
YNNT 0
YNPY 2
YOAG 0
YOEC 0
YOGK 4
YOLG 0
YQUI 0
YRBD 1
YRLD 0
YSCK 0
YSRH 0
YTPO 0
YUJB 2
YUOL 9
YUXG 27
YVLH 1
YVOI 2
YVOQ 0
YXTE 2
YYNX 0
YYOA 0
YZJE 5
YZXB 1
ZAIW 1
ZCDF 5
ZCPD 2
ZDGO 0
ZDLL 5
ZFDB 0
ZGCV 0
ZIII 22
ZJAY 0
ZKGR 0
ZLTX 11
ZMVQ 42
ZNCA 0
ZNDN 5
ZPUO 4
ZQXT 0
ZRUY 0
ZSEL 4
ZSGL 0
ZSNS 0
ZSWM 0
ZTBL 0
ZURK 0
ZVES 0
ZVWF 0
ZVZE 0
ZYDI 0
ZYDJ 0
ZYNS 1
ZZDH 0
