AAIL 3
ABHC 0
ABVN 0
ACVT 0
ACWA 0
ACYM 1
ADUT 0
AEXK 0
AGAA 1
AHRY 2
AJKE 0
AKTI 1
ALOO 7
AMUR 0
ANVS 0
ANXL 0
AODX 0
AOTZ 0
APLN 0
AQQM 0
AQXF 12
ARDZ 13
ARUO 24
ARXZ 0
ASHP 0
ASME 0
ASPY 1
ASTW 1
ASYK 0
ATSF 1
ATZM 1
AVLK 11
AVPY 1
AVWL 5
AWHA 3
AWNT 0
AWPA 3
AYJN 0
AYLG 34
AYMY 1
AYZV 2
AZZK 1
BAEX 0
BBJJ 0
BBKA 0
BBRY 29
BDFO 2
BDMO 3
BEBX 0
BGGH 0
BHIT 25
BHLB 0
BHXZ 12
BIHS 15
BKWZ 0
BKXA 0
BLIW 2
BMGR 0
BMVR 1
BNDP 0
BRHD 75
BRLP 1
BSVQ 0
BTFI 0
BTKM 0
BTKP 1
BUIS 3
BUNR 2
BUSG 0
BWWZ 998
BZBS 140
BZHC 2
BZNY 0
BZTH 0
BZTM 0
CAEL 0
CATO 1
CBKZ 0
CCWX 2
CDKH 0
CEED 0
CEHR 1
CELA 0
CELK 1
CERH 0
CGSO 0
CGWQ 2
CHRM 0
CJDD 210
CJJW 0
CJNX 2
CKII 1
CKYV 0
CNCB 22
CNHV 0
CPIR 5
CRDO 1
CRGJ 2
CRVE 2
CTMJ 0
CUXR 0
CXDH 3
CXGD 0
CXRQ 0
CXRV 11
CXUN 3
CYHX 2
CZHX 0
CZKO 1
CZMH 0
DAFD 0
DAIJ 0
DAZP 0
DBCY 1
DBFR 0
DCGQ 2
DCMN 3
DCTY 36
DCVK 12
DDCR 1
DDRX 0
DDVH 1
DEAE 3
DEEJ 4
DEOM 3
DFYX 0
DGUP 19
DGVU 4
DHDZ 0
DHZY 0
DKAH 2
DKMH 1
DMJJ 1
DMPR 0
DNFJ 1
DNMR 1
DNTJ 0
DNYV 0
DOAA 4
DOAC 6
DOZN 2
DPKC 4
DPNV 14
DPSD 0
DQFW 14
DQLU 1
DRED 0
DRWJ 7
DSGD 0
DSIY 2
DSMH 0
DSTD 0
DTOM 0
DUJC 1
DUOD 0
DVFN 2
DXCE 7
DYEH 3
DYKQ 0
DYQK 0
DZBS 0
DZHJ 0
EALC 0
EBWS 0
ECOL 0
EDZS 1
EEVD 9
EFLM 29
EGNV 3
EGUJ 0
EIUA 2
EIVP 3
EJJD 1
EJOW 4
EJZF 0
EKEC 0
EKQI 0
ELJN 0
ELZK 1
EMKL 0
EMME 5
ENBT 10
ENHK 4
EPZU 1
EQOX 1
ESBZ 0
ESGR 1
ESJI 0
ESLQ 1
ESXK 2
ETMN 0
EUMC 2
EVCX 0
EVOC 1
EWNA 1
EYNU 0
FAMB 8
FASR 0
FATU 3
FAUD 0
FBSM 0
FBUA 0
FCAP 3
FCCL 7
FCCM 0
FCEI 16
FCKO 52
FDBD 0
FDQG 2
FDTS 0
FEGK 1
FEZA 2
FFED 1
FFGZ 0
FHIU 0
FIRI 0
FIUS 5
FJGA 0
FKAD 0
FKDN 8
FKJC 5
FLNM 0
FLQX 1
FMGJ 1
FMNG 1
FMYC 2
FNBM 3
FNEJ 0
FNJD 0
FOFH 0
FOGE 0
FPWP 0
FQYW 1
FRBW 0
FSQK 1
FSUN 0
FUPS 0
FUUM 1
FVFP 0
FVYK 4
FWAA 0
FXMC 0
FXTF 5
FYWZ 1
FZPF 0
GACX 58
GBCZ 6
GBHD 24
GCIH 0
GDHB 0
GDOV 1
GEFU 0
GEJU 0
GFJE 0
GGRO 509
GGVH 8
GITB 8
GIUQ 0
GJVJ 0
GKCH 0
GKEP 1
GMMD 0
GMTU 3
GNDB 0
GNJW 1
GNVG 0
GOSN 0
GPAD 8
GPBN 2
GPGK 2
GPJK 61
GQKQ 0
GRIB 2
GRQA 0
GSND 0
GUOC 0
GXUL 0
GZGS 1
HACA 0
HAEE 0
HAPN 0
HBVX 1
HCOM 2
HDJQ 2
HEKY 0
HEPM 0
HFFJ 0
HFGZ 0
HHRJ 6
HIUS 2
HJES 1
HJHT 5
HJLB 0
HJYV 12
HLJP 1
HMNO 2
HOYK 0
HROD 0
HSDX 0
HSFK 6
HUSY 0
HVGA 1
HVTF 0
HWGA 9
HXPV 0
HXWU 0
HXXP 2
HYFG 2
HZQL 5
IAPJ 0
IAXX 0
IBNC 0
ICUN 0
ICZC 3
IDVK 0
IFCK 33
IFPL 15
IGGQ 3
IGLV 2
IHAC 2
IHQG 0
IHSY 2
IJAH 0
IJFQ 1
ILBY 3
ILGZ 0
ILXD 0
IMQV 35
INDO 3
IPSO 0
IRNQ 0
IRWS 1
ITJE 0
ITSI 0
IUCS 0
IUMN 50
IUMX 0
IVFY 1
IVQO 7
IWFP 0
IWVE 1
IWYO 1
IXFV 0
IXOC 1
IXPG 12
IZPT 0
JAFE 0
JALZ 0
JASV 1
JBGZ 0
JCAW 0
JCFP 0
JCXH 2
JDYY 2
JFEZ 3
JFWZ 0
JGNL 3
JHOZ 1
JIED 0
JIHY 220
JIXF 1
JJLI 45
JKIQ 0
JKUV 0
JLCY 1
JLGH 21
JMOW 0
JNTY 1
JOVC 0
JOXZ 0
JPGY 0
JPIX 0
JPOW 0
JQHN 5
JQTB 1
JQZJ 0
JRDV 6
JRLQ 0
JTCL 0
JUEI 0
JUVD 0
JUXB 0
JVAO 3
JWFZ 1
JWQO 0
JWZO 1
JXDU 0
JXTZ 1
JXUF 2
JXWN 2
JZBW 2
KAAV 7
KAJP 6
KALM 0
KASJ 0
KBDW 10
KDII 0
KETG 5
KEVP 22
KFHH 0
KFXU 12
KGQD 2
KHGD 1
KHMA 2
KJON 0
KJYR 0
KLMI 1
KLWV 0
KMIK 0
KNSM 12
KOOD 0
KOSL 1
KOZL 1
KPFR 2
KPOH 1
KQCN 0
KQSY 4
KUEM 0
KUTZ 0
KVRS 0
KWBI 1
KWTB 0
KXIA 0
KZBY 0
KZGN 0
KZLU 2
KZOJ 0
KZSL 0
LAAG 0
LBSF 11
LCFQ 0
LCRP 2
LEGW 1
LEQX 0
LERD 2
LFBH 2
LFBP 0
LFQX 3
LFVU 0
LHDU 0
LHVJ 1
LIUK 0
LJPE 0
LJYU 6
LKCU 0
LMNQ 0
LMRU 2
LNBD 1
LNEN 1
LRIN 0
LRKZ 0
LRLO 3
LRVH 2
LSWW 0
LTMJ 0
LTND 0
LTTH 2
LUPD 1
LUQG 15
LURB 0
LVCI 1
LVHQ 0
LVJB 0
LWZU 0
LXJO 0
LXJQ 0
MAEC 8
MAIB 8
MAJS 2
MARP 0
MCHE 1
MCNM 0
MDPE 0
MEQS 159
METU 13
MHHL 0
MHPD 0
MICE 0
MIGP 0
MIUZ 0
MMTQ 0
MNMM 2
MNUJ 3
MOFZ 0
MQWA 1
MRUV 0
MSBT 1
MSKX 0
MURU 1
MUTK 3
MVCE 0
MWPS 0
MXWJ 0
MYQR 17
MYRW 0
MYYH 0
MZED 0
MZGX 0
MZYN 0
NAVG 0
NAZR 1
NBUT 0
NBUZ 1
NETN 0
NFAU 1
NGDI 1
NGWK 0
NHNT 8
NHQY 0
NHTW 0
NIAS 0
NJMK 2
NJQY 2
NLQX 0
NMCT 0
NNGH 1
NNKR 2
NNMJ 2
NOND 2
NQXM 0
NRHB 0
NRPM 0
NSQV 0
NSUT 3
NVFO 0
NXEH 38
NXHM 6
NXRE 0
NYWX 4
NZXG 1
OAAB 0
OACT 5
OAIZ 0
OCCL 3
OCDZ 8
ODBG 0
ODRG 1
ODYE 2
OEBO 0
OEIT 0
OFHP 1
OGAK 0
OGWS 0
OHKK 0
OHMQ 0
OHUS 1
OHZG 0
OIAM 0
OJAP 22
OJHR 37
OJHW 0
OKJN 0
OKSI 0
OLGC 0
OLUC 0
OMGS 2
ONHV 1
ONQC 2
ONSX 3
OPIP 0
OQKI 0
OQPF 0
OQWC 2
OTAI 0
OTGK 0
OTJY 0
OTTB 0
OTUG 1
OUYN 0
OWSE 8
OWTO 1
OWVC 1
OYHY 1
OZAF 5
OZJR 0
OZUI 0
PAHH 1
PAND 3
PASC 0
PBQB 0
PBQF 5
PBQP 0
PBTD 3
PBVB 0
PCFG 0
PEFG 0
PETA 0
PGCR 3
PGZA 0
PHPU 8
PHVC 3
PIEJ 0
PJCH 0
PJML 0
PLBC 0
PLBH 3
PMAT 0
PMRG 1
PNCF 2
POTL 0
POXB 0
PQGJ 41
PQYW 2
PRPL 0
PTNZ 2
PUPX 0
PUUN 0
PWFM 2
PZSF 8
QBWL 1
QCGJ 0
QCML 3
QCOM 13
QDPF 44
QDZS 0
QFIU 1
QFKN 22
QGEQ 0
QHEL 0
QHIZ 1
QHTY 8
QHYN 7
QIIA 0
QIKJ 0
QJXY 96
QKVB 0
QLAU 0
QMDP 0
QMDQ 2
QMFM 3
QMOB 9
QNZJ 0
QOGJ 2
QQJT 0
QQUS 0
QRDO 1
QRRQ 1
QRTD 11
QRVQ 1
QTHH 0
QUVL 0
QVJT 56
QWJQ 0
QXAU 2
QYNH 18
QYTE 0
QZAU 0
QZUH 0
RAAJ 0
RAEE 0
RATE 150
RBKH 0
RBSC 342
RBSG 2
RBZZ 0
RCAM 1
RCWL 0
RDUF 7
REKT 0
REVC 0
RFMV 0
RFQK 9
RFTH 0
RGCL 52
RGTN 1
RHCG 10
RHLK 1
RHQA 0
RIAZ 0
RICJ 3
RIDH 26
RIDR 8
RINA 1
RIUH 0
RJNK 9
RKIV 0
RLJY 0
RMBS 4
RMKN 0
RNUS 0
ROMK 3
ROQG 13
RQUT 3
RRHA 5
RROZ 0
RSEV 1
RSMR 7
RSUW 46
RTCW 1
RUAJ 4
RUNK 0
RVOI 0
RVXE 2
RWIZ 10
RYGN 4
RYSO 0
RYWA 0
RZBQ 0
RZVZ 574
SBCE 65
SBED 0
SCVW 0
SDJQ 0
SDXQ 0
SEGD 2
SESO 1
SFBB 1
SFIJ 1
SGXD 4
SHLJ 0
SIEL 3
SISE 3
SIYW 0
SKBH 7
SKHH 0
SLVZ 4
SMHS 0
SMLD 0
SNCQ 0
SNIS 16
SNOS 1
SNWD 0
SNZV 0
SONC 3
SPDO 1
SPIH 1
SRCH 5
SRWJ 0
SSVB 0
STRZ 0
SUHU 3
SVHG 0
SWBQ 0
SWCM 0
SWGQ 0
SXFG 3
SYHK 1
SYPV 0
SZAW 0
SZDD 13
TAXL 1
TBOK 2
TBTZ 3
TCHW 0
TDHE 11
TDHY 10
TDKQ 0
TDOW 0
TDXS 0
TEKO 0
TEXV 6
TFND 7
TGYJ 9
THBL 0
THGX 0
THYJ 0
TJLU 0
TNDW 2
TRBK 1
TRIG 1
TSIP 0
TSMH 5
TSVA 0
TVOX 2
TWEB 0
TYMD 1
UBGG 23
UBJD 0
UBQF 1
UBWM 1
UCKR 4
UCPM 0
UFAL 1
UFQI 8
UGYJ 0
UHRU 0
UKIS 1
UKKE 5
ULDM 1
UMJB 36
UOAE 0
UOLQ 0
UPPU 0
UPXW 0
UQHO 5
URNH 21
URSA 0
USFG 1
USMM 0
USUS 0
UTFJ 1
UVAA 0
UVAV 0
UVLV 1
UVWG 0
UWWG 0
UXBX 0
UZAF 4
VAHP 3
VARN 0
VAZN 0
VBBD 0
VBER 1
VBSZ 14
VCNH 4
VDQR 5
VEXP 0
VFFU 0
VGYQ 0
VIGM 0
VIRT 41
VJBV 1
VJJM 1
VJZT 0
VKDI 0
VKEX 3
VNLN 0
VNPO 13
VOIF 1
VOTN 0
VQRW 0
VRNP 6
VSKG 0
VTSM 0
VULB 0
VUSL 7
VVGF 0
VVPD 0
VVQU 0
VWOJ 2
VXHS 0
VXVM 2
VYOA 0
VYOC 0
VYYQ 2
VZDK 0
VZTD 5
WAOM 2
WBQS 4
WCFW 2
WCNV 0
WFLI 50
WFUO 0
WFVM 8
WFYW 20
WGIF 0
WGZJ 0
WHZB 0
WIAX 0
WIGZ 0
WIPM 1
WJFM 0
WJOI 1
WKGV 0
WKWG 3
WKXY 0
WLRH 0
WLRU 0
WMDW 7
WNCX 0
WPXQ 0
WQDR 30
WSAY 0
WTAH 0
WTHR 6
WTPP 0
WTQI 0
WTUB 0
WUMH 0
WUOH 0
WUSX 0
WVJT 0
WVWU 4
WYLT 10
WYMP 0
WYUO 2
WYZR 3
WZOO 0
WZTK 2
XBCC 0
XBMP 2
XBTM 0
XBWI 1
XCKD 6
XCYB 13
XDKY 1
XDQI 0
XEJU 5
XEKU 0
XFHI 0
XFIF 2
XGAV 3
XGEE 0
XGZQ 0
XHAF 0
XHUA 0
XHUL 0
XIIK 9
XIIZ 5
XIOB 2
XIPC 9
XIWY 0
XJTN 20
XLCI 19
XLJV 0
XOVU 0
XPDA 0
XPSS 1
XQEB 0
XSTR 1
XTOR 0
XUTR 7
XVCA 2
XVFS 0
XVYF 1
XWNA 3
XWYR 0
XXEA 2
XXNT 1
XYBF 0
XYIA 0
XYRD 0
XZHN 0
XZYY 0
YDHX 0
YEPS 1
YHIJ 8
YISN 0
YJLR 6
YJML 0
YKKI 0
YKQH 4
YLSB 0
YMFL 68
YMPK 0
YMYI 7
YMYR 0
YNAL 19
YNPX 0
YNXQ 2
YOMR 0
YOWA 5
YPXM 0
YQDX 2
YRKN 1
YSBF 0
YTZS 6
YUOB 0
YVHU 4
YVJQ 1
YWAO 4
YWBK 0
YWGC 4
YWIE 0
YXDE 0
YXEY 0
YXPY 7
YXRA 49
YYLQ 0
YYOM 0
YZJK 0
YZLU 0
ZAAI 1
ZACY 0
ZARN 0
ZBDP 2
ZBWD 27
ZEQT 25
ZFNU 0
ZFOI 0
ZFRN 14
ZGDM 0
ZHEY 174
ZHMD 3
ZHQS 4
ZIVL 0
ZJGA 0
ZNCB 39
ZOOU 1
ZPDI 0
ZPML 0
ZPQU 1
ZPWE 0
ZRJI 1
ZSEJ 7
ZSRT 1
ZTER 3
ZTMR 1
ZTNW 0
ZUEQ 16
ZVDV 4
ZWMH 6
ZWWP 0
ZYAY 2
ZYUD 5
ZYXS 6
ZZLH 5
ZZWB 0
ZZXE 0
