AAKP 0
AAVN 1
ACFV 0
ACGL 0
ADGS 0
ADKF 0
ADLF 0
AEGL 2
AFGX 1
AFPW 1
AGAM 0
AGFL 0
AGFQ 1
AGOV 110
AIIS 9
AINM 98
AJWU 4
ALFI 0
ALTB 0
ALWY 1
AMKJ 5
ANWG 3
ANXH 0
APBC 2
APJW 0
APMA 4
AQJU 76
AQSZ 0
AQTQ 0
ARDL 0
ARFS 7
ARPA 1
ATIA 8
ATXK 2
AUIY 1
AVDF 252
AWCP 0
AWCU 0
AWFR 1
AWJE 1
AWZM 8
AXIS 1
AXOU 4
AZMT 0
BALJ 0
BBBP 1
BBDB 0
BCFP 12
BCUO 0
BDAP 4
BEOU 2
BEPJ 0
BFPO 1
BHPV 0
BIJJ 0
BJYH 9
BKJD 2
BKVO 14
BMRE 0
BNID 0
BNQX 0
BOHP 2
BOTX 17
BPFR 1
BPWD 2
BTAJ 0
BTDR 0
BURK 1
BUVY 0
BWHM 0
BWHQ 0
BWLY 0
BWXU 2
BXQC 0
BXRK 0
BXTM 1
BYEN 0
BYUV 0
BYZE 2
BZGZ 0
CAUX 6
CAXJ 0
CCIM 1
CDES 1
CDMH 13
CEAT 3
CEKH 0
CEWG 0
CGOR 0
CHAZ 0
CHPH 0
CIKE 0
CIKR 12
CJXD 0
CKGI 1
CKLB 0
CLIB 0
CLII 3
CMPT 0
COEF 2
COGQ 0
COVB 11
COVJ 2
CQJC 0
CQYN 0
CSGE 0
CSNF 0
CSPW 5
CSZI 0
CTIX 0
CTUA 2
CUXR 0
CVIJ 0
CWKY 0
CXCZ 9
CXNK 7
CXNW 0
CXSA 0
CXTI 1
CXTK 0
CYHQ 0
CYXL 0
CZSS 18
DBEC 0
DBJA 0
DCKE 0
DEDS 43
DEGF 1
DGCT 10
DGIH 2
DGIS 17
DGSD 0
DGWD 3
DIAY 2
DIBG 997
DIDF 0
DINE 2
DJFO 0
DJLX 2
DJWG 16
DMES 0
DNFR 2
DNNW 0
DNWM 0
DPBG 1
DPZF 14
DRHY 0
DUKI 1
DVXO 0
DWNY 1
DWRY 5
DYHA 0
DYHB 0
DYOC 1
DYSE 0
EAEU 5
EARY 0
EBUV 0
ECLN 2
ECXY 0
EDOC 0
EDZU 0
EEFT 1
EEOR 2
EGEV 0
EHJS 1
EIEF 0
EJTN 0
EKHU 0
EKMP 0
ELKG 32
ELSC 1
EMOI 4
ENAE 1
ENSM 1
EOHW 0
EOJN 0
EOMX 0
EQGC 5
ERAQ 0
ERCV 1
EROP 18
ERTY 1
ERUW 0
ESFF 6
ETAP 0
ETML 1
EUBW 0
EUZF 3
EVNT 0
EVRS 3
EVXP 36
EXLI 0
EXOW 0
EXTM 2
EYJT 0
EYRE 1
EZHY 0
FAKB 0
FAYH 1
FBYU 10
FCRE 0
FGWM 2
FGZM 0
FHPI 0
FIHB 0
FISQ 1
FJLX 0
FJMA 1
FJPP 6
FKVH 0
FKVV 1
FLMX 18
FLWD 4
FOVS 0
FPFQ 0
FPOL 1
FPXO 16
FQOZ 80
FROY 3
FSES 9
FSIC 0
FUGR 1
FUGY 3
FUPI 2
FUUN 0
FVIT 0
FWTL 0
FWUT 2
FXKF 3
GAUW 6
GAVD 0
GBBZ 13
GBWD 2
GDVD 7
GEVF 1
GFXS 0
GGVF 0
GHHG 0
GIFB 4
GIFP 0
GIHC 0
GIPR 1
GKMT 27
GKTK 0
GLWM 0
GMDK 2
GMII 0
GNVA 1
GNYB 5
GNZC 2
GNZV 3
GOJC 0
GOJM 0
GOMG 72
GOPB 10
GRYQ 2
GRZH 0
GSDP 0
GSFF 0
GSWX 0
GURY 0
GUSA 0
GVDV 1
GVEC 12
GVFP 0
GVUI 0
GYGA 3
GYRN 564
GYYU 0
GZIP 4
HAKB 0
HAOE 0
HAUI 2
HAUU 0
HAYB 0
HBYD 0
HCLK 2
HCUB 0
HDON 4
HEDJ 1
HERO 1
HEZW 0
HFJB 4
HGNA 0
HGTW 0
HHPH 0
HHXC 0
HITU 1
HKCX 2
HLFS 0
HLKX 0
HLQZ 0
HNUR 0
HOJB 4
HOZL 4
HPFB 2
HQIT 0
HRLQ 0
HSGY 0
HTFA 0
HUWK 15
HUXW 10
HVXV 0
HWBN 14
HWUL 0
HXNL 16
HXPR 1
HYVV 4
HZWO 1
IAJC 1
IALR 0
IAWF 0
IBGH 0
IBTO 1
IEAK 0
IEBE 1
IFBJ 0
IHNM 60
IHRL 0
IHWW 9
IIGR 0
IILJ 0
IIWM 2
IKSN 135
ILOT 0
ILPG 5
IMKK 0
INKX 0
IPMU 0
IQVP 0
IROI 1
IRRT 6
IRXO 2
ISSE 0
ISYJ 0
ITPX 5
ITVX 0
IULW 0
IUPJ 0
IUSE 3
IUSV 0
IUUU 36
IVQU 3
IWUX 0
IXPI 0
IYMF 8
IZEO 0
IZWA 0
JBFI 0
JBNF 3
JBUB 0
JCDZ 3
JCNI 0
JDTV 3
JEVA 2
JEWT 0
JFTR 1
JGIQ 6
JHOJ 0
JHWU 0
JKTI 1
JLGN 12
JLQX 2
JMVI 0
JNMS 0
JOXY 0
JPMI 0
JQBI 0
JQPZ 1
JRVB 1
JSGQ 1
JUGR 0
JUJP 0
JUPW 0
JVJR 0
JWDN 0
JWJC 1
JXQH 0
JXVZ 0
JYLZ 0
JZEO 0
JZRI 4
JZRL 0
JZXA 0
KALZ 3
KBWJ 0
KCIC 23
KCRV 0
KDVC 12
KFAK 12
KFKU 0
KGPK 4
KHQH 6
KHWV 0
KHXW 9
KJBV 1
KJMH 1
KJRL 68
KJVJ 12
KJVZ 0
KJYD 0
KKWJ 1
KLFW 0
KLVW 0
KMDT 10
KMKJ 2
KOIA 0
KOLP 1
KORC 0
KPCY 0
KPKL 0
KQLN 46
KRAF 1
KRCO 0
KSAY 1
KSGT 3
KSHC 2
KSTK 0
KSXC 0
KTUD 1
KTXM 0
KUCH 0
KVEB 47
KVWQ 1
KXGE 0
KXSL 0
KYAE 0
KYIF 3
KZCN 0
KZEV 0
KZIL 0
LBGY 0
LCWJ 3
LENH 0
LFEY 3
LICZ 0
LILQ 0
LIUS 0
LKDL 0
LKKP 0
LLCW 0
LLGU 17
LLQV 0
LMJL 4
LMSF 0
LNBH 0
LNNO 0
LNSP 1
LOWW 0
LRKK 3
LRKT 0
LSCI 0
LSFH 2
LSIV 0
LTOU 2
LTQO 0
LTUR 0
LVDZ 11
LWPD 6
LWSH 43
LYNN 3
LYNQ 16
LYUM 0
LZFZ 323
MAWK 0
MBCO 4
MBDF 0
MBUS 0
MBWV 0
MCPS 0
MFID 0
MGNA 0
MHKR 0
MIBF 1
MIJI 0
MMRG 0
MMSL 1
MOMB 0
MPIW 7
MPXG 19
MPYV 0
MQEE 1
MQMD 2
MQZW 1
MREG 4
MRXE 0
MSME 0
MSPV 2
MSXU 0
MTGG 18
MTMX 0
MUCE 0
MUIS 1
MUPM 0
MVAS 20
MVON 3
MVQW 0
MWIS 0
MWXG 0
MXEH 3
MXJH 1
MZJW 2
NAOK 4
NAPQ 0
NBKO 1
NCRV 0
NDST 25
NEUX 8
NEYW 1
NHKN 2
NHNU 4
NHXY 0
NIOM 0
NJFN 0
NJKQ 0
NJND 2
NJWG 1
NLRK 0
NMVU 0
NNGE 4
NOLU 0
NOMV 0
NOTF 3
NPCA 1
NPOX 0
NPTB 0
NQDQ 0
NQPO 1
NRVC 1
NUBV 0
NUYB 0
NVCA 0
NWGG 0
NWKT 0
NWMM 0
NWTB 0
NWTP 0
NXJN 0
NYQC 1
NZHZ 1
NZJX 4
OAGQ 0
OANH 4
OBZR 17
OCLF 20
OCWO 0
ODAZ 24
OEOM 0
OEPG 2
OESA 1
OEXU 0
OFLC 0
OGAD 0
OGEN 2
OGHM 0
OGZP 1
OHIZ 2
OHMT 0
OHXX 0
OIYD 1
OJVC 15
OLGI 0
OLOL 0
OMAG 1
OMLX 0
OMYF 0
OOQX 1
OPIQ 0
OQGC 0
OQLC 26
OQLR 40
ORDX 0
ORIK 1
ORLF 0
OSML 0
OSPM 0
OUBL 0
OUIH 1
OVRX 0
OWUF 0
OXFH 1
OXNB 0
OYIA 2
OYKV 4
OZJG 0
PATC 1
PAUD 2
PAZG 0
PAZX 2
PBTV 1
PCDT 1
PCGJ 0
PCJC 8
PDLD 0
PFBU 0
PFNR 0
PFUR 1
PGZJ 14
PKAJ 0
PKXH 1
PLCC 0
PLGF 1
PLQC 0
PLUR 0
PNFX 0
PPVI 0
PPZN 1
PRVQ 1
PSDM 0
PSSO 2
PVIH 0
PVOY 1
PXGN 1
PXIR 1
PXMC 7
PZJC 642
QABW 0
QAQU 0
QBCL 0
QBEJ 1
QCJX 3
QCOJ 6
QCRS 2
QDCX 3
QDLW 2
QFCL 0
QGIH 7
QHII 37
QIPL 1
QIWU 0
QJGJ 4
QJHE 0
QJWR 0
QKKT 5
QKUG 0
QLDX 0
QLLG 2
QLSH 1
QMZB 0
QOZN 15
QPDO 0
QPNM 1
QPNS 0
QPQF 0
QQBQ 21
QSKZ 0
QSYU 0
QTNM 2
QTPS 0
QTTL 4
QVGB 0
QWAQ 0
QYPS 0
QYTI 0
QYTK 0
QZDR 1
QZII 3
QZJI 0
RAJJ 5
RAUG 0
RBMI 0
RCAG 1
RCIB 4
RCJC 29
RDDU 4
RDWX 0
RFQS 22
RFVQ 0
RGFD 0
RGOL 4
RGUA 2
RHVG 1
RHYF 0
RIVP 0
RJHK 13
RLHV 0
RMPY 1
RMSZ 0
RMWK 0
ROUY 2
RRVO 0
RSXY 0
RUZQ 0
RVAG 0
RVBY 7
RVPM 1
RVQP 1
RWDM 0
RWHY 4
RWXQ 0
RXIF 0
RXLV 19
RXTM 0
RYBI 0
SAGZ 0
SAIM 151
SAWR 0
SBMY 0
SBRD 1
SBZD 0
SCSC 2
SDGB 0
SDPX 39
SGCZ 1
SHMP 21
SIRY 0
SJKN 1
SKSD 1
SMBF 0
SMKZ 0
SMQV 0
SNBA 0
SNCO 0
SPAV 0
SPJP 0
SRBB 1
SRZD 2
SSAS 0
STCH 0
STHV 2
STIU 0
STQE 2
STUC 4
SUIE 1
SUNR 5
SUVL 0
SVDG 3
SVSI 0
SXJB 3
SXOO 0
SZWR 0
SZZL 0
TBBY 0
TBCM 9
TBFJ 7
TBFX 9
TCRY 0
TDFL 0
TDIW 5
TDMK 0
TDXU 0
TEAA 0
TEAJ 1
TECP 1
TENR 0
TERL 1
TEVI 0
TGPP 0
THCX 0
THES 1
THJM 4
THOQ 2
TIAE 0
TIKZ 0
TINY 0
TJZO 0
TNFV 0
TNXV 0
TONZ 7
TOQP 107
TORL 13
TOUS 28
TPXP 7
TQJV 0
TQVY 0
TQZU 2
TSII 4
TSON 1
TSUE 0
TTGO 0
TVCR 28
TVIW 0
TWND 1
TXSE 2
TYRC 0
UBAJ 5
UCMB 1
UCNZ 3
UCTF 0
UDGA 0
UDLU 5
UEXV 9
UGYL 1
UHPP 0
UIVI 0
UJIB 4
UJYG 13
UKEI 0
ULDQ 0
UMIV 2
UMOY 2
UNDV 0
UNEM 3
UNLX 0
UNTM 0
UOBN 1
UOGJ 1
UPCI 17
USQN 39
USWF 1
UUEL 1
UVGA 1
UVII 0
UVNK 0
UWNA 0
UWUF 2
UXCY 3
UXGD 5
UXNN 1
UYKH 5
UYWQ 0
VAFV 1
VAXJ 0
VBBW 12
VBZN 0
VCBP 0
VDLX 0
VDYY 2
VENE 0
VFEI 3
VGZN 15
VIBZ 12
VIVX 159
VJBI 1
VJEY 2
VJVX 2
VLLD 6
VLNY 1
VLXN 0
VLZQ 0
VMDC 0
VMUS 0
VOJD 4
VOKS 0
VPLQ 7
VPOW 0
VQDN 0
VQMV 0
VRAM 0
VRDV 0
VRNA 1
VTLN 0
VTYB 4
VVME 0
VWGJ 0
VXJM 0
VXPN 1
VXWY 2
VXYI 5
VYBL 2
WACQ 0
WASI 1
WBBD 53
WBZD 4
WDAO 1
WDBE 16
WDHG 3
WEKT 9
WGCW 4
WIGW 3
WJLM 1
WKRQ 1
WKWH 0
WKYI 6
WLLA 0
WLZW 0
WMFU 0
WMYA 0
WODS 0
WQDP 0
WRKX 2
WSWX 0
WTZH 0
WVID 0
WVZK 0
WWSI 0
WXRF 7
WXUE 0
WYHS 0
WYRZ 3
WYXJ 1
WYZF 3
WZIQ 2
WZSG 3
XAOQ 0
XBQE 6
XDJS 31
XDUO 1
XEGW 0
XEIE 0
XFAW 0
XHCT 0
XIGN 0
XJWQ 38
XKJM 0
XKWC 0
XLRK 1
XNDI 10
XNEO 0
XOYD 0
XPDJ 1
XPZQ 0
XQQV 0
XQTB 0
XRJP 11
XTGU 0
XULJ 0
XULY 1
XUVT 8
XVFY 188
XVYL 1
XWNI 3
XWPP 0
XWRL 0
XWUF 3
YACO 0
YAFE 2
YAIP 0
YCLH 0
YCNN 0
YDAI 0
YDDM 14
YDOH 0
YECY 5
YEQP 0
YFMS 0
YFWH 14
YFZK 15
YGFF 4
YGLE 0
YHYB 0
YKEA 0
YKMB 2
YKYQ 0
YMUG 0
YNJZ 0
YNKZ 22
YOQU 0
YOUF 2
YPKI 0
YPWO 6
YQKP 0
YQLW 52
YRQH 0
YRVB 0
YSSY 0
YSWW 0
YTKG 3
YUAO 2
YVLL 0
YWWF 1
YYFI 0
YZRH 1
YZVJ 0
ZAKE 0
ZART 0
ZCUU 2
ZDEM 12
ZEEZ 2
ZEXG 4
ZEXX 2
ZFNK 22
ZGQM 4
ZGTC 0
ZHGI 1
ZHWS 3
ZHYZ 0
ZIJL 2
ZISO 2
ZJMR 9
ZLWT 0
ZNAG 17
ZNJG 5
ZOCQ 0
ZOFI 1
ZPWH 1
ZRAT 1
ZRXO 2
ZSDZ 0
ZSTK 0
ZSZM 8
ZTXX 7
ZTYL 3
ZVNI 0
ZWFH 4
ZWNQ 1
ZWVK 36
ZWYY 1
ZXFZ 0
ZXGO 2
ZXIN 0
ZXWS 5
ZXYQ 2
ZYDO 3
ZYVT 0
ZZBQ 0
ZZJN 1
