ABUP 0
ABVQ 115
ADEP 13
AEUT 7
AFJX 0
AFNX 7
AHBW 0
AHMV 0
AIQS 0
AJBL 2
AJES 2
AJXF 0
ALKT 0
ALLU 0
ALNL 0
ANZP 0
ANZW 1
AOHT 0
AQBN 1
ASCD 0
ASSW 0
ATSZ 26
AUMP 1
AVBL 0
AVQO 2
AVXF 0
AWZG 1
AXRO 31
AYAA 1
AYFF 0
AYUZ 1
AZED 1
AZKF 0
BACC 5
BAWI 0
BBIM 4
BBVP 129
BCVL 0
BEND 8
BFDM 0
BFUK 1
BGDM 0
BGQF 4
BHMX 23
BIFJ 1
BILF 4
BIRH 2
BJLG 3
BJMX 0
BLWX 0
BMDF 0
BMFA 0
BMTL 0
BNBA 150
BNCC 1
BPLY 1
BSAF 3
BSCE 6
BTFF 0
BUCM 3
BUEH 0
BUWQ 0
BUXL 0
BVZF 0
BWFV 1
BWIW 3
BWLY 2
BWNI 1
BXIY 0
BXQD 0
BXVK 13
BXVL 0
BYLK 2
BZEK 0
CAAX 1
CAYI 7
CBGZ 2
CBWB 16
CEJX 0
CEPG 1
CFES 0
CFFQ 0
CGNU 6
CHKB 2
CHUP 0
CIAZ 10
CIYA 5
CIZD 3
CJAG 1
CJPL 2
CKCS 0
CKEX 0
CKTI 13
CKYB 3
COBS 0
COCD 49
COER 0
COQF 17
COZD 0
CPDD 0
CPFN 0
CPHC 0
CPOP 1
CPXQ 6
CQAL 0
CQAY 0
CQDW 0
CQEI 7
CQOZ 1
CRDC 1
CRQH 2
CSNG 1
CTXY 0
CXQL 0
CXVK 1
CZWI 0
DABY 2
DAXF 6
DBXS 3
DBYC 2
DCEP 6
DEBH 0
DFGN 4
DGTB 0
DHKL 0
DIPU 8
DITR 5
DJQG 0
DJTZ 3
DJWO 2
DKAC 0
DKGC 14
DLLR 5
DLXS 2
DLYQ 2
DMUS 7
DNVD 1
DOAA 0
DOSZ 1
DOWD 3
DPFH 0
DQEP 0
DQNN 0
DQWE 1
DRDM 15
DSTD 0
DTKM 12
DTNV 8
DUFA 0
DUSC 0
DVPY 0
DYCS 1
DZJN 0
EANB 5
EAPO 2
EAXB 1
EBFX 2
EBME 0
EFGA 0
EFGS 4
EGVP 1
EHHM 1
EHMW 0
EJXA 2
ELVW 2
EMPB 2
ENPJ 0
ENXC 1
ENYO 0
EPFF 2
EQSJ 0
EQUE 43
ERAL 0
ERBQ 0
ERDH 0
ESYM 0
ETND 0
EUTH 2
EUUP 1
EWDO 0
EWER 0
EWTL 0
EXGW 2
EXID 0
EXSP 1
EXXJ 29
EYCA 0
EYES 212
EYNF 19
EYXK 5
FBBO 0
FBKG 0
FBTO 2
FCKX 19
FCOJ 3
FDAX 4
FDMA 4
FEKR 0
FEPX 0
FFCF 0
FHSP 11
FHUR 0
FJPU 7
FKHP 32
FKHV 2
FKOJ 0
FKPS 38
FKSA 0
FLDK 1
FLYR 0
FMKT 10
FMPY 1
FOHC 1
FONO 2
FPTM 0
FPVN 0
FQPZ 0
FQWW 8
FRBT 0
FRMR 0
FSII 3
FSIW 0
FSNU 0
FSVT 0
FTCB 0
FTHA 5
FTHN 0
FTJD 0
FUHN 0
FUHQ 0
FUMW 0
FURF 0
FVIC 0
FWPT 3
FXIP 0
FYDI 0
GAFR 0
GANI 4
GANK 2
GAPM 40
GBDS 0
GCJY 2
GCVG 1
GDAT 0
GEBG 0
GEQS 13
GGCQ 0
GHFD 0
GHIL 1
GHIN 0
GHLZ 1
GHPT 0
GHPU 0
GIEN 0
GIEY 1
GIJV 7
GIWS 7
GJAD 0
GJEX 15
GJGP 1
GKHQ 0
GLJD 0
GLXT 2
GMET 1
GMPC 0
GMVL 1
GMXM 0
GMYF 1
GNCG 30
GOSD 0
GQLA 0
GSTG 2
GSXS 0
GTCS 0
GWDH 0
GXET 1
GYDN 0
GYOE 3
HADE 0
HAOM 0
HART 7
HCPV 0
HCQV 0
HCSD 0
HEAM 0
HFDK 16
HGBQ 12
HGFQ 0
HHCY 0
HIBY 0
HIDQ 0
HIOJ 0
HJZU 892
HKHM 7
HKUI 0
HLPE 5
HLPN 0
HMKV 4
HMLI 0
HNLM 0
HOKN 0
HOXX 0
HQQN 0
HRDK 3
HSGR 0
HVRR 2
HWEE 0
HWPS 52
HXVT 2
HYCK 5
IACN 2
IANV 0
IAPC 0
IBMJ 0
IDBQ 1
IDEY 0
IGHA 0
IGUU 0
IHAJ 1
IHPM 40
IHZD 0
IIUS 3
IIXG 0
IJFS 11
IKCS 1
IKDQ 0
ILBG 1
ILPA 0
ILYU 0
IMMQ 0
IMOY 0
IMPS 0
IMRF 0
INWJ 7
IOIY 0
IQYS 0
IRAD 2
IRHU 1
IRQU 0
ISTK 3
ITAT 1
IUFS 1
IUQE 0
IVBY 2
IVLJ 1
IWRB 9
IXJV 2
IZNG 0
JAHN 1
JATZ 0
JAVY 0
JBED 0
JBSQ 1
JCDZ 0
JCMU 0
JDLJ 0
JDVQ 1
JFMV 0
JFYC 0
JHCA 0
JHCH 0
JIDC 1
JIJL 0
JITN 4
JJRP 0
JKHD 0
JKKF 0
JKMV 1
JLLZ 0
JLUN 0
JMQF 0
JMWM 1
JNKP 5
JNSM 0
JNZY 0
JOTO 1
JRRG 0
JSSU 0
JTSW 7
JTYH 0
JUAU 13
JUWA 9
JVED 0
JWUU 0
JWXC 0
JXPO 3
JXUG 1
JYEQ 2
JYJC 0
KAZD 0
KBAI 2
KBUF 0
KDMA 1
KDOE 16
KDZX 1
KGBB 10
KGYG 3
KHWF 7
KIDR 0
KIEN 0
KJCS 0
KKLF 0
KLJN 2
KMCB 1
KNTA 1
KOOV 2
KORI 19
KPWN 0
KQIT 0
KQNO 0
KQWD 0
KRUE 62
KSDN 0
KTCW 6
KTJL 11
KVIJ 2
KVKP 2
KXSK 0
LAGA 1
LBEN 0
LBWY 13
LCDI 0
LDPU 0
LEDS 0
LEQG 0
LFGM 0
LGFV 2
LIQM 2
LITJ 0
LIWD 3
LKBL 0
LKHZ 2
LKKL 47
LKNG 53
LKQO 0
LKTT 0
LKZO 0
LLUV 1
LMXK 0
LPBD 1
LPFV 0
LPNM 0
LQDJ 0
LQJJ 161
LQMV 80
LQVV 0
LRGW 0
LRUB 4
LSDE 0
LSGY 0
LSHD 0
LSKU 10
LSPK 4
LTJD 0
LUAZ 0
LUOY 0
LVAV 1
LVCI 0
LVWP 1
LWIG 0
LYOH 0
LYTS 0
LYUS 0
LYXL 5
LZUM 3
MAKR 0
MAYV 0
MBKS 45
MBPM 1
MDYA 0
MEXG 0
MFHK 1
MFLN 0
MFPY 1
MFXN 1
MGJY 0
MGPP 0
MGRM 132
MHKT 59
MHMS 0
MIJY 2
MKCF 1
MKKI 0
MLDD 0
MLFZ 2
MLLV 9
MLMA 1
MLOF 5
MMSD 0
MPCK 0
MPQN 0
MRZJ 0
MSKW 5
MSXZ 9
MSZY 0
MULL 9
MUNF 0
MWBG 0
MWSE 0
MYUN 0
MZHQ 0
NATU 0
NBNF 0
NBXY 3
NCGV 0
NCLW 3
NCPO 0
NCTQ 164
NDGG 0
NDPP 0
NEKG 0
NFJT 0
NFXD 7
NFXH 3
NGDK 0
NGGF 3
NGKP 2
NJOQ 0
NJXC 0
NKFD 47
NKIT 0
NLFS 0
NLNU 0
NMFE 0
NMUA 0
NNQG 19
NNRW 1
NNVL 5
NNVW 0
NOFI 7
NPIK 2
NPNN 17
NPYZ 1
NQWD 0
NSRT 15
NUBE 0
NUKF 0
NUMO 3
NUZC 0
NVON 0
NVUG 0
NXLZ 0
NXRE 8
NYKO 1
NZQK 1
OCSU 0
ODNX 0
ODOZ 0
ODQO 0
OEOE 0
OEOW 0
OFEL 0
OFFC 2
OFPH 77
OFYU 0
OHHX 6
OHOV 0
OHTT 0
OINS 5
OITR 0
OJBB 1
OJIQ 0
OKQV 3
OLQA 0
ONAS 0
OQDL 0
OQOV 0
OQXT 4
ORJA 1
OSER 0
OTSZ 4
OULI 4
OUNB 0
OUTM 19
OVIN 7
OVUQ 0
OWGX 3
OWTH 0
OXFG 0
OXVT 0
OYBR 0
OYCF 0
OYUQ 0
OZDC 0
OZIV 43
OZXM 4
PACK 3
PBGM 2
PBWA 0
PCCO 0
PFNX 8
PFPL 0
PFTW 4
PGFP 0
PGHI 2
PGXH 20
PHTT 2
PJDW 0
PLEN 0
PLLN 0
PMXQ 3
PNMZ 0
POZU 3
PPBN 0
PQPE 0
PQYQ 8
PRHD 0
PRYB 1
PSDA 1
PUCT 0
PUKO 0
PUOT 1
PVDB 55
PWMA 100
PWTR 1
PXAB 0
PXGB 1
PYRF 1
PYUV 2
PZCE 0
QAWD 0
QAXZ 0
QBCT 1
QBWR 0
QCYH 3
QCZQ 0
QDYI 4
QEJY 0
QEZT 1
QFZQ 1
QHAU 2
QHLE 1
QHVX 0
QIPQ 1
QIZV 0
QJXL 0
QKHL 0
QLYU 2
QMAF 0
QMED 76
QMKN 0
QMWQ 0
QNGH 1
QOEV 2
QPFX 0
QPKF 0
QPRO 0
QPYW 2
QQIX 19
QQWP 0
QRPK 6
QSJV 3
QSNF 0
QTDP 0
QUIO 0
QVSU 0
QWDL 4
QWXG 0
QXDC 0
QYHS 5
QZCZ 2
QZSU 1
QZVX 13
RAKR 1
RARS 0
RBSS 0
RCEH 0
RFJO 0
RFXR 1
RIAD 0
RIKP 20
RINS 0
RITW 0
RJAI 0
RJOF 0
RKHN 0
RKSH 3
RMRW 0
RMWK 2
RNOA 0
RNSG 0
ROCG 4
ROXY 0
RPGV 0
RQHM 0
RQIT 26
RQPQ 0
RQZL 5
RRLQ 22
RRZR 1
RSEM 0
RSKC 0
RSSK 0
RUED 3
RWQR 1
RWZC 15
RYDU 2
SARZ 0
SEWV 0
SFVW 3
SGCW 9
SGUC 0
SHKW 1
SIJZ 1
SJCN 1
SKTA 0
SLFJ 0
SLHH 2
SNRB 1
SNTS 10
SPHF 1
SPPD 0
SPRS 5
SQKH 2
SQPR 0
SQPV 0
SQWP 0
SRBQ 1
STPG 1
STRC 1
SUBB 0
SUKN 0
SVDU 0
SXED 1
SXGR 0
SXHM 0
SYVR 1
SZIX 2
TAZL 9
TCBD 0
TCOL 1
TDOA 0
TEAB 25
TENB 0
TFSD 0
TGJO 8
TGPI 15
THGM 2
TISV 0
TIUP 0
TKMB 4
TLMP 996
TLRQ 0
TMBT 3
TMIE 0
TMZQ 0
TNIL 4
TNWU 119
TOOM 4
TPHG 0
TPHV 0
TPQC 0
TRYI 3
TTID 0
TUDD 3
TUDZ 0
TUVX 11
TVQY 0
TVUD 1
TVVI 4
TVVP 1
TXGO 3
TXJK 1
TXYJ 0
TYUM 1
TZQG 0
TZXF 0
UAGN 2
UASF 0
UBDE 3
UBRQ 0
UCMF 2
UEOX 0
UEVD 3
UFBR 0
UFCN 5
UGJZ 0
UGOX 5
UHCB 0
UHLZ 1
UHMN 0
UHTA 49
UHVG 3
UHYP 0
UIDS 0
UJZN 0
UKBZ 0
UNMR 0
URBR 2
USEV 1
UTHV 2
UTPP 23
UUAR 0
UUWQ 4
UWEX 0
UXCD 1
UZSA 1
VBHS 0
VCRI 1
VCVT 1
VCYP 3
VDIX 0
VDXC 1
VEQU 0
VFMY 2
VGDZ 4
VHGQ 63
VJOK 13
VJSZ 2
VKNI 0
VKQX 1
VKYG 1
VLGB 6
VMJX 0
VMMQ 0
VMYB 2
VNMT 2
VNNC 6
VODB 0
VPJK 3
VQSF 5
VQUX 1
VSFZ 1
VSHM 0
VVHE 2
VWBD 0
VWTA 0
VWYS 4
VXCQ 2
VZGH 2
WAMA 0
WAWV 1
WBOJ 0
WBQJ 10
WBWF 0
WCIF 0
WCSM 6
WDJK 13
WDQX 1
WEAP 15
WEZD 0
WHEG 0
WHFM 2
WHIH 0
WHIL 1
WJHR 1
WJUA 0
WKPL 8
WLZC 14
WMAQ 2
WMER 0
WMVU 2
WNNX 0
WOLI 0
WOLU 4
WOML 0
WPNU 3
WPVO 4
WQEV 1
WQPP 1
WQVN 0
WRTX 0
WSPK 1
WTHM 0
WTLY 1
WTVT 0
WUOL 20
WVFH 0
WVJR 0
WVKO 0
WVOK 6
WWYJ 3
WXCI 5
WXGU 0
WYGJ 2
WYTX 1
XAXY 1
XBDC 0
XCMP 0
XCYG 2
XDDE 0
XDTE 0
XEGO 0
XEJQ 2
XENY 2
XEZV 1
XFMZ 0
XFPQ 1
XGZP 1
XHEC 0
XIGF 6
XIII 0
XIJW 4
XITA 5
XIUC 0
XJAU 0
XKRS 8
XKWS 0
XODY 1
XOGP 1
XOIB 0
XOWB 0
XPPB 1
XSBJ 106
XSPI 0
XTNS 6
XTPE 2
XXAK 2
XXFP 1
XYZK 0
XZPC 0
XZSJ 9
YADE 0
YANR 0
YBUW 4
YCBA 1
YCKM 1
YCMN 0
YDNB 0
YDXI 1
YEHE 0
YFBR 1
YFJD 5
YFTD 0
YFTL 1
YHXA 0
YHXR 6
YJIL 0
YJUM 0
YKUY 1
YLKC 0
YLQM 1
YLRR 0
YLVT 1
YMHC 2
YPVJ 0
YQKI 0
YQRA 0
YRKL 1
YRNQ 2
YROO 0
YRWT 1
YRYK 0
YSFK 0
YSRJ 3
YSSO 3
YUFD 370
YUNV 1
YVAC 0
YVHE 0
YVIQ 0
YVYR 0
YWOL 0
YYVA 1
YZRQ 0
ZBGV 0
ZCOL 1
ZCRU 0
ZCUB 5
ZDIH 40
ZDVQ 6
ZEBT 4
ZELX 2
ZEMK 382
ZFKP 0
ZGEY 15
ZGWS 0
ZGYP 0
ZHBZ 0
ZHSI 0
ZHWZ 3
ZIHL 0
ZIHU 3
ZIZQ 0
ZJBD 0
ZJDX 0
ZJMB 3
ZLNV 5
ZLVD 15
ZMCL 0
ZMWO 0
ZMXT 0
ZNRZ 0
ZOLK 0
ZORE 1
ZQTK 2
ZQTW 1
ZSHG 0
ZUOP 7
ZUQK 0
ZVIN 2
ZVOU 0
ZVVN 0
ZYCE 0
ZZIR 0
ZZMO 1
ZZMW 9
