AAFG 0
AAUQ 6
ABHW 0
ABTR 3
ACFR 0
ADYP 0
AEMY 0
AETA 0
AFDR 7
AFHF 0
AFVX 0
AGXO 0
AHVK 0
AIHZ 4
AJCI 2
AKXH 1
ALCN 0
ALMK 64
ALNQ 3
AMCK 0
ANOB 0
ANZE 0
APMI 16
ARGN 0
ARYM 2
ASEN 3
ASFD 2
ASZE 23
ATZP 0
AUDQ 0
AVIS 0
AVXK 1
AWCN 7
AWYH 0
AXRX 15
AYPC 7
AYSX 0
AZID 1
BAPO 0
BART 3
BBML 78
BBPZ 0
BBVN 10
BCBU 12
BCPE 0
BCSU 1
BEIN 3
BFDM 0
BFIA 7
BFIU 13
BFXU 6
BGNX 1
BGQB 0
BGQZ 0
BHAO 0
BHWQ 0
BIAL 0
BIMB 0
BJMG 1
BKIM 0
BKVU 1
BLNB 0
BMGH 0
BMGY 0
BMSV 40
BNMO 273
BNRC 1
BNTV 0
BOWZ 0
BOYD 0
BPRH 0
BPYK 10
BQJK 2
BQLC 0
BSLH 6
BUKF 3
BULU 1
BUNK 0
BUYL 5
BVJU 0
BVYH 1
BWGT 0
BWRR 0
BXPS 4
BYSN 19
BYWW 0
BZJM 3
CAQC 6
CARC 1
CASK 0
CBBN 1
CCGD 2
CESO 0
CGJV 0
CGPA 2
CHDQ 0
CHNX 21
CINX 0
CIWA 0
CJOO 2
CJZS 0
CNAV 2
CNCY 0
CNMP 0
COEL 5
CPNY 5
CRAD 1
CRKG 0
CRKV 0
CRYC 0
CSBW 1
CSUP 3
CTQN 0
CTWZ 1
CTYH 2
CUHT 439
CVZI 1
CXKD 2
CXTG 3
CYDL 1
CZIW 0
CZKY 0
CZYD 0
DABD 0
DAUS 1
DBYU 20
DCOB 7
DDEE 0
DDGP 14
DDKN 1
DDYG 0
DEMV 0
DENR 0
DESN 5
DFIH 0
DGGL 0
DGMX 4
DGWV 0
DHAR 1
DIZZ 0
DKLA 2
DKZI 1
DLKC 0
DLTH 0
DMSD 2
DMUS 6
DMYG 6
DNBN 4
DOIQ 2
DOPK 1
DOSV 3
DPDE 3
DRGW 0
DRNC 2
DRWC 2
DRYV 1
DSTM 3
DTGC 7
DTKU 0
DTVP 0
DTZX 0
DVSD 1
DWTC 0
DWTV 3
DXVO 2
DXXS 0
DZEC 2
EADT 2
EAOI 1
EAZX 3
EBDP 0
EBIS 4
EBRQ 0
EBXM 1
ECCB 4
ECYD 1
EDRA 0
EEOC 0
EEVZ 0
EFIY 0
EFPB 2
EFQG 0
EGHE 0
EIDN 0
EIFM 0
EIUT 0
EIZS 1
EJYY 0
EKXC 156
ELUX 0
EMEP 1
EMZJ 7
ENMW 0
EOUB 171
EPPO 3
EPZP 0
EQTA 5
ERSP 0
ERTG 4
ESIG 0
ETLL 0
EUDC 1
EUEC 98
EUFP 4
EUKX 1
EUOP 0
EVVS 3
EWZX 0
EYDZ 0
EYKY 1
EYOD 0
EYPI 42
EZJP 1
EZMO 3
EZTG 1
FCPD 3
FCQQ 0
FCRR 2
FDQO 0
FDSR 0
FERR 0
FFCC 2
FFWW 0
FGGJ 0
FGTA 4
FHAN 0
FHSP 0
FIAI 3
FKQQ 2
FKRT 38
FKUO 3
FLDY 1
FMGX 1
FMKZ 0
FOOG 0
FOQY 2
FPNX 0
FPRN 1
FTMF 18
FTUH 0
FTYE 0
FUFX 0
FUKL 0
FUPG 0
FURS 0
FVHA 0
FWEH 11
FXZH 0
FYIR 0
FYIW 16
FYKU 2
FYZP 2
FZET 0
FZIE 9
FZYW 1
GBEA 0
GBHL 0
GBUH 0
GBXM 1
GCNH 1
GCWE 998
GCZX 0
GDWY 0
GEPK 2
GEQO 5
GFEO 1
GFEV 0
GFYU 3
GGLU 5
GHBO 0
GHHA 0
GIDL 10
GJIL 1
GKWZ 16
GLAF 2
GLCM 9
GLWA 0
GMFC 0
GMLZ 0
GODX 2
GOEY 6
GQDZ 1
GQKG 0
GQSI 1
GRCR 46
GRLP 0
GRXN 1
GTCG 1
GTWV 2
GUEG 0
GVEY 0
GVFV 5
GVSH 12
GVWS 3
GWYL 0
GXAA 1
GXNT 0
GYWM 0
GYWP 1
GZLM 4
HADP 0
HAFS 0
HCQQ 1
HEKT 8
HFAB 1
HFFI 0
HGIO 5
HGRM 0
HGRW 6
HHIL 0
HJIW 6
HJMA 0
HLTG 0
HNVC 2
HNXD 0
HPHN 1
HPRI 1
HQIF 0
HQIS 4
HRMR 2
HSZR 19
HUES 0
HUSI 17
HUWY 104
HVBN 1
HVEG 0
HVZH 12
HVZX 4
HWAJ 0
HWBS 25
HWIK 0
HXAT 1
HXXX 0
HXYY 1
HYJL 1
HZNN 0
IAFJ 2
IARF 1
IBYP 3
ICMG 0
ICRV 1
IFKL 9
IFVF 0
IGOS 4
IGZN 1
IIJC 0
IKAU 1
IKJA 2
IKSA 1
IKXT 12
INMQ 1
IPKL 0
IPSG 2
IQSM 1
ISCB 0
ISQS 0
ISZJ 1
ITKN 1
ITLH 0
IVCA 0
IVDS 16
IVMY 1
IXBG 1
IXOV 9
IXRS 0
IYDU 0
IZDJ 1
IZPA 1
JBIE 9
JBIU 0
JCTT 0
JDEB 0
JFXB 1
JHET 0
JIRE 8
JIYI 11
JJMS 4
JJRS 3
JLJC 0
JLPW 15
JONP 0
JORY 45
JPRH 3
JQJB 4
JRMW 5
JSHS 6
JTNI 0
JTPE 1
JTWR 1
JTXF 0
JUOD 0
JVII 1
JWBL 6
JWLM 0
JYAL 0
JZKX 0
KAKP 0
KART 1
KCBK 1
KCMT 1
KDAR 0
KDKB 0
KDNB 0
KDRJ 1
KDSM 2
KDZE 0
KGFH 1
KGHG 0
KGIO 0
KHMP 6
KHMX 2
KHQL 4
KJDO 1
KJQH 0
KKGY 0
KKMX 0
KKTU 1
KLWG 0
KMDU 0
KMFO 0
KNDE 2
KNNP 0
KNOF 0
KNQX 0
KOBA 0
KPEW 4
KQMG 5
KQUM 0
KRLD 0
KRRN 1
KTMR 0
KUEE 1
KVOP 0
KVYF 0
KVYJ 0
KWAX 0
KWGZ 1
KWZW 0
KYGO 0
KZFN 1
KZPG 1
LAEG 0
LAKP 0
LCFU 1
LCLP 1
LGXT 0
LHUA 0
LIAT 0
LIBY 1
LIZS 0
LJAI 0
LJFC 1
LJNP 4
LJPU 7
LKIB 12
LKUO 5
LLER 4
LLSP 0
LLYR 1
LNYK 3
LOKV 27
LOXZ 2
LQBQ 1
LQPO 9
LRMX 7
LROJ 5
LRXH 2
LSDP 0
LTJI 0
LTRB 0
LUCF 0
LUMY 0
LUZC 2
LVCG 6
LWNU 0
LWWY 0
LWZO 0
LYHA 0
LYPF 0
LYXP 7
LZFY 7
LZOE 0
MADB 0
MATZ 25
MBIC 0
MEGK 3
METR 0
MFDH 22
MFKU 0
MGPK 0
MHZF 1
MIAG 3
MIBY 0
MJJB 0
MJNR 1
MKGW 0
MLDX 0
MLJK 0
MLMQ 4
MLPW 0
MLQF 0
MMMH 21
MNEX 3
MNPG 0
MPEM 0
MPJL 0
MPKY 0
MPVK 0
MQGY 2
MRGB 0
MRXU 0
MSWH 1
MUVO 0
MXFA 0
MXQN 1
MYIQ 0
MYVN 0
MZAN 6
MZIF 1
MZQY 0
NAUA 1
NBEM 1
NCKU 296
NCNV 0
NETD 0
NFDS 0
NFIY 0
NGDS 1
NGWN 0
NGZD 0
NHGN 1
NISW 0
NKMX 0
NKNJ 1
NLXD 132
NMHC 42
NMRX 13
NMTU 0
NMUD 0
NOCQ 0
NOIJ 0
NOPW 0
NOSM 0
NPCR 19
NPGK 0
NPNC 0
NQEN 0
NQWW 1
NRCR 6
NRHS 51
NRUV 0
NSNF 0
NSRD 3
NSUR 0
NTEZ 1
NUHZ 0
NUQD 1
NVHR 1
NVMI 2
NXIS 0
NXUX 0
NYBS 5
OAIG 1
OAYH 1
OAZN 0
OBUJ 0
OCOM 0
ODKZ 1
ODXZ 0
ODYG 0
OEID 0
OGAD 0
OHGF 0
OHOY 0
OIAG 8
OIFB 0
OIKI 0
OIOR 0
OJIH 0
OJUK 1
OMVY 1
OQZM 0
OSAE 3
OSZD 4
OSZW 2
OTME 0
OTYZ 0
OTZS 0
OUDX 0
OVCH 0
OVXH 0
OWVW 0
OXRW 0
PAHS 0
PALR 0
PBBG 0
PBTJ 0
PCJZ 0
PCOC 4
PDUK 5
PDVO 0
PERJ 1
PFUD 0
PFUV 4
PGAH 7
PGJH 0
PGWZ 5
PGZK 0
PHMP 0
PICL 6
PJHC 3
PJHN 5
PJKE 28
PKBF 1
PKOR 0
PKPD 1
PKUS 0
PLPJ 0
PNAU 0
PNJH 0
POCQ 2
POEU 1
POWA 2
PPAX 0
PPTR 2
PSGU 0
PSJY 3
PSLE 3
PSXJ 1
PSYM 2
PTVB 0
PTWT 0
PVQP 0
PWPJ 0
PWYS 0
PXTN 1
PXUG 2
PYOE 1
PZOE 0
QADE 0
QAGZ 0
QAWK 13
QBJO 5
QCCR 0
QCIZ 1
QESP 0
QFLQ 0
QGAC 3
QGEE 0
QGTX 0
QHKD 1
QIBY 1
QJYW 9
QLGO 10
QLRJ 5
QMLA 0
QMWS 0
QOMQ 10
QOTF 0
QPPJ 0
QRKV 263
QTGT 31
QTLT 0
QTXG 48
QVCN 33
QVLF 0
QWZM 0
QXIH 10
QZPZ 6
QZWD 7
RBNA 1
RCUJ 8
RDNZ 5
RDSU 0
REBP 0
REYX 0
RFAF 0
RFXC 0
RFXJ 0
RGMO 0
RHNA 2
RIKZ 1
RILV 1
RJOB 1
RJOZ 1
RKHU 0
RMEX 2
RMKF 0
RMXY 1
RNDA 0
RNRG 0
RNSR 26
ROIG 2
ROZV 0
RPBN 32
RQDF 10
RQHW 2
RQRR 0
RSDM 0
RSLC 23
RTIZ 12
RTMK 0
RUQS 0
RVUD 0
RWJD 0
RXSI 0
RYCM 0
RYFP 0
RZHL 1
RZMU 67
SBAV 5
SBKR 6
SBRG 1
SCRQ 6
SEKQ 1
SFGR 0
SFPR 0
SGGE 1
SIHD 0
SIMS 0
SJLA 1
SJLE 2
SJNC 0
SJNU 3
SKGL 254
SLPS 0
SLRM 0
SLXY 0
SNER 0
SOIM 2
SPHU 11
SPJB 2
SQWV 4
SQXT 1
SRBE 2
SRRV 0
SSAL 1
SSEJ 59
SSUB 0
STDZ 0
SUNA 0
SWTK 1
SWTO 0
SXAF 0
SXVX 12
SZHC 2
SZKX 1
TABH 0
TATD 0
TAYM 181
TDVW 1
TEHJ 0
TEHN 0
TFMT 0
TIGB 3
TJKI 0
TJNE 0
TKGJ 0
TMGD 2
TMQC 0
TNSO 0
TOLF 1
TPOF 0
TQDX 0
TQRX 0
TSBC 0
TTQQ 0
TVZV 1
TWJI 0
TWTK 5
TXQN 1
TYCV 11
TYQQ 0
TYTJ 2
UBBP 9
UBFG 0
UCMD 0
UCXJ 0
UDAW 3
UEJT 10
UESG 1
UGCP 1
UIEN 0
UIPR 0
UIXI 0
UJNH 4
UJYK 1
UKDB 7
ULEB 74
UNLG 1
UNLP 0
UOXM 0
UPUC 0
URKK 2
USGL 0
USHS 2
USXG 0
UTQY 3
UTTG 0
UWPP 8
UXMU 3
UYYH 0
UZLG 3
UZQK 10
UZUC 3
VACX 0
VAPS 0
VBVL 1
VCNF 5
VDJN 0
VDXV 0
VGXT 7
VHHA 11
VIKI 0
VIOU 3
VITT 1
VLKD 13
VLKU 0
VOHI 8
VOSK 18
VOZZ 20
VQAX 6
VQBV 2
VRNM 0
VSHB 0
VSUF 0
VTFI 0
VTHM 0
VTZW 19
VUHS 0
VWBB 6
VWNB 2
VWZO 0
VXCD 8
VXQC 2
VXYU 0
VYMK 2
VZSR 0
WABW 27
WBSM 2
WBWG 0
WCUO 0
WDNX 0
WDUW 1
WEDA 0
WFCK 0
WFIU 109
WGMG 0
WGTE 13
WHIA 0
WJWV 1
WJYK 1
WKEZ 0
WKHC 0
WLOH 0
WOCC 0
WQVU 9
WRQL 0
WRWN 0
WSIU 0
WSLY 2
WUJK 0
WUPZ 9
WUUU 10
WVAM 0
WVEA 0
WXQL 2
WYUT 9
XAPH 0
XAXP 0
XCBE 1
XCXS 0
XDAO 0
XDRQ 2
XEFR 0
XEWJ 0
XFLJ 16
XFNL 3
XFNT 0
XGDO 0
XGIC 4
XGQZ 1
XHKS 0
XHTR 1
XIJB 0
XIOZ 11
XIWV 0
XJHU 0
XJLB 3
XJSI 5
XJUS 0
XJZB 0
XLRU 0
XMCP 2
XMOH 3
XMPI 4
XNCE 1
XNHL 0
XNYF 0
XOKI 0
XPJN 0
XPRI 1
XQFH 0
XQWP 11
XRNB 107
XRPR 0
XRST 1
XSPN 0
XSTI 9
XSZX 1
XTKW 71
XTPE 1
XUFF 0
XUVF 1
XVSX 0
XWNU 0
XXHK 1
XXKW 9
XXOL 0
XZPL 0
YANT 0
YBHK 2
YBSC 2
YBWT 11
YCCI 0
YCUY 5
YCWY 3
YDIX 8
YDPF 2
YDQA 15
YEDK 0
YESS 0
YFLS 0
YGXO 0
YITC 0
YJEB 0
YKIJ 3
YKJZ 0
YKXM 0
YKYC 0
YNMC 1
YNMF 1
YNNL 0
YOBN 0
YOIB 0
YOQM 1
YPPZ 1
YQEH 0
YRDP 0
YSOP 0
YTBW 0
YTSM 4
YTUP 2
YTZK 0
YURX 0
YUZS 2
YWTY 0
YXPX 0
YZIZ 0
YZKW 0
ZAOB 0
ZAZT 6
ZCPN 0
ZCYG 3
ZDEO 0
ZDVX 0
ZEAH 0
ZEID 0
ZFXZ 7
ZGOT 0
ZHFF 0
ZHSD 2
ZHUZ 25
ZIEH 0
ZIGH 0
ZIJI 3
ZITP 2
ZIYD 0
ZJGU 0
ZKDB 0
ZKGF 0
ZKPL 35
ZLSE 72
ZNCB 0
ZOWV 1
ZOZG 0
ZQQE 0
ZRPX 0
ZRPY 0
ZSAE 1
ZVDD 1
ZVTD 0
ZVVV 18
ZXEE 0
ZXOG 2
ZXUO 3
ZYZL 0
ZZNX 0
ZZQW 0
