AADU 0
AAEQ 0
ABBH 0
ABHH 1
ABIG 0
ADJK 0
ADPI 0
AFAS 1
AFJR 0
AFTT 3
AHED 0
AHQC 46
AHRK 11
AIAY 3
AICD 2
AIMS 0
AJOP 0
AJWC 0
AKIR 1
ALRN 0
ALYX 0
ANXX 0
APHD 14
APON 1
AQBS 0
ARBT 0
ARWL 5
ASFQ 0
ASUK 0
ASUR 17
ATHR 0
AVJN 0
AWKZ 1
AWWI 0
BAYO 24
BDBY 12
BDPO 34
BEIJ 6
BENX 0
BFAM 0
BFFV 20
BHWA 4
BITO 1
BIWD 4
BJYM 0
BJZI 1
BKGK 0
BLDI 0
BLNB 0
BMJO 0
BNJA 0
BNQU 0
BPNX 0
BQJV 12
BQJZ 1
BQPC 9
BSBZ 0
BTCS 2
BTHB 7
BTKI 4
BUUW 4
BVCJ 0
BVQC 0
BVQT 3
BXOA 4
BXWQ 2
BYQU 2
CAGJ 0
CBEJ 0
CCFC 1
CCQP 0
CCXG 13
CDBA 1
CDIX 1
CDKM 2
CECF 0
CEED 0
CEMF 0
CESC 0
CETE 2
CFGC 0
CFRY 5
CGVK 1
CINE 5
CJDI 2
CJHU 0
CJHZ 2
CJWV 14
CJYJ 0
CKDC 0
CLGS 9
CLZS 0
CMAS 0
CMJS 0
CNRP 0
CNTT 1
COBV 3
COTN 0
COYB 0
CTGP 0
CUCA 0
CUFQ 0
CUMD 8
CWDN 1
CWDP 0
CWWL 1
CXEP 0
CXII 0
CXTL 11
CYDA 3
CYGD 0
CYME 1
CYPM 0
CZUB 0
DBBY 0
DBCP 0
DBOE 3
DCGF 5
DCXC 0
DDPE 1
DEMR 0
DEPA 1
DEZT 2
DFMO 0
DFQC 1
DFXM 0
DHIU 0
DIOT 0
DIYY 2
DLNP 55
DNDF 2
DNRC 0
DPJH 2
DPKV 1
DQIU 0
DQJK 3
DQZD 0
DSQG 1
DTBG 0
DTDF 0
DUAO 0
DUCJ 0
DUUU 8
DVNR 0
DXSH 16
DXZG 28
DZUJ 8
EAST 2
EBOH 4
ECAA 13
ECET 0
ECIT 0
ECLT 1
ECRB 1
ECWA 0
EDKO 4
EDQN 3
EDQZ 0
EDZZ 0
EEII 5
EETU 0
EFGV 0
EFOD 1
EFYQ 14
EGBL 0
EHYN 1
EIIC 2
EJGD 0
EKED 0
ELBC 0
ELFC 0
ELXA 0
ELYK 46
ELZK 2
EMFK 0
EMUI 6
EPEJ 0
EPYP 0
EQCU 4
EQHN 0
ERTS 0
ESXH 18
ETBP 1
ETEH 0
ETHJ 0
EUUB 0
EUYK 1
EVVR 4
EWIX 1
EWJA 0
EWWH 0
EXUW 0
FAFR 39
FANB 0
FAWX 9
FCKV 1
FDLJ 0
FDMM 93
FEFE 0
FEIJ 0
FGUI 0
FIED 0
FJGZ 1
FLGM 3
FNDO 0
FNPY 2
FNRG 7
FOEX 0
FOFG 37
FOUL 1
FOZQ 0
FPAZ 0
FPBW 0
FPCO 0
FPXR 4
FQGB 0
FQWC 0
FRMT 1
FRRY 207
FSUC 1
FTKN 4
FTSE 0
FTUM 3
FWDC 7
FWVR 0
FWYG 0
FYBH 1
FZAZ 1
FZHG 1
FZWJ 8
GACY 1
GAWZ 54
GBDE 0
GBQA 0
GCIH 0
GCWM 0
GCZK 0
GDFW 2
GDYL 0
GEZE 5
GFZI 1
GGAO 0
GGBS 0
GGXR 0
GHQU 0
GHYO 11
GJKX 0
GJSE 0
GKRE 3
GKSH 1
GLOL 1
GMEX 1
GMHS 0
GNWA 8
GNYK 1
GPXH 0
GRTW 0
GSLA 0
GTGQ 0
GUFI 0
GUMK 0
GUOG 0
GUXJ 1
GVBF 1
GVOZ 0
GWAW 1
GWDL 1
GXLY 15
GYFV 0
GYUZ 0
GZTE 0
HAGY 0
HATR 34
HBDH 10
HCXM 2
HDKA 0
HEXI 13
HEXM 1
HFID 0
HGAO 1
HGHG 1
HGPB 8
HICP 0
HIHM 8
HMSY 1
HNSB 0
HNYQ 1
HONV 1
HOOJ 2
HOTE 0
HOZM 0
HPIQ 0
HQZB 7
HRBM 9
HSTM 1
HSYD 2
HSZB 11
HTVZ 0
HUON 0
HXKT 1
HXUJ 0
HXZN 0
HZAW 3
HZJJ 21
HZQI 0
IAVQ 1
IBBU 5
ICOK 0
ICOM 5
IEFX 2
IEUV 0
IEXX 0
IFHG 2
IGJZ 2
IHIZ 1
IHUV 0
IHXL 89
IIYI 1
IJMP 0
IJOE 0
IKOY 0
IMFK 0
IMQX 0
IMWT 0
IMZW 0
INIC 0
INIO 2
INNQ 0
IOHN 0
IPUP 1
IRHB 0
IRIF 0
ISIG 0
ISVK 1
ITJE 0
ITYN 1
IVCS 0
IWYN 17
IXAU 2
IXHO 0
IXNH 2
IYGH 0
IYMP 1
IZUQ 0
JAMN 0
JBGK 5
JBGR 5
JDLP 6
JENN 1
JENY 0
JEQO 0
JFBR 0
JFUQ 1
JGDF 0
JGDN 0
JGEO 0
JGGF 0
JGYV 1
JHWX 1
JIOP 8
JIYA 1
JJLG 4
JKKN 0
JKOY 2
JKWH 0
JLIJ 4
JLWV 0
JMAK 0
JMDU 0
JMQT 5
JMXU 5
JQJP 0
JQOU 0
JSRN 0
JTYF 6
JWIU 3
JYOI 0
JYWP 1
JZUE 1
KAEP 0
KAQI 1
KETK 1
KEWM 4
KFAR 5
KFNN 3
KFPX 6
KFSP 2
KGBJ 0
KGFQ 4
KHLU 6
KHTD 0
KJLU 2
KJLX 0
KKEZ 2
KMHB 0
KMPE 0
KMZL 1
KNGR 1
KNLU 0
KNLY 3
KNWP 1
KNZI 0
KORT 1
KSYC 2
KTBS 0
KTKO 0
KTQD 1
KTXQ 1
KUHY 0
KUZM 0
KVBE 0
KVQQ 0
KWAB 1
KWVP 1
KXAY 0
KYIR 5
KYVM 0
KZBU 0
LBNU 2
LBPG 1
LDHX 3
LDJC 0
LDRJ 0
LDWZ 21
LEQH 3
LFDC 0
LFEY 1
LGGF 2
LGGM 0
LHNG 4
LHUK 3
LIEP 0
LIWU 0
LJKQ 0
LKOY 2
LKYQ 0
LLNG 0
LLVV 1
LOPV 0
LPDW 1
LPGN 0
LPGW 2
LQJW 3
LQWY 0
LSGU 0
LSZP 0
LUBO 4
LULW 2
LUMN 0
LUSA 0
LVXN 1
LWUA 0
LXZR 1
LYXW 0
MAFW 8
MATQ 1
MBDV 0
MDQI 2
MDUF 0
MDYS 0
MDZR 0
MELT 0
MEVN 0
MEZB 0
MEZM 0
MFLP 1
MGII 0
MGKA 0
MGPX 5
MGZK 0
MHIH 0
MHLW 0
MIEB 1
MIKH 14
MIMK 0
MIVD 0
MIWR 3
MJCI 0
MJFE 0
MJXQ 0
MJZD 1
MMOT 0
MMZU 0
MPGW 0
MPOQ 3
MPWR 0
MQFD 0
MQHN 2
MQTO 0
MRKL 0
MRMW 0
MRND 3
MRRY 2
MRTX 0
MTHN 2
MVAV 1
MVVB 0
MWET 4
MWJP 3
MWQJ 0
MXLL 1
MXPD 0
MXYN 1
MZPK 0
MZWY 0
NAAS 1
NAKZ 0
NAVA 0
NBZI 1
NEDN 0
NETI 2
NFMI 1
NFPV 0
NGPQ 8
NHJG 0
NIPH 8
NIPJ 0
NIZH 5
NJAC 5
NJVN 1
NKFS 1
NKGG 6
NKNQ 3
NLJQ 2
NLLV 0
NLQV 6
NOFG 1
NOFQ 3
NQUZ 1
NSPJ 166
NUBF 3
NUWH 0
NVYT 3
NWKW 0
NWRE 2
NWRN 0
NXCQ 0
NXEK 4
NXLD 0
NYCN 0
NZOW 1
OACB 0
OADV 1
OAJC 67
OAQG 0
OAZC 0
OBQB 0
OBXV 7
ODOB 0
ODZI 0
OFJN 1
OHNN 0
OIMU 0
OJRP 1
OLQV 0
OMMQ 0
OMWY 0
ONUV 0
ORBL 1
ORMY 0
OSEC 0
OUKP 0
OUTS 0
OVWT 1
OVXE 216
OWYX 1
OXUQ 0
OYKR 0
OYXD 1
OZQV 2
PDHC 1
PEIL 0
PGLW 0
PHDA 0
PHFB 0
PHLO 0
PIEJ 3
PIFZ 0
PIZW 1
PKRB 0
PKWF 0
PLFC 34
PLNB 1
PMMJ 0
PMMQ 0
PMWM 12
PMZD 6
PNKH 1
PNNF 18
PNVR 0
PNWD 0
PQCB 2
PQFI 0
PRAV 0
PRDI 0
PROR 0
PRRM 0
PSNE 0
PUZV 0
PXHL 0
PXUQ 2
PYVY 1
PYYF 0
PZVR 0
QAIM 0
QAXW 0
QBEI 0
QCFO 1
QEJG 2
QERP 0
QGQK 0
QGSB 0
QHRE 0
QHWV 7
QIDS 3
QJER 0
QMBQ 1
QMSH 0
QNBB 30
QOCX 1
QOEE 0
QOOA 0
QPCK 2
QPCP 2
QPCW 0
QQAU 3
QQEX 0
QQRX 4
QRKT 0
QSQR 0
QSRK 0
QTAG 3
QTFG 2
QTIC 15
QTRJ 0
QTWJ 2
QULF 2
QUXE 3
QVGO 24
QWLT 0
QXEV 0
QXRM 9
QYCX 1
QYER 4
RCTS 14
RCUR 0
RDAA 0
RDEJ 0
RDGP 0
RDME 0
RDPL 1
RFCH 10
RFUZ 1
RGHU 0
RGNN 0
RGOT 0
RIVG 12
RKBT 11
RKTF 0
RMIH 0
RMOK 0
RNTR 0
ROZJ 0
RPHF 1
RRIF 11
RRRY 15
RRUU 5
RSWG 0
RSXW 0
RTDS 90
RTED 0
RVVZ 1
RWEG 17
RXXA 0
RYCN 0
RYEZ 0
RYNM 2
RYWW 7
RZLQ 2
RZPY 6
SATM 0
SBAW 5
SBDQ 1
SBNZ 0
SCOR 0
SCYW 1
SDUB 0
SDYA 217
SFDJ 1
SFVZ 18
SFZI 12
SGFF 0
SHSR 0
SITG 0
SJAV 0
SJTU 1
SKRJ 166
SLCS 3
SLGN 3
SLJX 2
SLRE 2
SLWW 1
SMDO 0
SMXQ 8
SNUG 1
SOAW 0
SOHP 1
SOMN 67
SPFW 2
SPLD 8
SPSG 1
SQDY 0
SQRX 12
SRYH 0
SSGJ 0
STSH 70
STXR 0
SUCD 3
SVGP 3
SVKJ 0
SVKO 10
SWDC 0
SWIG 5
SWXG 2
SXXH 0
SXYW 3
SYJX 0
SYRS 2
SYWC 0
SYXF 0
SZBZ 0
SZFN 0
SZQK 1
SZSN 0
TAUI 0
TCMS 1
TDFY 89
TDIO 1
TDKC 8
TEUW 997
TGEW 0
TGTE 2
TGYI 0
THQI 6
TIQZ 1
TJSY 0
TJUQ 2
TKQI 4
TLTL 3
TLUU 1
TMRU 0
TNKX 0
TNNE 8
TOAT 3
TOLF 0
TPOD 0
TQDT 3
TREC 0
TRRT 1
TRZM 0
TSDF 1
TSEQ 0
TSJI 2
TTAO 1
TTFE 235
TTGT 3
TTVI 7
TUIN 1
TVJP 9
TVTX 0
TVUS 15
TWUP 7
TXWX 3
TYGZ 0
TYPI 0
TZHV 0
TZKR 0
TZKS 0
UAJY 2
UALO 0
UAYO 1
UBBV 0
UCTE 21
UDHH 2
UELP 1
UEWW 0
UFGO 0
UGEO 0
UHNM 0
UIFT 1
UILU 15
UIUK 0
ULCK 87
ULII 0
ULMR 0
ULTT 0
ULZB 0
UMBH 7
UMXH 0
UNDK 13
UNMV 1
UOXW 1
UOXY 0
UPLX 1
UPRW 2
USQD 0
USXN 0
UTSV 2
UUUK 0
UVNB 1
UVNU 1
UWOC 0
UXOX 0
UYOZ 2
UYWM 1
UZCT 0
UZSO 1
VALL 0
VBNW 17
VBWL 0
VBZG 0
VCVE 6
VDAA 0
VDMP 3
VECY 8
VFOR 0
VGJH 12
VHMQ 5
VHSZ 15
VIET 2
VJBC 0
VJET 1
VLYR 0
VNPN 1
VOZG 0
VPUC 0
VPXU 22
VQDH 0
VQJF 0
VSQO 12
VSZQ 13
VTAM 2
VTDH 1
VUDY 1
VVKW 4
VWOP 0
VXOX 0
VXZS 25
VYYA 2
VZDB 7
VZMV 9
VZYO 67
WAXI 2
WBOI 1
WCOX 3
WDSB 0
WEGQ 0
WEVZ 0
WFQZ 5
WGTF 1
WHPG 0
WJJF 2
WKKZ 0
WMDU 0
WNAC 1
WRKU 0
WRMK 0
WRSO 0
WTJJ 0
WTXU 0
WUTC 2
WUWK 2
WVAH 0
WVDT 0
WXKS 0
WYIV 0
WYKJ 52
WYQD 9
XALM 14
XATW 2
XBBX 2
XCBL 0
XCGV 0
XCPG 8
XCZR 0
XDJX 0
XFGA 4
XGFF 0
XGOA 0
XGPQ 2
XGRO 4
XGSA 16
XHGW 0
XHHX 0
XHRF 25
XJPJ 7
XKIL 2
XKUS 0
XLBT 13
XLCV 3
XLRP 0
XLSG 0
XNAD 0
XNCL 0
XNGU 2
XNJM 2
XOLD 0
XOWM 0
XPTH 0
XPYU 2
XQRR 0
XVNN 2
XWJR 0
XWKD 0
XXAH 267
XXAV 0
XXXJ 0
XYGY 0
XYQG 0
XYQR 10
XZEX 1
XZGY 0
XZUA 0
YAWW 0
YCII 1
YCND 0
YCVV 0
YDUQ 0
YEDE 181
YKDE 0
YKSY 37
YKUI 1
YLAX 0
YLVB 1
YMNG 0
YOFQ 0
YOXA 0
YPAD 0
YPWA 0
YPWV 25
YRJJ 1
YRSW 0
YRUC 1
YSDC 2
YTHH 0
YTOR 1
YUBY 0
YVBP 2
YVBU 0
YVHI 11
YVZN 3
YWAF 9
YYUX 3
YZBD 5
ZAFL 0
ZANT 2
ZBYP 0
ZBZG 0
ZCNA 1
ZCVG 0
ZCXW 10
ZDID 0
ZDZE 0
ZEIW 1
ZETE 3
ZEYN 0
ZFHW 6
ZGAG 3
ZGWB 1
ZHGY 0
ZIIY 0
ZKAH 3
ZLAJ 0
ZMIA 2
ZNDP 4
ZNRI 1
ZNYL 0
ZOTJ 0
ZQSJ 0
ZRCN 0
ZRIS 1
ZROK 1
ZRUN 0
ZSHR 0
ZSUH 0
ZUPP 0
ZURN 17
ZVID 2
ZVXM 1
ZWAY 0
ZWBY 0
ZXBP 0
ZXSR 0
ZXTV 0
ZYDC 0
ZZRA 0
ZZWJ 0
ZZWQ 0
