AADB 1
AASM 0
ABOH 24
ABWJ 0
ADDU 0
AENH 0
AEVA 0
AFUU 8
AHSI 0
AISI 4
AIWA 3
AJLG 4
AJMW 1
AJWU 5
ALCJ 4
ALMJ 23
AMNR 1
AOPV 0
APDF 0
APEO 1
ARLR 5
ARSS 3
ARZW 0
ASGI 17
ASPX 25
AUAS 9
AUDJ 2
AUGZ 23
AUXF 0
AUYV 71
AVPJ 20
AXMP 0
AXXV 1
AYGC 1
AZUG 0
BAEY 0
BAQC 0
BCNA 2
BDFN 2
BDTC 1
BEMH 0
BEVE 3
BEZV 0
BFGZ 2
BFWI 3
BGRQ 0
BHZA 3
BITF 2
BJOF 8
BKCG 0
BKFY 15
BKHO 0
BKNP 0
BKWV 3
BKZN 0
BLPI 6
BLXU 3
BOYO 0
BPCH 2
BPPD 0
BPZK 4
BQZA 1
BRUW 0
BRWC 22
BRWI 0
BSGW 0
BSLI 1
BTFO 3
BTUK 8
BUQP 1
BVGC 1
BWRY 0
BXBN 0
BXPD 0
BYXZ 0
BZFV 9
BZOI 0
CAPE 0
CBEL 1
CCEZ 1
CDHS 14
CDIB 1
CDPG 1
CELS 0
CEUE 39
CEXZ 0
CEYH 1
CFKP 0
CGMY 0
CIAJ 2
CIFW 0
CIKR 0
CJTP 124
CKJP 31
CKLB 0
CLIN 1
CMWQ 1
CNHJ 19
CNUA 2
CNVJ 1
COOY 0
CQAI 2
CQMO 1
CQZG 0
CRNA 0
CSYV 3
CUSU 0
CUUH 0
CUVT 1
CVNV 0
CWFM 1
CWNC 1
CWQD 4
CXDA 1
CXHD 1
CXJI 3
CYQF 5
CYQT 0
CYSV 0
CZQF 1
CZVF 1
DBGY 0
DCUR 0
DDCJ 0
DDKC 2
DEDM 0
DEVN 1
DGBB 4
DGHC 0
DHCZ 0
DHIG 0
DHTS 1
DHWR 0
DJKG 0
DJPZ 7
DJZU 0
DKDU 0
DLAQ 0
DLZO 4
DMIW 7
DNBW 1
DNPN 0
DNRG 2
DNVE 1
DOQJ 1
DPQW 0
DQFX 11
DQLR 1
DQSH 0
DRYB 0
DTAC 0
DTQA 0
DUYT 14
DVKH 1
DVOP 72
DWFB 1
DXOX 4
DXUC 0
DYEZ 7
DZHZ 0
EAQH 5
EAXS 0
EBAD 6
EBHX 2
ECKR 1
EDOT 0
EEFZ 3
EEMM 0
EGEW 4
EHDQ 0
EHEF 1
EHLV 1
EHOT 62
EHXY 0
EIOV 101
EIRM 0
EIWB 7
ELJK 1
ELYH 6
ENBE 0
ENCH 0
EOAC 1
EQYC 0
ERUE 0
ERXY 0
ESFZ 8
ETAP 2
ETSL 3
EUOZ 1
EUPI 0
EVCR 1
EWGO 6
EWWI 3
EWXE 0
EXDR 8
EXVG 0
EZFC 1
EZWG 1
FAAI 0
FADV 0
FBHM 2
FCTP 0
FDJQ 0
FEXS 1
FGAQ 0
FGET 0
FGKI 10
FHBD 0
FILZ 3
FIPV 0
FIRB 0
FIXR 0
FJKZ 1
FLIW 0
FLRU 0
FNBI 7
FNTO 10
FPBP 1
FPBZ 0
FPPF 24
FQAD 1
FQMU 3
FRDA 0
FREM 38
FTGE 0
FTNZ 0
FTUJ 6
FUJK 0
FVKW 11
FVWC 4
FWOH 1
FXUS 1
FYMY 234
FZQB 0
GACZ 0
GAMV 0
GANY 0
GAWA 1
GBEF 0
GDDT 0
GDVT 2
GDXL 2
GEBE 0
GEKJ 0
GFKR 0
GFRE 7
GFSL 0
GGDX 1
GGRH 0
GHBB 0
GHQR 2
GIKN 3
GLEW 0
GLMB 1
GLNX 2
GLYE 4
GMNK 0
GMOM 13
GNOJ 1
GPOT 0
GPXR 0
GQVT 0
GRJQ 0
GRLN 1
GRWN 1
GRWU 17
GTCP 1
GTYM 0
GUGS 0
GWCK 3
GXHY 1
GYJE 0
GYOC 1
GZKK 2
HAHM 0
HAZH 0
HBQW 13
HBXD 2
HDAF 0
HEAY 19
HERO 0
HFKV 0
HFRG 1
HGDB 0
HGRW 0
HJOG 1
HKRM 0
HLGZ 1
HLOM 3
HLTD 1
HNFT 1
HOII 0
HQEC 0
HQSV 4
HSFX 1
HUEY 1
HVML 0
HWDW 3
HWKL 0
HXJG 1
HYAW 1
HYHB 2
HYLS 0
HYXB 3
HZWK 0
IAKQ 0
IBFB 4
IBLM 0
IBMV 0
IBQH 1
IBXV 0
ICFW 3
ICIO 1
IEYU 0
IFQB 3
IGSF 193
IHCU 4
IJUL 1
IJYZ 1
IKHQ 5
IKLF 0
IMGO 0
IMPX 0
IMSS 1
IMZR 1
INDW 4
IOFF 2
IOWC 0
IRMA 1
IRRI 0
ITQI 0
ITRG 0
ITTK 0
IVEL 2
IVGY 0
IVQT 0
IWCU 19
IWII 0
IXJS 0
IZHG 8
IZIV 1
IZTV 7
IZUI 0
JAAN 0
JAOE 0
JCQG 0
JCRO 1
JCTP 1
JCVH 0
JCWI 0
JFTJ 0
JFXS 0
JGDT 0
JGJA 0
JGTT 0
JHPR 0
JJBJ 0
JJDF 0
JJHU 0
JJIB 1
JJPV 0
JKMJ 0
JKST 5
JKVB 0
JLBK 0
JLSD 2
JLTY 0
JMJT 0
JMQS 1
JNAR 0
JOVO 0
JRLE 2
JRQO 0
JRTE 3
JRWM 1
JSBF 0
JUBT 0
JUHO 0
JVEH 0
JXMX 0
JYNZ 0
JZAQ 1
KAXJ 0
KCFQ 78
KDOX 9
KDSU 0
KDXH 5
KEAA 0
KEPT 1
KERK 0
KFPC 4
KFQN 0
KFSY 3
KFUD 3
KGJX 0
KHZG 25
KHZX 0
KIPM 0
KIQF 0
KKXO 15
KKYN 0
KKYW 0
KLXL 10
KMNI 0
KMVK 1
KNRI 0
KOZG 0
KPCS 0
KPKK 0
KQVB 0
KRZM 3
KSFW 1
KTRQ 1
KTXS 2
KVTE 3
KWNT 0
KXFP 6
KXGE 0
KXUC 2
KYQL 0
KZAH 0
KZDR 0
KZHY 0
LBHM 1
LEAS 190
LENO 0
LEOI 0
LEQZ 0
LGDE 0
LHFT 6
LHVW 1
LIAJ 0
LICU 0
LJQU 5
LJYN 1
LKPC 12
LMBS 0
LNGG 5
LNII 0
LONY 3
LOWJ 2
LPQH 0
LQJN 0
LSJN 2
LSQZ 2
LTPI 37
LTVT 0
LTZK 0
LUAZ 0
LVWO 1
LVXR 0
LXJU 1
LXLV 2
LXYT 15
LYXE 0
LZCD 0
LZCF 1
LZXQ 0
MAOD 1
MCAP 1
MCET 0
MCMS 0
MGMU 0
MGOT 1
MHYM 0
MIHW 0
MJMZ 2
MKBH 2
MKNZ 0
MKQM 13
MLGP 0
MLKX 0
MLOR 0
MMRV 998
MNYB 0
MOJO 0
MOQQ 0
MORR 2
MOUV 0
MPLC 5
MPNJ 1
MQJP 0
MQPU 74
MRLJ 0
MSEF 0
MSGX 2
MTMX 0
MTOW 0
MTWT 5
MTXS 29
MUCF 0
MVAU 0
MVDR 0
MWAD 1
MWZM 0
MYDA 5
MZLE 0
MZPJ 13
MZVA 1
NABX 0
NAIO 0
NAYS 6
NBJL 2
NBRC 0
NCYA 0
NDHH 0
NDQL 8
NDUE 69
NEPS 1
NFEG 0
NFHY 0
NFRF 0
NFSO 1
NGGW 0
NGHY 0
NGOJ 1
NJJS 6
NJLF 10
NKBP 4
NKEK 1
NKNU 0
NMUV 0
NMVK 0
NNAB 0
NNWB 0
NNXG 19
NOBD 0
NOOU 4
NORV 1
NPBL 3
NPQG 0
NPWL 0
NQNU 2
NRVP 0
NSEN 0
NTFL 50
NTXQ 0
NUYX 47
NVMV 33
NWJK 0
NWQK 0
NWRU 0
NWZU 0
NXPL 0
NXVH 8
NYLI 0
NZFT 99
NZKD 1
OALS 0
OAQK 2
OBHM 0
OBRY 1
OEFD 0
OGOZ 41
OGXZ 47
OGYY 0
OHEZ 0
OHII 0
OHSE 2
OHTC 4
OHVH 0
OHWU 1
OHYI 0
OIHX 0
OJMW 0
OJPD 0
OLRV 3
OLXD 0
OLYJ 0
OMOI 0
ONLD 0
OPNO 15
OPNU 1
OPYP 0
OQAT 0
OQWG 2
OSKO 1
OSYR 0
OTBR 0
OTKW 0
OTOX 0
OUJA 6
OVII 29
OVJZ 1
OVLF 0
OWDN 12
OXBB 1
OYCW 0
OYRG 0
OZDP 0
OZIZ 1
OZTS 2
OZYF 10
PADR 0
PBXT 10
PCNT 1
PCYL 1
PCZE 0
PEPK 1
PFEM 0
PFKG 0
PGYV 1
PHSI 2
PIKJ 0
PITE 0
PKIT 1
PLSH 1
PLXM 0
PMFB 21
PMMG 0
PMUN 0
PMVZ 2
POAT 0
POOL 2
PPRI 2
PPWC 3
PQES 0
PQQI 1
PRCG 23
PRES 5
PRVB 22
PSHN 0
PSSS 12
PUED 3
PVCK 12
PVDI 0
PVQW 0
PWSR 0
PXAO 0
PYIQ 0
PYJE 0
PYWW 3
QBLI 0
QBTB 0
QCBP 0
QCBS 2
QCMX 2
QDDL 0
QEKU 1
QEMZ 0
QEOK 14
QESF 2
QGND 0
QGRL 2
QHRX 4
QHZT 0
QIEB 0
QIPJ 0
QJAH 0
QJWR 0
QKKK 0
QLFR 8
QNWN 0
QNXG 3
QOLT 0
QPMH 0
QPXH 0
QQET 0
QRJS 0
QRMB 1
QROF 20
QRPF 17
QTHV 3
QTTY 3
QTVW 8
QTVZ 3
QULJ 4
QUUK 0
QVTZ 0
QVVK 17
QVVL 0
QVXC 40
QXCN 1
QXDD 10
QYFO 0
QZAQ 762
RAWM 0
RBNC 0
RCAG 0
RCGJ 19
RCGL 0
RDVI 0
RFEI 1
RFOY 0
RGLM 1
RGWZ 0
RHKY 0
RJIC 0
RJVC 9
RJVE 1
RKDG 2
RKMN 0
RLYN 0
RMGU 62
RMGV 0
RNDD 0
RNMH 4
RNVV 1
ROYE 0
RPDY 2
RREC 0
RREI 0
RSAC 0
RSIB 9
RUQT 12
RVIB 5
RWAZ 0
RWHH 0
RWNJ 0
RWVT 2
RWWR 14
RWYJ 9
RXAC 0
RXKJ 0
RZKX 1
RZSJ 0
SAGA 0
SAKK 0
SBAV 4
SBOG 1
SBTK 0
SCEO 0
SCZR 0
SDYF 1
SENN 26
SEWI 5
SFTD 1
SGIS 1
SGJL 0
SIYZ 0
SKQM 8
SMCU 1
SNDL 0
SNWG 3
SOOY 0
SOSH 0
SPGW 0
SQNI 0
SRBU 0
SRZK 0
SSKQ 11
SSST 2
SUAQ 0
SUHT 1
SUOH 1
SUWY 3
SWAD 0
SXTY 3
SXZQ 3
SYAB 0
SYZA 1
TATA 0
TBOQ 0
TBZP 7
TCLE 0
TCUF 0
TCUO 0
TCWS 1
TDHN 0
TDYD 1
TEON 0
TEWR 0
TFTZ 0
TGAV 0
TGXB 0
THXS 1
TJAV 0
TJCW 0
TJDI 3
TJLX 0
TJNQ 0
TKLA 6
TKWN 0
TMIR 0
TMXS 0
TMYM 0
TNBA 0
TNNQ 0
TOIH 1
TQIP 3
TRED 0
TTVS 1
TUEE 0
TUUU 0
TVQL 0
TVXW 3
TXBJ 2
TXWF 44
TYNH 4
UAVZ 0
UBHB 0
UBRX 0
UCCU 21
UCIT 0
UCWD 1
UDSI 0
UERO 0
UEVU 0
UFIW 0
UGHE 0
UGIQ 1
UIIK 1
UISV 0
UJMJ 2
UJMK 0
ULHA 1
UMTE 0
UOHT 4
UOPV 3
UPVL 0
UPYW 18
UQBG 5
UQGE 0
UQYT 5
USMV 1
UTUZ 0
UWBJ 0
UWFF 0
UXCP 9
UYFH 0
UYOV 3
UZQV 0
VANU 0
VAWC 1
VBDO 0
VCWP 5
VEHF 0
VFEN 0
VFHI 0
VFXJ 0
VGNE 2
VHFD 4
VHFO 1
VHTM 0
VICO 3
VIES 0
VISM 0
VJQG 3
VKTI 0
VLWA 13
VLXM 0
VMNR 0
VMOA 0
VRAQ 0
VRGU 2
VSKP 1
VSVQ 12
VSWS 2
VTLL 20
VTNS 0
VTXI 8
VTXN 3
VUSH 2
VUWG 2
VUYW 8
VWGS 0
VXJB 0
VXVQ 10
VYLI 0
VYOI 0
WAEM 5
WBQE 0
WBUQ 0
WCMF 0
WCQF 1
WDGA 0
WDTH 3
WFIU 3
WFTT 0
WGJW 0
WGSE 2
WGYD 0
WHIA 2
WIKW 0
WITU 0
WIXR 0
WJHQ 12
WLNR 0
WMLJ 0
WORO 2
WRLN 0
WRPX 3
WRXD 1
WSSL 1
WTZK 2
WUBB 3
WUUV 0
WVOK 9
WVUK 1
WWAC 1
WWIQ 1
WWRX 8
WXCV 4
WXOO 0
WYPL 0
WZHA 1
WZHQ 0
XAKC 0
XAMX 2
XBQT 0
XDAV 4
XDUB 0
XEHU 0
XEVL 2
XFPM 1
XGVC 0
XHVY 0
XIVZ 0
XJOD 1
XKEB 2
XLBV 0
XLUL 0
XMDE 0
XMLW 1
XMME 0
XMNV 0
XMRZ 6
XNDK 0
XOIO 3
XOPJ 3
XPQU 1
XPXI 0
XSFK 7
XSGB 1
XSGS 3
XTBC 4
XTRL 0
XUJA 0
XURM 1
XUZV 4
XVDI 0
XVFM 0
XWSL 0
XXNQ 0
XYJG 1
XZGC 0
XZSU 3
XZWA 0
YADD 9
YAGG 0
YBRL 5
YBTE 0
YDDW 0
YEAM 2
YEEM 0
YFMW 1
YHPV 1
YITA 0
YIYD 1
YLKA 0
YLMP 1
YNVM 0
YOWK 0
YQPH 4
YUKU 0
YVHU 0
YVID 0
YVXW 0
YWDI 10
YWEF 1
YWIA 0
YYEW 168
YZJD 1
ZAMJ 1
ZBCY 1
ZBKF 0
ZCOH 0
ZCOW 0
ZDJG 7
ZDYK 1
ZEAM 0
ZFKO 0
ZFOG 0
ZHKV 1
ZIBT 1
ZIHK 1
ZJPO 5
ZKNS 2
ZMCM 0
ZMMY 0
ZNEP 0
ZPBQ 6
ZPSV 32
ZSTH 7
ZTHP 2
ZUUA 0
ZVEF 2
ZVJE 1
ZVOL 0
ZVVK 4
ZWCM 0
ZWHI 0
ZWKJ 2
ZWYA 4
ZXHC 0
ZXML 4
ZXTT 0
ZYTR 0
ZYYI 11
