AAIG 3
AAIZ 10
AAML 0
AAQX 23
ABUB 0
ACHE 0
ADDY 0
ADMZ 30
AFSG 2
AGLY 0
AHCT 0
AHDB 0
AHTT 5
AIGW 2
AIVG 1
AJND 0
AKAP 0
AKMT 26
AKUB 1
AKZW 102
ALYI 0
AMRW 2
ANPM 0
AOQB 0
APXY 0
ARAV 1
AREU 4
ARWG 5
ASFD 0
ASME 2
ASMZ 12
AUGR 3
AUKP 0
AUTN 0
AVGL 44
AXFK 0
AYCK 1
AYCO 0
AYGN 1
AYLK 0
AZFW 1
AZOK 1
AZRX 1
AZXL 2
BARY 6
BAZE 0
BBBG 0
BBTG 26
BBVF 0
BBWP 3
BCXC 0
BDJP 2
BEIT 0
BFWR 2
BGBC 0
BGJC 0
BHHO 1
BJZO 2
BKCI 1
BKFA 31
BKHQ 0
BKHW 9
BKJD 1
BLBG 1
BLNF 2
BLUJ 0
BLXF 1
BLYI 0
BMDL 0
BMTD 0
BMTW 1
BNCG 1
BNPF 1
BOHW 0
BOUK 0
BRQU 1
BSAY 1
BSEH 2
BSNL 1
BTAR 7
BTML 5
BTVZ 0
BUKK 0
BVIF 21
BWAS 3
BWBS 2
BWDQ 23
BWXC 0
BYBG 4
BYBY 1
BYFA 0
BYZC 0
BZKN 7
BZVF 0
BZXT 0
CBAB 5
CCFX 1
CDJD 2
CEAC 8
CERW 0
CFBG 0
CFCB 11
CFFW 0
CHCT 0
CHIR 0
CIBD 0
CKUM 0
CKYE 0
CMXX 0
CNHE 2
CPRB 1
CQFJ 0
CQZG 0
CRAY 1
CRJT 1
CRKV 18
CRQY 3
CRWM 1
CRWV 1
CSJD 0
CSXG 0
CTME 1
CUEV 3
CUUQ 0
CVFD 7
CVLY 0
CWED 1
CWJG 1
CWML 0
CXAL 62
CXSJ 16
CYBC 2
CYPJ 0
CZKD 0
CZMS 0
DAYR 1
DDJD 0
DDVO 0
DGQS 1
DHED 0
DHKL 0
DITR 0
DJFR 2
DJKI 0
DJNQ 5
DKAK 0
DLZT 2
DMCO 465
DOZR 0
DQCN 2
DQRT 2
DROT 18
DSRA 4
DSYN 0
DUBR 1
DUYF 0
DVSX 1
DWLY 42
DXDD 0
DXEH 1
DYGS 0
DZNP 0
DZPE 0
DZUT 5
DZXY 0
EAIP 0
EATN 3
EBRV 1
ECEH 0
ECKV 18
EEAP 1
EGCD 3
EGLB 3
EHHC 0
EHVQ 1
EIBZ 6
EICQ 0
EIIR 0
ELUV 2
EMCA 0
EMHG 3
EMJP 0
EMLF 10
ENYZ 3
EOMT 2
EPHG 1
EPWY 0
EQHR 1
EQQM 0
ERJO 8
ETPB 29
ETYU 1
EUAQ 6
EUQI 4
EVDL 2
EVDQ 1
EVNH 8
EVTC 0
EXYG 2
EYHY 2
EZCD 1
EZKP 0
EZNS 0
EZZP 1
FCIO 0
FCIY 2
FDBB 1
FDHH 0
FEFB 4
FEND 0
FEQM 0
FFFJ 12
FFMX 0
FGPJ 0
FGQN 3
FGRT 0
FGXB 3
FHKP 0
FJHO 1
FJJN 0
FKAD 0
FLKQ 0
FMAI 3
FQOD 10
FSJL 0
FTBD 0
FTQW 0
FUHL 15
FUPM 0
FUUU 3
FUWQ 1
FWDI 2
FWNF 0
FXOY 0
FXPM 0
FZEK 0
FZTK 27
FZXL 0
GCCB 0
GCVP 0
GDHS 0
GEUW 0
GEYG 0
GFRI 0
GHAB 0
GIKU 0
GJFB 0
GJMK 2
GJRS 0
GKAP 0
GLKW 7
GLUO 32
GLZR 1
GMLA 0
GMRH 0
GOBS 0
GOFH 0
GOFY 0
GOUW 1
GQKB 0
GTQK 0
GULD 0
GVTE 0
GWAB 0
GZAM 3
GZIS 1
GZRG 21
HAAX 0
HADB 1
HAJU 0
HAYN 0
HEPL 0
HEPO 1
HFBE 2
HFYK 0
HHYT 118
HJHQ 2
HKED 3
HKSV 1
HLEY 1
HLFV 10
HLLL 0
HMWX 0
HOPU 9
HOUK 0
HOWY 0
HPCO 0
HPNU 2
HRQA 0
HTLE 0
HUBY 0
HUFH 1
HUXC 3
HVPB 2
HWBT 0
HWKM 0
HWRK 2
HYCH 0
HYZQ 11
IACG 0
IALB 6
IBJP 0
IBNM 0
IFCU 0
IFVF 1
IGGU 5
IHTD 0
IIRQ 0
IJCN 0
IJQL 6
IKDE 0
IKHC 0
IKNO 0
IKQH 2
IKXF 0
ILZF 1
IMAC 0
IMOU 0
IMZI 0
INCB 0
INND 0
INTA 29
IOCI 0
IPCU 1
IQKZ 0
IRAV 0
IRJN 3
ISCW 10
ITFY 0
ITIO 7
IUIG 2
IUKO 1
IUPD 7
IUXO 5
IXRK 0
IZKL 4
JAGL 2
JBGB 1
JBZB 7
JBZV 0
JCKG 1
JCXM 0
JDCS 0
JFCQ 0
JFMW 1
JFRB 2
JGAZ 1
JGPZ 2
JHET 2
JHNG 5
JJOE 4
JJRQ 0
JKJI 0
JKND 1
JLJB 13
JLJD 0
JLPY 0
JMOP 0
JMWY 1
JNMK 1
JNYG 0
JNYJ 6
JOLV 1
JOWM 2
JPIV 0
JPTQ 7
JQST 54
JRBO 3
JRYZ 6
JSQX 0
JTXA 0
JUDL 0
JUPK 6
JUYH 0
JVQJ 0
JVRY 0
JWCZ 1
JWKW 0
JXIO 1
JXJA 1
JZGA 0
JZLX 2
KAWL 3
KAYA 1
KBED 4
KCRR 0
KDES 1
KFMR 0
KHND 0
KJMJ 1
KJPT 112
KJTC 0
KKEB 3
KKUX 0
KLNH 0
KLQY 0
KLTS 0
KMHQ 0
KNXF 0
KPAN 0
KQYY 1
KRLW 0
KRRZ 5
KSBT 5
KSTX 0
KTIT 1
KUMP 0
KUQY 4
KVGD 1
KVKZ 0
KWDK 3
KWHQ 0
KWTI 3
LAIT 0
LBPN 0
LDHU 2
LEBJ 1
LECI 4
LEMH 0
LGNF 0
LGNH 0
LHHY 0
LHSK 0
LHZN 0
LISK 1
LJBS 109
LJDY 0
LJJJ 0
LKIO 32
LKVR 6
LLMS 0
LLRX 0
LLVL 0
LNBJ 0
LNEO 0
LNIT 0
LNJT 0
LOHT 0
LOIN 0
LOQP 1
LOYO 16
LPGE 1
LQCE 16
LRIG 1
LRVS 0
LSBR 0
LSUB 0
LTBL 1
LTDJ 146
LTQA 1
LTWT 4
LUKA 3
LULT 5
LUXB 0
LVJG 0
LWHA 0
LWNU 1
LWSE 0
LXRV 0
LXZW 1
LYJW 1
LZDX 0
MCZZ 4
MEAP 0
MESO 0
MGSF 20
MGTE 0
MIEJ 2
MIUB 23
MIWO 1
MIXU 1
MJUV 0
MKGV 2
MKQH 4
MLRX 1
MLWK 0
MMZX 0
MOEV 1
MOJS 0
MOOU 0
MORL 10
MPCW 0
MPLQ 3
MQKB 1
MREF 5
MRER 2
MTBP 8
MTFB 7
MTLO 1
MUOM 5
MVNT 15
MWZH 1
MXKK 0
MXVE 0
MYZW 4
MZZQ 1
NANA 0
NAVB 1
NCQM 0
NCQT 0
NCUC 0
NCZY 0
NDNF 0
NDPV 1
NEXY 9
NFLG 0
NHGN 4
NIMK 0
NKEI 8
NKMD 9
NLCS 0
NLIP 0
NNDP 2
NNOE 112
NNTM 0
NNZN 3
NOSE 0
NOSY 0
NOZX 0
NPRD 0
NPSH 0
NQQX 23
NREJ 0
NRUS 0
NSML 0
NTMM 0
NTVY 1
NUVE 1
NVBQ 9
NWCP 0
NWCV 1
NWOS 0
NWZU 0
NXHV 0
NZHC 14
OABC 0
OALX 54
OASY 1
OAVJ 6
OBKN 2
ODHA 0
ODSQ 1
OEDV 2
OEJX 1
OFVI 10
OGQY 0
OGUP 0
OGVF 0
OGYR 7
OISZ 0
OJFQ 0
OJKD 7
OKDY 1
OKJA 0
OKOO 0
OLWU 23
OLZS 2
OOMI 1
OPHH 1
OQCJ 3
OQUC 0
ORRP 8
OTGB 1
OXDO 0
OYCX 7
OYOV 11
PAID 6
PBQF 0
PBXZ 0
PDDD 0
PDOB 3
PEDN 0
PEEI 0
PEQK 1
PFGR 0
PHBI 1
PHDJ 0
PHTB 17
PHYS 1
PIGD 5
PIGJ 5
PITB 0
PIWL 3
PJDS 3
PLLB 0
PLXJ 0
PNHH 1
PPFY 0
PPLC 0
PPWB 1
PRDD 3
PRNU 0
PSIO 0
PSMI 0
PSSG 0
PTWD 4
PUCV 3
PULM 8
PUUN 0
PUWB 3
PVBU 0
PVEF 2
PYWJ 19
PZSP 0
PZSX 0
QAOW 0
QAPO 0
QART 61
QAUW 222
QBHW 4
QBVX 1
QBYP 45
QCGO 5
QCTF 0
QDZD 2
QEGF 55
QEKK 0
QENX 0
QEON 0
QFEM 0
QFLD 0
QFSO 1
QGLI 0
QGYG 14
QHLI 0
QIFW 197
QIHI 2
QILH 0
QKGR 0
QKIH 0
QLBP 0
QLGR 2
QLIK 0
QLSZ 10
QMFL 1
QNAB 0
QNQY 3
QNTO 1
QNUN 3
QORJ 0
QPBW 1
QPGG 4
QPXA 0
QRKC 0
QSFZ 57
QVWE 0
QVZU 0
QWPW 1
QWVS 1
QWYV 3
QXDU 0
QYTG 0
QYXV 0
QZVA 20
RAIO 0
RAPT 0
RAZJ 0
RCFR 0
RCHA 0
RDBW 17
RDEP 997
RDHA 0
REKP 0
RFLL 0
RGNA 0
RGTO 0
RHKZ 6
RIFS 0
RINM 0
RIWM 0
RJEI 0
RJIL 1
RJMQ 4
RKTB 3
RKTG 3
RLIV 3
RLUG 1
RMMX 3
RMXU 6
RNPQ 1
RNRB 0
ROOI 0
RPAM 4
RRGY 0
RRPF 1
RRTP 18
RSYZ 2
RSZW 0
RTAW 0
RUED 2
RUPH 0
RWHH 0
RWJO 1
RWSB 2
RWVS 5
RXJE 3
RXKZ 0
RXSO 6
RYNR 1
RYYL 1
SABQ 0
SDIM 11
SDNF 4
SEBU 2
SELR 1
SENK 1
SFAF 4
SFCM 0
SGMT 0
SHJL 1
SHON 0
SJLR 0
SJSK 0
SKJG 0
SKVL 0
SLJV 2
SLNR 0
SLOR 5
SMGH 7
SMLV 0
SMRL 2
SNNL 0
SNUV 7
SOGR 1
SORA 0
SRKY 3
SRVY 0
SSKU 1
SSTK 0
STAI 6
STYB 0
SUYR 4
SVDH 0
SVWZ 0
SWBU 1
SZGT 4
TCIP 42
TDTF 0
TFBC 1
TFET 1
TFGD 0
TFUZ 0
TFVL 0
THBF 0
THGN 20
THJE 20
THTF 0
TIKN 0
TIMW 30
TJBK 0
TKEH 0
TKYE 0
TLKU 0
TLVP 8
TNIQ 0
TOCH 2
TPBC 4
TPGW 0
TPYD 2
TPZR 0
TRRH 0
TRTV 0
TSCR 0
TSOU 19
TSXN 1
TTOP 166
TUJR 3
TUKL 1
TVBO 0
TVMB 1
TVPH 0
TWDH 0
TXLE 0
TXTC 1
TYAB 0
TYED 0
TYQS 6
TZRE 3
TZVN 1
UBGL 4
UEAD 1
UETR 0
UFSZ 2
UGXG 0
UHBW 0
UHLB 0
UHTV 22
UIGK 3
UIKJ 19
UKCL 0
UKLR 0
ULGD 0
ULLV 181
UNII 0
UNNE 0
UNQN 6
UOHL 2
UORT 2
UQAF 4
UQBK 2
UQLA 5
UQLV 6
UQOY 0
UQTW 7
URBG 13
USBH 2
USGO 0
USJP 7
USLB 0
USPZ 2
USVS 1
UTFN 2
UTGY 0
UTZG 1
UUSL 2
UUWQ 0
UVPQ 1
UVRZ 0
UWNW 4
UYIM 1
UZVO 0
UZXN 1
VACE 1
VCPR 0
VCVR 0
VDEL 1
VEGK 0
VEUH 0
VEZM 2
VGNT 0
VGPG 0
VHEY 0
VHUH 9
VHZD 0
VIDZ 0
VJFP 0
VJPK 6
VKXM 0
VMDP 16
VMEX 1
VMUW 8
VOFD 0
VPHB 0
VQAB 1
VQLB 0
VSWV 0
VUOI 0
VVZK 0
VWOL 0
VWVP 144
VXHC 9
VXMG 0
VXPP 13
VXUY 0
WBCY 77
WCJH 2
WDVK 228
WGMQ 0
WHND 0
WIFU 1
WING 0
WIVH 0
WJEC 0
WKCM 2
WKXP 0
WLDT 2
WLQH 0
WMXP 0
WNIH 0
WOHK 1
WPMI 0
WPXT 0
WRBA 0
WTBR 0
WULR 1
WURG 1
WVCN 5
WVLP 0
WVSE 0
WWCH 0
WXHH 1
WXMB 0
WXVM 3
WYAY 43
WYTW 0
WYYF 60
WYZZ 0
WZII 1
XCAW 0
XCMF 0
XCTX 2
XDGC 24
XDLC 2
XEDI 0
XEWN 1
XFAC 0
XFET 3
XGDE 0
XGEH 0
XGMX 0
XGZA 0
XHTA 0
XIUN 0
XJAP 2
XJEN 2
XJFH 2
XKBS 0
XKKY 4
XMLT 0
XMQD 10
XMTM 2
XNAF 0
XNAZ 1
XOKU 1
XOTL 1
XQEV 0
XRVI 12
XSIV 3
XSNB 3
XTJO 7
XUMI 0
XUUQ 1
XVTS 1
XVXN 2
XWIN 1
XWZB 5
XXOH 1
XYFZ 2
XZPF 0
YALG 0
YCII 5
YCSK 4
YFOI 1
YGWK 3
YHHH 0
YIPH 2
YLTW 0
YMAL 1
YMBL 0
YMQU 0
YNFM 0
YNHF 2
YNLJ 1
YOVI 5
YOXE 0
YPKU 3
YPQB 9
YPVV 1
YSXU 0
YTCM 0
YTQI 2
YUJF 62
YVQV 0
YVXU 1
YWLP 1
YXFK 0
YXSO 0
YYPF 1
YYSP 0
ZBFI 0
ZCDC 0
ZCRJ 1
ZDML 68
ZDTQ 0
ZDZB 0
ZEZV 0
ZFHV 1
ZFTE 0
ZGKF 5
ZHIR 12
ZHJI 14
ZJPI 0
ZJSH 2
ZLAB 1
ZMTZ 0
ZMZT 0
ZNFM 7
ZNFZ 0
ZNNP 0
ZNZF 0
ZODI 0
ZPGR 22
ZPPX 2
ZQGY 2
ZQTX 1
ZRIT 0
ZRUW 0
ZRVP 18
ZRVV 1
ZTFV 0
ZTIU 8
ZTTO 0
ZUOK 1
ZVSR 0
ZWCV 6
ZWDW 1
ZXGC 0
ZXVL 1
