AAZG 1
ABSB 0
ACML 0
ADHO 0
ADSI 0
ADTB 0
AEQZ 9
AFKI 1
AFLI 1
AIHZ 0
AJIJ 2
AJSS 2
AKMC 2
AKNU 1
AKRH 1
ALBS 0
AMDL 1
AMLO 0
APBV 1
APTX 1
AQAS 1
AQJA 0
ARCH 0
ARNV 0
ARRN 2
ARSL 1
ASEP 0
ASRR 0
ATGY 12
ATJF 0
ATYI 3
AUAK 0
AUBT 3
AUVT 0
AUZH 0
AVOQ 0
AWMS 0
AXFA 0
AYBF 0
AYPP 4
AYSC 2
AYSL 1
AZAY 0
AZIT 0
AZJO 0
BAMG 7
BAXA 0
BBEM 0
BBHP 3
BBJS 1
BBVR 15
BCDQ 1
BCVZ 1
BEIT 0
BELG 1
BERZ 1
BEYL 0
BFRT 6
BHEB 0
BHFU 2
BIEM 0
BIHA 8
BIKT 0
BKSY 2
BLBV 1
BLOC 0
BMQC 1
BMTW 1
BMZN 2
BMZR 0
BNOG 0
BNWU 0
BOCA 10
BPAU 0
BPRC 4
BQAD 0
BQBV 6
BRVB 0
BRYU 0
BSBT 0
BSTS 1
BTUA 4
BVCR 20
BVKO 1
BWDX 0
BWSZ 1
BWUS 0
BXDJ 0
BXQJ 0
BXQP 3
BXSI 1
BXXK 0
BYAP 0
BZII 1
BZXM 0
BZXQ 0
CAIZ 0
CAQO 1
CCOC 4
CCOX 0
CCZL 0
CDDN 1
CEAL 2
CEPT 0
CETN 2
CEUB 0
CEVL 7
CFDS 2
CFGN 0
CFOH 9
CFWZ 1
CGAD 2
CHWX 0
CJCT 0
CKEK 6
CKZA 12
CKZZ 7
CLES 1
CLKY 1
CLZZ 0
CNPF 1
COGF 7
COVE 0
CPRX 0
CQBV 0
CQNR 7
CRGM 14
CSKH 0
CTGA 10
CTJT 2
CUHB 0
CVHN 0
CVLQ 1
CWJW 0
CWZJ 0
CXFX 3
CYRB 0
CZFN 0
CZNI 0
CZXN 1
DBIQ 0
DCNV 1
DCTM 0
DCUT 2
DCYY 0
DDEP 0
DDHG 2
DGJU 5
DGSI 0
DHSD 1
DIIW 4
DIJF 1
DJJI 0
DJLG 0
DKBR 0
DKWC 170
DLCI 1
DLIX 0
DLKK 0
DLXB 4
DMMW 1
DMPH 0
DMVR 1
DMYQ 0
DNTG 0
DONH 0
DOUI 0
DQBX 0
DQCS 0
DQRN 0
DRHJ 0
DRNI 2
DSAZ 6
DSCX 0
DUWT 0
DVNT 14
DWDL 0
DWFM 1
DXBH 9
DXCL 0
DXRA 0
DYCT 1
DZBM 0
DZYR 1
EAFF 0
EANY 0
EAUC 1
EBIW 10
EBMI 15
EBMP 0
EBPL 0
EBYF 2
ECNY 6
ECRI 0
EEEU 4
EEKM 13
EGZF 4
EHFK 3
EIEI 1
EIHW 0
EILS 2
EKAD 0
ELGH 3
ELMI 5
ELNC 0
ELND 0
ELYR 0
EMEK 0
EOMM 0
EPRC 0
EPSS 2
EQCP 2
EQIV 2
EQWR 0
EUNS 1
EUSF 0
EWFC 0
EWMP 1
EXOS 54
EZIE 0
FANY 21
FBGM 0
FBJP 0
FBLG 35
FBUC 0
FEOO 8
FFNW 0
FHFM 0
FINV 0
FJHC 0
FJQF 2
FJYY 0
FKYU 2
FLBH 1
FMOM 0
FMPO 0
FMXG 0
FNOQ 10
FNVQ 20
FOYJ 2
FQEC 1
FQQH 0
FRET 1
FSDY 2
FSJG 0
FTTX 8
FUOC 0
FUON 4
FVAX 2
FWEQ 2
FXJT 0
FYBZ 998
FYWV 1
FZQL 0
GAKW 0
GAQD 1
GATU 2
GCDJ 3
GDBF 15
GETA 2
GEXJ 4
GFTZ 2
GGBE 1
GGJE 1
GGUH 2
GIFX 1
GIIX 4
GJFN 0
GJHJ 5
GKCZ 41
GKIU 0
GKTP 0
GKZM 0
GLAU 10
GLKT 0
GMQL 3
GOLP 1
GOMM 1
GPQP 1
GQDS 2
GQHX 0
GUSE 2
GVRR 0
GVSI 0
GVZY 0
GWLR 0
GWNW 0
GWRI 0
GXNA 1
GYGC 42
HAEV 1
HCBC 1
HCEB 0
HDKI 0
HEQK 3
HEQW 0
HFQW 0
HHWC 3
HIBS 2
HJPE 0
HJSR 183
HJYI 0
HKYK 0
HKYT 0
HLER 1
HLMZ 2
HMKP 1
HMLG 0
HMUQ 1
HNAN 1
HNYW 0
HPFS 0
HPWM 0
HQSR 3
HREF 0
HRQP 0
HTUL 0
HUAE 0
HXEN 1
HXFW 1
HZEO 3
HZFS 1
IAEU 3
IBDI 1
ICLV 3
ICTY 8
ICWT 1
IDBG 0
IDTP 2
IEWR 0
IFCI 1
IGHG 4
IGTZ 6
IHAV 43
IIHN 74
IIHY 5
IJIY 0
IKBP 1
IKGX 0
IKMY 3
IKUQ 0
IMJD 0
IMLY 0
INRW 0
INUM 0
IPGE 8
IPHW 0
IPVB 2
IRFQ 1
IROP 0
ISCC 0
ITDX 0
ITNU 1
IUVZ 0
IVFC 22
IVYN 0
IVZT 0
IWGC 0
IWXU 2
IXHD 0
IXIK 0
IXLG 6
IXQR 0
JAZA 0
JBKA 0
JBUG 0
JCAS 0
JEFB 2
JEOO 7
JFHS 0
JFLI 4
JFPH 0
JGGS 0
JGJB 0
JGNX 0
JHZO 0
JIRM 0
JJKQ 5
JJSV 0
JKKR 0
JLAN 1
JLAU 0
JLKF 3
JLKN 0
JLXZ 0
JNVD 0
JPVU 1
JPXQ 10
JQGJ 1
JQOY 0
JSDU 11
JSRY 6
JTAR 0
JTSR 0
JTYJ 1
JTYL 0
JTZM 1
JUJI 0
JVLJ 12
JVNA 0
JWAB 2
JWDH 0
JYOX 0
JYTG 2
JYVE 0
JZEN 0
KADH 2
KAJH 2
KBFT 0
KCQP 2
KCSS 0
KFYQ 0
KHKM 1
KIXI 0
KJAH 1
KJWJ 0
KKHI 0
KKNW 0
KLQI 0
KMVZ 17
KNFG 0
KNRH 0
KNUI 1
KOHS 11
KOPP 0
KOWX 0
KPPA 7
KPWZ 0
KQOK 0
KRDE 1
KRLZ 2
KSBU 3
KSPR 0
KSQM 1
KSTD 0
KTAO 0
KTRL 2
KUGS 2
KVUD 3
KWAR 5
KWBF 5
KWWS 0
KXAJ 0
KXAN 0
KXXD 0
KXYG 0
KZZB 1
KZZT 0
LARM 14
LBUM 10
LDXF 0
LELW 3
LETW 0
LFJD 0
LFLZ 0
LFOU 0
LFPJ 0
LGRX 0
LHGJ 5
LHZH 0
LIKD 0
LIZG 0
LJRX 9
LKPB 8
LKQM 0
LKQN 0
LNOU 0
LOPI 0
LOPN 6
LOTF 0
LPTH 10
LPYE 17
LQPI 0
LUGU 0
LUJJ 1
LUOR 0
LUVP 8
LUZW 0
LVFH 3
LVGV 0
LVHM 37
LVMN 0
LVQF 1
LWMS 0
LYGS 0
LYJM 0
LYOE 0
LZJE 2
LZUG 0
MBZZ 0
MCOC 1
MDEV 18
MHSY 1
MIAR 1
MIFB 2
MJDF 3
MJOV 3
MKGT 5
MKIJ 0
MLJY 1
MMHU 0
MNND 0
MOCJ 0
MPHN 0
MPQM 0
MRGI 0
MRLD 0
MUWX 9
MVRX 0
MWAB 0
MZNX 0
MZOY 0
NAHB 3
NCLX 10
NDZK 0
NEER 0
NFYK 0
NFYZ 0
NGRQ 4
NIBA 0
NJGC 29
NJUJ 7
NNXX 1
NPHY 1
NPLP 1
NPUH 0
NRDH 0
NSLZ 0
NSUS 0
NTPR 0
NUQC 19
NUTC 51
NWRA 0
NXQY 5
NZAR 7
OBXO 1
ODFU 1
OECM 0
OEPJ 7
OHPP 0
OHXF 10
OIGG 1
OJFV 0
OJIS 1
OJVA 2
OKLW 0
OLOI 0
ONXG 1
OOEJ 20
OOKH 0
OREZ 50
ORJU 1
ORTO 8
OTNL 0
OVWP 0
OWFX 5
OWIK 0
OWXJ 0
OXKR 0
OXNI 33
OYKS 5
OZTZ 3
PAEC 0
PALZ 6
PAUL 2
PAUR 0
PBDL 17
PBFS 0
PCKJ 0
PCWZ 4
PDET 0
PDQA 5
PDSS 2
PDSU 0
PDTP 0
PDVF 0
PEHW 1
PGKG 149
PHDE 1
PHLU 0
PIJA 27
PIMV 0
PJLJ 1
PJPV 1
PJTK 0
PKXV 0
PLAE 0
PMBN 40
PMRX 0
PNEY 6
PNWJ 0
POAK 0
POGF 175
POMZ 0
PPDT 9
PRBP 0
PRLZ 1
PSEB 0
PSEM 4
PSMI 0
PTHI 0
PUAO 2
PUEB 2
PUMC 10
PVKO 0
PVVA 0
PXVS 2
PXZP 1
PYHZ 57
PZNM 0
QAJG 0
QAQL 1
QARG 0
QCDA 0
QCDE 4
QCFZ 0
QCNH 0
QDVA 0
QEAR 1
QEGF 2
QFJZ 0
QGTI 0
QGVL 0
QHHI 1
QHRV 0
QHTW 0
QICN 0
QIGX 1
QISV 0
QJBA 11
QJHU 0
QJUC 0
QKET 2
QKSF 0
QLVA 9
QNTM 0
QOPO 11
QQDL 3
QQMW 6
QQWZ 1
QRQB 0
QTRY 1
QTWF 0
QUDF 0
QUML 1
QUTW 2
QUYU 0
QVQM 1
QVTI 1
QWAI 3
QWJM 0
QYDN 3
QYHH 0
QYRD 1
QYRW 0
QZMJ 1
QZOO 0
QZZW 6
RBXE 1
RCUA 8
REFU 0
RFPM 14
RGJR 0
RJWO 0
RKEI 0
RKRQ 0
RLVD 0
RLWS 0
RMPP 19
RMPW 0
ROBW 18
RQHV 6
RQZL 0
RRIK 11
RSGX 34
RSPI 6
RSWQ 0
RUFB 0
RUJR 0
RUOD 0
RVFY 0
RWMO 0
RXAU 0
RXUQ 1
RZSE 2
SAFW 0
SBVF 1
SCWT 6
SDGL 2
SDMU 1
SFJO 0
SHEE 1
SHLG 0
SHRC 0
SLAR 0
SLGM 0
SMTF 1
SNKW 16
SORA 2
SOUD 0
SOVH 0
SPJS 0
SPJU 1
SQFT 0
SQGE 0
SRXZ 1
SSBY 0
STHQ 1
STHR 0
SUAV 2
SXLW 17
SXPQ 3
SXSO 9
SXYL 2
TAFZ 2
TBHP 10
TCMF 3
TDBI 12
TDFY 2
TDPO 0
TEHN 5
TELU 0
TFOE 1
TFOT 0
TGOO 0
TGOQ 44
TITY 3
TIUW 0
TJAR 0
TJWB 9
TKJL 8
TNKS 3
TOAL 0
TPPK 0
TPSM 2
TQWZ 0
TRBR 0
TRET 0
TRFZ 0
TRQF 2
TSFB 1
TSNP 761
TSRA 1
TTKB 0
TTYT 5
TUTZ 0
TVDX 0
TVRC 8
TWJJ 0
TXHM 0
TYXQ 0
UAKB 0
UASF 0
UBAW 0
UBJS 0
UCNN 27
UCQT 0
UDCV 14
UDWM 1
UETW 0
UFFS 1
UFUT 1
UGJM 3
UIUO 2
UJKN 0
UJML 0
UMZX 11
UNRR 0
UNVH 0
UOFX 0
UPBB 2
UPNJ 3
URBG 0
URXH 0
USBD 3
USPQ 1
USVS 1
UTWI 2
UUBM 0
UUFK 0
UUIO 0
UUKV 0
UUVH 0
UVYX 2
UXGI 0
UXVR 1
UYTV 5
UZKH 1
UZMG 152
UZWJ 2
VCSY 0
VCXC 0
VEDI 0
VERJ 5
VFBE 0
VFRB 2
VFXJ 0
VGGS 0
VGRO 0
VICT 0
VIFE 6
VIRO 6
VIVL 4
VJIP 0
VJLB 2
VJOA 0
VJUG 0
VJVZ 0
VKHR 0
VKPD 0
VLJE 0
VLKU 0
VLRW 0
VLUS 3
VMZC 1
VOHW 1
VOXJ 0
VOYD 0
VPGJ 5
VPXQ 3
VQFK 29
VQPJ 1
VRHW 0
VRWV 43
VTLF 21
VTWO 2
VUGY 0
VVIH 6
VWGK 2
VXAK 0
VYWJ 0
VZDW 2
VZPO 21
VZZJ 0
WAGY 78
WANY 0
WATN 8
WBRK 0
WCAX 0
WCNQ 0
WDJY 1
WDSZ 3
WEFT 4
WERY 0
WFHH 5
WFIS 0
WGYV 3
WHWV 0
WIMO 4
WKIQ 4
WNMC 7
WNQP 0
WNUX 3
WOVP 3
WOYT 0
WPWT 4
WQYF 0
WRAM 28
WRCI 0
WRND 1
WSGW 0
WTGF 0
WTHM 0
WUBT 0
WURF 4
WVDO 13
WVFL 0
WVQG 0
WWLJ 0
WWOO 10
WWWD 0
WWYC 6
WXNA 16
WYDO 1
WYEI 1
WZFN 0
XCPE 13
XCUK 0
XDSN 0
XDTA 49
XFJQ 2
XGKO 1
XGLI 0
XGQS 3
XGYR 12
XHEI 0
XHZS 3
XIJN 1
XIOA 0
XIPW 2
XJFT 1
XJPM 2
XKCW 1
XKOV 0
XKTT 0
XKWJ 41
XLFD 5
XLVL 0
XNSC 0
XPPT 2
XQND 1
XRBB 0
XRDI 0
XRGX 1
XRHR 2
XRLR 0
XSLJ 0
XSVU 16
XTRA 0
XUJP 11
XUVS 49
XVPI 1
XVRA 1
XWOD 26
XWRI 0
XXDC 0
XXRO 1
XYGA 7
XYRI 1
XZCL 5
XZGF 2
XZWB 0
YAJD 1
YAKH 4
YALN 0
YANG 0
YAPB 0
YBRH 4
YCNT 4
YDDV 0
YEHC 1
YFGT 0
YGTR 1
YGWB 0
YGXV 2
YHIN 42
YIIJ 0
YIME 0
YITX 9
YIVB 0
YJES 0
YKJM 29
YLUL 3
YOIA 0
YOKY 1
YQOG 5
YQSJ 0
YRGQ 0
YRRP 0
YSWC 7
YTSM 0
YUBI 0
YUYW 1
YVUF 0
YWEM 0
YWPR 2
YYSG 3
YYSL 0
YZVN 0
ZBAA 0
ZBYI 4
ZCBT 0
ZCTR 11
ZCZR 0
ZDNB 1
ZDNX 2
ZENE 1
ZFVD 1
ZGQP 1
ZGTI 0
ZGTO 0
ZGVT 12
ZHOW 0
ZIAV 0
ZIKO 0
ZIZB 0
ZJES 1
ZLER 1
ZLPL 221
ZMMJ 0
ZMZP 3
ZNIN 1
ZNIT 0
ZNSC 0
ZOSP 15
ZPET 5
ZQLZ 7
ZQQX 0
ZRAC 1
ZSVF 3
ZUJE 3
ZUYD 0
ZVBL 56
ZVLW 10
ZVXI 0
ZWHL 0
ZXMS 1
ZYGL 0
ZZTK 0
