AAZO 0
ABTE 11
ABTQ 2
ABYG 11
ACRE 0
ADFI 1
ADFT 0
ADMP 0
ADZT 0
AFYQ 3
AGOH 0
AIRK 0
AITS 0
AJES 0
AKMN 6
AMGK 1
AMPQ 0
ANBQ 0
AOZB 8
APAK 0
APJG 4
AQPQ 0
AQUE 3
AQXH 7
ASFJ 0
AUMC 0
AVQF 1
AVVE 9
AVZJ 1
AWQL 4
BAAX 2
BAFX 15
BBBH 0
BBOE 3
BBQO 0
BBZB 0
BCAP 0
BCCB 0
BDHK 1
BDTK 3
BEYM 8
BFGT 6
BGEW 0
BGRY 1
BGTZ 1
BHJL 5
BHVI 5
BJMT 1
BLEB 0
BNJC 32
BNLC 0
BNZL 40
BODQ 2
BOWZ 0
BQDR 2
BSCY 2
BSFV 1
BTNO 0
BTVY 0
BVHQ 1
BVYV 0
BWSV 9
BXRO 22
BXYS 2
BYMH 0
CBDO 1
CCHB 2
CCUL 0
CDAQ 1
CDCV 22
CEPB 0
CEQP 5
CEYA 0
CFQS 2
CGAD 0
CGGM 2
CIPP 0
CIQK 1
CITT 1
CKCF 1
CLRZ 0
CLTM 3
CMQR 7
CNDR 0
CNOR 0
COBG 0
COCQ 0
COEH 3
COVE 0
COWE 0
CRQC 0
CSDC 0
CSYC 1
CTDZ 0
CTJT 3
CTLW 0
CUDY 2
CVZX 0
CWRF 1
CWXR 0
CXDT 0
CXTM 0
CYAF 0
CYWR 0
CYXA 0
CYXM 0
CZEK 1
DCWM 0
DDBH 0
DDXN 1
DEMJ 0
DEWP 8
DGDN 2
DGML 9
DHMN 0
DIPU 1
DIVD 1
DJKK 33
DKAV 13
DKVY 1
DLOE 0
DLZB 0
DMCS 1
DMDZ 1
DMYZ 2
DNMJ 0
DNPL 3
DNPV 2
DNVA 14
DNVN 0
DOIE 12
DPST 7
DPUY 1
DPXH 1
DRLO 0
DSCW 1
DUAW 0
DUFH 0
DUWP 0
DVQQ 1
DXAA 16
DXGR 4
DYHD 10
DYJS 0
DZBQ 1
DZTD 78
DZXP 15
EANV 0
EARP 0
EATC 0
EAUQ 0
EBGX 2
EBQG 0
EBYG 1
EDVL 1
EEGI 217
EFTN 0
EIAH 0
EIHN 506
EIOC 14
EJKG 0
EJLP 17
EJRL 2
EJWB 1
EKMN 1
ELKB 0
ELXC 0
ENCA 0
ENNN 1
ENOS 0
EOGZ 1
EOOK 0
EPFK 0
EQZI 1
EUQB 0
EWAS 0
EYOD 0
EYOW 0
EZCH 0
EZJL 9
FAOO 0
FBXZ 1
FCAB 0
FCNX 0
FCOX 2
FCTJ 2
FEHX 0
FESL 0
FESR 0
FFQD 5
FFZQ 0
FGQD 0
FHPY 0
FIDC 1
FKPU 0
FLIT 1
FNQC 0
FNQT 0
FNVU 1
FOBN 0
FPHK 0
FQHN 0
FQLQ 0
FQMJ 0
FQYY 0
FRQH 0
FRQW 1
FSOE 6
FSOJ 0
FSOP 0
FTVH 0
FTZG 0
FULB 1
FUYX 0
FVOB 3
FWAB 3
FXJM 0
FYBR 0
FYHL 0
FZEZ 2
FZFM 0
FZFV 0
FZVI 0
GASW 0
GATC 0
GBPX 0
GDQA 4
GEHT 0
GEKX 2
GELU 4
GENH 0
GEQX 1
GEYE 0
GFMG 4
GFPX 2
GGWJ 0
GHDN 4
GHMN 0
GHPI 0
GIHF 0
GJFW 0
GJLE 0
GKDK 0
GNBT 10
GPVM 3
GQDT 0
GQIH 0
GQKJ 20
GQTU 6
GRAF 0
GRCN 0
GSEK 20
GSKL 2
GSWX 6
GUAW 3
GUKW 2
GVCY 0
GVTP 1
GWKI 0
GWVM 0
GWWR 0
GWYT 0
GYAP 1
GZAZ 0
HANU 0
HBAP 0
HBQT 0
HCAY 0
HCBY 165
HCFT 14
HCIA 3
HFSA 4
HGKZ 0
HGWR 1
HHCU 0
HHNS 0
HIIT 4
HJEI 0
HJHV 6
HJKY 27
HJMK 0
HKER 0
HKNQ 0
HKTN 3
HLQH 9
HMDW 1
HMSF 1
HMUX 1
HNGK 0
HOHW 0
HPQY 0
HQQA 3
HQRZ 1
HQWE 3
HRDO 5
HRVS 0
HSNP 0
HTPR 4
HTRT 6
HUID 3
HUON 2
HURF 0
HUYH 1
HWLT 2
HXDG 0
HXIP 1
HZZP 1
IAGH 0
IBIN 7
IBSM 0
IBVO 1
IBXU 1
ICKO 1
ICPC 1
IDKK 5
IDUM 1
IEAH 5
IFFW 0
IFTN 0
IIAY 9
IIDU 2
IIML 4
IIRZ 0
ILJK 3
ILLT 0
ILPW 3
IMXM 0
IPCX 0
IPQP 2
IPYG 0
IQRT 3
IRCJ 1
ISIN 17
ISJA 1
ISJR 0
ISYL 1
ITYS 0
IUIX 0
IVHU 3
IWRT 9
IXHG 0
JDFH 3
JDUA 1
JDUL 135
JFLN 2
JFRQ 0
JGQK 2
JGXB 18
JHLJ 36
JJAA 0
JJAZ 770
JJKR 0
JKLT 228
JLCN 0
JLJQ 0
JMHE 1
JMLD 2
JMSA 0
JMYG 0
JNES 3
JOJZ 1
JQSX 1
JRLI 46
JRMH 0
JSCZ 0
JSOZ 2
JUKY 0
JUYV 2
JWPT 0
JYEP 0
JYYG 10
JZCM 40
KAOJ 0
KDUO 0
KEPL 147
KFIP 5
KFVL 0
KGCG 61
KGKN 0
KHFF 0
KHOF 1
KHOP 4
KIIN 0
KIWI 0
KJAC 2
KKLD 1
KLPW 0
KLQM 0
KMVS 1
KNCP 0
KOJY 0
KPHS 2
KPVL 0
KREY 0
KRMS 0
KRTX 8
KSES 0
KSNP 0
KSPV 0
KSXD 0
KSXN 0
KTDB 7
KTPP 2
KTTC 0
KUXG 2
KVSV 0
KWHL 6
KWHT 7
KWJP 4
KYKW 1
KYRM 0
LACJ 0
LAPG 1
LEEL 0
LEGU 0
LFBD 0
LFHQ 0
LFID 0
LGCH 0
LGCI 84
LGEB 2
LGGX 24
LGJS 0
LHBH 0
LHJO 1
LHVI 0
LHYH 18
LJCS 0
LJIL 0
LJVT 1
LJZT 1
LLAE 0
LLGV 0
LMAW 0
LNGD 52
LOMN 9
LPNW 0
LPQS 18
LQOA 0
LQOQ 3
LQPS 0
LUSO 4
LVJO 3
LVRL 0
LWCZ 0
LWIZ 31
LXFR 0
LXGN 1
MAFG 0
MAOT 0
MBAI 2
MBKO 0
MCEI 5
MDDY 0
MDLW 0
MDNI 1
MDYO 0
MGRJ 3
MIAB 0
MJMY 23
MKDU 1
MKOV 0
MLCN 0
MMCV 0
MMXW 1
MNNL 9
MNPU 0
MPAI 0
MPNL 3
MPTU 0
MQFA 0
MROM 1
MRRM 2
MTBR 0
MUES 7
MUIL 0
MVFF 0
MVXQ 0
MWBI 1
MWHY 2
MWVR 2
MXMA 0
MXMW 4
MXYB 42
MYIN 1
MYZU 1
MZEY 0
NBCQ 0
NBEC 0
NBNT 4
NBVA 0
NBVN 1
NDXJ 5
NDZE 1
NEEN 3
NELW 0
NFJJ 0
NHCH 3
NHDT 0
NHHC 3
NHJE 0
NIFH 0
NJRU 13
NJTX 0
NKEV 2
NLGM 0
NLIT 4
NLWZ 0
NMIZ 45
NMMI 2
NNLO 0
NOEM 0
NOOO 0
NPRG 0
NPSP 1
NPYA 0
NPYL 3
NQAA 0
NQSQ 0
NSAV 0
NSJL 14
NTPK 2
NTSJ 0
NTWB 126
NUXM 0
NVRX 0
NWAW 0
NWBE 0
NZTF 1
OACB 5
OBPT 19
OBTW 0
OBUM 2
ODRU 0
OFBF 0
OFQH 0
OFRH 0
OFXV 0
OGCT 1
OGQS 0
OGSH 0
OHGG 3
OHVE 0
OIET 0
OJSB 12
OJZO 2
OKFK 16
OKMM 0
OLBK 0
OLHR 0
OLLW 3
OMHD 4
ONAG 8
ONBU 0
OOLZ 0
OOWK 0
OPKM 3
OPOM 3
OQFR 0
OQPL 0
ORCY 1
ORMW 2
OSGQ 0
OSVO 4
OTCT 0
OUEF 0
OUGS 0
OUNN 2
OUSL 5
OVMO 2
OVOR 1
OVPW 0
OVVU 0
OWGZ 1
OXMS 1
OXXE 0
OZBR 57
OZJB 0
PCCU 2
PCDH 59
PCHY 0
PDSK 18
PDTQ 3
PEWK 0
PFUW 0
PHWG 0
PIJS 1
PIOL 1
PIQD 2
PJYG 0
PLIO 3
PLKI 2
PLVN 0
PMAM 2
PMBH 0
PMMW 0
PNGB 0
PPSQ 0
PQJY 1
PQON 0
PRQQ 1
PTGC 18
PUJH 0
PUZA 0
PVPH 1
PVXH 8
PWAL 0
PWCJ 1
PWCW 0
PWZD 1
PYOL 0
PZIF 0
PZVH 1
QAPC 0
QBVL 1
QCES 2
QCIS 1
QCTL 3
QDCZ 0
QEII 23
QERR 2
QEYG 4
QGHP 0
QGPQ 0
QGTU 0
QHCS 1
QIMD 1
QJHL 1
QJHQ 1
QJQN 4
QKAP 7
QKJS 0
QKUI 1
QMBO 0
QMGW 4
QMRK 2
QNDU 2
QOKF 0
QOOA 0
QQNL 0
QTHC 0
QUFT 2
QURD 1
QVKK 5
QWWU 2
QXEX 0
QYDW 0
QZFI 0
QZVJ 1
QZYI 2
RBGU 0
RBRW 0
RCSH 0
RDDH 0
RDVQ 3
REKC 0
REKO 1
RFDM 5
RFUE 2
RGVZ 1
RGXN 18
RHAL 0
RIDJ 0
RJDW 0
RKFY 15
RLMJ 5
RMVQ 7
RMYW 0
RNAO 0
RNNQ 0
RNPM 3
RNQF 34
ROCN 1
RONG 1
RPKN 3
RRXZ 1
RSJK 6
RSJV 11
RSOI 0
RSSW 0
RTJU 2
RTKY 0
RUGY 4
RUJE 0
RVWH 2
RWFR 2
RWKS 0
RXUH 0
RZTC 0
SABL 0
SCHZ 1
SDTZ 3
SEAE 1
SETF 28
SFUG 3
SGYF 0
SHPP 0
SJTJ 0
SKJD 0
SMHP 1
SMYX 0
SOJR 0
SOWQ 1
SPPD 0
SQWS 4
SRLM 51
SRXX 0
SSUR 7
STYI 1
SUYL 2
SVCW 3
SVUH 0
SXHC 0
SXTT 3
SXUG 13
SXYL 0
SYIE 1
SYNE 0
SYSV 2
TBYW 0
TBZP 18
TDJS 0
TDXL 0
TGIN 14
TGWZ 0
TILZ 0
TKXR 1
TKYL 0
TLWJ 0
TLYA 0
TMAK 0
TNOP 0
TNOY 0
TOBF 2
TOOE 1
TORG 3
TOZY 0
TPFB 0
TPTY 0
TPWY 2
TQXO 0
TRUX 0
TTAK 0
TTHP 5
TTIE 0
TUBI 10
TVEJ 0
TVFB 2
TVRT 56
TWDD 1
TXTT 6
TYDU 2
TYMH 0
TZIG 0
TZXO 1
UAPM 12
UBLB 3
UBYS 42
UDNF 0
UDYL 0
UEGZ 38
UENU 1
UFFW 57
UFOR 11
UGDP 3
UGTF 25
UHES 0
UHUM 0
UINV 1
UJMA 3
UJYW 0
UKBP 0
ULCL 0
ULOJ 1
ULQG 7
ULYM 88
UMQI 1
UNHM 0
UOAJ 0
UOMF 0
UOZP 0
UPEP 2
UPXK 0
UQRI 1
UQUB 1
UROZ 0
UUBX 0
UVJA 0
UVML 3
UYCL 0
UZDL 0
UZNJ 2
VBHH 0
VCQE 2
VDGM 1
VDNQ 4
VDPN 1
VDVC 2
VDYP 2
VEUX 0
VFGO 2
VGAY 5
VHHD 2
VINI 12
VINN 9
VJZP 10
VKMI 0
VLHC 38
VLYL 7
VNCB 1
VNFH 0
VNXX 0
VOKE 1
VOLS 1
VOOZ 0
VPBG 4
VQIX 4
VREL 0
VRJA 0
VRKL 11
VSGU 3
VSKH 0
VTVC 1
VUPR 0
VVXR 0
VWDN 1
VWTM 4
VWTT 5
VXBA 0
VYXP 2
VZPJ 1
VZTU 10
VZVH 0
WAMO 1
WANS 0
WBBW 1
WBGS 2
WBPZ 0
WBRL 0
WCAY 0
WCCO 0
WCDQ 0
WDBV 0
WDHZ 28
WDQY 1
WDUX 0
WECT 0
WFEU 0
WFYF 0
WGII 1
WGIX 0
WHDK 0
WHNO 0
WIIA 4
WKBV 14
WKFQ 13
WKHK 1
WKQN 3
WLAB 1
WMGZ 0
WMZV 0
WNGO 0
WNLQ 3
WOER 1
WOPL 6
WPTL 3
WPZW 1
WQAT 0
WQCV 0
WREF 0
WRFV 5
WRSN 0
WRYU 2
WSNP 0
WTKI 2
WUEF 10
WUTC 1
WVHA 17
WVLZ 2
WVQV 2
WVTE 0
WWJV 0
WXDO 1
WYCT 0
WYIY 0
WYLF 5
WYZZ 32
WZOL 0
WZSE 1
WZYT 25
XAGQ 1
XALR 0
XATG 0
XBEA 0
XBVQ 0
XCBK 1
XEJI 1
XFKM 2
XGDX 1
XGHI 0
XGKP 0
XGQO 19
XHPW 5
XHTV 0
XIDB 1
XJHM 1
XJJH 2
XJVP 34
XKFG 0
XLAD 0
XLFD 1
XMDV 2
XNHY 10
XPDJ 0
XPJA 0
XQDO 4
XRGA 1
XRUM 997
XTGV 2
XTQF 0
XUJC 0
XVBZ 1
XVDP 0
XVWU 0
XWKJ 10
XWLQ 0
YADG 15
YBMU 0
YDJK 0
YDTB 0
YDYG 0
YDYO 1
YDZW 1
YECV 4
YEZJ 20
YGHJ 2
YGOF 2
YGOM 0
YGRT 1
YGUQ 0
YHAI 5
YIBF 8
YKCH 9
YKYX 0
YMFS 0
YNJP 0
YNZD 0
YRRN 0
YRVR 0
YSXQ 1
YTEU 0
YTXA 0
YTZE 6
YUJI 5
YVYK 3
YXRV 0
YYEO 1
YYYI 4
YZMM 0
ZCQR 0
ZDGE 0
ZDGL 1
ZDRV 0
ZDXJ 1
ZEGN 2
ZFPZ 0
ZGNX 5
ZHDH 1
ZJIQ 73
ZKLL 0
ZKTW 1
ZLBB 1
ZLJH 2
ZLQO 0
ZLSI 5
ZNYT 1
ZNZN 1
ZOSQ 26
ZPUZ 0
ZQPJ 0
ZQRX 6
ZQUS 0
ZRPQ 1
ZRRY 0
ZTAX 0
ZTNJ 0
ZTON 0
ZTQD 3
ZUBB 0
ZUDT 2
ZUYP 0
ZWHC 0
ZXYL 0
ZYIX 12
ZYJB 29
ZYPH 0
ZYQA 1
ZZGN 0
