AAOG 2
ABEK 0
ABXK 7
ADCZ 204
ADYN 0
AEGO 0
AEIU 0
AHSS 0
AIYX 0
AJAS 0
AJDW 1
AJMX 0
AKJB 0
AKZB 0
ALQA 3
ALSP 0
AMKG 0
AMPE 0
AMRH 0
ANJG 11
AOLT 0
AOMJ 0
AOYH 9
APFW 64
APOX 0
APZK 0
ARQA 2
ASBV 0
ASFE 0
ASTA 10
ATSJ 1
AUFZ 0
AUKI 0
AUWL 0
AVRK 3
AVXK 0
AXKJ 9
AXRK 1
AYHK 14
AYJS 0
AYMS 0
AYQQ 0
BAHG 1
BAMY 2
BBEU 0
BDZS 0
BECA 0
BEDJ 12
BEOD 0
BERH 0
BFBZ 0
BFZZ 0
BILW 0
BJKW 0
BJZE 0
BKNB 2
BLAJ 283
BLTZ 0
BMDE 1
BMRU 0
BMTB 0
BMWN 7
BNOT 82
BNZH 10
BOJJ 0
BOMD 2
BQHI 5
BRGI 0
BRHV 0
BRKE 3
BRYE 0
BSIC 12
BSLF 3
BSWX 1
BSYQ 0
BTIW 0
BTVK 4
BUDJ 0
BUDM 0
BUJP 0
BVMC 0
BVMV 0
BVSQ 8
BWEP 0
BYID 15
BYMY 30
CABZ 0
CAGI 0
CBND 5
CCVI 14
CCWG 0
CCYR 2
CDNN 0
CEKM 3
CGHE 12
CIPK 308
CIVA 1
CJHI 1
CJWP 0
CKOK 0
CKOO 1
CKVK 0
CLND 0
CLXT 25
CMER 3
CMGO 0
CMNM 2
COMI 0
CONA 0
CPEV 4
CPGM 3
CPSH 1
CPSX 1
CQXA 0
CRLF 0
CRLX 2
CRTS 1
CRZV 0
CSGG 0
CTHZ 0
CUIH 2
CUOP 9
CXDA 0
CYDM 0
CZLJ 1
CZLT 0
DAPU 0
DBBB 0
DBEO 0
DBIN 0
DBLO 0
DCAS 0
DCSU 1
DFQF 0
DFSS 0
DGQS 8
DGVG 0
DHMP 12
DHMY 0
DINV 0
DJHE 0
DJRH 4
DJZS 0
DKMI 4
DLIK 0
DLNP 0
DLSW 1
DLVN 0
DMHP 2
DMUS 0
DMZL 23
DNEH 28
DNMX 1
DNPS 0
DPHT 0
DRYU 0
DSEM 1
DTYH 0
DUHR 1
DVCR 1
DVWR 0
DWWN 1
DYFR 0
DZDT 0
DZQY 0
DZSM 202
DZTZ 0
DZWD 0
EAAY 0
EAPG 0
EAWM 1
EBIG 0
ECVL 1
EDBZ 15
EDCN 1
EDPX 1
EDQQ 2
EEQY 5
EERK 0
EGTX 0
EHIF 1
EHQO 0
EIVP 2
EIWM 0
EJJH 0
EKBI 6
EMEH 0
EMST 0
EOCM 1
EOHB 0
EOOB 0
EPDF 1
EPEZ 0
EPQZ 0
EPUR 0
EQJW 0
EQQB 1
EQSR 0
EROE 1
ESAP 0
ETPN 0
ETWC 0
ETYS 2
EUMO 1
EUQG 0
EUQI 2
EUWE 0
EUXU 0
EUYO 1
EVDL 0
EVLF 0
EWJK 0
EXEB 2
EYBW 0
EYHD 0
FAMS 0
FAOU 32
FBBZ 18
FBZO 1
FCGV 7
FDHR 1
FDYT 0
FEJD 4
FFHL 3
FFJP 0
FFPB 1
FFZQ 13
FGFP 0
FGFW 0
FHWE 0
FIFW 0
FJIR 0
FKPJ 2
FLHS 0
FLNL 0
FLTV 0
FLVA 0
FLWK 0
FMEI 1
FMSD 7
FNUI 0
FPIC 16
FPOA 2
FPQI 0
FPSJ 1
FQRK 0
FQTD 1
FRWV 8
FTLK 2
FTVT 0
FUBN 0
FUUA 0
FWLG 0
FWZE 0
FXHY 1
FYJZ 3
FYOK 3
FZFO 1
FZTN 0
GADC 0
GAQA 1
GBJX 0
GCGW 16
GCJI 14
GCUD 0
GEOY 1
GESJ 0
GFGU 0
GGGF 5
GGRX 3
GHKM 0
GHYH 0
GJEX 1
GJVN 16
GJXF 3
GMHD 1
GOWJ 3
GQDR 4
GQFV 0
GRWV 8
GTOX 4
GUJJ 0
GVBS 0
GVMD 2
GWVS 3
GXXM 1
GYEB 0
GYWF 0
HBHM 0
HCUU 0
HCVT 1
HDWR 0
HDWX 1
HFTM 0
HHIT 13
HHNF 0
HJYR 10
HKQY 0
HKXX 0
HLVM 96
HMBB 12
HMPC 5
HPWL 0
HQGM 1
HRCH 0
HRDH 3
HRMB 6
HSFV 0
HSHA 5
HSIT 0
HSYE 0
HTJS 0
HUTC 0
HVIM 0
HWCB 2
HWCC 0
HWWX 0
HWXV 0
HYCP 2
HYML 0
HZMD 0
HZNF 12
IAAU 4
IALP 0
IALT 0
IBVR 0
IBXZ 3
IBYX 42
ICDX 0
ICIM 0
ICIS 1
ICQZ 5
ICVU 0
ICYY 0
IDBN 11
IEFD 0
IEYX 17
IFIT 0
IGIO 2
IHUB 0
IIDG 1
IITX 3
IIYG 3
IJBD 0
IJFO 12
IKDW 2
IKQN 0
ILBI 0
IMNA 29
IMQL 0
IMWQ 0
INMY 2
IOZM 0
IPDQ 0
IPOR 0
IQRE 0
IRIX 1
IUAG 0
IUAJ 32
IUSF 859
IVGJ 0
IWDZ 17
IWQY 0
IWWM 0
IWYB 1
IXLO 0
IXYW 2
IYEH 0
JAFB 1
JBGU 6
JBSH 1
JBYF 1
JCYS 0
JDAJ 5
JECK 0
JEPY 3
JFDM 5
JFTC 11
JGKV 0
JHAU 0
JHBA 28
JHPR 0
JIIK 0
JILC 0
JJJE 0
JJRI 1
JJVE 1
JLNP 1
JMDJ 0
JMKS 9
JNUL 1
JNXK 0
JNZB 0
JOHW 1
JOJQ 0
JPEQ 0
JPPF 0
JQFA 2
JQFP 3
JQVS 1
JRED 4
JTIQ 154
JTSD 0
JUQT 1
JUXE 0
JVRQ 0
JVWX 3
JXCN 0
JYQI 2
JYVJ 1
KAOX 0
KBAW 1
KCAB 1
KCGI 0
KCNQ 5
KCVJ 1
KCZI 0
KDEX 0
KDNX 0
KEUI 0
KGYO 6
KHBS 10
KHDG 0
KHMI 2
KHWI 0
KIUA 0
KJLQ 1
KJPY 0
KJRA 0
KJSJ 1
KKJO 6
KLBW 4
KLYX 0
KMEL 17
KMFD 0
KMUU 0
KNRD 2
KNSU 0
KOJI 3
KOLN 0
KOUQ 0
KPLF 0
KQEC 2
KQSJ 0
KRVX 0
KRWC 0
KTOK 1
KTVC 0
KUIH 4
KVGQ 1
KVIC 0
KVJH 87
KXCX 0
KXPS 2
KYDR 0
KZAH 4
KZAL 0
LAOM 2
LAXP 0
LBAG 0
LBOL 0
LBZJ 0
LCAI 3
LCJD 0
LCPO 5
LCQX 2
LCZG 1
LDHS 0
LDJN 0
LEJS 1
LEKZ 0
LEVJ 23
LFAA 0
LFYW 1
LGBH 0
LGPV 3
LHKB 4
LIPK 0
LKZY 1
LLVC 1
LMGD 0
LMGL 1
LNCG 0
LNKH 0
LOSC 0
LRBM 0
LRBO 3
LSLE 0
LTEJ 0
LUAG 0
LVAE 2
LWGM 0
LWYY 0
LYAZ 0
LYSV 1
LZEQ 1
MAIQ 0
MAPC 2
MAUX 0
MAYP 0
MBJS 1
MBMI 0
MCKK 0
MCYN 1
MDLU 3
MIBP 0
MJLF 54
MJPI 0
MKDT 0
MKSI 0
MLMM 0
MLSU 1
MMKU 0
MNUH 5
MPOY 7
MSNC 0
MTNJ 1
MTPI 0
MULF 0
MWEI 4
MWWZ 2
MXWA 81
MZLR 0
MZLS 1
MZNO 0
MZOI 1
MZSF 8
NAIA 0
NAPG 0
NBBS 0
NBTZ 3
NCVY 0
NDRK 0
NFRK 1
NFUH 25
NFVK 0
NGDK 0
NGTL 0
NGXG 2
NHUA 0
NHZX 3
NJAJ 1
NJRA 6
NKBI 0
NLLF 1
NMXQ 15
NNJZ 1
NOST 0
NQON 0
NQST 0
NQTS 1
NRET 2
NSQE 39
NSQU 24
NSUB 2
NSWN 8
NTDE 8
NTGY 1
NUGJ 0
NWQS 0
NWZX 3
NXYO 0
NXZW 0
NYJA 4
NYLW 1
OAEF 1
OATR 1
OBOW 1
OCBD 2
OCKX 54
OCLK 0
ODEK 22
ODFJ 0
ODUD 1
OEFT 0
OEKM 0
OEPF 1
OFGE 2
OFNR 0
OHPM 1
OHYM 0
OJQB 1
OKGK 0
OLCA 9
OMTI 9
ONFP 13
ONRZ 2
OOKN 0
OOKX 0
OOON 2
OPPV 0
OPSN 0
OQCE 0
OQZF 0
ORDE 0
ORES 1
ORLY 0
ORNE 1
OTQG 0
OUMC 0
OVGC 0
OVGF 6
OVYS 0
OWTT 0
OWTW 1
OWYV 59
OXFX 7
OXIP 14
OXYV 0
OXYY 0
PBJC 0
PBSB 44
PCOA 0
PDNP 1
PINF 9
PIQZ 3
PIST 4
PITE 0
PIZB 1
PLBJ 0
PMAT 14
POKL 3
POVL 0
PPHY 5
PQJL 0
PRDB 54
PRID 10
PRIH 0
PSIJ 0
PSPM 0
PSYI 0
PVVQ 2
PXNS 4
PYYA 0
PZBB 0
PZBV 0
QAEQ 1
QBAT 0
QBJP 0
QBKT 0
QBLN 1
QBUZ 5
QCKL 0
QDBI 6
QDCH 97
QDSR 1
QEYA 0
QHLW 0
QHTF 0
QILO 0
QIVS 0
QIXY 0
QJCE 0
QJKK 3
QKTJ 2
QLQZ 20
QMKS 0
QNID 0
QNOG 0
QNPB 5
QOTE 3
QOTV 0
QOVM 0
QPIP 21
QPYR 1
QQGH 0
QRBC 0
QRQU 0
QRZH 7
QTAK 9
QUIR 0
QUSX 0
QUTF 1
QVFD 0
QVGP 0
QWHM 0
QWKC 1
QWRK 0
QWXY 3
QXWH 0
QZSV 35
RCIA 29
RDHK 3
RDKC 0
RDSI 0
REEO 0
RFOL 0
RHQP 0
RJER 0
RJJI 0
RJOG 0
RKDT 1
RKJQ 1
RLRQ 1
RLXJ 2
RMEN 0
RNNO 0
RNRF 0
RNVL 0
RODO 3
ROFF 0
ROGC 0
ROUN 0
RPGI 0
RQNK 2
RRAI 1
RULH 0
RUVR 0
RWII 4
RWVZ 0
RXQI 4
RXRF 0
RYHR 0
SAJE 1
SAZC 0
SDEK 0
SDFX 1
SDGV 34
SEYY 0
SFLI 0
SGNW 1
SGUN 0
SHTN 2
SITM 0
SLJL 1
SOFI 2
SOVA 1
SQQZ 0
SSAG 5
SSYC 0
SSZI 1
STML 6
SUIJ 0
SUPY 2
SVHK 3
SXMK 0
SXUM 0
SYDF 0
SYDZ 4
SZIU 0
SZMD 8
SZPG 1
SZZT 1
TABU 2
TAZN 0
TBHJ 1
TBJK 0
TCSS 11
TDHQ 1
TDLA 0
TDXP 0
TEZY 10
TGZD 1
TJUU 0
TKQQ 2
TKWO 0
TLEJ 3
TLPA 0
TMAT 0
TMZA 11
TNNO 1
TOAR 0
TOZY 0
TPJR 5
TQMJ 5
TRCU 66
TRWR 0
TSBU 5
TSPO 0
TUJX 33
TULS 4
TVAI 1
TVXB 0
TXNN 0
TXRK 1
TYBH 1
TYUG 7
TYWS 0
TZNY 7
UAFS 0
UBKM 0
UBLG 0
UBMS 9
UDFZ 0
UDUG 3
UDXP 0
UEKK 0
UERR 6
UFNG 0
UGRB 8
UIXU 28
UJEC 17
UJXE 0
ULCL 0
ULZG 0
UMQC 1
UMQH 1
UNBA 5
UNDH 0
UOIP 0
UPFJ 3
UQKM 1
UQLV 0
URDZ 2
URPK 2
URVQ 15
UTHO 4
UUAQ 1
UWLQ 0
UWQQ 0
UXFG 0
UXSN 2
UYHP 24
UZPS 0
VAYF 3
VDUP 2
VEAX 1
VFVN 0
VGND 0
VHBS 0
VHJQ 3
VJGD 0
VJJT 0
VJNX 0
VKEK 0
VKFJ 0
VKTW 0
VKWR 10
VLED 0
VLXQ 0
VPCB 1
VPFO 0
VPHA 2
VPLH 0
VQFE 1
VQLO 3
VQNP 2
VRGO 0
VRPJ 0
VSRR 9
VSUX 0
VSZQ 75
VTLS 0
VUCC 1
VUKR 0
VUWA 0
VUWU 6
VVHJ 9
VWFK 10
VXTB 1
VYBF 3
VZEH 0
WAXB 0
WCHF 3
WCRR 4
WCSO 1
WCTA 4
WDZY 0
WEKQ 4
WEPV 2
WEQL 0
WGDS 0
WGGX 2
WHDE 3
WIGN 1
WJCB 2
WJUH 6
WJVT 1
WJWS 3
WLGZ 1
WLKG 1
WMBY 5
WMJT 0
WNSR 1
WOQD 7
WOXM 0
WRJM 0
WRNK 8
WRRJ 0
WSMG 1
WTIR 0
WTNU 2
WTXC 0
WUDF 2
WUHS 1
WUPC 9
WWBJ 0
WWCD 1
WYGK 0
WYUR 0
XAMI 0
XBEN 0
XCCI 2
XCKW 0
XDYG 0
XEEH 1
XFRA 9
XGEK 1
XGZS 2
XHRT 0
XICM 8
XJGL 0
XLJH 1
XMIB 5
XMUN 0
XMZK 5
XPDX 0
XRJQ 0
XRSV 0
XRUZ 4
XRYM 0
XSDX 1
XUKG 28
XULL 3
XULR 1
XUSO 1
XVCC 10
XVPC 1
XWZM 2
XXLE 0
XXTJ 996
XYLF 21
XYQN 9
XYXW 0
YBIP 0
YBKR 0
YCAI 3
YCHX 4
YDZD 0
YEAY 0
YGBK 1
YGOC 0
YIEN 0
YIXH 3
YKAA 0
YKTF 0
YLVX 2
YMFY 3
YMGF 1
YMRW 1
YMWS 3
YNND 0
YOTC 6
YPHO 0
YPJE 0
YPQC 2
YQHI 5
YQID 0
YQUR 1
YQYE 4
YUNU 0
YURN 0
YWJW 2
YXIE 0
YXZR 1
YYCY 4
YZZR 0
ZBTA 3
ZCDR 0
ZCNW 1
ZCNY 1
ZDQL 3
ZEHD 0
ZEXA 63
ZFIS 0
ZFPN 2
ZFZX 35
ZGBW 0
ZGMF 7
ZHLP 0
ZICD 0
ZIKY 0
ZILE 0
ZINO 0
ZJQS 0
ZMGL 0
ZMIF 12
ZMJO 0
ZMXE 18
ZONV 2
ZQCK 1
ZSHR 0
ZSLT 0
ZTKR 2
ZTLL 0
ZTMT 0
ZTVA 0
ZUCU 2
ZUGR 0
ZWYH 0
ZXMV 2
ZZAG 5
ZZFY 0
ZZKW 0
ZZOI 0
ZZPA 0
ZZQI 3
