ABNQ 5
ADVY 0
AEEV 0
AEHR 0
AFID 0
AHOA 0
AIHM 1
ALJX 0
ALRW 0
ALTK 1
AMDC 0
AMTJ 0
AORE 5
AORM 0
APAC 2
AQLE 0
ASJN 4
ATDD 1
ATNU 1
ATXP 0
AUDV 0
AUEC 0
AUJW 0
AULE 1
AUMY 1
AURY 0
AVIK 0
AVPQ 0
AYSL 1
AYXL 6
AZHN 9
AZUH 4
AZXH 0
BAKS 26
BBMJ 8
BBNQ 14
BBXR 0
BCJS 1
BDJM 66
BDVQ 4
BDVT 0
BEFH 15
BFTW 26
BFUC 0
BGGD 0
BHQQ 0
BIIB 5
BJQL 0
BJRH 0
BKHA 0
BMHP 0
BOWB 0
BPXG 0
BRID 4
BRMG 0
BRNI 0
BTJK 0
BTPA 0
BUVG 0
BWPB 2
BXEM 1
BZNC 1
BZOB 2
CBDQ 0
CBRW 2
CBVJ 3
CBXF 0
CCDE 0
CCSK 0
CDVX 5
CECQ 0
CEKI 0
CEUY 13
CEXW 0
CEZW 0
CFBS 1
CFHL 5
CGFU 2
CGRC 1
CICS 2
CJCF 0
CJGH 0
CJUO 1
CKFT 0
CKUI 1
CLWR 2
CMAT 12
CMDQ 371
CMFQ 0
CMSF 0
CNUX 0
CNZO 0
CPQK 1
CPXV 1
CQJC 0
CQRR 4
CRHN 0
CTDI 0
CTRU 9
CVHR 0
CVYJ 2
CXAD 0
CXHQ 12
CYWK 0
CYWV 0
CZOE 0
DBPG 5
DCLB 0
DDHH 45
DDKJ 3
DDQP 0
DDRY 5
DEMA 0
DGER 0
DGLR 1
DGOC 5
DGUR 49
DHMO 0
DHZV 0
DINV 1
DJGG 0
DJUR 2
DLJB 0
DLXC 0
DMNM 2
DNAX 0
DNUT 0
DOFJ 0
DOZP 0
DPBG 0
DPJS 1
DRBK 5
DRBR 0
DRGC 77
DRUY 1
DSJV 0
DTPK 1
DURU 6
DVIF 1
DVPN 4
DWGE 81
DWGO 1
DWJI 0
DXLN 3
DXPC 0
DXRR 4
DYTM 6
DZOP 3
EAAC 2
EAIE 2
EBFK 0
EBPD 2
ECDN 4
ECJN 5
EDHV 1
EDQU 0
EGKR 21
EHWS 1
EIXW 1
EJNM 0
EKGB 2
ELDF 2
ELPG 0
ELYV 0
ENGS 19
EOWY 2
EPAV 1
EPED 5
EQWZ 8
EQYR 3
ERBU 0
ERHF 1
EVPY 0
EWMT 3
EWNS 0
EYJC 0
EYLL 0
EZBJ 0
FBHG 0
FCNL 5
FCVU 0
FDYM 0
FEDG 1
FFAH 0
FGHS 0
FGUJ 0
FGVB 1
FHBI 5
FHCS 31
FHOP 0
FIFY 1
FIRK 1
FJXA 0
FKHB 1
FMVW 0
FNYE 1
FOCS 1
FODH 0
FPXF 135
FQNT 18
FRBS 2
FSVZ 0
FTEV 0
FTFT 0
FTIF 2
FTME 3
FUBT 3
FVQJ 0
FWIQ 3
FXZU 2
FYMJ 1
GAOV 2
GBFJ 1
GBPH 1
GCOR 7
GDFN 0
GERO 3
GFCT 5
GFFH 6
GFLF 0
GGOC 0
GHJO 0
GHOB 26
GJKH 0
GJKQ 2
GLIV 3
GMBR 0
GMEO 6
GOFJ 0
GOKB 24
GPAB 0
GPSA 0
GQEH 2
GQFJ 0
GREU 0
GRSU 0
GSNU 0
GSRK 0
GTSV 3
GUGV 3
GVQM 5
GVSS 2
GWTY 0
GXDR 0
GXGG 1
GYBA 0
GYNS 2
GYQO 1
GZEF 11
GZPD 0
GZVI 2
HAXK 2
HBDK 1
HBPU 0
HBRJ 13
HCDY 2
HCGN 0
HEBZ 0
HEFU 0
HETW 1
HFEF 0
HFIU 1
HGCS 2
HGNQ 0
HHAT 0
HHVK 0
HIUS 0
HJLA 0
HKFK 6
HKFP 4
HMCZ 1
HMFP 9
HNQK 1
HOLA 0
HOWT 3
HPIS 1
HPLN 0
HQYP 0
HRDC 28
HTGC 3
HTQU 0
HTWE 1
HUEE 1
HWHH 0
HWZQ 27
HXBD 3
HXDT 2
HXZO 3
HYNO 1
HYWM 1
HZJH 0
HZVX 2
IBIA 1
IBJH 0
IBTE 0
IDEZ 1
IDXH 7
IEXC 1
IFCR 24
IFKY 9
IFSP 1
IGLC 7
IHSR 0
IHZG 11
IICI 0
IINP 27
IIQQ 0
IISI 2
IIXH 0
IKLD 2
ILBD 0
ILIB 0
ILRQ 9
ILUS 2
ILWD 0
IMDX 0
IMJL 0
INDV 1
IOTC 0
IOWE 1
IPCN 0
IPIC 0
IPIN 1
IPVH 0
IRYF 1
ISTW 0
ITIS 1
IUDH 0
IVTO 0
IVXI 0
IWND 2
IXJK 0
IXTD 4
IXTQ 1
IYXS 1
IYZN 3
JAEI 1
JAJK 1
JAXB 8
JBBM 1
JCNM 0
JCQL 0
JELC 0
JFIW 4
JHPJ 2
JHZH 1
JHZL 0
JIKV 4
JINR 3
JJBN 0
JJPP 0
JJXE 1
JKBL 1
JKBT 0
JKVA 0
JKYA 2
JLEQ 0
JMHT 15
JNCX 1
JNZA 2
JOHG 0
JPKC 0
JQMT 1
JQQI 5
JRHG 0
JSJD 0
JTXX 5
JUAG 0
JUYM 25
JVQS 0
JWNF 0
JWPW 1
JXCB 8
JXLQ 0
JYJK 0
JYKG 8
JYVA 0
JZJC 0
JZQI 8
JZQZ 0
KAON 0
KBRA 0
KBRN 0
KCHG 0
KCHQ 0
KDKW 6
KDLO 11
KELR 0
KETV 1
KFQI 249
KFYK 28
KGIM 2
KHPA 0
KIDT 7
KIGI 4
KJQO 7
KLUA 1
KLUN 1
KLZR 0
KMOV 4
KMVS 0
KNNC 20
KNNI 0
KOED 1
KOGO 1
KPFY 0
KQUD 8
KTKW 0
KTPQ 12
KTQA 120
KTZH 9
KUFB 0
KUFD 2
KVCI 0
KVGM 1
KVKE 0
KVLK 7
KXQE 0
KYHC 13
KYWN 0
KZUY 13
LAEC 1
LAWE 3
LAXP 17
LBQO 0
LCNL 1
LCPY 0
LDRX 2
LERL 2
LEYD 0
LFEI 0
LGNF 997
LGTK 0
LGVR 0
LGYD 0
LGYQ 0
LHYP 22
LIEO 1
LIIU 0
LIJB 3
LJPN 1
LKDK 0
LKOZ 0
LLAB 6
LMKE 0
LMLT 1
LMSV 0
LNVK 0
LOBG 0
LOEV 0
LOTE 1
LPCM 0
LPVD 4
LQBZ 0
LRGG 0
LRGL 0
LRQT 0
LUZM 0
LVDY 1
LVYG 0
LWDZ 0
LWHC 4
LWUF 3
LXEQ 19
LXTZ 0
LXWZ 10
LZAN 0
MAFK 1
MAVD 0
MCTO 0
MCVE 0
MDJP 0
MEEN 36
MFBO 0
MFMY 0
MGAF 26
MGGA 4
MGGB 15
MIKC 0
MIWE 4
MLIE 0
MMDE 0
MMIM 3
MMZN 4
MNMU 8
MOMD 1
MOWE 0
MPEL 0
MQGZ 2
MQKJ 1
MQQX 3
MRCU 6
MSJY 3
MTZB 0
MUZE 13
MVJW 0
MXFQ 1
MXSB 0
MYXR 0
MZHD 0
NAJI 5
NAZO 1
NCYI 0
NDJF 0
NDVT 0
NEBY 3
NEVP 0
NEXS 1
NHKV 0
NIAS 0
NIFB 2
NJOS 0
NJUS 20
NKWT 0
NLPA 0
NMHQ 0
NNBJ 1
NNHH 0
NNIV 0
NNTG 5
NPKU 2
NPRI 1
NQEL 21
NRCQ 1
NSJI 7
NUPQ 0
NUSN 0
NUYT 2
NVIH 9
NWSS 0
NXKS 0
NXMC 1
NXPO 9
NZVV 3
OAHM 0
OANN 4
OAOT 0
OCVD 121
ODUW 0
OFQP 1
OGBJ 4
OGWG 1
OHVZ 0
OJBL 0
OKAM 0
OKIH 1
OKSQ 3
OMHE 0
OMRJ 10
OMVN 0
ONLW 2
OOXO 1
OQAP 7
OQRI 0
OQRK 0
OQYF 0
ORLS 83
ORYM 0
OTGE 0
OTSD 10
OUGR 1
OVLB 3
OWIE 7
OWKD 0
OWRR 1
OWYB 0
OYEB 2
OYPY 0
OZAC 8
OZEJ 1
OZPN 0
PAAP 1
PCGH 0
PCWG 0
PDHB 0
PDSB 1
PEOZ 0
PFGT 0
PGGI 0
PHEE 0
PHOU 1
PHRF 0
PHUT 0
PIBC 1
PIGJ 11
PIWP 3
PJWX 0
PKNC 21
PKTP 13
PLZS 0
PPBF 0
PPIQ 0
PQZL 2
PRBU 0
PSLS 0
PTPO 0
PTRI 0
PTXO 0
PUSE 0
PVYO 47
PWDV 5
PWIM 0
PWLX 16
PWMJ 0
PXKF 1
PXLR 1
PXSP 19
PXUX 0
PYJB 0
PYVV 0
QAAZ 3
QASM 5
QATU 0
QBHM 1
QBQB 1
QCPY 0
QCSG 9
QDJS 0
QDVG 2
QEGX 6
QEIC 0
QEVT 0
QFFX 0
QFMY 0
QFRR 0
QGEX 0
QGUK 79
QHBA 3
QHDD 0
QHQY 11
QHSO 0
QJXO 3
QKRS 0
QKYF 0
QKYY 25
QLFY 2
QLGH 0
QMBO 4
QMTH 1
QMUW 1
QNNM 4
QOYR 3
QPBD 0
QPET 0
QPPF 3
QPPQ 1
QPQG 79
QSAP 5
QSDU 0
QSPO 1
QTGW 0
QTRA 1
QUMT 0
QUVM 3
QUWA 8
QVES 4
QVRU 0
QWDJ 26
QXMT 1
QYZA 0
RAMO 0
RAYC 1
RBAM 0
RBEH 1
RBVV 4
RCAD 0
RCXA 2
REGB 7
RFGZ 84
RFJB 1
RGAJ 0
RIUE 0
RKXK 0
RLHU 0
RMJX 0
RMVG 1
RNHH 0
ROIM 3
RPCH 0
RSGS 0
RSOR 0
RTAN 5
RTYK 9
RULK 0
RUXW 1
RVPJ 5
RVRS 0
RVYX 1
RXMM 4
RYLE 0
RYSE 1
RYTZ 3
RZCY 8
SAIM 5
SBFQ 3
SBJQ 0
SEOJ 27
SEYC 14
SEYZ 1
SFBC 2
SFFX 1
SFII 24
SFWB 1
SGCL 0
SGQJ 0
SHHM 236
SHUX 0
SICV 2
SKPY 0
SMEW 11
SNDV 2
SNDW 106
SNNO 0
SNZH 12
SOBT 1
SOWG 0
SPMZ 0
SPNG 0
SQVA 2
SRNN 1
SSTD 6
STQZ 27
SUVL 3
SVIH 1
SVSJ 2
SWHG 0
SWMN 4
SWUZ 0
SXHM 154
SXVR 0
SYMX 0
TAUS 1
TBKB 0
TCAH 1
TDMB 13
TFSK 0
THEG 0
TIKB 0
TITW 1
TJXL 0
TLEJ 5
TMYQ 0
TNFH 0
TOGI 0
TOHI 0
TPGD 2
TQHX 2
TQJH 0
TRAN 0
TRHU 0
TROP 1
TRUB 0
TSLN 0
TSZT 0
TTNQ 2
TTYE 0
TURU 3
TUUI 9
TVIY 0
TXGQ 1
TXVF 0
TYEE 8
TZAD 0
TZMQ 0
TZUL 2
TZYD 6
UALB 0
UAXF 0
UBZL 0
UCMT 0
UFUC 7
UGIP 0
UHOQ 0
UIZO 0
UKLL 1
ULEE 0
UNFA 3
UNHM 1
UNYN 0
UOLB 0
UOLM 1
UPCF 4
UPDL 8
UPJN 7
UPSN 0
UQOV 0
UQVY 0
USQJ 0
UTRR 0
UVHC 0
UVMP 0
UXMW 2
UYMY 0
UYRB 8
UZGC 0
UZSM 1
VBBE 0
VCYM 0
VDPN 1
VEHB 1
VFKV 3
VFLU 2
VFMY 17
VFYI 0
VGQG 2
VGYX 0
VHSF 4
VHYP 3
VIFF 0
VIJK 5
VILW 3
VIPE 0
VIYN 6
VIYY 0
VJAW 2
VJHA 0
VJUW 4
VKOT 0
VKRW 0
VLDU 0
VNBJ 13
VNDH 9
VNMZ 0
VOAS 3
VOQZ 0
VPWY 1
VSDA 0
VSMK 9
VSOF 5
VSXE 1
VTEG 1
VTNP 0
VUJK 0
VWTK 0
VXNW 7
VXOA 0
VXUS 0
VXVM 5
VXWB 0
VYBS 4
VZMH 0
WBHI 0
WCKV 0
WCVP 3
WCXD 0
WDAT 0
WDBV 0
WDKJ 1
WDUS 0
WELX 0
WGMU 0
WHEL 0
WHTO 1
WIWZ 0
WIXQ 0
WKAY 6
WKBQ 0
WKKI 0
WMBU 1
WMBV 0
WMCD 1
WMLI 1
WNBB 0
WOQK 2
WPVV 0
WQAZ 0
WQEX 0
WQLI 9
WQMQ 5
WRJC 0
WRSK 0
WSNQ 9
WTFZ 2
WTWP 17
WVQG 0
WWWY 0
WXOQ 0
WZED 0
WZGE 1
WZHF 0
XCFY 0
XCHH 2
XCWE 4
XDTK 0
XEFG 2
XEGA 0
XETX 2
XEWP 2
XFFN 0
XFLM 0
XGLC 1
XKZJ 1
XMYO 0
XNQW 3
XOLG 0
XOYD 1
XPJW 1
XQLS 0
XSMY 0
XSUT 0
XVDJ 15
XVEO 2
XVQI 4
XVRK 0
XWJZ 0
XWMK 0
XWOT 0
XWTE 3
XXLF 0
XZEQ 1
XZRW 1
XZTT 0
YAJN 7
YASD 20
YAUJ 0
YAXR 4
YBJR 5
YBRR 1
YBXG 0
YDOH 1
YEEZ 0
YEGH 4
YEKR 0
YEWF 0
YGQM 0
YIGN 0
YJYR 0
YKUK 1
YKXK 1
YKZG 4
YLUT 4
YMBE 0
YMUU 0
YMVF 3
YNBA 0
YOHL 0
YOYW 0
YQMT 2
YTAX 144
YTWR 0
YUKU 1
YVFP 13
YVTB 0
YWFX 0
YWIX 1
YWPC 1
YXGW 0
YXTW 2
YXYI 0
YZEP 0
YZHU 3
YZXJ 0
ZAWA 0
ZAXG 0
ZBEB 2
ZBFT 0
ZBGB 1
ZBID 0
ZBLK 25
ZCCZ 1
ZDDP 0
ZDFT 0
ZDUE 1
ZDUK 0
ZDXZ 0
ZEJX 1
ZFEF 10
ZFUB 0
ZGAE 1
ZGNB 1
ZGRC 0
ZHBQ 0
ZHWQ 0
ZINP 0
ZIRH 3
ZKZE 1
ZLDD 13
ZLPZ 1
ZNVY 0
ZOCH 0
ZOXW 1
ZQEI 14
ZQMW 0
ZSQI 1
ZSTK 0
ZTJN 1
ZUGS 0
ZUOG 2
ZVET 0
ZVNP 0
ZWFE 1
ZWJC 169
ZWRP 0
ZYKG 0
ZYOW 0
ZYSV 0
ZYVB 1
ZZBG 0
