ABXC 0
ACFV 1
AEDB 1
AEUV 1
AFOI 0
AGNK 27
AHHA 3
AHUN 3
AIVI 0
AJAS 5
AJCP 1
AJET 0
ALXE 2
AMWQ 1
ANWM 0
AOCL 1
APDM 1
APHQ 0
ARMO 23
ARPV 0
ASSV 2
ATZI 4
AUAU 0
AVQG 2
AWGK 18
AWMF 1
AXCD 4
AYRY 3
AYSA 0
BBDT 0
BBTJ 0
BBXI 4
BCAZ 0
BDDY 0
BEGF 1
BEHI 0
BEMK 3
BFKS 0
BFOL 0
BGPT 1
BGYU 0
BHLQ 0
BHMS 0
BHQL 2
BHSQ 0
BIPX 0
BJLE 1
BKST 0
BKYC 0
BLRX 0
BMBQ 1
BNXT 1
BOCB 3
BRDG 0
BRHP 0
BRUF 1
BRWI 1
BRYP 0
BSJR 0
BSWO 3
BSYA 2
BUGH 0
BUSH 0
BUVB 0
BVAC 0
BXWT 0
BZHQ 0
BZXM 30
CBSO 0
CBVR 0
CCEO 0
CCUO 0
CESH 0
CFAL 0
CFES 0
CFWT 823
CGHF 0
CGNA 0
CGNS 0
CGYL 0
CHVE 0
CISX 3
CJIT 0
CJLJ 3
CJTO 2
CJWL 0
CKDF 1
CKPX 0
CLBZ 3
CLGX 0
CLZO 13
CMCD 5
CMHZ 2
CNLV 3
CNVO 0
COLV 3
CORV 0
COSN 6
CSWU 1
CTHG 0
CTNX 0
CTTV 2
CUIZ 0
CURD 0
CVAQ 6
CVIE 0
CWZY 0
CXGY 7
CYJY 0
DBGG 0
DBQA 1
DCPO 0
DCZD 0
DDAD 0
DDKW 0
DELG 0
DEQK 1
DFAF 33
DFHC 1
DHMH 0
DIHD 28
DIWA 0
DLHS 0
DLIR 0
DMDB 8
DMZV 0
DNYI 3
DODC 2
DOGP 0
DOHS 0
DOIX 1
DOKL 0
DOOX 1
DPDC 13
DPWI 1
DQMM 0
DQMS 1
DQTJ 0
DSKO 0
DSMG 2
DSNY 3
DSWQ 0
DSYZ 0
DSZA 5
DTPN 40
DVOW 0
DVRK 0
DVTJ 3
DXNU 6
DXOX 0
DXSJ 0
DXUQ 7
DYEE 0
DYID 0
DYRB 0
DZUF 0
DZYL 4
EANU 0
EATY 0
EBLW 0
ECLP 0
EDIA 0
EDNA 1
EDTU 0
EFFB 0
EFTR 6
EHAP 0
EHJB 3
EHJW 0
EHRA 3
EIDN 19
EIDV 1
EIKE 281
EJDN 0
EJEM 6
EJHM 0
ELHM 18
ELIS 1
ELYH 1
EMKD 1
ENGN 1
ENOL 4
EORJ 2
EPLH 0
EQCO 3
EQDU 1
EQYW 7
ERQW 0
ESZO 14
ETOT 4
ETTF 0
EVTC 0
EVYU 0
EWMG 86
EXOL 0
EZIR 1
EZXY 1
FAUV 20
FBLL 0
FBMZ 0
FBSL 0
FCNL 0
FEVL 3
FHWQ 9
FIXB 0
FIXV 0
FJAJ 0
FJQA 8
FKEK 39
FKNK 63
FKNY 0
FKPC 1
FKYT 0
FLQF 0
FLSQ 15
FLXU 0
FNIU 2
FNJM 0
FNKI 1
FNVV 0
FNXB 3
FPMF 4
FPXW 2
FQUK 5
FQVG 0
FRBC 0
FRDI 7
FREO 0
FRFG 2
FRQY 0
FSMY 0
FSSH 0
FTIH 9
FTTE 0
FUNJ 0
FURF 1
FUVO 0
FUYG 0
FWAR 0
FWWW 0
GAFQ 2
GBBK 0
GBYS 13
GCEM 0
GCOS 3
GCXC 1
GGQD 1
GJFW 3
GKFA 0
GKMR 2
GKXJ 666
GLMY 3
GLUR 0
GMKE 0
GMZO 2
GNFE 1
GOGI 84
GOGQ 0
GOKX 0
GQDN 0
GRPI 0
GSHK 0
GTHI 7
GUBL 0
GVTZ 0
GWLF 1
GWZV 0
GXYX 0
GYVH 0
GZTT 2
HAGJ 0
HBUA 2
HBWH 0
HCUX 1
HDNR 0
HDWE 0
HIAD 1
HIKW 2
HJRQ 0
HLXC 0
HLZZ 4
HMGC 0
HMQB 0
HOBF 1
HOBI 2
HPWV 4
HQHN 1
HQKK 0
HQOV 0
HRHV 0
HRPV 0
HSLE 81
HSSR 0
HSZR 1
HTCS 15
HUKH 0
HVJQ 18
HVKB 0
HVNV 8
HWCN 0
HWCT 0
HWNQ 0
HWUI 4
HYKD 1
HYKZ 0
HYNG 2
HYSD 8
HZWC 0
IAYI 9
ICCP 0
ICDU 22
IDFE 2
IDGC 0
IFMW 0
IGFO 7
IGKA 0
IGKG 0
IGVE 2
IGWV 0
IHEF 11
IHUC 29
IIAZ 0
IIMC 1
IIQG 0
IJFX 0
IJNN 0
IJZT 1
IKEO 22
IKZZ 5
ILQK 1
ILXM 0
IMIM 0
IMVO 0
IODY 2
IOVK 2
IPTC 1
IPUH 1
IPWJ 0
IQWF 0
IRJR 2
IRRW 2
ISEP 28
ISUI 7
ISWF 4
IULI 3
IVEY 10
IVGE 0
IVHT 0
IVKW 1
IVNI 0
IVXW 30
IVYC 1
IVZJ 0
IWHW 1
IWSQ 0
IXDW 4
IXIM 0
IYCU 0
IYLZ 0
IZGZ 0
JATC 8
JBIG 0
JBWU 2
JCFW 0
JDKL 0
JDME 0
JECT 2
JFUA 4
JFVP 3
JGRA 2
JHPT 0
JIGU 37
JIPI 0
JIZN 0
JLCD 0
JNBC 2
JOHA 3
JOYP 2
JPRI 5
JPUT 3
JQFV 0
JRLR 0
JSAT 1
JTJR 0
JTTV 0
JUPG 0
JUTZ 7
JVBQ 0
JWLB 1
JXCR 18
JXKF 2
JZPF 4
JZSY 0
KARZ 1
KAZA 0
KBCY 0
KBSP 1
KCYA 15
KCYT 0
KDPT 0
KDRE 1
KDRW 1
KFFX 2
KFUR 2
KGSO 0
KHYL 0
KIBZ 0
KIHG 1
KJTE 0
KKBE 2
KKGH 0
KKQG 0
KLPR 2
KLUX 6
KMBV 1
KMGY 0
KMVN 0
KNMH 1
KNTA 5
KOGM 7
KPOP 15
KPXG 2
KQLO 0
KQVF 1
KQZL 3
KRBR 4
KRGF 0
KRMC 0
KSUW 0
KTLE 0
KVJZ 0
KVMZ 4
KVNW 0
KVUP 1
KWVX 10
KYBT 0
KYCP 0
KYDD 0
KYHB 1
KYHX 0
KYPA 0
KYPN 0
KYPZ 0
KZBA 0
LBIL 0
LCPR 20
LCTS 6
LCTU 34
LDLO 0
LELZ 0
LFMA 3
LFOM 5
LFVV 0
LHVJ 0
LHYA 5
LIAP 5
LIEF 0
LIMG 0
LIQM 0
LIVP 2
LJSZ 1
LKHW 0
LKJA 0
LLCQ 6
LMBI 0
LNGV 1
LOFY 0
LOZD 6
LQRU 1
LQXQ 3
LRVF 0
LRZA 3
LTTT 0
LTWJ 0
LURG 0
LUTK 1
LWBH 1
LWOH 0
LXPR 0
LYAS 5
LYDJ 3
LYLE 0
MDCV 0
MDSK 0
MDUQ 1
MHGJ 0
MHWI 4
MILV 1
MITX 0
MJRN 1
MJYE 0
MKMI 0
MMAL 2
MMJK 0
MMLL 0
MMUG 0
MNKZ 4
MNSA 3
MNVA 1
MOVS 0
MPTT 1
MQGQ 1
MQHC 14
MRZK 0
MSXG 0
MUEQ 2
MVGA 1
MWDQ 3
MWMG 19
MWTT 0
MWYK 0
MXOD 1
MXYP 0
MXZK 0
MYVA 0
MZOS 0
MZSZ 2
NAOQ 1
NAPC 0
NAUP 6
NAXO 1
NBFV 1
NBZZ 1
NCDC 0
NCSF 6
NFNH 0
NFRL 7
NGAW 0
NGSE 5
NGTA 12
NGUI 1
NHNH 3
NIRU 1
NJGM 0
NJQF 4
NLDU 0
NLMU 4
NMIV 2
NNMB 54
NNUG 7
NPUF 0
NQTH 0
NQUM 6
NRCZ 2
NRVU 4
NTDK 0
NTKV 0
NXMK 0
NXPP 5
NXVS 0
NYJA 2
NZRZ 2
NZTQ 0
OAOU 3
OCJF 0
OCYM 0
ODMD 0
ODYP 1
OEGY 0
OEWD 0
OFIU 16
OHKC 0
OIST 0
OIWB 0
OJNK 2
OKAO 1
OKQX 2
OLKE 1
OLWA 3
OMNF 5
OMPA 0
ONKJ 1
ONZT 4
OOAJ 10
OOUM 0
OOYZ 1
OQBB 13
OQGL 7
OQIA 7
OQTU 4
OSQY 0
OTME 8
OTWA 0
OUOE 0
OVWG 0
OWBA 7
OWIK 7
OWOS 2
OWPJ 2
OWZB 1
OXGX 0
OXWL 0
OYBZ 0
OYVH 0
OZFB 0
OZTL 0
OZUO 2
PAZF 8
PBCR 2
PCWG 2
PDMS 0
PEIS 0
PGBK 2
PGET 0
PGNF 0
PHTG 80
PIBC 4
PJJV 4
PJTW 1
PKDV 2
PLHP 24
PMJT 50
PMWN 0
PNRG 0
POQR 0
POTD 0
PQEU 3
PQEX 0
PQUZ 34
PRAE 12
PRDN 3
PSUX 0
PSVD 0
PTJF 1
PTQN 0
PUDW 23
PULQ 0
PVQS 0
PWQJ 0
PXAK 2
PYFB 1
PYON 4
PYTX 2
PZDE 4
QAPV 0
QAYP 3
QCBB 0
QCDZ 1
QEFW 0
QEHF 0
QEJZ 0
QFFS 0
QFMP 0
QFYD 1
QGFN 1
QHEK 0
QHLC 6
QIFX 24
QJJS 0
QJZP 0
QKEF 0
QLOE 0
QMFX 0
QMLO 3
QNAS 2
QNCG 0
QNIG 1
QNYV 3
QOTH 3
QOWK 7
QQMO 0
QRIH 5
QROO 0
QRRD 1
QSYC 1
QSYQ 0
QTAP 2
QTHY 19
QTTW 0
QWOL 0
QXFJ 0
QXHY 0
RAKX 0
RANH 0
RAVK 2
RBDJ 0
RCHY 2
REUZ 0
RFPD 0
RGLG 0
RGQM 1
RIPS 2
RIQY 104
RKYM 0
RKYP 6
RNDB 1
ROAF 0
ROBA 0
ROIC 0
RPHE 0
RPLT 0
RQTM 0
RQUE 56
RSBM 0
RSBQ 0
RSTP 6
RUSP 0
RUSY 0
RUYR 0
RVOY 0
RWBU 0
RWQC 0
RWRP 2
RXCX 1
RXDZ 0
RXIW 0
RYVO 2
RZJG 33
RZVT 0
SAGS 1
SCHS 0
SDFH 5
SDWV 8
SETH 0
SETZ 2
SFOX 4
SGPX 1
SHAY 0
SHZH 2
SIRV 1
SJFD 2
SJLQ 0
SKLM 21
SMOO 1
SMOX 0
SMPB 0
SMQC 0
SNOH 0
SOHQ 0
SPIA 0
SPSB 0
SQIP 2
SQNN 0
SQRA 0
SQSR 78
SQVB 0
SRJS 0
STDB 2
SUQZ 0
SUYF 2
SZFL 55
SZGJ 11
TAIL 0
TAJC 4
TAJO 0
TBDV 0
TBZE 0
TCKE 192
TDGR 1
TDIO 0
TDMI 0
TEFF 0
TEGU 0
TEOK 0
THEK 0
THHP 8
TIID 0
TJCC 1
TKCX 0
TKDU 0
TLLW 0
TMFH 2
TMZN 21
TNFN 0
TNXU 0
TOPF 1
TPRM 0
TPSZ 0
TQEI 0
TQVG 2
TSPL 0
TTEW 3
TUGT 2
TVZU 6
TWVT 4
TZOQ 2
TZPZ 0
TZRA 0
UACT 0
UBHK 2
UBML 0
UBSN 1
UDGY 0
UEBF 0
UEOU 3
UEQU 0
UFDZ 9
UFEK 0
UGUY 2
UGYX 17
UHYV 0
UHZI 0
UIWZ 0
UIXH 0
UJIZ 0
UJKN 2
UKLC 4
ULRB 0
UOWC 2
UOZS 0
UQBQ 2
UQEQ 2
UQMU 0
URRP 2
USFP 0
USLB 6
USMI 0
UTKV 0
UVGE 4
UVPQ 0
UWKA 0
UXTY 0
UYUR 8
UZLV 0
VCAY 9
VCUJ 1
VCVF 7
VEHV 1
VEJW 3
VETV 0
VEUL 0
VEYT 0
VHQM 0
VIEQ 0
VILH 7
VIUZ 8
VJRH 0
VKAB 1
VKJZ 1
VKLT 1
VLHX 29
VLTO 0
VLZH 0
VMPJ 0
VNKF 1
VPJW 0
VPKE 1
VREY 0
VRJC 2
VRKI 0
VSQK 6
VUGD 0
VUTD 1
VUZJ 0
VVNP 3
VVTK 33
VVZF 0
VZJP 0
VZNP 0
WAAL 3
WALQ 51
WARS 0
WCQT 0
WCYS 1
WDLG 0
WDSI 0
WFYX 0
WHFU 1
WHJD 1
WJGZ 4
WLNS 0
WMFL 3
WMZI 1
WNFF 0
WNIR 0
WNKY 0
WNUM 13
WOTC 0
WOZP 1
WPOZ 6
WQEX 0
WQFF 583
WRSL 0
WSIJ 1
WSVH 2
WTRC 1
WUXQ 0
WVRT 1
WVSS 1
WWZS 0
WYLK 12
WYMF 1
WYTG 0
WYZP 997
WZIF 0
XBJI 0
XCCL 3
XCGT 4
XDLI 5
XEYB 50
XFLF 1
XFME 0
XGMS 16
XGNX 0
XGUG 0
XHLV 3
XHMX 4
XIWP 18
XJUV 1
XLVO 0
XLWU 3
XMMF 4
XMNO 0
XMVR 3
XNDU 108
XNDX 0
XOEG 2
XQTG 0
XQZW 0
XSZI 5
XWVG 0
XXHQ 2
XXWZ 0
XYRY 1
XZPV 7
YAGQ 0
YANG 13
YASY 7
YBAC 4
YCHM 16
YCNQ 0
YDSO 0
YEKY 2
YEVA 17
YGVA 1
YHHZ 0
YHNP 1
YHXA 0
YHZU 0
YIDF 0
YJLK 8
YJND 1
YJYJ 0
YLAF 0
YLPT 2
YNKD 3
YNKE 0
YPQH 0
YQTR 0
YRMJ 7
YSRP 16
YSXG 1
YTCX 2
YTRL 0
YTXE 1
YUDI 3
YUIM 6
YURM 0
YUUW 2
YUZV 0
YVRD 0
YXDN 3
YZUR 0
YZXY 2
ZBDX 0
ZBLV 1
ZBPR 0
ZBSV 0
ZCIO 1
ZDHH 4
ZDWM 0
ZDZJ 2
ZEFG 5
ZEOA 19
ZERA 0
ZFVD 0
ZFYA 5
ZGDV 0
ZGID 0
ZGOW 13
ZHIF 0
ZHLE 3
ZIFZ 1
ZIPS 0
ZJRY 35
ZJZB 0
ZKEW 0
ZKRM 0
ZLLC 1
ZMJG 0
ZMJO 0
ZMNM 0
ZNHE 0
ZPJN 0
ZRLB 0
ZRRZ 0
ZSLF 9
ZSZE 7
ZTWF 1
ZUGU 0
ZUOE 3
ZVNV 0
ZVRK 0
ZYEO 0
ZZGN 339
ZZHO 2
ZZUL 6
ZZXD 3
