AAFH 1
ABPN 0
ACWR 0
ADMF 0
ADWI 0
AFDS 8
AFLV 6
AFTS 0
AFTZ 4
AGIL 0
AGNO 3
AHXC 0
AIIS 2
AIYX 0
AJOI 3
AKIA 13
AKNL 0
AKSC 1
AKXF 0
ALOS 1
ALTS 0
AMHD 1
AMHO 0
AMZE 0
ANAK 0
AOKY 1
APBY 0
APEW 1
APYP 0
AQRH 0
AQVO 134
ARHV 19
ASCV 0
ASHM 2
ASYO 0
ATBY 0
AUEM 1
AUQY 0
AVBK 25
AVBX 0
AWET 1
AYDE 0
AYFT 0
AYMR 0
AYOU 2
AZBX 2
AZVD 22
BCOB 5
BDAY 0
BDQN 8
BELT 0
BENB 0
BGDX 0
BGLA 0
BIIK 0
BIUG 11
BIWW 0
BIZU 3
BJFK 0
BKPA 0
BLIK 1
BMWS 0
BNTS 0
BPMT 1
BQOK 10
BRNH 1
BSRT 3
BTNI 3
BTXS 0
BUEZ 0
BVED 4
BVJV 15
BVUK 0
BVYA 1
BWKN 1
BXGY 1
BYJU 4
BYKM 3
BYOU 723
CAIV 0
CBCT 0
CCAM 8
CEIU 7
CEOH 9
CGME 1
CGPD 0
CJKU 1
CKRG 0
CMME 0
CMXM 0
CNZC 0
COJU 0
COJZ 0
CPHD 1
CPPC 2
CQNZ 3
CRDG 0
CRWU 3
CRYA 0
CSLG 0
CUDY 0
CUIO 0
CUXB 0
CVNA 0
CVNP 0
CVPG 0
CVRX 0
CXLK 3
CYPN 0
DAAR 0
DAGH 7
DAWY 1
DAYT 17
DBVF 0
DBVJ 0
DBYG 0
DDDE 0
DDET 0
DDSC 0
DFXA 1
DHSH 0
DIRM 0
DISQ 0
DITG 8
DJGT 0
DJPB 0
DNRT 0
DOCC 23
DOCJ 0
DOEE 5
DOQZ 10
DQAY 10
DQIE 1
DSXI 3
DTLX 1
DWIJ 0
DXBM 2
DYDG 0
DYNL 998
DZIX 2
DZJW 0
DZQE 4
DZWB 1
EAMJ 0
EAVJ 3
EAYD 0
EBLK 0
ECNK 0
EDHX 20
EDJJ 1
EEJI 3
EEWS 0
EFDR 36
EFTX 0
EGEW 1
EGUQ 3
EIBO 0
EJGC 3
EJLI 3
EJNM 2
EJSP 0
EJUT 1
ELYG 1
EMHL 1
ENAE 7
ENNO 0
EOKQ 8
EOYL 2
EPDW 0
EPLC 0
EQQT 0
EQVA 0
ERIM 5
EROI 0
ESWA 0
ETWV 0
ETYA 3
EUZG 288
EVYF 3
EXOT 2
EYHT 180
EYOY 0
EZLM 3
EZXG 0
FAVB 6
FBQH 1
FCSC 0
FCVC 1
FDHN 1
FDRY 1
FEGJ 4
FEYV 1
FFEU 0
FFXR 1
FGUE 0
FIOT 0
FIXE 0
FJBZ 0
FJNH 1
FJNR 0
FJTR 4
FKIG 0
FKKJ 1
FLFB 0
FMDZ 0
FNNL 4
FNOO 1
FOKV 27
FOWP 0
FQSA 1
FQTI 0
FRXP 2
FTRH 0
FUOD 0
FUQG 0
FVUW 0
FZOC 1
GAAR 0
GAPE 0
GAZW 0
GCXY 6
GCYR 1
GEUO 2
GEVV 10
GEYH 1
GEYV 0
GGLQ 0
GHJR 2
GHKI 0
GJKE 0
GJQD 0
GJSM 2
GJYI 6
GNNT 22
GNZY 0
GOID 7
GPCM 2
GPHN 63
GPWF 3
GQRR 0
GQSX 0
GRCT 0
GROF 0
GSHB 1
GSOQ 0
GTBE 6
GUIJ 12
GUIR 2
GUTW 0
GVEK 2
GVIR 20
GVUQ 1
GWLJ 0
GXFI 2
GXTV 0
GYDR 3
GYMG 0
GZDG 0
HAAR 2
HANN 0
HAXZ 0
HEMT 0
HHRX 1
HKWM 0
HLAJ 16
HNNJ 0
HNRH 0
HPLS 4
HPVV 0
HRQE 8
HSAN 1
HTKX 0
HTLY 82
HTNP 5
HVGO 0
HVHC 0
HWTU 1
HXBK 1
HXGB 2
HYCG 0
HYMH 0
HZIO 0
IABP 1
IAJY 2
ICQI 2
IDEW 0
IERY 0
IEWA 0
IFGM 2
IGUD 0
IHDD 0
IHKA 7
IITD 0
IJCY 1
IJQC 42
IJQW 2
IKVZ 23
ILZX 2
IMCT 0
IOED 0
IOYY 0
IPZU 1
IQLD 2
IQPK 0
IQWO 0
IRJG 0
IRNK 39
ISAJ 1
ISIH 0
ISRH 4
ITDY 3
ITVS 0
ITZH 1
IUYW 0
IVTT 0
IVVR 0
IVYP 1
IXIY 19
IXNA 1
IZJA 2
IZJH 1
JAOQ 0
JASE 0
JATR 0
JBBV 3
JBGU 1
JCGF 0
JCRU 0
JDXG 0
JFIJ 0
JGKU 0
JGTH 0
JHIB 0
JHQN 0
JHWK 0
JIWZ 0
JJBU 0
JJGR 1
JJPA 0
JJWJ 2
JKGX 1
JLCG 1
JLYV 0
JMIL 1
JMOL 0
JMXU 0
JNPO 0
JOQB 0
JQFK 2
JRJQ 0
JTYT 2
JUIK 0
JUPB 0
JURF 1
JUSI 0
JUSQ 0
JVIR 0
JVWQ 0
JXSG 0
JXTS 1
JYAO 0
JYCS 0
JYPY 0
JZER 2
KAKE 0
KAQB 1
KBAN 0
KBVC 2
KCAE 1
KCFT 0
KCOR 6
KDDC 0
KDMM 528
KFIP 1
KGBR 4
KJEB 0
KKGH 1
KMSH 0
KNZW 0
KOVD 38
KOVH 0
KPHB 0
KPHZ 22
KQGQ 35
KQIR 0
KSCX 5
KTDJ 0
KTFB 1
KTKC 0
KUGV 2
KVDF 1
KVHK 0
KVIH 0
KVKG 9
KVMF 0
KVOZ 0
KVVY 3
KVXD 2
KWXF 3
KXEQ 3
KXFR 2
KZPN 0
KZUF 0
LAPP 0
LAZN 2
LBHK 0
LCOI 1
LEJG 2
LEKN 0
LESU 3
LGDR 0
LGNT 0
LIJM 6
LISK 7
LKAL 0
LLJH 1
LMAG 3
LMEX 1
LMGY 0
LMKB 0
LNNK 0
LNRX 2
LOHS 8
LOZP 4
LPDZ 0
LPMD 3
LPXF 0
LPYZ 0
LRYM 9
LSVF 0
LTES 1
LTYG 0
LVBU 0
LWIZ 0
LWMV 0
LXQS 0
LYDP 0
LZUK 28
MAPH 0
MBPN 0
MDEZ 0
MDJK 2
MDUL 0
MEAL 0
MEFK 10
MEIX 5
MELA 0
MFQB 18
MFRY 0
MHQU 0
MHXP 2
MJEM 4
MKKE 0
MKLK 2
MLCB 2
MLIA 0
MMDO 0
MNBR 0
MNQM 3
MOXR 7
MPDP 0
MPPW 22
MQIS 12
MRAG 0
MRVU 1
MUFT 0
MUTI 0
MVQK 1
MVSG 5
MVUG 2
MWWV 0
MXGE 9
MXNL 1
MXUZ 2
MYEG 43
NABH 0
NAKH 167
NAXP 0
NBGP 0
NDJP 1
NEAB 0
NEWR 1
NFAF 30
NFHC 7
NFNF 0
NFPO 0
NFQU 2
NFVW 14
NGBE 2
NGIL 2
NJQH 0
NKDS 0
NKJL 0
NKVC 0
NLGG 9
NLQN 0
NNBX 11
NNTE 1
NNTK 0
NOMQ 0
NOVL 0
NPEV 0
NPGH 1
NPUU 0
NQIP 1
NRPM 0
NSRP 0
NSTC 0
NSUV 0
NSXN 5
NTCP 1
NTFW 0
NTMX 1
NUUP 0
NVLN 3
NXJS 0
NYFT 0
NYXK 3
OAQK 9
OHKG 0
OICE 0
OIGM 6
OJDZ 3
OJUQ 0
OKEI 0
OKLO 3
OKXK 1
ONSF 6
ONWV 0
OPHI 0
OPQL 1
OQIP 1
OQWT 0
OTLC 1
OWDR 4
OXBF 2
OXHF 0
OXUY 0
OYUV 3
OZBG 0
OZWI 0
PCFL 0
PDAN 20
PFEM 0
PFSJ 12
PFYI 2
PGPN 4
PGWL 0
PIES 0
PIPT 4
PIUO 2
PJNI 0
PKDP 1
PLEA 0
PLHW 3
PMPS 2
PMUE 2
PNQC 1
PPNI 0
PPPG 0
PQVY 1
PQWX 4
PRGW 0
PSSB 5
PTDB 0
PTUH 2
PUEV 0
PUFC 0
PVLG 7
PWBI 0
PWLC 7
PWXD 6
PXTT 4
PZLN 0
PZNH 1
QBUM 1
QCEX 0
QDDT 0
QDMZ 0
QDQX 0
QDRO 18
QDYQ 5
QETB 0
QEYO 1
QFOS 0
QFRM 2
QGEN 0
QGKA 1
QGXV 0
QHRK 0
QIOQ 0
QIYT 36
QJSN 2
QJUI 0
QKCE 0
QKHZ 0
QLAX 1
QLNP 0
QMRI 0
QNHF 21
QNMG 55
QNRH 0
QNSM 51
QOEC 3
QOGH 5
QPQJ 4
QPQU 0
QQDV 0
QRBB 3
QRHE 1
QRKR 1
QRRJ 0
QSBR 5
QTID 0
QTVE 0
QUTE 1
QUYM 0
QVDN 0
QVJP 5
QWQN 0
QXEA 1
QXPM 6
QZHM 0
QZJP 3
RAHD 0
RESQ 1
REWG 0
RFPF 0
RGZZ 0
RHLB 3
RJNF 0
RJOR 7
RJPO 1
RKLM 0
RKML 10
RLHO 2
RLNV 0
RLXB 0
RMQZ 1
RMRS 1
RNLM 0
RNQV 0
ROCD 0
RPCM 0
RPMK 1
RPOX 0
RPYP 0
RSOZ 7
RSZY 0
RTCU 1
RTKW 13
RTRC 0
RUQN 1
RVQT 12
RWLC 0
RWZE 0
RXFJ 12
RXMX 7
RXZG 0
RZCO 1
SADS 3
SAXA 8
SBGS 20
SBSJ 0
SDKV 0
SELX 0
SETX 5
SFBC 26
SFEQ 0
SFUP 15
SGYB 0
SIXB 0
SIXF 0
SJKP 0
SJPX 0
SKHM 3
SKLT 0
SKWP 0
SKXD 2
SLXX 0
SMGD 2
SMQW 0
SMVH 3
SMVO 0
SNLA 1
SPGI 21
SPOI 5
SPYX 0
SRPB 0
SSCE 192
SSYG 0
STSH 1
SUAC 0
SVKU 1
SVWW 0
SXGE 0
SYSE 4
SZNG 2
SZTB 1
SZZH 0
TBRP 0
TCIB 1
TDRM 0
TDSJ 32
TECW 1
TEZY 3
TFAW 76
TFHE 0
TFJM 1
TFKE 0
TFYP 0
TGLS 0
THHM 1
THIW 0
THTT 0
THZT 2
TIGC 2
TIZC 0
TJGJ 0
TJIR 11
TJXV 0
TLFA 1
TLYM 0
TNKP 0
TOCT 0
TODL 154
TOGI 3
TOVT 12
TPED 0
TPEX 0
TPHJ 0
TPIH 0
TQKS 3
TRCZ 0
TROF 0
TSBF 0
TSGT 0
TTJI 0
TTVR 0
TUNG 0
TUWR 0
TUXE 0
TVEV 0
TVIL 0
TVMN 2
TWHV 0
TWQX 0
TWXJ 68
TXIZ 6
TYIB 3
TYTF 0
TZSB 0
UAGB 0
UBEH 0
UBIR 10
UCLQ 1
UDTD 0
UDYP 0
UEFA 0
UEQJ 0
UEWP 0
UEZO 17
UFFF 1
UFYF 205
UHIU 0
UIJU 5
UJSU 1
UJVM 0
UJXD 0
ULVT 0
UMKS 1
UMNQ 4
UMOC 0
UNFW 0
UOSS 0
UOVS 0
UPOS 1
UQRM 8
URJW 0
USAV 1
USBR 0
USEL 0
UTHE 6
UUFM 7
UUYC 11
UUZA 0
UVAE 1
UVJI 7
UVLT 0
UVQT 1
UVZU 2
UWIS 2
UXGN 0
UXHC 0
UXJN 0
UYNF 0
UYXT 3
UZOB 1
UZTV 1
UZUR 1
UZZM 1
VASC 94
VBDM 6
VBQO 1
VCVS 11
VDUI 0
VEHN 1
VEHR 0
VFIX 4
VFQN 5
VFSH 2
VFST 0
VGKQ 0
VGQP 1
VHUK 19
VIBJ 10
VIFS 1
VIID 0
VIMD 9
VJET 0
VKAB 1
VLGE 1
VLGG 3
VLIM 0
VLTW 0
VNTE 1
VPOY 0
VQQZ 0
VRYS 0
VSFW 0
VTNY 0
VTWF 0
VUKT 120
VVAL 9
VVEJ 0
VVJO 0
VVRJ 1
VWLA 12
VXKP 0
VYLB 0
VYUY 2
VZFY 0
VZZU 0
WAGQ 2
WAML 2
WAWO 0
WBGK 0
WCHG 21
WDYS 0
WFGH 5
WFKM 13
WFNL 0
WFOC 0
WHBI 1
WHSZ 3
WIVD 1
WIWS 3
WKKK 1
WKVV 1
WLAL 0
WMMJ 2
WMOO 1
WMPB 0
WMRV 1
WQAF 0
WSQV 0
WUOU 0
WUTN 0
WVCL 0
WVKY 0
WWXA 0
WXDC 0
WXFX 0
WZFO 1
WZNM 0
WZYB 3
XAJP 0
XBJO 2
XBMI 0
XCCP 0
XCCS 17
XCPU 0
XDSY 0
XEMY 1
XEOL 0
XFDT 2
XFGC 32
XFKY 1
XFSC 2
XFYY 10
XGCJ 0
XHIS 2
XIKL 0
XJHJ 0
XLRF 2
XLST 1
XMQY 8
XNUN 0
XOEA 0
XOMN 1
XOMQ 3
XOXY 3
XPNK 13
XPNQ 3
XQKS 0
XRKA 2
XRNV 6
XROR 0
XSHQ 1
XSRD 0
XTUJ 9
XWAB 0
XYDN 0
XYPV 0
XYWE 12
YAMX 9
YANZ 0
YBBC 2
YBKP 6
YBLY 5
YDSS 0
YEIJ 0
YEKY 0
YELQ 11
YGUA 0
YHGA 0
YHSY 0
YICG 0
YIXR 8
YJIC 0
YJQH 1
YKRJ 1
YLAI 0
YLDZ 0
YLEI 0
YMBE 1
YOGV 6
YPDW 2
YPHR 4
YPTP 1
YPUW 3
YQWH 1
YRJH 0
YSJH 4
YSLA 2
YUKY 1
YUMR 1
YVNH 0
YYDB 4
YYKY 2
YZCL 0
YZGJ 2
YZMR 0
YZRV 52
YZYR 1
ZACA 1
ZAVR 0
ZBKW 0
ZBST 0
ZCOW 7
ZCTO 0
ZCYV 0
ZDWV 0
ZEZU 9
ZFKZ 0
ZFNU 4
ZFXM 12
ZHKM 0
ZHMK 0
ZJLH 0
ZJRF 0
ZJRK 0
ZKGS 0
ZKKN 0
ZKOL 0
ZLLE 0
ZMJL 0
ZMZO 2
ZPGK 3
ZPRQ 0
ZPVQ 8
ZQHE 28
ZSFW 1
ZSKW 0
ZTCT 0
ZTDU 3
ZTOK 1
ZTXN 0
ZUNH 0
ZUZR 0
ZVVW 0
ZWUJ 0
ZWWM 1
ZXGK 0
ZXJQ 0
ZXJU 1
ZXLV 0
ZXVW 0
ZYFI 2
