AAUU 0
ABOO 5
ABXM 0
ACBH 1
ADPS 11
AELW 1
AERK 0
AFAO 3
AFFF 0
AHBX 0
AHCP 35
AHNP 5
AIFH 4
AIYO 0
AKIC 4
AKQB 4
ALVR 10
AMGZ 0
AMZQ 1
ANCF 0
ANGU 1
ANNN 3
ANPC 1
ANTO 1
AOUK 3
AQDI 27
AQEP 0
AQNV 1
AQUB 0
ARDW 0
ARGY 1
ARIJ 1
ARLR 2
ARMT 0
ARSE 2
ARUY 1
ASPG 1
ATEZ 12
ATHA 2
ATKN 0
ATNG 0
ATOB 0
AUZW 0
AVBU 0
AVSW 0
AWYN 0
AXPX 15
AXSO 0
AXXX 0
AYBG 1
AZEX 0
AZKW 0
AZNX 0
AZZN 36
BAWV 1
BBBE 0
BBRJ 0
BBUA 0
BCBG 23
BCLG 1
BDDT 6
BDGA 0
BEKL 0
BEMQ 0
BGNJ 11
BHDG 0
BHQT 0
BHUT 2
BIHX 0
BISQ 7
BLPS 0
BLUM 1
BLVK 1
BMDN 3
BMIK 0
BNIC 3
BQDJ 0
BRRX 1
BTJE 2
BWNH 18
BWON 2
BWTP 0
BXYG 1
BYVW 1
BYYU 22
CAML 74
CASU 0
CBBH 0
CBKW 1
CBTI 0
CCQM 1
CCYP 3
CERD 0
CEWJ 2
CEYF 0
CFUR 0
CGBY 0
CIAE 1
CIAI 0
CIAZ 1
CIEH 0
CIHG 0
CILJ 0
CJGL 0
CKGM 0
CLMV 0
CMGO 0
CNQW 0
COCK 0
CPEL 1
CPLU 0
CPVR 0
CQBL 0
CQHC 0
CQQQ 8
CRMY 0
CSGO 0
CSKK 1
CSRD 2
CTVJ 1
CTYX 2
CUXH 0
CVHB 1
CVOU 0
CWUJ 0
CXCJ 4
CXHK 6
CXTG 0
CYXM 0
CZYH 0
DAZK 5
DBCX 0
DBEI 21
DCDX 1
DCNA 1
DCUB 3
DCWY 0
DDGE 0
DFKX 14
DFSH 0
DHBQ 0
DIXG 6
DJDR 4
DJGZ 4
DKUU 0
DLCK 0
DLFO 9
DLWS 0
DMHW 7
DMSL 0
DOIZ 0
DOUQ 2
DQCW 1
DQIY 0
DQVN 2
DQZI 0
DRRK 0
DRSC 0
DSWD 0
DTUJ 0
DTYT 0
DUZJ 0
DVLZ 0
DWGB 0
DWSZ 1
DXEU 0
DXKD 3
DZJR 5
EABW 2
EAFP 8
EAGA 1
EAJG 27
EAUO 9
EBEX 1
EBTE 4
EBXB 23
ECRT 1
ECTD 0
EDFT 0
EELD 0
EFGJ 1
EGNS 0
EHSI 19
EIHH 0
EIJG 9
EIVL 0
EIZL 0
EJHD 5
EJVD 0
ELGC 0
ELJY 2
ENZZ 1
EOXP 0
EQXB 1
ERLZ 2
ERVE 0
ERYN 11
ESQV 0
ESUL 0
EUUJ 0
EWHV 0
EXMR 5
EYTS 0
EYUX 2
EYYJ 3
EZVM 10
EZZW 0
FAON 0
FBKC 1
FBWL 1
FCWV 1
FDKU 0
FDSZ 2
FDTV 0
FFCX 0
FFIB 0
FFJJ 0
FFZY 0
FGFR 0
FJBX 0
FLAQ 2
FLPB 0
FLUA 3
FLYF 0
FMAU 1
FMBL 0
FMZO 2
FNLE 0
FOMF 0
FOSZ 4
FPES 0
FPJO 0
FPSV 11
FQHH 0
FRMU 1
FRSK 0
FSKH 1
FTLY 2
FTUK 47
FUFZ 0
FUSI 0
FWZZ 0
FXAW 1
FXGY 1
FYKE 0
FYNW 6
FZMY 0
FZSN 0
GCOS 0
GDBS 2
GDCU 0
GDFV 5
GDON 12
GDYG 1
GERY 7
GFSK 2
GFWR 1
GGIK 2
GGVP 0
GGVR 0
GIBR 0
GIND 0
GISL 5
GJAD 92
GJDF 0
GKQK 11
GLPK 0
GMYG 2
GNGN 22
GNHU 0
GNMU 1
GQYZ 0
GRUB 1
GSAY 1
GSJB 0
GTGO 1
GTOJ 1
GUIK 0
GULN 2
GWIW 18
HABN 0
HAEY 0
HANV 1
HBZR 0
HCRX 16
HDJY 18
HDKF 4
HDZJ 997
HELL 0
HFBO 0
HFDT 1
HFJX 14
HFLL 1
HGDK 0
HHFM 3
HHKG 1
HHLI 1
HIMJ 0
HLDM 12
HLKI 1
HMDV 6
HMGX 1
HMTV 1
HMUR 0
HNST 1
HPBV 1
HPJL 0
HRKE 1
HRLW 7
HRPQ 12
HRVQ 1
HTDG 0
HTLK 0
HTYB 0
HURI 1
HVCZ 0
HVHY 0
HVMH 0
HWJO 0
HWRE 0
HXIQ 0
HYCT 0
HYLG 5
HZLX 0
IAHN 6
IAMQ 32
IANB 3
IBHE 68
IBKT 0
IBLZ 0
IBMW 3
IBSI 150
ICAV 2
ICGX 1
IEQT 0
IEWG 0
IFEB 15
IGKE 0
IGRV 1
IIHO 2
IIHX 29
IJIY 1
IJMN 0
IKCC 1
IKWP 0
IOAX 0
IOHL 0
IOVC 0
IQNE 2
IROC 1
IUGB 0
IUMA 1
IVSX 0
IVZN 0
IWEU 0
IWOQ 0
IXSY 1
IZPS 0
JAPJ 4
JAYA 0
JBGL 0
JBTD 1
JBUT 1
JCAD 16
JCAE 1
JDKX 0
JDNG 21
JEIN 3
JEOA 0
JFFH 0
JGIA 0
JHCX 1
JHII 0
JHQG 9
JIOB 1
JJKW 0
JJQQ 0
JMWL 9
JOGI 7
JOMV 1
JPLS 1
JRTG 0
JRXB 0
JSWD 0
JTWJ 2
JWJJ 0
JWRJ 1
JXBI 1
JXCS 3
JYRM 0
JZBM 7
KAGC 0
KCSE 0
KELL 11
KGPA 0
KGYB 0
KHFI 24
KHVQ 3
KHVU 0
KIPL 0
KJCE 0
KKDO 3
KKUC 1
KLRF 0
KLXW 1
KNRR 0
KOCE 17
KODX 0
KOGC 0
KOPK 0
KRFO 5
KSZY 3
KTAQ 0
KTKI 0
KUFC 0
KVCG 322
KVMH 8
KWLS 2
KWRW 0
KXZL 2
KXZM 1
LABK 2
LABV 0
LAUN 1
LBTZ 0
LBYT 4
LCBH 0
LDPD 21
LEEV 0
LEGC 1
LEGW 0
LFRD 4
LFWI 1
LIDP 0
LJDE 0
LJWY 0
LKBZ 0
LKZT 0
LLEE 0
LMKP 0
LMNL 4
LNUL 2
LQLL 0
LQSL 1
LQXZ 0
LROA 0
LSZK 5
LTMQ 0
LUDB 2
LVCK 1
LVCR 1
LVID 1
LVNN 0
LVTH 3
LWLU 0
LWZZ 0
LXTV 8
LYBQ 33
LYJH 0
MALW 0
MBLI 0
MDAH 0
MDGH 38
MEIU 0
MEVD 0
MEZP 11
MFVB 13
MFZW 0
MGAU 0
MGOT 2
MGRY 0
MHEE 0
MIHC 1
MIOI 0
MIPW 0
MJJO 3
MKGA 17
MKPC 40
MLEY 0
MLNB 3
MLRG 0
MNUA 4
MNYV 38
MOCN 1
MORG 1
MOSO 1
MPCR 0
MPIX 0
MPNJ 1
MPON 0
MPQA 0
MQHL 0
MRNM 1
MSMP 52
MSNN 0
MSXA 0
MUIW 1
MURQ 0
MVJG 0
MVZB 0
MXDD 0
MXLB 5
MXZL 0
MYVU 0
NADZ 1
NAPO 0
NATD 0
NAXC 11
NBYL 6
NCHY 0
NDJA 1
NERM 0
NFAF 5
NFAR 0
NFCQ 0
NFVV 1
NGHJ 5
NGYC 9
NHOB 0
NJKY 2
NJYZ 0
NKAZ 339
NKMY 0
NLBB 1
NLPV 2
NLQS 1
NLSM 0
NMEF 1
NMUD 0
NNDT 19
NNWJ 3
NNZW 0
NOVR 0
NOVT 4
NPAV 4
NQOM 0
NRBQ 1
NRUX 0
NRZA 3
NUKR 19
NUSY 0
NUTW 0
NVQH 39
NWAM 2
NWYO 0
NXGX 0
NZML 0
NZPT 0
NZUR 1
NZUY 0
OAQD 34
OASS 0
OCUQ 0
ODRU 2
ODVO 0
OEGO 1
OGKS 1
OGMV 0
OHJP 0
OJIU 5
OKMF 4
OKTM 9
OLOV 0
OLRG 1
OLVW 1
OLWU 0
OMMD 10
OMNP 2
OMWX 1
ONDW 32
ONYO 0
OOWF 3
OOZO 0
OPHV 0
OPNE 1
OQZA 0
ORAT 0
ORWV 0
OSAX 0
OSIT 0
OTPU 404
OWMD 0
OWOZ 0
OXDO 13
OYBA 2
OYWA 1
OZUY 0
PAAZ 0
PAGN 0
PAIU 1
PBAA 1
PBRY 2
PBVE 5
PCQN 1
PCXE 4
PDQO 4
PDRB 1
PDRP 0
PDUO 1
PEZG 1
PFKY 0
PFRC 0
PGOO 0
PHJI 4
PHUP 6
PHZO 7
PIRV 0
PLGM 0
PNDY 0
POSD 1
PPEI 1
PPQD 2
PQBU 0
PQCO 0
PQSM 9
PQTV 1
PQYF 0
PSPN 14
PSSJ 37
PTAF 13
PTBJ 0
PUWK 1
PVGY 5
PWLW 3
PWWI 0
PXNE 0
PXST 0
PYQP 2
PYST 2
PYZU 1
QBUB 0
QCAJ 0
QDKT 0
QFWH 1
QHZL 1
QIBN 0
QIKH 0
QIYK 11
QJBV 5
QJIA 1
QKML 0
QLIL 1
QLPI 0
QLZC 2
QMFJ 0
QMVN 3
QNNG 0
QNWU 0
QPKG 0
QRIW 9
QRRE 22
QSWH 2
QTJO 16
QTRC 0
QUCC 0
QUTO 0
QVIM 24
QVOJ 9
QWCD 0
QWOJ 0
QXMT 2
QYBI 105
QYJZ 2
QZSY 1
RBIH 0
RBRP 0
RCNN 1
RDBH 0
RDOW 0
RDXH 0
REVW 0
RGCU 3
RGNE 0
RHAN 0
RHBV 0
RHRS 2
RHUB 377
RJWC 0
RLFO 0
RLNA 8
ROBW 72
ROHW 290
ROOE 0
ROPF 0
RPEN 1
RPZL 0
RQEV 2
RROV 0
RRUE 0
RUEK 0
RUOD 0
RUSK 0
RUTH 8
RVMH 0
RWTM 0
RYHY 2
RYKW 0
RYRW 0
SBBW 0
SBHQ 0
SCNG 0
SCQB 1
SCRZ 0
SDJX 1
SDVD 0
SFDB 1
SGEX 0
SGXX 0
SHPZ 45
SICF 0
SKDT 120
SKEV 0
SMGO 1
SNAE 0
SOVI 17
SPGW 0
SQYN 0
SQZW 4
SRGJ 0
SRIR 0
SRIV 4
SRJO 0
SSID 0
SSQT 4
SSVC 0
STBN 2
STUK 0
STUY 1
SUGS 0
SUVZ 0
SWWC 10
SXCM 1
SYKL 0
SYYO 2
SZIQ 3
SZKU 0
SZWP 0
TAEE 12
TANA 4
TBJX 0
TDYZ 0
TEKI 0
TENR 0
TFAA 0
TFOQ 2
TFVI 0
TGKQ 0
TGYK 0
TIBB 2
TICW 0
TKSV 0
TKVM 0
TLEO 0
TMPM 25
TNNF 0
TOBG 0
TOSA 1
TOYC 0
TPDY 7
TPLQ 1
TPWC 2
TRNT 1
TSTQ 8
TUHH 0
TVAA 0
TVLL 0
TWPI 22
TWSR 2
TXEW 0
TXRZ 1
TZMF 2
UAQB 0
UDYT 0
UDZN 5
UEPY 1
UFBI 6
UFYB 2
UGDF 0
UGMS 4
UGTB 1
UHTX 1
UHWE 0
UHZY 2
UIKZ 268
UISB 4
UIWK 0
UJAV 5
UJMX 0
UJRD 0
UKWA 116
UNDC 0
UOGX 1
UOYK 0
UTEW 33
UTFA 1
UTYN 7
UUDN 0
UVVI 0
UWEQ 0
UWHQ 0
UWUQ 2
UWVP 0
UXYJ 0
UYAI 0
UYKL 1
UYXY 1
VAFF 0
VALG 0
VAZG 2
VAZW 17
VBVB 1
VCGZ 3
VDWW 1
VDXZ 2
VEYT 9
VFJG 8
VFYF 10
VHQW 0
VILO 1
VISO 7
VIXJ 1
VJAT 2
VJRP 2
VJVV 0
VKSV 0
VKWY 5
VLHC 8
VNPC 5
VOAN 11
VOZR 7
VPBZ 1
VPUJ 1
VQUT 22
VRRK 6
VSCX 8
VSKL 3
VSNL 0
VSYN 0
VUDT 1
VUEF 0
VUFY 0
VULL 0
VUNM 2
VVXO 0
VWKK 14
VWTJ 0
VXFR 5
VXQJ 1
WBBK 12
WCAB 0
WDTW 3
WFSF 4
WGPC 0
WGUP 3
WGZQ 0
WHQK 0
WJET 0
WKCW 2
WLPT 1
WMLK 10
WMPA 14
WNVX 10
WPBE 29
WQJX 17
WQKH 0
WQMJ 0
WRKO 1
WRRR 0
WRRW 0
WRTR 0
WRVB 0
WTAP 2
WTGV 0
WUBE 0
WUDU 0
WUFS 0
WVEJ 0
WVLH 2
WWBT 0
WWDU 0
WWNV 0
WYXS 1
WZAF 1
XCRZ 0
XDMY 0
XDWB 3
XEMA 5
XERS 0
XEWK 0
XEZE 0
XFSI 0
XFUF 0
XGCH 4
XGJH 0
XGJU 0
XHIG 0
XIBQ 0
XIRT 14
XJBW 0
XJNY 0
XJSK 4
XKAY 21
XLAJ 0
XLFF 0
XLHQ 0
XLZD 1
XMYI 12
XOOD 4
XOXF 3
XPAH 0
XPDR 0
XQTW 2
XQZN 3
XSKR 3
XUCF 0
XUNM 0
XWXG 0
XYIZ 0
XZIQ 0
XZIX 0
XZUY 63
YBIF 0
YCAS 0
YCHN 0
YCKU 1
YCSL 0
YCZI 0
YEOA 1
YFAA 5
YGZJ 0
YIQJ 0
YJTZ 29
YKBY 0
YKVD 0
YLFV 0
YLHF 0
YMTR 2
YNLM 4
YNPN 9
YNQO 0
YPBC 5
YPEA 3
YPID 1
YPQA 1
YPYQ 0
YPYY 2
YRAG 0
YRHU 0
YSEE 2
YSHR 0
YTGJ 0
YTRP 0
YUOZ 0
YVCY 0
YVVP 1
YXEB 3
YYDS 0
YYFM 3
YYRU 2
ZAUC 0
ZBJH 0
ZBWM 0
ZCTX 0
ZCVV 1
ZDTB 6
ZEDC 1
ZEPD 0
ZGIR 1
ZGKS 7
ZGUQ 2
ZICD 0
ZIKL 3
ZIKY 0
ZISM 0
ZIVQ 0
ZIVY 3
ZJGD 0
ZKCA 0
ZLVV 3
ZMDZ 26
ZMGT 0
ZNMR 1
ZOCU 0
ZRHI 1
ZRWR 5
ZSRS 0
ZTBM 1
ZTGE 76
ZUFU 0
ZUGR 6
ZUQP 0
ZUZM 0
ZVKH 1
ZWLG 6
ZWPE 0
ZWUW 0
ZWVJ 1
ZXHC 7
