AEPQ 0
AFDS 2
AFXI 1
AGLJ 0
AGUK 2
AIWZ 14
AJNG 0
AKIA 1
AKNB 0
ANUA 4
APIP 0
APPT 0
APTT 0
AQXD 1
AQYK 11
ARCF 0
ARMU 2
ATGT 27
ATQO 0
AUHM 3
AUIH 0
AUKB 998
AUNX 10
AUOM 3
AVAC 2
AWER 6
AXAE 18
AXJJ 0
AXRR 14
AYDZ 1
AYNI 0
AZIP 0
AZUF 0
BAIU 1
BAXU 2
BBFF 2
BBUE 63
BCJS 0
BDLX 0
BDRZ 0
BEJV 17
BFIB 4
BFJA 0
BGVF 3
BIGE 2
BJNZ 1
BKLO 13
BKSL 0
BKUL 2
BNIR 0
BNOZ 2
BOMC 1
BPIM 1
BQRL 0
BQZF 19
BSOR 0
BSQJ 7
BTCI 4
BTYS 3
BUEN 0
BVBY 0
BVSL 1
BVVF 2
BWET 1
BXXC 15
BYLN 1
BYOP 0
BZEW 0
BZPO 1
CAAH 1
CAJD 0
CBHF 0
CDCT 0
CDIG 0
CENM 4
CFZY 0
CHGD 2
CHHU 0
CIVZ 0
CJCS 0
CKCS 1
CKJK 0
CKWB 1
CMGV 0
CMPP 1
CMVB 0
CNHM 0
CNLP 2
CNWL 4
COET 0
COJL 0
COKU 0
COSW 3
CPBO 0
CQRW 12
CROE 0
CRWX 4
CSMG 2
CSPE 1
CTLE 1
CUOC 0
CUXG 1
CVHP 10
CVIT 0
CVKI 10
CVRC 0
CWXT 0
CYUU 40
CZIE 1
CZYX 9
DBNM 10
DBSU 0
DBVK 0
DCCE 262
DCXG 1
DDVB 0
DGOM 1
DGOY 0
DGPW 0
DHKD 1
DIRS 0
DJTD 0
DJVG 0
DJZR 0
DKKW 0
DKUT 2
DKVO 0
DKZR 99
DLUN 1
DMYL 0
DNIQ 0
DNKS 3
DORG 2
DOWA 6
DQGJ 0
DQGQ 0
DQKH 36
DQWR 0
DRAH 1
DRUV 29
DTYU 0
DUJL 0
DUOJ 0
DVGS 0
DVJY 1
DWAA 0
DWJC 1
DWKZ 0
DWPO 0
DXEQ 0
DXSQ 0
DXXX 0
DYDC 0
DYLP 0
DYQO 12
DZIK 1
DZWE 1
DZWX 0
DZXG 7
EBFJ 0
EBHT 1
EBQG 88
ECKF 2
ECRT 1
ECUH 48
ECXN 0
ECYV 1
EDCV 0
EDLS 8
EDYY 0
EEBG 0
EEZB 1
EGJR 2
EGLM 2
EGXQ 0
EGXU 0
EILE 0
EIZD 0
EKBU 0
EKFI 1
ELGY 1
ELIO 1
ELLU 8
EMBS 34
EMLF 0
EMPJ 0
EMRK 0
EMVG 0
ENJY 0
ENRC 4
ENUC 2
EOYG 1
EPOB 7
EPYC 1
EQDC 4
ERVA 1
ETLX 2
ETLZ 0
EUEO 0
EWFR 0
EWPE 0
EWTT 0
EWUS 0
EXMP 1
EXNG 0
EYFW 1
EYJV 1
FAAT 0
FARR 0
FAZA 5
FBYT 0
FEIG 6
FEVY 2
FFVI 70
FGQD 1
FISG 1
FLDZ 1
FMEW 2
FMMJ 0
FMUL 0
FNAA 0
FOLM 0
FOLW 0
FOTI 1
FPLN 0
FQMG 0
FQOW 3
FQYI 1
FRWW 1
FUCR 0
FUIU 1
FVAN 0
FVXY 1
FVYD 1
FWHV 3
FWYP 0
FXAT 2
FXKV 0
GACL 0
GAHZ 3
GAOZ 0
GBJS 1
GCJO 0
GDRI 6
GDXJ 2
GEDC 1
GETK 0
GFNX 0
GFUT 0
GGEJ 0
GGWH 0
GHZO 0
GJXY 0
GMSW 0
GMXM 2
GNDF 1
GNZH 0
GOCF 2
GOTN 4
GPHD 0
GPQS 17
GQHF 13
GQLZ 0
GQZR 21
GROG 3
GRXL 0
GSEJ 18
GTVN 0
GUVS 3
GVTK 0
GWCP 7
GWEP 0
GWFY 2
GWWX 5
GYKE 1
GYMU 0
GYQG 0
GZUL 1
HABU 0
HBDB 5
HBZV 2
HCGD 5
HCLL 0
HDKQ 1
HENU 14
HEUD 0
HFNH 0
HFOL 14
HGPJ 0
HGPU 3
HGUW 0
HGYF 0
HIAK 1
HJXD 0
HKFV 0
HKLR 0
HMAV 1
HMZK 9
HNQX 2
HOSR 0
HQEQ 26
HTPQ 0
HTXL 1
HURG 2
HVHE 1
HVSP 0
HWMP 19
HXOB 0
HYCD 4
HZUC 0
IATZ 2
IBPX 0
ICQP 1
ICZH 0
IDKI 0
IDMB 1
IDWM 1
IEHM 0
IEYR 3
IFGY 0
IGOH 1
IITO 8
IIUU 0
IJXX 2
IKID 1
IKRJ 0
ILIX 1
ILWT 0
IMJX 33
IMTB 3
INAU 2
INVH 0
IOBK 1
IOHD 0
IOVE 1
IPJT 1
IPTS 10
IRBD 0
IRXW 2
ISAG 3
ISIB 3
ITPM 1
ITRB 2
IUKB 4
IWDQ 0
IWKN 1
IWUI 0
IYRI 0
JBQQ 3
JCFG 0
JEUY 29
JGPO 28
JGWS 0
JHEI 0
JINQ 2
JIPM 11
JJEO 0
JJRB 0
JJWR 25
JKGF 0
JKJM 12
JLIA 0
JMAG 7
JMUA 4
JOJB 0
JOVD 0
JPJW 10
JRER 2
JRJZ 3
JRQR 0
JTCF 0
JULN 9
JUNW 16
JVIS 1
JVLO 1
JWCV 1
JWFA 1
JWGL 49
JYIW 4
JYLL 1
JYWA 2
JZBY 0
JZVH 0
KAGC 0
KAND 1
KBCQ 0
KBRJ 61
KBSY 32
KBZG 1
KCDY 0
KCEH 5
KCHA 6
KDAE 0
KDOL 3
KDSD 303
KECL 189
KEFE 0
KEQN 1
KGVB 0
KHBQ 4
KHKB 0
KHSB 1
KIFV 0
KIUB 0
KJBO 0
KJOO 3
KJYR 0
KKLE 0
KLYB 5
KMIE 7
KMNS 0
KNKK 4
KOCN 0
KODV 0
KOHP 0
KPGC 47
KQGU 0
KREK 21
KSKI 0
KTIF 0
KTSV 1
KTZL 0
KUHL 0
KVFD 0
KWGE 1
KWLM 0
KXGE 0
KXJK 0
KXQT 0
KYEB 0
KYOJ 0
KZDC 0
KZSK 1
LASV 0
LCRU 0
LCTQ 0
LDCB 1
LDDN 0
LEBQ 2
LEIM 0
LEQJ 1
LFVW 0
LGWX 0
LHBQ 9
LHPA 1
LIRV 0
LJSE 0
LKKT 0
LKRZ 0
LLCM 8
LNIQ 2
LONQ 0
LOSC 0
LQWK 4
LQYA 0
LRED 0
LRJC 3
LRUK 0
LSAV 1
LSHL 4
LUHP 0
LUJS 0
LUKY 19
LUMB 0
LUNN 0
LWEG 0
LXYK 6
LYLG 2
LYYJ 0
LZKC 1
MAVS 2
MCAJ 0
MCGV 9
MCIB 0
MCMT 0
MCZP 0
MEIN 0
MEIR 0
MEPH 8
MEQD 0
MEUZ 7
MFJE 4
MHEZ 7
MHZR 2
MIYZ 0
MJUX 0
MKEG 5
MKWH 0
MLEH 1
MMPR 0
MPYL 1
MQGJ 0
MRBJ 1
MRCB 7
MSDY 2
MSRK 0
MSSO 2
MTKX 3
MVAJ 0
MVIE 0
MVOU 0
MWCH 1
MWGX 0
MWLR 0
MWRA 0
MZAS 1
MZOK 1
NAFU 0
NAUV 8
NBCQ 1
NBXJ 1
NCCN 1
NCVB 1
NEJS 1
NEWM 1
NJBJ 6
NJDO 0
NLSO 0
NLTI 0
NMJO 0
NMMV 0
NMNN 5
NMVX 0
NMYG 0
NNDJ 0
NNXY 1
NOIM 0
NOQJ 4
NOYU 1
NPUH 0
NPYJ 7
NQRG 3
NRCS 2
NRLF 15
NRMQ 1
NSQW 0
NTHW 0
NUXH 0
NWQF 8
NWUO 0
NXTD 1
NXTY 58
NXZP 1
NYKD 1
NYQT 3
NYUB 7
NZDD 11
NZIG 0
NZKU 1
OAOM 0
OAZA 0
OBHG 2
OBPR 4
OBRD 7
OCGE 0
ODNS 2
ODYR 1
OEXV 0
OGJB 1
OHBH 3
OIEX 0
OIJK 0
OJTL 0
OKTX 35
OMQA 1
ONDH 0
ONOW 7
ONPF 0
ONZC 0
ONZF 0
OOIK 0
OQRK 9
OQYV 18
ORER 0
OSBV 0
OSJA 2
OTEE 0
OTNT 5
OUJP 3
OVJS 2
OVVK 31
OWET 0
OWKM 0
OXEC 0
OXRK 0
OZOY 0
OZYC 5
PBEE 1
PBIC 0
PBMB 9
PBSL 6
PCWL 1
PDAE 1
PDIO 2
PDKB 0
PDRA 25
PDRS 2
PDWZ 0
PEKT 2
PERE 1
PESE 1
PFSG 0
PHEM 2
PHJO 0
PIIA 0
PIZT 4
PJGD 0
PJYV 1
PKQK 1
PLZL 3
PMIN 0
PMRB 3
POEW 0
POTF 0
PPKC 21
PPQR 1
PPRM 9
PQKC 31
PROD 0
PRWT 0
PSNA 7
PTFB 0
PUGI 4
PVWF 5
PWCM 0
PWSO 3
PWWS 2
PWYL 0
PWZB 5
PXFI 0
PXNF 2
PZPO 0
PZPP 0
QAGN 1
QARK 0
QBTO 12
QBUP 2
QCRN 0
QCWC 0
QDCF 58
QEJK 1
QFUP 1
QFYT 0
QHFA 0
QICY 0
QKAC 0
QKFJ 22
QKIH 0
QKPF 3
QLBP 2
QNNQ 0
QNVC 0
QOFX 0
QPZJ 0
QQSC 1
QQWH 0
QQYD 7
QRXG 0
QTME 5
QUAF 0
QUSB 1
QVMP 0
QWMQ 20
QXOQ 7
QXXX 1
QYKV 1
QYXS 0
QZVY 0
RCSC 0
REML 0
RHPU 0
RHSW 5
RIPO 0
RIRG 1
RISA 1
RJDT 14
RJNQ 0
RKQV 0
RLAR 25
RMHC 1
RMNM 0
RMUD 0
RNLQ 0
RNRK 1
RNSY 1
RNTQ 9
RPKO 7
RPNE 1
RPXK 1
RQFO 0
RQQO 0
RRGY 0
RSDF 0
RSGZ 0
RTFZ 0
RTXX 0
RUEK 1
RUOL 1
RUUQ 0
RVXZ 2
RYAM 31
RYPC 5
RYQC 0
RZEK 1
SAIF 29
SAPB 2
SAUR 13
SBYU 29
SCAG 0
SCWU 0
SDBR 0
SEFC 0
SEXC 1
SGHW 0
SGNV 5
SHOI 2
SJII 2
SJWR 2
SNBP 0
SNGT 2
SNYJ 0
SOJH 1
SOWX 0
SPCK 0
SQBU 0
SQSY 3
SRTB 1
SRUT 0
SSTX 0
STMX 4
SVWN 1
SVZZ 0
SXGL 151
SXZW 1
SYBB 3
SYIZ 2
SYLQ 0
SZOL 1
SZZL 0
TDOK 0
TEYK 0
TFEJ 1
TFRA 3
TFUC 2
TGTW 33
THAV 2
THVO 0
TIAL 0
TIVK 0
TJMR 0
TLRU 3
TMQF 0
TPOQ 3
TPQB 0
TQFL 1
TRHX 1
TSWG 1
TSZP 3
TUFZ 0
TULL 0
TVED 0
TVJY 0
TVKJ 0
TVTR 2
TWCW 0
TYIR 0
TZOO 5
UAIS 1
UAJK 0
UANM 4
UBCC 0
UCDF 2
UESP 0
UEVP 1
UEXM 2
UFEE 0
UFEF 2
UGKA 2
UHMP 1
UHQP 2
UIRN 0
UJEQ 0
UJVN 0
UKSS 0
ULBT 0
ULBY 1
ULNN 0
UPML 11
UPMP 0
UQOP 0
URHX 0
URMH 0
USUE 0
USVI 0
UUFI 0
UUMZ 0
UVAV 0
UVKI 0
UVTI 0
UVYW 0
UWSE 0
UXCW 0
UXDL 0
UXQP 0
UZEJ 28
UZNO 1
VAWS 1
VBPJ 11
VBRV 0
VBUL 22
VCBA 1
VCFV 0
VCNB 0
VDLO 0
VDPN 1
VEDF 0
VGOG 0
VGYC 4
VIPB 0
VJOA 0
VJZN 1
VMEW 1
VNDD 0
VNGP 5
VNUT 7
VOCB 0
VOHH 0
VPCS 0
VPYM 16
VQDB 14
VQIR 17
VQOI 0
VQPX 0
VQYC 0
VRDY 1
VTIN 1
VTUB 2
VUMV 0
VVDC 0
VVNQ 0
VWGB 112
VYAT 0
VYHC 2
VZEM 0
WANX 1
WBGV 0
WDOT 1
WDUQ 0
WEEZ 3
WFAI 21
WFLD 2
WGCX 0
WGJL 0
WHUJ 177
WIVP 23
WJAL 0
WJLD 0
WJMU 0
WKBM 2
WKTB 3
WMQE 0
WMSN 12
WNKI 1
WNLR 0
WNLX 2
WNNU 0
WOGK 0
WOTK 0
WPWV 0
WQZF 1
WRLX 0
WRTO 0
WTGV 1
WTHY 0
WTSS 0
WUJN 0
WVNR 0
WXUH 0
WYAX 1
WYDP 5
WZFL 6
WZFO 2
WZNU 0
XBBW 2
XBES 0
XBIZ 0
XBYH 0
XCEX 0
XCXR 0
XDCY 0
XDOR 4
XDXH 3
XDZA 0
XEJB 0
XEYK 1
XFSJ 0
XFWT 7
XGTS 3
XICN 1
XIVP 0
XJLW 0
XKBQ 26
XKBZ 2
XKWL 0
XKXA 0
XKXN 1
XLGH 2
XLPS 0
XLUL 1
XMFY 0
XNPA 0
XPDQ 2
XPET 13
XPMP 0
XPYS 4
XQBH 0
XQXO 24
XRYM 0
XSNG 24
XURC 3
XVHS 0
XVWK 0
XXCU 0
XYCK 0
XYSY 0
XZCO 2
XZQQ 0
XZSN 16
XZUD 0
XZYJ 6
YAJD 0
YAOE 0
YBWH 0
YCYU 0
YFQY 0
YFTR 0
YGLR 1
YHYA 5
YHYB 1
YISR 11
YKNJ 1
YKOQ 0
YLKG 36
YLZM 0
YMNI 2
YOLU 0
YPCU 1
YPRF 1
YPUG 1
YTIF 1
YTOE 4
YUNR 0
YUUA 1
YVBZ 113
YVHN 0
YVMJ 1
YVOI 7
YXHD 4
YYCH 0
YYPE 22
YZNG 1
YZVD 1
ZBKE 2
ZBWW 1
ZCSC 0
ZESE 0
ZFCZ 6
ZFKC 0
ZFWD 0
ZGBQ 1
ZGNY 4
ZGRT 0
ZHWD 0
ZIKV 3
ZJEP 2
ZJJT 0
ZJNL 2
ZKIT 1
ZKQF 1
ZKUT 1
ZLAQ 0
ZMKX 2
ZMTX 0
ZMVB 0
ZNLE 0
ZNPB 0
ZOYV 0
ZPWT 0
ZQAX 9
ZQTJ 0
ZRML 3
ZRMS 1
ZSGE 0
ZSRM 0
ZUTU 228
ZWGA 0
ZXBA 0
ZXVH 0
ZZNL 1
