AABU 1
AAGT 0
ABAE 0
ABHO 4
ABTN 0
ACIP 0
ACLH 0
ACPN 0
ACVT 0
ACYZ 3
AEVC 3
AFFO 5
AGDT 0
AGIS 1
AGNT 0
AHEV 1
AIMR 9
AJKF 0
AJVO 64
ALOH 3
AMFJ 7
ANGI 6
ANJN 1
ANVE 0
ANYT 0
AOEX 0
APJZ 5
APWQ 1
AQJP 0
AQNP 0
ARHE 1
ARHI 0
ARQH 1
ASBP 0
ATVY 2
AUDK 0
AWDQ 2
AXBR 1
AXRB 0
AYIF 1
AZNW 4
AZXN 0
BAMQ 0
BASK 177
BATN 2
BCHE 3
BDAW 0
BDFR 7
BDLA 2
BGIN 0
BGRI 3
BHJF 3
BIJE 0
BJDU 0
BJGK 0
BJJP 0
BJSZ 12
BJYV 0
BJZJ 0
BKGV 0
BLEC 0
BLJU 0
BLQF 9
BNBD 51
BRBK 5
BRGU 0
BSAP 0
BSBE 0
BSBI 4
BSDF 0
BTEI 1
BURQ 0
BWCA 1
BWJD 0
BWWS 0
BZTG 0
CAQB 0
CAUN 0
CEJP 0
CEUV 0
CFYU 1
CGOU 2
CGYD 2
CHLM 2
CHUJ 0
CIAH 0
CKFE 1
CKUY 0
CLLR 180
CLPA 1
CMAH 4
CMNX 0
CPLY 16
CPMT 0
CQBY 1
CTKD 0
CTYV 0
CVDW 0
CWVC 1
CWXU 0
CYDP 2
CZED 1
CZEL 0
CZWM 7
DAIE 2
DAJN 0
DAJQ 0
DAWE 0
DBJZ 2
DBUG 0
DBYE 0
DBZY 1
DCWA 0
DDCO 0
DDKO 0
DEDD 71
DEYE 0
DFYL 4
DGQE 5
DHES 0
DISG 5
DKNQ 0
DLAX 0
DLPY 0
DLRT 0
DNHF 1
DNZO 0
DPCU 0
DPXV 0
DQCQ 72
DQSW 11
DQWA 0
DRND 0
DRTO 1
DSME 0
DTUS 0
DULE 1
DURP 0
DVBL 3
DVGB 0
DVJR 11
DWNX 0
DXCS 0
DXGX 0
DXHO 0
DXVT 1
DZPI 3
DZSH 0
EAHN 1
EBPE 1
ECSY 9
ECXB 0
EGCX 0
EGFP 0
EGZH 2
EHSF 1
EHUQ 0
EIPY 47
EISQ 1
EJFC 0
EKBB 0
EKIL 0
ELCZ 0
ENEJ 0
ENFD 0
EOID 3
EOWJ 2
EOZQ 26
EPMQ 0
EQFD 0
EQFH 0
EQWK 2
ERDG 1
ERFH 1
ERUQ 0
ERXX 0
ESPC 0
ETBP 0
EUKQ 1
EUTE 1
EWBZ 0
EXWN 2
EXZM 2
EYFS 12
EYNU 0
FAEV 0
FBUX 0
FDRV 0
FDSR 6
FDYI 46
FEZG 3
FFBN 24
FFRX 9
FGBY 0
FGCE 0
FGNU 0
FIIZ 5
FIMJ 0
FIXG 0
FLZO 4
FOQH 18
FPLV 0
FQFC 4
FQJF 0
FRHU 0
FVKA 0
FWAJ 1
FWKQ 7
FWYH 0
FXBT 1
FXFR 0
FXGW 0
FXIS 1
FXRB 1
FXSY 0
FXZH 9
FXZI 0
FYMA 34
FYSD 5
FYTC 0
FYWR 1
FZDR 29
FZEI 1
GAKO 2
GAOC 4
GATI 1
GBVB 9
GCBE 1
GCDL 15
GCGX 0
GCLK 7
GCMA 0
GDIS 0
GESW 0
GGYX 3
GHSJ 2
GINZ 0
GIUT 0
GIXQ 4
GJRA 0
GKZO 15
GLBM 0
GLFS 0
GMEA 31
GMET 6
GMEV 2
GMIJ 0
GNGI 4
GPCY 4
GQBN 3
GQYA 12
GQYC 0
GRJQ 0
GROW 0
GRRK 2
GTZC 0
GUAA 0
GUNI 11
GVVF 0
GWIZ 0
GXFM 3
GXTY 0
GXYA 0
GZBB 0
GZWV 2
HAOL 0
HATQ 2
HCHJ 1
HCSS 0
HEPD 1
HGDU 0
HGIU 3
HGNQ 1
HIEK 13
HIFF 1
HIJO 0
HIJX 0
HMMG 0
HMML 0
HMUU 0
HPCP 8
HQYR 0
HSVE 17
HTQA 9
HUEY 0
HUHO 0
HUUC 0
HWGG 3
HWIA 3
HXAT 0
HXJO 0
HYCJ 1
HZBF 0
HZMT 0
IAAW 2
IBGG 10
IBNE 52
ICAG 1
ICHC 10
ICOU 7
ICSR 3
ICUK 0
IDND 0
IDRV 0
IDXS 1
IECW 3
IGXX 0
IHBV 1
IHJH 12
IHTZ 0
IHWG 1
IIEY 2
IIYU 2
IJQJ 2
IKBN 0
ILQA 0
IMVG 8
IOFA 1
IOOO 0
IQEC 2
IQUY 0
IQVZ 0
IROE 1
IRQO 0
IRYO 22
ITFX 2
ITJP 0
IUTQ 0
IVDY 0
IVKY 2
IVPU 162
IWBR 0
IWKZ 0
IXFY 0
IXQF 1
IYGN 4
IYTF 1
JACT 1
JAMW 3
JAZA 1
JAZE 26
JBIL 2
JBIM 0
JCEM 7
JCJE 10
JCQT 7
JCSR 1
JEFI 34
JGHY 1
JGLT 1
JIAN 0
JJPI 0
JLDM 1
JLJT 0
JLMT 0
JMBY 0
JMER 0
JMMR 36
JMVH 0
JOUJ 1
JOVR 4
JPKX 1
JPTF 2
JPVH 4
JPZK 5
JQWU 3
JSBL 0
JSCK 0
JSHL 2
JSIZ 1
JTAZ 1
JTYT 0
JUDC 1
JUDO 2
JUPV 1
JWGN 0
JWTG 2
JWVT 16
JXUP 1
JYLJ 7
JZTX 0
KADW 0
KBAB 0
KCBR 0
KCPL 0
KEIG 17
KEOX 4
KFCH 2
KFKY 0
KGJS 0
KGLR 17
KHHY 0
KHQA 1
KIHT 1
KIMD 2
KKRF 0
KMAC 0
KNAX 2
KNHJ 1
KOKQ 1
KPMC 0
KPOE 1
KPZJ 1
KRMK 1
KRTJ 0
KTFK 0
KTIO 0
KTUN 0
KVCN 0
KVLW 0
KYIM 3
KYPT 2
KYWD 0
LBPN 14
LBSB 0
LBZV 0
LCCC 0
LCTF 32
LFBB 3
LGUW 30
LHBU 2
LIDS 61
LJOT 1
LJXY 10
LLCL 0
LLGB 7
LLSV 0
LMQN 3
LNHQ 0
LNKX 1
LPQX 3
LPYZ 0
LQQI 8
LQXH 0
LSXT 0
LTBV 2
LVAS 5
LVBR 0
LVCL 0
LWUB 1
LYTA 0
LZKE 1
LZWY 0
MBCL 0
MBMQ 13
MCBU 0
MCWD 0
MEUW 0
MGMA 0
MHRL 0
MIGJ 0
MJHH 0
MJKV 0
MJMH 0
MKLE 0
MKMW 0
MKNB 0
MKYE 2
MLKU 0
MLQV 14
MMCA 0
MMSZ 0
MNHO 2
MNYR 0
MOKT 0
MPKN 0
MQZL 0
MRDL 3
MRKV 0
MRLO 4
MRQI 0
MSEJ 0
MSJC 22
MTMI 5
MZNL 0
NACQ 0
NADP 4
NAEM 16
NAKR 3
NBXK 0
NDPV 0
NESD 0
NEXB 8
NFIY 8
NFJI 2
NFSK 1
NFUG 0
NGCK 376
NHKA 0
NHLB 0
NHWY 0
NHXI 1
NIEL 0
NJCB 0
NJCC 0
NKKR 0
NLKX 1
NMIB 2
NNCP 0
NNEE 1
NNRR 0
NNVR 0
NOHH 1
NOVP 1
NPBX 0
NPPW 6
NQFQ 8
NRJU 2
NRVW 2
NTDO 0
NUGX 0
NUYJ 2
NVVT 0
NWHH 0
NXBU 0
NXOH 2
NXWH 0
NYDN 19
NYVN 0
NZRP 10
OACX 0
OBML 0
OBTV 0
OCIN 0
OCSG 0
OEHD 0
OGXL 0
OGZK 0
OHAV 18
OHBD 0
OHVO 1
OIUS 2
OJQX 0
OKCU 0
OKGC 14
OKMR 1
OKTM 1
OKXG 2
OLZJ 0
ONTQ 18
OPRN 3
OQJR 1
OSCH 0
OSIB 3
OSJN 0
OTIB 12
OVZF 1
OWVY 3
OXKX 0
OXRW 1
OYCW 3
OZBE 2
PAAA 0
PACO 0
PAFU 0
PAUX 0
PBKN 0
PCCO 0
PDRT 9
PEBO 337
PEDL 0
PENN 0
PGFU 0
PGRV 3
PHEE 4
PHIY 4
PHRY 4
PHXU 0
PIGF 0
PJGW 1
PKBX 0
PMRT 6
PMXP 0
PNAE 0
POMB 0
POPX 0
POQY 2
PPBW 59
PPQF 16
PPYA 0
PSYV 0
PTPQ 2
PUDX 0
PXCO 8
PYFL 1
PZQF 2
QAQP 0
QAWB 0
QBAF 9
QBGB 2
QBNF 0
QBXA 6
QDKJ 0
QDKX 0
QEFF 0
QEHH 0
QFBF 0
QGOE 1
QIJF 3
QIUA 3
QIVS 0
QIYT 3
QKLV 0
QLCW 0
QLIC 1
QLJW 0
QNNB 1
QQBK 0
QQFY 3
QQSV 0
QRHG 0
QRLC 0
QRLK 1
QRQV 3
QSDF 4
QSHY 107
QSRY 2
QSWG 0
QTVL 0
QUCA 1
QUGF 0
QUYE 2
QVEV 36
QVMI 0
QVTR 3
QWVA 0
QXNG 6
QXPL 0
QXPM 8
QXXY 0
QZOP 0
RAGU 20
RAJN 0
RBBT 1
RDJS 31
RDWC 0
RDYX 0
REBU 0
REPK 0
RFTW 0
RGIW 0
RGLT 2
RGRK 1
RHZK 2
RIWJ 5
RJQI 0
RKND 3
RLLR 2
RLYE 0
ROMT 1
RQIT 1
RQXW 1
RRKE 0
RRME 1
RROI 0
RRZU 3
RSWR 0
RTBP 1
RUOV 6
RUUX 3
RVXF 15
RWMC 0
RYBM 0
RZCY 4
RZDR 0
RZSE 8
RZYE 3
SAAJ 1
SAHI 1
SAPG 69
SDHB 0
SFCF 0
SFSR 1
SGGO 0
SICG 0
SJAY 0
SJGP 3
SJLP 6
SKIV 0
SKSO 3
SLDA 0
SLOD 0
SMRN 4
SNAD 0
SNCN 7
SPLW 0
SPSZ 141
SQFS 2
SQUU 0
SRTF 1
SSDV 2
SSJM 3
SSNU 0
SSYL 28
STWL 0
SUMW 1
SUSJ 5
SVEI 25
SWZQ 2
SXEU 1
SYMZ 3
SZCK 1
SZTR 1
TAPP 0
TBYS 1
TBZK 0
TCKD 0
TCRI 3
TCZC 13
TEKC 0
TELJ 0
TENB 0
TETI 0
TFBW 0
TFDB 6
TFHE 0
TGBZ 0
TGYI 0
THDG 0
THES 1
THPC 1
TIQD 0
TIVR 14
TJDJ 11
TJOU 0
TKEI 0
TKMS 0
TKQV 0
TKXS 7
TKZW 31
TMDO 0
TMZQ 5
TNQN 0
TNQU 0
TPLK 1
TPSB 4
TQGI 0
TROP 1
TRZQ 1
TSHP 0
TSMV 2
TSTM 2
TTDC 1
TVGB 0
TWCV 0
TWJJ 1
TWKU 0
TWTD 0
TWTK 2
TWXV 0
TXBD 3
TXWS 0
TYDR 0
TYHU 0
TZIW 0
TZSX 0
UAAM 0
UAIN 1
UAMA 1
UANK 0
UAWD 0
UBGR 2
UBIV 0
UBUC 5
UCPU 0
UCZZ 1
UDDB 0
UDHL 2
UDKF 0
UDXN 0
UEBQ 0
UEMV 0
UFRF 1
UGTV 0
UGXD 0
UGZE 0
UHVQ 2
UIII 0
UJYH 4
UJYW 4
UKBO 0
UKJO 0
UKPQ 10
ULEZ 1
ULFO 0
ULIN 0
UNFL 0
UNJY 0
UOOA 0
UPFT 28
UPQU 0
UPTL 0
UQPO 0
UQTD 0
UQYL 9
USBQ 0
UVGT 1
UVJP 1
UXAK 0
UXGH 51
UXRL 1
UYHN 1
UYIW 13
UZID 1
UZKC 47
UZYE 0
VAEM 2
VAKU 0
VBWC 0
VCEX 0
VCIY 0
VCOZ 5
VEAQ 0
VEHQ 0
VFCW 0
VFHC 2
VFNC 1
VGWU 9
VHGX 42
VJVW 2
VJWC 2
VJZN 3
VMNK 0
VMRE 10
VNXK 1
VOEP 5
VOFL 0
VRQU 0
VRTU 3
VSGQ 2
VSIB 0
VSKK 139
VSOZ 1
VTFT 0
VTGS 0
VTJO 0
VTJP 0
VTNP 0
VTNR 1
VTRY 9
VUOG 2
VVVH 3
VWWT 17
VXRL 0
VYJP 0
VYKY 4
VZXL 0
WAJY 0
WAQD 0
WBGM 0
WBWC 0
WCJO 0
WCUL 0
WDCQ 996
WDWP 24
WDZG 0
WEXZ 0
WFGG 14
WFMF 0
WGJY 0
WHZF 0
WIMT 2
WJBI 0
WJVC 0
WKOW 1
WKRX 37
WKWK 109
WLBM 0
WNID 3
WNIE 0
WNIU 0
WNPN 0
WNVH 1
WOOX 0
WPDT 0
WRBN 0
WRFG 3
WRPB 0
WSQI 3
WTFQ 0
WTNN 1
WTRT 0
WUXA 3
WVVE 3
WWCD 1
WWXR 1
WXJK 56
WZCL 0
WZDU 1
WZHV 0
XBNF 4
XDAC 0
XDFM 2
XDFZ 0
XDZW 0
XEYB 0
XFFN 0
XGMB 0
XGOS 0
XHKV 0
XHLR 0
XHTI 0
XIHM 0
XIKM 0
XKBE 0
XKPU 0
XLAN 5
XLTY 0
XMIM 10
XNBP 2
XNFF 21
XNQU 0
XNYG 0
XORH 4
XPRW 1
XPRY 1
XPWU 4
XQPW 2
XQRD 0
XQUM 3
XSFU 193
XSLJ 0
XTGT 36
XVDI 10
XVZE 2
XVZU 42
XWTK 1
XXQP 0
XXVN 3
XYRO 21
XYUQ 0
YAHK 1
YAJT 0
YAMF 0
YDOH 0
YDQY 4
YFHM 3
YGYV 0
YJTF 0
YKJI 0
YKTE 2
YLMR 0
YLPH 0
YNEC 2
YPCZ 2
YQMW 0
YRBC 4
YREX 31
YROT 0
YTND 1
YUZB 0
YVRW 4
YVZE 2
YWJH 11
YXBP 1
YXJO 25
YYRD 1
YZHV 7
ZBME 13
ZCDB 1
ZCRH 1
ZCSY 0
ZEFK 0
ZEKD 0
ZFQE 0
ZGCH 11
ZGMH 0
ZJIO 2
ZJKQ 0
ZJMD 22
ZJOU 2
ZLLR 0
ZMHX 0
ZMRS 1
ZMYO 8
ZNDY 0
ZNGE 0
ZNHN 0
ZNRI 0
ZPXB 0
ZSJX 20
ZTEV 6
ZVHW 1
ZVIX 51
ZVQC 8
ZVRR 11
ZVSD 0
ZWBJ 0
ZWDV 0
ZWHR 5
ZWXC 0
ZWXK 0
ZYCR 0
ZYPU 0
ZYUW 0
ZZGZ 5
ZZYE 0
