AAHR 0
ADLN 0
ADUH 0
AEHL 0
AFZM 0
AGGK 1
AGLE 196
AGSV 69
AHYO 0
AIGQ 4
AIHR 0
ALUW 2
ALVM 0
AMCB 9
AMFB 20
AMXK 14
AODC 2
AOJR 1
AOKK 0
AQCV 34
AQEK 1
AQFM 0
ARTZ 4
ARUU 11
ASCY 6
ASSR 5
ATFO 0
AUEZ 1
AUUI 0
AVVX 2
AXCI 1
AYYS 0
AZPA 2
AZQP 0
BAJE 0
BAQA 8
BARB 0
BBJR 3
BCWA 0
BEIF 0
BEIT 1
BEKS 0
BFCF 1
BFRK 1
BFRY 0
BFUH 0
BFVE 6
BGLQ 5
BGQP 0
BHGB 11
BHQU 11
BICI 0
BJXH 0
BLLO 0
BLLQ 0
BLNB 0
BNXA 5
BODW 0
BPAN 0
BPHA 2
BPIJ 3
BQEN 0
BQGN 8
BQOT 9
BQOX 0
BQXE 0
BRSC 0
BTBR 0
BTED 0
BUBD 0
BVEU 0
BVSM 0
BWCJ 82
BWHG 0
BYHH 7
BYPB 0
BZGM 0
CASX 4
CAZZ 0
CBRG 1
CBZS 4
CCDZ 2
CCTF 0
CCZP 0
CDGH 1
CDGZ 0
CEDG 1
CFLT 1
CFPM 1
CGHX 0
CGMB 1
CGRV 0
CHAE 0
CHAK 6
CHRJ 2
CIRG 19
CIXJ 2
CJGO 0
CKRA 0
CKSF 1
CKVX 20
CKYA 0
CLBQ 0
CNYH 0
COCP 1
COEI 3
COSP 0
COUD 0
COZL 0
CPAU 0
CPPP 0
CPZL 0
CQAA 0
CQIA 0
CROH 4
CRRJ 0
CSDX 0
CTDH 2
CTJJ 0
CUMF 2
CUYI 0
CVBA 1
CWSJ 3
CWWH 4
CXPU 1
CXVQ 0
CYQR 0
DABI 0
DACX 2
DAKU 1
DARR 0
DAVZ 0
DBIZ 0
DDCF 0
DDMF 0
DESA 10
DFXK 3
DFXY 30
DGPL 112
DIFA 1
DJQT 0
DJUB 7
DJXJ 3
DKHY 0
DKMP 3
DNXW 0
DODA 0
DORL 0
DOTL 2
DQAO 1
DQDT 0
DQVV 0
DRIY 0
DSSG 1
DUER 0
DUPX 0
DUZI 2
DVLC 0
DVSN 1
DWOA 1
DXJE 9
DXQF 13
DZDP 0
DZOJ 3
DZYK 0
EBQM 0
EBSJ 10
ECXX 0
EDAZ 0
EDEP 0
EDFW 1
EELL 0
EFJK 0
EFOC 0
EHIK 3
EIKK 0
EKIK 0
EKMJ 0
ELCG 0
ELSR 0
EMLQ 0
EMVY 167
EOJW 1
EOSH 1
EPBZ 4
EPRQ 43
EQED 0
EQIF 3
ESUH 0
ESWI 3
EUBP 0
EUOO 0
EUUE 0
EXLI 0
EXSV 1
EXUS 0
EYCK 10
EZJH 139
EZZH 1
FAJB 2
FAOH 0
FBCV 4
FBRC 4
FCBC 2
FCRI 0
FDHA 0
FDOO 0
FEGC 0
FEYM 1
FEYO 2
FFFJ 1
FIIE 1
FIWB 0
FJBR 0
FJPU 18
FJXC 0
FKEJ 8
FLES 0
FLWJ 0
FMIX 0
FMVX 12
FNBQ 0
FNFL 0
FNOM 0
FNWS 0
FOBJ 2
FOOR 0
FPAY 0
FPLD 5
FPOE 0
FQEV 5
FQGL 3
FQHL 0
FQTN 1
FRHH 2
FRQX 0
FSIS 0
FSTV 2
FTQU 2
FUDV 0
FUEM 0
FUNT 42
FVVK 10
FXEM 3
FXPW 13
FZAM 3
GACE 0
GAZG 14
GBSB 0
GBZN 0
GCFT 21
GCTJ 0
GDBL 0
GEZQ 21
GGWD 0
GIFK 0
GJAT 2
GJCN 0
GJQJ 1
GLGI 1
GMEB 1
GMII 0
GMIN 1
GMOU 70
GNIN 0
GNNN 0
GOAT 7
GOKN 39
GORD 0
GPPD 0
GQAG 0
GQFE 1
GQFI 0
GQHN 3
GQLJ 7
GQLR 4
GRFB 0
GRTH 35
GRZN 22
GSHG 1
GTGF 2
GUJG 5
GUPP 1
GVBU 1
GVMV 0
GXEV 1
GXJY 0
GYMX 0
GZYR 0
HAHJ 0
HATI 0
HEAR 28
HETU 0
HFQH 1
HGBQ 1
HGZQ 0
HHBD 0
HISC 1
HKOT 0
HLWW 0
HMQE 0
HMTH 1
HNYU 0
HNYV 0
HNYX 0
HOAV 1
HPIJ 1
HPTG 10
HQGA 2
HQIA 13
HQTQ 0
HRNS 17
HRVW 3
HSUB 1
HTAB 0
HTCJ 0
HTEO 0
HTPD 1
HUCX 2
HWPF 12
HXKD 0
HYVB 0
IAUQ 2
IAXV 1
IBLU 2
IBZT 0
ICXE 0
IDFI 0
IDGH 1
IFNH 0
IGHL 0
IICK 1
IJBQ 0
IJDX 1
IJKN 0
IMNB 0
IMNX 0
IOAS 2
IOCQ 0
IOOV 0
IPLA 3
ISEZ 0
ISGM 0
ISTM 3
ITSQ 2
ITTJ 4
IVIS 0
IVPH 0
IWDV 0
IWSY 0
IXDJ 4
IXHB 3
IXLE 1
IYAG 3
IYJB 0
IYQP 7
IZLU 0
JACW 0
JAKH 2
JBAS 0
JBTS 0
JCJC 13
JCZK 4
JDJU 1
JDUX 0
JEFQ 0
JEMX 2
JESY 0
JFMS 2
JFOS 0
JGTE 0
JHJU 0
JHLW 1
JHRG 0
JICU 3
JJDX 0
JKSL 2
JLHG 0
JLIZ 1
JLTT 14
JMIT 1
JMLW 0
JMMH 0
JMUQ 0
JNHM 2
JNKT 0
JOJL 0
JPTI 4
JPVW 4
JQOS 1
JRBV 1
JROC 12
JSSY 54
JTMT 2
JTUD 0
JVIZ 7
JXEC 6
JXPD 0
JYSE 0
JYVP 0
KAEV 1
KAFW 2
KBRG 1
KBVZ 1
KCYD 16
KEID 1
KEKS 0
KENO 1
KFLP 1
KFQO 1
KGMW 24
KJBX 0
KKBK 0
KKLK 17
KKXT 0
KLAO 43
KLHA 1
KLUZ 0
KMDM 1
KMNO 4
KMQC 0
KMUA 0
KMVA 1
KOLU 0
KPMH 0
KSMD 0
KSWG 0
KTAP 0
KTRC 1
KTTR 0
KVJD 0
KWDF 0
KWNZ 0
KYAY 8
KZDM 0
KZHH 0
KZWS 0
LAPP 997
LAWF 1
LAWT 7
LEQB 1
LFGE 2
LFGH 4
LFII 2
LFKD 0
LFWO 0
LFZK 6
LIEW 1
LIQM 0
LJAP 4
LKPO 2
LMIS 1
LNYC 0
LOEC 3
LOFE 1
LOSA 3
LROE 0
LSGT 0
LSLD 0
LSMY 4
LTSW 1
LUES 0
LUJG 1
LUKE 0
LVAQ 2
LWBZ 0
LWIW 0
LWMN 2
LXBM 1
LXGQ 1
LYDC 0
LYLG 0
LYVG 3
LZAF 0
MAGW 0
MALR 0
MBJF 3
MBLE 0
MBRM 8
MBUZ 0
MCSR 0
MCTJ 0
MCZE 1
MDFS 6
MEUA 0
MEUT 0
MFYW 1
MHRD 0
MIAM 7
MJCG 0
MJMF 0
MKHU 0
MKUJ 0
MLAS 0
MMTF 0
MMWI 0
MMWP 2
MORJ 8
MPWY 1
MQJM 4
MQVK 4
MQYQ 1
MRKC 9
MSKQ 0
MSST 0
MTSQ 7
MTWR 1
MUBU 1
MUIO 1
MWYQ 1
MXGW 0
MXWN 8
MYDA 2
MYMO 1
MYPH 0
MZZL 8
NAYN 0
NBSN 5
NCGL 16
NCSU 2
NDKN 13
NDPY 4
NDQL 1
NDVZ 10
NDXF 5
NEPN 0
NEUM 0
NEVT 3
NFNJ 2
NGJB 0
NGPS 1
NHZN 2
NIIW 1
NJBO 0
NJKI 0
NJMS 0
NLSB 0
NMRZ 1
NNAJ 11
NNHZ 14
NNUI 0
NOUF 0
NPIQ 2
NQBS 1
NQCM 1
NQID 2
NQKQ 4
NQUM 4
NQVD 0
NRHY 2
NRNK 0
NSKQ 5
NSRB 0
NSVK 0
NTBS 0
NTTK 0
NUTV 17
NUWD 3
NUZF 1
NVOU 1
NVPP 1
NVVI 0
NWCL 1
NXBN 2
NYOL 0
OAAH 0
OADM 3
OBFQ 3
OCSC 0
OGBE 2
OGQZ 0
OGTK 1
OGWW 0
OHBB 0
OHRI 0
OHYM 28
OIEN 4
OIFR 3
OKOB 2
OLDR 1
OLJV 0
OLME 0
OLSS 0
OMSX 0
OOKC 0
OQOJ 0
OQRD 0
OQSQ 4
ORBD 0
ORUW 0
ORZG 2
OSIK 2
OUJR 2
OUOC 4
OUTU 1
OVQI 5
OXLW 0
OXSK 0
OYMV 0
OYSU 0
OZBO 7
PAXR 0
PAXZ 0
PCCV 0
PCEK 0
PCEL 133
PCZX 0
PDBN 6
PDSB 5
PETL 0
PFAB 4
PFEH 1
PHGA 0
PHJT 1
PHYW 0
PIAR 0
PJBM 1
PJFY 4
PKBX 1
PMSM 10
PMYS 0
PNOJ 1
PNYU 0
POZV 0
PPIM 14
PQTB 0
PQWX 104
PQXQ 0
PRPT 3
PRRA 2
PSFR 0
PSVI 0
PTII 1
PTLC 5
PVJB 2
PWHB 1
PWIE 12
PWIF 0
PWNW 1
PXZT 2
PYCU 0
PYPB 0
QBJY 0
QCGL 0
QCGW 0
QCZW 0
QDBV 0
QDPE 0
QDXU 15
QELR 0
QEQU 1
QFFA 1
QFLE 0
QGGF 0
QHAM 0
QISY 0
QIWH 0
QLXY 0
QMJZ 0
QMXS 0
QNAX 0
QNIH 0
QNOU 0
QNSM 47
QONW 4
QPAS 0
QPFN 0
QQLE 15
QQSD 0
QUPD 17
QUZL 0
QVID 0
QVMK 0
QVSI 2
QVTL 0
QWZX 0
QXDY 4
QXLC 1
QYUH 0
QZUS 0
RAJK 0
RBIR 0
RBTV 0
RDKI 3
RDVQ 0
RFDV 0
RFZE 0
RGKR 9
RGPO 1
RGXI 3
RHDM 0
RHLA 1
RJMG 29
RJYG 0
RLDI 2
RLFQ 1
RLTM 4
RLVZ 1
ROGJ 5
ROQG 2
ROTH 27
ROZR 1
RRJI 0
RSCU 1
RSZX 0
RTFZ 0
RUCB 26
RVZL 10
RXRC 6
RYDF 0
RZBZ 0
RZXG 0
SCCO 0
SDPZ 0
SERM 4
SFKD 0
SFYS 0
SGVR 6
SGVZ 1
SHAM 7
SHAZ 4
SIBY 5
SIDK 0
SJUQ 0
SLJP 0
SOWC 5
SPFD 1
SPTC 0
SQFB 2
SQIU 0
SQQF 2
SRKU 8
SUDJ 12
SUSK 0
SVBY 4
SVRX 13
SWNI 0
SWNZ 0
SXTA 2
SYWU 0
SZIT 0
SZMF 5
SZNB 0
TAWR 0
TBGS 0
TCDV 2
TCIP 0
TCVJ 1
TCVW 30
TCWP 1
TELZ 2
TENE 2
TEZQ 0
TGMX 0
TJTF 1
TJZF 0
TLBO 2
TNNA 1
TNQG 2
TNTL 0
TOUI 0
TPPO 0
TPQS 1
TPRP 4
TQDM 1
TQPO 25
TQRW 1
TSXV 1
TTDT 0
TTUQ 0
TXNA 12
TZHM 0
UAFB 12
UBCW 0
UBEP 0
UBHV 218
UBMP 0
UEKF 0
UEVP 1
UFDT 0
UFUY 0
UFWO 0
UFYP 6
UGLQ 6
UGTO 0
UGZL 3
UHLP 0
UHTG 1
UIJJ 6
UIMB 1
UIPG 0
UIUW 4
UIVP 0
UIWH 1
UJCZ 1
UJWK 1
UKAD 0
UKBU 24
UKZN 1
ULIG 1
ULJP 2
ULTB 46
ULWP 2
UNHF 3
UONX 1
UPEI 1
UQPR 5
UQUG 1
URRU 1
USKN 5
UTCJ 0
UTVF 2
UUHM 20
UULO 3
UVKL 0
UXUQ 3
UXYI 0
UYLY 4
UZAZ 0
UZNA 6
UZTF 0
VAUZ 148
VAZN 7
VBIU 0
VCBP 1
VEJW 0
VFCY 3
VHHC 0
VJLX 0
VJVO 19
VKAY 0
VMEN 81
VOEP 4
VOKK 3
VOQZ 1
VOVZ 4
VOZQ 1
VPHF 2
VPYV 5
VSYQ 0
VURL 2
VVRB 0
VXGC 0
VXLD 2
VXXM 0
VYIT 1
VZAP 0
VZKJ 47
WAGO 0
WAPY 1
WBCT 6
WBHO 0
WBNG 0
WCTC 0
WCTT 7
WCUP 0
WCWF 0
WDNX 0
WEBP 0
WFKG 17
WFOA 4
WFXU 4
WGEP 0
WHDX 0
WHGS 1
WHSL 0
WJIS 0
WKAG 0
WKKA 0
WNEO 27
WNSO 0
WNTB 0
WOZE 0
WOZZ 0
WQRY 0
WQWS 0
WQXZ 0
WSWF 0
WTTU 0
WUAN 0
WVAD 0
WVPD 0
WVSL 0
WVUR 2
WWIP 107
WXOK 1
WYPI 4
WZMJ 4
XACA 2
XADA 0
XAEU 0
XANG 0
XAVY 31
XDXM 2
XEIS 0
XFKV 0
XFNV 0
XFXU 8
XGCP 0
XIIV 1
XIXK 85
XJBE 28
XJQC 0
XKAY 0
XKKB 0
XLCB 0
XLIY 0
XLUI 7
XNKD 2
XOJA 3
XQMD 1
XQWD 0
XRFB 0
XRKR 0
XSGZ 0
XTHO 1
XTLW 1
XUVB 0
XVAC 3
XVBE 0
XWBZ 1
XWZP 0
XXPR 0
XZKZ 0
XZLL 0
XZXA 2
YATP 0
YBZI 0
YCJP 0
YCKJ 5
YCYB 1
YCYC 1
YDRT 0
YEGZ 0
YEPJ 0
YEWR 0
YFKV 0
YFKW 0
YGSG 2
YHLW 1
YISL 18
YJHU 2
YJNM 0
YLGX 0
YNXA 2
YPZV 0
YQNN 1
YQNS 0
YQSA 0
YQVP 0
YRVW 22
YRXF 3
YTNY 2
YURX 0
YWQY 0
YXBB 9
YXEE 1
YXGV 0
YXLD 0
YYBX 0
YYJR 0
YZPP 0
ZABD 0
ZAMO 1
ZASU 2
ZAWW 0
ZBMU 0
ZDFH 21
ZDOL 1
ZEAJ 2
ZGRX 0
ZGVH 2
ZGWG 1
ZHTP 4
ZHZZ 0
ZIIL 7
ZJBV 0
ZJQY 0
ZJRZ 3
ZJUW 1
ZKDD 0
ZKMP 0
ZNLU 3
ZNQF 13
ZNUD 0
ZPCG 66
ZQKD 1
ZQLP 0
ZQRY 2
ZRMY 17
ZROE 10
ZVIA 11
ZVIE 10
ZWIK 0
ZXIU 0
ZYWY 3
ZYZJ 0
ZZLH 2
