AAPT 0
AASQ 0
ACEC 0
ACPE 1
ADFU 8
AEVA 0
AFBV 0
AFIZ 1
AGZE 0
AGZY 0
AHNS 0
AIKH 9
AIRM 10
AIVZ 1
AJMF 1
AJRY 0
AKGE 0
ALCH 0
ALDW 3
ALIO 0
ALML 3
AMIU 69
AMZN 0
ANDA 1
AOHL 2
AOKJ 1
AORO 0
AOXE 995
AOYL 1
AOZC 0
APTN 1
APVW 0
ARNG 40
ARNL 9
ARRS 0
ASAR 0
ASXT 96
ATKJ 1
AUEU 0
AULN 0
AUTT 0
AVII 0
AVIX 0
AWAD 1
AXKX 1
AYEG 3
AYIH 0
AYYC 0
AYZB 0
BAEZ 0
BAFJ 0
BAFW 0
BAHW 4
BAYQ 0
BAYX 2
BBKL 5
BBRD 6
BFFM 1
BFOZ 0
BFUJ 0
BGEE 2
BGSQ 1
BGZD 0
BHFD 1
BIWP 3
BJCH 0
BKOO 7
BKWA 0
BLFC 0
BLKR 0
BMDR 0
BMQN 0
BNQU 0
BOAB 0
BODA 0
BQIJ 0
BQUD 0
BQVT 0
BRIK 1
BVFU 0
BWDE 0
BWEB 0
BXKN 0
BXTZ 0
BXWV 1
BYLG 0
BYYT 4
BZMS 2
CAEE 11
CAHC 15
CDSN 0
CEDW 0
CEMD 0
CENC 5
CETK 0
CFLN 0
CHIQ 9
CIZS 0
CJUY 13
CLKX 1
CLTJ 1
COEM 1
COOF 0
CPKP 0
CPQM 4
CQCN 0
CQTL 2
CQWE 0
CREF 3
CREH 0
CRYC 1
CTHI 0
CTSR 0
CVNN 4
CVYH 0
CWLZ 0
CWVY 1
CXBJ 0
CYJT 0
CZMD 16
CZPE 0
CZSJ 10
DAIF 0
DAWZ 0
DBEV 2
DBMI 1
DEEC 2
DENF 6
DGQW 0
DHPA 0
DIBC 0
DIWW 2
DJYA 3
DJZH 14
DKWH 10
DMLQ 0
DNSM 13
DNWC 1
DOGI 0
DOGO 2
DPCF 0
DPJF 0
DSHD 1
DTBH 0
DUMH 0
DWAJ 10
DWEP 0
DXII 1
DXZE 2
DYMS 1
DYNB 0
DYTG 1
DYXE 3
DZGC 0
DZNX 0
DZUZ 0
DZXQ 0
EABF 1
ECHX 1
ECNC 1
ECXO 4
EDAL 1
EDCA 0
EEAP 46
EETR 3
EFIT 1
EFQX 3
EGCG 0
EGJC 890
EIJU 3
EIXA 2
EJKH 1
EJLK 5
EJRD 2
EKCP 3
EKIQ 1
EKRZ 0
EKYX 2
ELQZ 0
EMBH 0
EMPH 0
ENIW 710
ENLL 0
ENRU 0
EQMQ 0
ERQT 0
ESYF 3
ETVW 0
ETZK 0
EUFU 98
EUSW 1
EVJF 2
EVMJ 0
EVPZ 2
EWDR 0
EWIU 1
EWMQ 5
EXTP 0
EXYE 1
FAKJ 1
FBNV 1
FBYB 1
FCPG 3
FCZV 0
FDMV 3
FDYY 51
FEFN 1
FEFS 2
FEGF 0
FETK 2
FEVG 3
FEZI 5
FHXU 0
FHZI 0
FJUO 0
FLSR 0
FNHB 5
FNON 7
FOXG 0
FROR 0
FSLY 2
FUBD 2
FUIG 0
FUJD 0
FWHU 0
FXWZ 0
FYCB 0
FYPL 3
FZDK 0
FZRF 0
FZVK 2
GAOE 0
GCFE 0
GCXE 1
GDAK 1
GDBX 0
GDCB 2
GEMK 109
GFGV 0
GFLC 1
GFUO 0
GGCG 0
GGDZ 0
GHBF 1
GHFQ 1
GHGO 2
GHKR 0
GIKF 0
GINT 0
GIXA 1
GLQD 0
GMBN 2
GMCW 0
GMKU 1
GMQZ 2
GMXJ 0
GMXV 1
GMYJ 4
GPDL 0
GQPC 1
GRVL 1
GUBU 3
GUMP 0
GWUV 30
GXJY 0
GYHW 0
GYZM 0
GZWN 38
HBIW 0
HBQY 0
HBRA 1
HCOD 0
HDGE 1
HDWJ 5
HETP 0
HGFQ 1
HHWS 9
HJJV 0
HKPJ 4
HKTD 0
HMQW 0
HOBM 1
HPQJ 6
HQOJ 1
HRYV 0
HSAP 19
HSEM 29
HSGP 1
HSJV 0
HTYT 2
HTZS 2
HVQW 7
HVSX 1
HVYO 2
HWDF 0
HWSO 0
HYDR 0
HYIG 2
HYLS 36
HYQK 0
HZGZ 1
IACA 3
IATE 0
IBKR 0
IBOI 4
ICGB 4
ICOJ 1
ICRZ 0
IDOE 1
IDZR 0
IFBY 0
IGDS 0
IHEB 0
IHIP 1
IHWL 7
IHZU 8
IJHV 1
IJMA 0
IJSP 3
IJTX 1
IKDO 5
IKPB 0
ILNM 5
ILNY 0
IMRC 3
IOEC 0
IPEM 1
IQSI 0
IRRR 1
ISCI 0
ISEZ 0
ITUT 0
IVMI 2
IVUH 1
IWDO 3
IWLX 1
IWYX 0
IXUS 0
IXXL 2
IYAZ 3
IYOZ 4
JASF 0
JBPE 0
JDPC 0
JFKC 0
JGHZ 6
JHBG 0
JHBU 3
JHTZ 0
JHYJ 77
JJPB 2
JJRC 0
JKNY 1
JLDC 0
JMGY 2
JMSF 0
JMTN 0
JMTZ 0
JNLE 4
JNTC 0
JOUP 0
JQHN 3
JRIB 1
JRMJ 1
JSBJ 0
JUGX 1
JUWT 20
JVGJ 1
JXDG 0
JYAC 0
JYAE 0
JYCG 0
JYKE 5
JYKL 0
JYUT 4
KADM 0
KCCW 2
KDIW 0
KFPG 2
KFXV 0
KHWW 0
KHXL 0
KINR 0
KIOY 12
KKBX 1
KLAG 35
KLBD 15
KLVM 0
KMHI 0
KNJH 0
KOTV 0
KOVS 0
KPEJ 35
KQTF 0
KRPO 4
KRYB 1
KSAD 1
KSYS 3
KSZJ 0
KTGK 3
KTMR 12
KTPG 0
KTUW 13
KUFN 0
KUGQ 0
KVMX 0
KWWA 0
KXOX 0
LABC 2
LAOA 0
LAOM 7
LAUH 0
LBOH 0
LBQG 1
LCCG 0
LCFN 0
LCFS 4
LCNW 1
LDMG 0
LDMU 1
LEDT 3
LETF 1
LFNK 1
LFOD 1
LFTL 13
LGDY 0
LGJG 0
LHQZ 20
LHTT 2
LIBN 0
LILL 0
LIVT 9
LJEJ 1
LJMW 0
LLHC 201
LMJO 0
LMMC 1
LNMU 0
LOCA 0
LOJW 7
LORB 0
LOXN 0
LPAZ 4
LPRE 0
LPSL 2
LPZY 0
LQND 0
LQPU 0
LQXO 0
LSQD 0
LTRU 16
LVBU 0
LVFY 0
LWDP 14
LWFA 2
LWIJ 0
LXII 1
LXQY 0
LZDY 2
LZKO 3
LZRM 3
LZRT 0
MAOQ 0
MAPW 2
MARW 1
MARY 0
MASO 0
MBNJ 1
MCGF 0
MDYM 2
MEBV 0
MHEW 0
MJVG 0
MKNP 6
MLUE 0
MLXP 0
MMIA 0
MMLV 0
MMMK 9
MMTM 1
MNCI 0
MNKL 0
MNRO 0
MODD 0
MOHI 0
MPPY 6
MQCN 2
MQGU 0
MSBY 0
MSGM 0
MTVG 6
MUSL 0
MVFE 8
MVWE 0
MVWX 302
MWME 25
MYEK 32
MYMX 0
MYWH 1
MZPT 2
NARL 0
NAVN 1
NAXF 0
NCMV 1
NCPC 2
NCRA 2
NDVD 0
NDVW 3
NFVC 7
NFYF 0
NGDP 0
NHLW 0
NISS 1
NJTH 0
NLOG 4
NMUT 2
NNHJ 0
NQAJ 0
NQPL 0
NRZP 4
NSRF 6
NUCO 0
NUCR 0
NXPM 0
NYAI 0
OAEI 0
OBBK 0
ODIG 2
ODMV 0
ODVC 0
ODYR 1
OFDF 0
OFDM 0
OFOI 0
OGIT 0
OGLG 0
OGXS 3
OHEJ 0
OHMP 335
OIDB 0
OIXJ 1
OIYK 0
OJOP 0
OKLT 29
OKRJ 1
OKYX 0
OKZI 3
OLXU 0
OMWQ 0
ONDD 0
ONEW 0
ONWI 0
ONYY 4
OOVR 1
OQCD 1
OQPJ 4
OROO 2
ORQI 1
OSXJ 1
OTDB 2
OTNO 0
OTQY 9
OVFQ 17
OVIZ 4
OXHO 4
OXXV 5
OYOT 0
PANT 0
PBAC 0
PCFU 0
PCYK 1
PENR 1
PERN 2
PEVZ 0
PFGI 1
PFWQ 1
PGFN 0
PGRG 0
PHAZ 5
PHDD 0
PHHG 0
PKGN 0
PLJF 0
PLNJ 1
PMUQ 2
PNOS 1
PODQ 0
PPCL 1
PPLF 2
PPLH 1
PPPF 2
PQIA 3
PRXK 0
PRYO 10
PSEG 10
PSFZ 0
PTDH 2
PTXH 0
PUKJ 22
PULR 1
PUMC 5
PVBA 0
PWGP 102
PWHF 0
PWUL 2
PWYR 0
PXKD 1
PXKE 0
PXUE 9
PXYF 15
PYMC 0
PYYO 1
PZQX 2
PZRS 3
PZWG 0
QAAV 1
QADI 0
QAGA 0
QARD 0
QATG 17
QBSZ 8
QCJE 0
QDRX 0
QEES 18
QEQZ 1
QEXC 0
QFCF 0
QFFH 1
QGPK 0
QHGW 0
QHPD 1
QIOR 12
QJDP 8
QJQX 0
QKTP 0
QKVJ 7
QLOS 3
QMAN 0
QNGS 0
QOOS 1
QOWW 0
QPRQ 3
QQXM 5
QRLR 0
QRXL 0
QSON 1
QTDN 0
QUZX 0
QZBM 1
RABA 13
RAET 0
RAPX 0
RBEF 0
RBUW 0
RCSR 2
RDCW 0
RDPC 2
RDSG 0
RDVA 0
RGSD 1
RGSV 3
RGYS 2
RHGG 0
RHHF 2
RHNG 10
RHZQ 0
RIXS 1
RMEF 0
RNIU 1
RODM 9
RPHY 0
RPVG 1
RRCD 2
RRWJ 0
RTNG 0
RTUG 0
RTVD 0
RTXC 0
RUDL 0
RVWN 1
RWEL 1
RWTL 1
RWVF 0
RXRR 0
RYHO 1
RZIH 1
RZPS 0
RZQL 5
SAIF 2
SALC 0
SASI 0
SAYR 3
SCKT 0
SCZP 6
SDCG 0
SDKW 1
SEMG 0
SFAK 30
SFQD 0
SGGL 1
SGIO 1
SGLB 2
SGUY 0
SIRV 1
SIWN 19
SJJJ 0
SKHM 4
SKLF 0
SKVO 1
SKYM 0
SLEB 1
SLFV 0
SLIS 3
SMDK 4
SMHF 7
SNMW 14
SNYA 0
SPXO 0
SRPW 0
SRZN 0
SSLQ 7
STKN 0
SVFO 4
SVSX 1
SWHZ 3
SXLV 3
SXOV 2
SYBD 6
SZUN 73
TAWI 1
TBCZ 0
TCBT 0
TCOY 0
TDKJ 0
TEQP 2
TFPH 1
TGDI 0
TGGQ 1
TGKZ 2
TGRS 1
TGVF 0
THBY 1
TIMD 0
TJAK 0
TJHV 0
TJZN 1
TKNB 0
TKPQ 0
TLFO 0
TLMK 5
TLPI 0
TMAC 0
TMKU 3
TMOL 0
TMUR 0
TMZJ 2
TNBF 0
TNEZ 0
TNHA 0
TNSD 5
TNSN 0
TOCM 13
TOJF 15
TOJR 1
TOWR 0
TPRL 1
TQDV 9
TRRW 0
TRUN 38
TRZP 8
TSPL 1
TTDF 1
TTKH 1
TVAY 0
TVOY 0
TVQH 6
TVYJ 0
TWAD 0
TWHE 0
TXHS 1
TXWY 1
TZPQ 6
UADJ 0
UAIB 1
UBIK 33
UDEC 0
UDVL 13
UEGT 2
UESH 33
UFMV 0
UGGT 4
UGUY 15
UGXB 3
UHLB 16
UHVQ 1
UIGN 2
UIUC 0
UJDN 5
UJGM 5
UJIQ 0
UKQZ 0
UKUR 2
ULGM 1
UMPG 1
UNFH 0
UPCZ 1
UQYF 0
URJS 1
URPO 3
URTY 0
UTDY 291
UTKB 1
UTTA 2
UWGI 2
UWKJ 0
UXKR 0
UXRI 0
UXVL 0
UYDZ 7
UYOX 1
VBED 1
VBEK 1
VBQR 0
VCBQ 8
VDIG 0
VDJM 0
VDUG 1
VDZV 4
VFBL 0
VGHU 3
VHOT 0
VHPM 0
VHQJ 0
VIOB 8
VKEY 0
VLSY 0
VNTG 1
VOEC 0
VPRK 7
VPSM 0
VQBT 0
VQSG 0
VRQH 0
VRSD 2
VSGN 0
VVCW 0
VVTY 4
VXCD 0
VXYX 0
VYMK 0
VYQN 44
VYSS 12
VZNN 1
WAPZ 0
WAWU 0
WBBL 0
WDQJ 8
WDVR 4
WDYQ 0
WFQR 0
WGIX 0
WGUO 1
WIJW 2
WIVX 0
WJKX 0
WKEU 4
WKEX 0
WKGV 0
WKNA 2
WKUI 10
WMBX 2
WOCG 3
WPOS 1
WQPU 0
WQTP 0
WRHE 2
WRYQ 21
WSZF 0
WTMH 0
WTPE 0
WTYQ 0
WUFP 0
WUZE 0
WXIP 1
WXVR 7
WYHL 0
WZHG 3
XACS 4
XAXA 2
XBPU 0
XBQU 0
XBZI 4
XCLC 5
XDDF 1
XDIH 0
XDQV 1
XERK 0
XEYJ 3
XFSF 3
XIBS 0
XITI 2
XIVY 0
XJPF 0
XJPI 1
XJYE 1
XKBA 0
XKBW 1
XMCJ 0
XNQM 1
XOHM 0
XQFO 0
XRYO 11
XSXG 33
XUBI 4
XUMD 0
XUPM 5
XVOB 3
XVRX 6
XZMF 0
YACB 0
YAHX 0
YBFA 2
YBLZ 0
YCUE 18
YDLE 0
YDQM 50
YFKU 0
YFOS 0
YFZQ 1
YGMF 2
YICH 36
YIII 7
YIKF 0
YILV 23
YJLQ 131
YKHV 0
YLFV 1
YLPK 0
YLRB 0
YMYF 3
YNJK 0
YNQY 0
YOKH 6
YOPZ 0
YOUZ 2
YQHX 0
YRCB 0
YTDE 1
YTHF 0
YUEU 0
YURX 0
YVKE 0
YVTE 3
YWRO 2
YXJB 1
YYFP 3
YYQE 0
YZFZ 0
YZHF 0
YZML 2
YZNB 0
ZAUG 1
ZCHP 1
ZDXQ 10
ZEBY 0
ZFAW 4
ZFLM 0
ZFVP 0
ZGBU 0
ZINA 253
ZJKN 7
ZKBL 0
ZMMU 2
ZNHI 1
ZOKZ 0
ZOTU 0
ZPQE 0
ZPSK 0
ZQOC 1
ZRFB 0
ZSAV 1
ZSGO 4
ZTGQ 0
ZUFC 0
ZUWB 4
ZVIB 0
ZVOD 0
ZVTD 2
ZWVL 0
ZXTL 1
ZYAV 1
ZYEH 1
ZYKS 4
ZZCQ 4
ZZCX 1
ZZRH 1
