AAAR 0
AAEA 1
AAEP 0
ABCX 0
ABUK 1
ACFE 1
ACIR 0
ACNW 0
ACTH 3
AEEN 0
AEMG 0
AFOG 0
AFWR 6
AFYZ 0
AGGA 1
AGPB 0
AHND 17
AITL 0
AIUC 0
AJJW 1
AJQT 0
AKVZ 2
ALAV 1
ALPS 0
ALZW 0
ANEU 0
ANFC 0
ANMX 19
ANXU 1
ANYO 0
AOJU 0
AOKB 0
APBO 0
APXT 0
ARZJ 13
ASIW 0
ATCD 1
AUCU 17
AUJJ 1
AUOK 0
AVHA 1
AVOM 0
AVZF 0
AWVU 0
AWWQ 3
AXXH 3
AYAC 0
AZKF 3
AZMZ 0
BAPO 2
BASB 0
BAXE 23
BBEW 3
BBIH 0
BBNR 0
BBWZ 2
BCFQ 0
BCIK 0
BEFH 0
BEMZ 1
BFED 0
BFWP 0
BHBC 0
BJJU 1
BLLG 0
BLPZ 4
BLYF 0
BMWC 36
BOWW 0
BPFJ 1
BPZC 0
BRJS 1
BRZO 8
BSRP 4
BVVI 0
BWEE 22
BWHF 264
BXRP 0
BYTR 3
BZUL 3
CAXI 5
CBJZ 0
CBTA 26
CCHQ 1
CCSW 43
CDWJ 1
CEGQ 0
CERI 5
CHAS 0
CHCD 0
CHFO 7
CHOH 127
CHPW 0
CHSF 2
CIMP 1
CIYE 2
CJKL 2
CLBR 0
CLHK 0
CLJO 1
CMOB 0
CNKZ 0
CNSM 3
COQX 30
CPNO 11
CPUX 12
CQBB 0
CQEO 0
CQPL 11
CTDC 3
CUFP 0
CULJ 0
CVZG 0
CWMN 0
CWPV 2
CWTG 0
CWUF 11
CXMX 0
CXNY 3
CYAD 62
DABK 0
DABL 13
DAGO 0
DBGH 3
DFIJ 0
DFNZ 5
DFVY 0
DFZW 0
DGAJ 0
DGEO 0
DGTP 0
DHOQ 12
DIGR 1
DIHX 0
DIZC 0
DJVU 0
DKZU 3
DLGM 2
DMBP 0
DMCZ 0
DMDB 1
DMLU 0
DNQT 3
DNVA 2
DOFC 0
DPDQ 2
DPJW 0
DPPX 0
DPZP 0
DQSH 21
DRPV 0
DSTM 0
DUER 0
DUFE 0
DUTP 0
DWAM 0
DWGD 0
DWMC 0
DWOY 0
DXBT 8
DYBC 4
DYHD 2
DYPF 0
DYWV 2
DZFV 0
DZTH 1
EAOD 0
EBLM 0
EELV 3
EETE 0
EFIR 7
EFRX 2
EFWF 40
EIIA 10
EIIK 0
EIQB 0
EIVC 0
EJRE 2
EKSX 2
EKUE 0
ELFQ 0
ELGE 2
ELMH 0
EMFT 123
EMGU 0
ENER 2
ENGX 0
EPEV 2
EPNN 3
EPUS 0
EPZY 0
EQQQ 4
EQWA 0
ERRO 0
ERWM 1
ESTC 44
EUFR 0
EUQI 6
EVFB 6
EWMA 0
FAHQ 0
FCNB 0
FCTM 2
FEII 0
FEXK 0
FFZX 0
FGDJ 1
FGIH 0
FICZ 0
FION 0
FJAI 0
FKHX 0
FKKG 1
FLBU 4
FLFD 29
FLQF 0
FMAN 0
FMJS 3
FMMT 0
FMSP 0
FMYU 0
FOCH 0
FOGH 0
FOOA 2
FORZ 0
FOSM 2
FOYZ 0
FQFT 6
FQWB 2
FQYX 2
FRNA 2
FRRY 997
FRXH 1
FSCV 25
FSED 1
FTVU 2
FTXA 4
FUIN 0
FVSH 0
FWTD 72
FXXY 0
FZPI 0
GBBS 0
GDNU 1
GEGQ 0
GERK 0
GFLV 0
GFNK 1
GGDP 6
GIBR 0
GIKG 1
GJAQ 2
GJJE 0
GKNC 0
GMLQ 0
GMVA 0
GNZF 1
GODL 12
GOIB 2
GOQS 0
GOTM 1
GQLV 1
GRFS 0
GSWJ 0
GTDU 0
GTLP 3
GTSM 0
GUJM 1
GULW 14
GVBT 8
GWYX 1
GXCB 0
GXMU 1
GYFK 2
GZTB 0
HAXV 3
HBTF 0
HCRS 0
HCZV 0
HDLJ 2
HFDT 59
HGKJ 0
HGMI 1
HILS 3
HISR 5
HJWH 13
HJZC 0
HKAN 0
HKAR 41
HKRX 0
HKVD 1
HLNE 0
HMKU 0
HNJY 4
HQZR 0
HRIK 0
HRLK 5
HRTR 1
HTWV 11
HUCR 0
HUFD 0
HWKR 0
HZVH 2
ICAH 0
ICKD 1
ICQW 0
IDXX 3
IEDS 1
IEMS 1
IFAT 3
IFCK 0
IHEJ 10
IHHH 1
IHQX 1
IHRF 0
IIPS 0
IJGS 0
IJOJ 0
ILKI 4
ILVH 0
IMDH 0
IMWN 0
INFF 0
INUY 0
IPEM 0
IPMV 0
IPZW 11
IQGH 9
IRZS 7
IUCE 0
IUWY 0
IVEQ 41
IYJR 2
IZHT 0
IZTY 32
JCDC 0
JCGW 0
JCSD 0
JDDL 2
JEWI 0
JFBY 2
JFKB 1
JFWE 0
JGMN 0
JGSZ 1
JGXT 0
JHCV 0
JHPE 0
JHXA 0
JISO 2
JJVY 1
JKXW 0
JLFD 0
JLLD 7
JLQQ 2
JLUI 147
JLWO 2
JMWI 1
JOGB 7
JOWF 3
JPAB 5
JQNU 0
JTRH 2
JUYU 1
JWEW 1
JXFZ 1
JXJM 0
JXZB 14
JYOJ 0
JYPT 0
KALY 1
KCGV 5
KCKQ 0
KCSM 0
KEAY 2
KECC 1
KEIG 1
KFNY 0
KFVJ 0
KHZX 7
KIPX 0
KIXY 0
KKAX 0
KLAO 0
KNCP 1
KNNL 1
KOOE 8
KOYX 0
KPVS 1
KPXN 0
KQBM 4
KRAS 0
KSAT 0
KSXB 1
KUHY 7
KUMJ 2
KUTE 1
KVYY 2
KWGW 3
KYEH 1
KYFP 3
KYGD 1
KZDA 0
KZFP 1
KZFY 0
LAMH 4
LAPU 0
LAQC 2
LBXV 1
LCVL 0
LDPS 0
LEFI 1
LFFP 7
LFNZ 2
LGEA 0
LIKE 0
LJEF 0
LJSC 4
LKQU 1
LKQZ 1
LKVT 0
LNVJ 3
LOTM 7
LPTM 0
LPUG 108
LQID 1
LQTL 0
LRRI 0
LSGJ 5
LSMA 0
LSWA 0
LSXV 0
LTCN 0
LTKP 1
LTYX 6
LVMJ 0
LVPC 3
LYAX 1
MBMI 1
MCHQ 3
MCLS 3
MCVD 0
MDIN 0
MEVH 34
MFIZ 0
MFUK 0
MHFM 0
MHLT 0
MMDB 0
MMJO 1
MMQJ 0
MNCN 0
MNHA 0
MNVC 0
MOKQ 4
MOUK 6
MPTI 2
MQHU 1
MRJC 0
MSBS 0
MSDS 0
MSFU 0
MSTQ 0
MUEN 0
MUHG 0
MUPQ 0
MVEW 14
MWSS 0
MXLY 2
MXME 0
MXRM 17
MXWC 4
MZDA 28
MZTZ 0
MZUL 0
NATY 0
NCJA 2
NDCE 9
NDNF 0
NEGC 5
NEQT 1
NEXO 1
NFDP 0
NFLL 1
NFNK 2
NFUY 2
NGBY 0
NGPZ 2
NGRM 0
NGSK 0
NGWI 0
NHIH 0
NHSD 3
NHWM 0
NIBN 0
NIRH 24
NJDN 0
NKCU 0
NKFV 15
NKQH 0
NLHV 0
NLOE 9
NLOS 9
NMRI 1
NNGF 13
NOGT 2
NOMK 6
NPIG 0
NQHI 5
NQRR 0
NRLN 0
NSJW 5
NSRD 1
NSWE 0
NTBC 27
NTNW 24
NTOE 1
NUEG 5
NVFJ 7
NVUA 0
NWUE 0
NXIC 2
NZGL 0
NZPY 0
NZQO 4
OAFQ 0
OBGB 6
OBJW 1
OCDG 0
ODLM 0
ODMX 0
ODNP 0
ODPS 0
ODYK 1
OFCZ 38
OFJJ 0
OGFN 2
OILR 0
OJFV 0
OKFN 0
OKLI 0
OLHY 1
OLJC 1
OLOH 0
ONIT 0
OOIZ 6
OPIZ 0
OSEW 2
OSHN 0
OTJS 8
OTMV 1
OTSA 2
OTTC 0
OULO 0
OWWT 1
OXHS 7
OXYN 4
OYCR 1
OYFN 0
OYMX 1
OYTS 0
OZNY 0
OZQQ 0
PAIN 1
PAOM 1
PARP 0
PCQU 0
PCRD 0
PDAF 0
PEMS 0
PEPR 0
PFZX 2
PHOD 1
PHYR 0
PIFW 7
PIRS 557
PIYP 5
PIYW 1
PJCL 0
PJCP 0
PJIT 30
PKEW 0
PKKN 1
PMFL 1
PMPM 2
PMRQ 1
PMWC 1
PODR 17
POFM 1
POTI 33
PPEO 0
PPQT 0
PSMK 1
PTGX 1
PTLC 1
PTLK 1
PTOC 1
PTPP 1
PURV 0
PVXZ 6
PWAD 44
PWFT 0
PWWJ 1
PXCA 7
PXDH 0
PXKR 0
PXVE 0
PZJF 0
PZKM 5
PZNO 0
QAPG 2
QBIN 2
QBJY 0
QCHX 0
QDTC 0
QFFY 2
QFMZ 0
QFXP 0
QGPX 0
QHHX 0
QHWS 1
QKEG 4
QKMQ 0
QKXX 0
QMRF 4
QMRP 0
QNMA 0
QNRA 0
QOHG 0
QOVF 8
QOXJ 0
QOZY 0
QQQH 0
QQYR 0
QRAT 5
QSJV 2
QUYR 0
QVMW 2
QVPB 11
QVSI 4
QXHA 0
QXVS 7
QYPV 1
QYYU 0
QZSX 1
RAKL 0
RBTY 1
RDFQ 0
REOR 1
REVU 1
RFQM 0
RGHF 0
RHQJ 1
RIFQ 1
RIHO 0
RIND 0
RIPP 0
RJDW 0
RJJA 0
RJLV 0
RJRZ 3
RKJI 0
RKJY 2
RKTI 0
RKVK 0
RLDO 1
RLPW 1
RMLI 2
ROKV 1
ROXF 0
RPWF 1
RQVS 0
RRAQ 1
RREP 0
RRFK 0
RSKN 0
RSNP 0
RTIA 1
RTPK 3
RVTJ 6
RVXI 1
RXGW 0
RXJF 5
RXNU 1
RZKJ 0
SAAU 0
SAGX 0
SBCH 129
SBSJ 9
SCHU 0
SCYA 1
SDDJ 5
SDFU 0
SDZX 4
SEDR 0
SFAI 1
SGAQ 0
SGKX 8
SGML 0
SGVY 29
SHZY 3
SIER 5
SIFZ 0
SILY 3
SIPI 0
SJHZ 22
SKKI 0
SLDQ 0
SLTM 16
SMSD 16
SODY 0
SPTN 0
SQMD 45
SREO 0
SRLC 7
SSNN 5
SSSP 0
STHX 0
STUA 74
SUAT 0
SUNK 0
SUVK 3
SVJP 0
SVXI 2
SWDM 2
SWOH 1
SXFY 1
SXGR 0
SXNO 0
SXPX 0
SYHL 19
TASD 3
TCBK 0
TCIX 0
TELR 0
TEVD 0
TEXP 0
TFBM 0
TFKT 0
THAO 0
THBE 0
THWG 11
THWO 1
TIMH 27
TIRP 0
TJGI 2
TKNQ 1
TLER 1
TLOG 4
TNEP 2
TOLI 0
TPRM 4
TQVJ 0
TTFF 0
TUMV 0
TYAZ 8
TYIM 0
TYSA 13
TYTD 4
UABT 7
UCJP 3
UCZI 0
UDMY 15
UELX 1
UEQM 1
UGDU 1
UHAG 3
UHNL 3
UIOB 0
UISE 5
UISX 0
UJIS 0
UJXE 2
UKRP 1
ULTF 0
UMKM 0
UNYP 1
UNZD 213
UOAU 0
UOLG 3
UQMQ 4
UQYU 0
URVW 27
USDL 0
USSN 6
USYH 1
UTXH 1
UUNL 0
UUQO 0
UVAM 1
UVKX 0
UVVI 0
UWIL 0
UWJR 16
UWKR 0
UWUN 0
UXWK 0
UXYY 0
UYTU 2
UYUP 2
UZEE 4
VAGT 0
VCOE 13
VEQR 0
VETH 1
VFMB 1
VFSA 4
VFZF 2
VGBL 3
VHLL 2
VHMT 45
VIDA 0
VIHY 218
VKLE 5
VKVK 0
VLLL 0
VLZA 0
VMUT 1
VNIX 9
VNQO 2
VOVH 0
VPNO 1
VPRZ 3
VRPK 101
VSBM 0
VSCJ 1
VSJV 2
VTGT 5
VUFK 2
VUPP 5
VVWD 0
VWIE 26
VWNX 3
VXDZ 2
VXHH 1
VXJS 0
VXYP 0
VYUC 1
VZPZ 0
VZQJ 0
WAFT 0
WAJA 19
WANB 0
WARQ 0
WAWR 1
WCCX 2
WCYL 0
WDRC 3
WEBM 1
WEBZ 24
WHET 0
WHIC 1
WHYE 1
WHZQ 2
WIKR 1
WIPG 0
WIVK 0
WJSY 0
WJZJ 0
WKCF 0
WKLB 2
WLKN 0
WLOI 1
WLSA 0
WMET 5
WMJA 0
WMRK 6
WNDD 1
WNPX 0
WNVV 0
WOPK 1
WPEF 1
WQBK 1
WRDC 0
WRGE 0
WRPZ 54
WRXW 1
WSPI 1
WTTX 5
WUJS 5
WULW 6
WVTR 0
WVVP 0
WXAQ 0
WYGS 0
WYYA 0
WZGC 0
WZIQ 5
XAEH 4
XASB 1
XCGV 3
XCOO 0
XECJ 1
XEEY 0
XEJS 0
XEQU 2
XEYQ 0
XGCM 1
XGDL 0
XGIS 0
XGOY 1
XHOI 10
XHUV 18
XIPC 0
XKGS 0
XKGW 0
XLUS 0
XLZQ 3
XMCH 0
XMEL 0
XMOM 11
XNQN 1
XNSA 0
XPIS 0
XPKE 43
XPYM 0
XRBS 2
XSIZ 3
XUQU 0
XVDE 6
XWMM 3
XXBG 1
XXCG 0
XXFJ 1
XYDT 8
XYRA 0
XZAN 1
XZXD 0
YAYH 5
YDHP 0
YEYX 0
YGDU 0
YGQT 0
YHTB 0
YIUN 0
YJBT 0
YJUE 3
YJVJ 1
YLQO 0
YLYK 0
YNSY 0
YOBN 0
YOKQ 1
YPKD 0
YQKG 0
YQWW 0
YQYB 1
YRHR 12
YRTO 2
YSEA 3
YTOW 3
YUCM 2
YUKR 8
YUPZ 2
YVLE 2
YVUW 2
YWDW 2
YXKW 0
YYQA 15
YZTT 0
YZUR 0
YZXJ 0
ZADO 0
ZAHI 1
ZARJ 3
ZAVP 3
ZAXU 1
ZDMZ 3
ZEWD 0
ZGYF 1
ZHAU 0
ZIRL 0
ZJFC 4
ZJJK 1
ZKQA 1
ZLGR 0
ZLGX 0
ZLUS 0
ZLXU 3
ZMOI 51
ZNDD 0
ZNJY 0
ZOBV 1
ZOMB 12
ZPKY 0
ZPZL 6
ZQDG 0
ZROH 0
ZRPW 4
ZSDF 3
ZTEU 0
ZTOB 1
ZTOG 0
ZUMI 4
ZUWF 0
ZVNT 3
ZVSD 0
ZXQB 0
