ACRS 2
ADDU 0
AEFJ 0
AEGS 80
AGYY 0
AHCJ 0
AHIG 2
AHZC 0
AIVR 1
AIYX 35
AJEF 0
AJXX 0
AKDH 27
ALCO 0
AMCK 0
AMSQ 0
ANRQ 10
AOQK 1
APBO 1
APMA 3
APMW 9
APTI 0
AQEM 0
AQRW 1
ARSJ 1
ARUB 0
ASLU 2
ASQT 0
ASRW 0
ASSG 3
ATBL 1
ATQS 1
ATVV 4
AUBC 0
AUXW 0
AWWD 3
AXBB 1
AXBK 2
AYOD 4
AYTL 475
AZBX 0
AZSV 20
BBRM 15
BBVK 0
BBZG 20
BCAO 0
BCAP 3
BCBQ 1
BDTP 0
BFNC 1
BFRP 0
BFVJ 0
BGTG 2
BHLC 0
BIMP 1
BJIU 0
BJRH 8
BJZX 53
BMIM 6
BMJV 1
BMMX 6
BNRP 0
BOPC 0
BOQK 4
BPPE 3
BPPI 0
BPPV 13
BPZL 1
BQIL 0
BQYF 8
BSOP 0
BTLX 2
BUAW 1
BULZ 20
BWEZ 0
BWJT 0
BXGS 0
BXHF 1
BXKI 0
BYZR 0
CAFY 5
CAWA 0
CBHO 0
CBUF 0
CCAD 0
CCBH 0
CCDA 34
CCYI 0
CFJJ 1
CFNR 0
CGJZ 13
CGSC 2
CIMB 4
CIPX 0
CJSW 0
CMAG 10
CNUY 0
COIA 0
COUM 0
CPDJ 2
CQVQ 0
CREN 1
CSHG 3
CTID 1
CTMJ 0
CTOE 108
CUON 0
CUPF 2
CUPI 119
CUUA 4
CVEL 0
CVPF 6
CWBR 16
CWUR 0
CYNU 0
CZJM 0
CZWO 0
DBFK 19
DCBE 0
DCZG 1
DDUO 6
DEIE 0
DEOX 0
DEUQ 0
DEYH 1
DFGW 1
DILY 4
DJIV 11
DJXE 0
DKFZ 0
DMEE 0
DMQR 0
DMSF 0
DNOI 0
DNSG 0
DOFH 3
DQVL 2
DRCU 2
DRDO 0
DRJL 0
DRQF 0
DRTL 0
DSSK 2
DTOV 1
DTWJ 0
DTXX 0
DUWY 0
DVBJ 5
DVKZ 0
DWCN 0
DWLN 0
DWMQ 1
DWQS 0
DWVV 1
DXGW 4
DXPY 1
DYCM 0
DYRI 14
EABX 0
EBMZ 0
EBTJ 1
EBUK 0
EDAB 0
EDBX 3
EDEX 0
EDJU 1
EFAT 28
EFZF 0
EGJS 0
EGSK 4
EJPI 0
EKLI 5
EKQI 1
ENSG 2
ENTP 2
EOJI 5
EOPG 0
EOTX 1
EOZL 0
EPDM 1
EPER 0
EPEX 1
EQAD 0
EQAH 1
ESQA 4
ETHC 2
ETOF 65
EUTT 0
EVMW 1
EXFI 0
EZBR 1
EZQL 2
FAUA 1
FBFD 4
FBMO 52
FCAY 0
FCQS 0
FCTC 2
FDQO 65
FEAH 0
FEZL 4
FFAT 0
FFDM 0
FFJS 0
FGJB 4
FGVN 23
FGXP 4
FHYI 6
FITJ 18
FKCH 0
FKFV 0
FKPJ 0
FLDD 10
FLNU 0
FMGS 3
FMQS 1
FNMN 1
FOEE 0
FPWS 6
FQAJ 7
FQEY 0
FQFE 5
FRMM 1
FRRZ 12
FSFS 1
FSRM 6
FTAY 1
FUHY 0
FULF 0
FVHH 180
FVHI 0
FVME 0
FVVP 3
FVXK 0
FWJK 0
FWWT 1
GAST 0
GAYJ 3
GBEE 0
GCHS 1
GDJD 0
GECT 5
GEKY 3
GERO 0
GGCA 7
GHBZ 3
GHNW 1
GIUE 34
GJBB 0
GJGB 0
GJKP 0
GKOU 0
GKWF 0
GMGP 1
GMJM 0
GMLM 3
GMLQ 2
GOTG 0
GPCC 0
GQHH 1
GQJI 4
GQQU 0
GQWC 0
GRPZ 0
GUBW 0
GUTV 107
GUWT 0
GVFI 1
GVZJ 0
GXVE 5
GZWP 3
HAEA 1
HANC 0
HBEM 0
HBGJ 0
HBYM 0
HCKV 1
HDCD 0
HDEO 0
HDMA 6
HDWX 0
HGBK 1
HGCH 7
HGOX 4
HGXH 0
HHNO 0
HHNR 1
HHXF 3
HIHA 1
HIJP 0
HIQX 0
HIUH 0
HJKI 1
HKOY 3
HKZY 0
HLKF 0
HLNO 3
HLTI 2
HLYU 0
HMGQ 1
HMGX 0
HMQF 0
HMUE 0
HNCI 0
HNGW 1
HNSN 0
HPIY 30
HPLM 12
HQJS 0
HQRA 20
HRCH 5
HSKG 0
HSLQ 9
HTPZ 3
HUES 2
HUGD 0
HVXK 9
HWHN 0
HWLR 1
HXNX 0
HYYU 0
HZBR 6
IAAW 8
IALN 14
IANR 34
IAVN 0
IBOQ 0
ICLJ 10
ICMO 5
ICNT 1
IEJR 0
IEZH 48
IGIQ 1
IHWV 0
IHXF 0
IHYD 0
IILJ 3
IKBD 0
IKNF 0
IKXH 0
ILCJ 10
ILIC 0
INLF 0
INPX 2
IODU 0
IPBV 0
IPMF 0
IPOM 0
IQPB 0
IQQU 0
IQVK 0
IROT 0
IRXT 0
IRZD 0
ISDQ 4
ITPR 0
IULS 2
IWGE 0
IXGH 1
IXVM 4
IZAB 0
IZGP 0
IZHP 1
IZUU 4
JAPM 0
JAPW 0
JAUF 0
JAYV 3
JBAY 0
JBVN 0
JCGB 21
JCON 0
JDBP 1
JDOP 10
JEDT 0
JFEK 0
JGDC 0
JIHK 1
JIVF 0
JJOV 0
JJQK 0
JJWO 1
JLLM 15
JLZZ 2
JMEP 10
JONK 0
JQBN 0
JQVH 1
JRTD 0
JSAR 1
JSMO 1
JSZY 0
JVFE 0
JVFQ 1
JWBH 4
JYDY 0
JYHI 2
JYTC 3
JZOK 0
KAKJ 255
KBCN 0
KBKE 20
KBVY 6
KBYO 1
KCVJ 4
KDMV 3
KDXI 1
KETU 1
KFSI 0
KGGS 2
KHFQ 0
KHVC 0
KIGQ 0
KILW 7
KIXE 0
KJWK 12
KKBZ 11
KKCJ 5
KKHK 0
KKOX 2
KOBB 1
KRJJ 0
KRWC 0
KSRT 0
KTCJ 0
KUNU 10
KUTM 0
KVFO 0
KVPY 0
KVWY 1
KWEG 48
KWFA 0
KWFL 1
KWFU 3
KWXD 0
KXTO 2
KXXH 0
KYUQ 0
KZCN 1
KZSP 0
LAXW 3
LBAX 0
LBCZ 0
LEHU 1
LFUG 1
LHPC 0
LHQL 0
LHXJ 50
LIDO 3
LIOS 0
LJKY 0
LJRX 0
LKQJ 0
LKRE 0
LLEN 0
LNGW 1
LPGA 0
LQDV 0
LQER 1
LRAZ 22
LTRF 0
LULE 5
LULP 0
LVGQ 0
LWAD 0
LXHJ 0
LXQR 12
LXSD 2
LYEM 15
MAQV 1
MBDH 3
MBFY 7
MCHC 0
MCKX 1
MDRM 0
MFKS 0
MGEB 0
MGSZ 0
MGXE 5
MGYR 6
MHAL 1
MHKQ 0
MHUO 0
MIOT 0
MJCJ 0
MJHN 0
MJJW 0
MKQF 0
MKVH 14
MLPL 0
MMKE 1
MMVX 3
MMZF 1
MNSH 0
MOMA 4
MORY 0
MPCH 0
MPWN 0
MRDJ 0
MRYF 0
MTTS 1
MVBY 0
MWYX 1
MXBI 0
MXGR 7
MYIC 0
MYJI 0
MZCS 38
NAQR 0
NBVX 0
NCGH 0
NCMT 22
NEKL 10
NEOG 0
NFVV 22
NFYS 0
NHOJ 0
NIVJ 1
NIYW 0
NJJM 3
NKAM 1
NKKS 1
NKPF 25
NLJG 0
NMXG 3
NNGS 1
NNMD 0
NNOU 5
NNQC 2
NOBS 0
NRGU 338
NTLX 1
NUMM 1
NURN 3
NUZU 0
NVCV 0
NVVK 1
NWDE 0
NWMH 6
NWTN 0
NXDS 0
NYTR 2
NZGE 0
OBDQ 0
OBHO 1
OBJK 0
OCEV 1
OEFX 5
OEXH 0
OEZT 3
OFUC 2
OFUI 0
OGNZ 0
OHRN 2
OIND 1
OIWQ 2
OJVH 3
OKBM 0
ONHZ 0
ONKZ 10
ONNQ 3
ONOE 2
ONZZ 1
OOAN 1
OOGJ 4
OOXF 0
OQEB 1
OQLT 1
ORNC 0
OSHH 0
OSIW 0
OSUH 0
OSXI 0
OTDC 0
OTOS 30
OVEN 2
OWAE 1
OXIS 18
OXJS 2
PBXM 0
PDYN 8
PEQF 0
PERN 2
PEYQ 0
PEZM 0
PFAO 1
PFEC 14
PGAR 0
PGAZ 0
PGBC 0
PGDI 3
PHHW 2
PHZJ 0
PKEN 7
PKFH 28
PKJG 0
PKSG 4
PLYP 1
PMKT 7
PMTX 2
PMWD 0
PMXT 0
PNGX 4
PPQI 1
PQBM 1
PQFY 0
PQOF 0
PRHU 0
PRPF 1
PRSV 0
PSPO 22
PSTQ 1
PSXF 1
PSZJ 1
PTKW 0
PTLI 1
PUDU 1
PURK 0
PVNK 0
PVTL 1
PVXE 0
PWWZ 0
PYMG 1
PZID 0
PZLV 0
PZXB 2
QAQL 0
QARM 1
QASW 0
QBZT 2
QCBQ 1
QCEC 2
QDNP 9
QDOD 0
QGSE 5
QGXX 3
QHAZ 0
QIEV 4
QIXB 0
QKDC 1
QKFM 0
QKRP 1
QLAN 0
QLZO 9
QMZC 0
QNQZ 0
QOEC 1
QOKA 1
QPJN 0
QPQE 0
QQGG 0
QQYP 2
QRIH 0
QRNP 0
QRYT 0
QSDC 6
QVRW 45
QWJB 1
QXBW 3
QXPD 1
QXTY 2
QXUP 77
QXZD 0
QZCS 0
QZHL 2
QZKU 18
QZUG 0
RABN 3
RDWT 1
REDB 0
REEZ 0
REFT 0
REIT 0
RERI 0
RFAW 0
RGHW 0
RHGL 0
RJMN 1
RMDE 10
RMEN 9
RNDE 0
RPWX 0
RPZB 0
RQKU 0
RRNT 3
RROL 0
RRWH 0
RSYE 0
RUBK 0
RWKJ 1
RWQG 5
RWTP 1
RWXK 0
RXEC 0
RYVQ 0
RYWG 2
RZMV 1
SATB 0
SEGA 0
SEXR 6
SFIG 0
SGBT 10
SGOZ 2
SGQW 1
SGRN 5
SGVV 2
SHRW 1
SIZD 0
SJFN 0
SJKF 0
SMLS 3
SNAP 0
SNTD 0
SOOA 0
SOZK 1
SPCA 0
SPKB 13
SPRD 7
SQQB 0
SQQO 4
SQTR 2
SRKT 1
SRPQ 2
SRZG 9
SSLN 6
STYV 8
SUVG 8
SUZC 0
SWIQ 0
SXOE 0
SXYJ 4
SYBZ 2
SYOY 0
SZAZ 0
TAKS 2
TCLB 0
TCOO 0
TCXB 0
TDJF 0
TDJK 3
TDZX 5
TEAK 0
TFXY 2
TFYP 1
TGMN 3
THCS 0
TJJA 1
TJMD 0
TKDO 0
TKEV 0
TKFI 0
TKRR 0
TKRW 3
TLCT 0
TLOF 0
TNNR 4
TPLL 0
TQFM 0
TRGC 1
TROE 2
TRWC 1
TSEW 0
TSTK 6
TTGA 1
TTKH 0
TTSC 1
TUNP 2
TUUI 0
TWPD 1
TXBX 0
TYAD 0
TZSL 1
UBCH 3
UECJ 7
UEMO 0
UESN 0
UETE 0
UEVA 3
UIIQ 0
UILU 2
UJJX 0
UJKL 0
UJQG 0
UKPW 0
UKUO 7
UKXF 229
UKYW 2
ULVV 0
ULWP 0
ULXC 0
UNDR 28
UNMA 0
UOAR 0
UOFT 1
UPLP 0
URAU 7
URBQ 1
URHS 2
URIJ 2
USDC 0
USJS 1
USLK 1
USNY 0
USRH 0
UTDA 0
UTZC 13
UUCX 2
UUGI 1
UUSA 16
UUTW 29
UUUI 0
UUUS 0
UVWL 0
UXKP 0
UXXD 1
UYBW 0
UYBZ 4
UZYW 1
VBFP 0
VBPI 1
VCIA 0
VCNX 0
VDLZ 0
VEXI 0
VGDB 0
VHRO 0
VHUZ 3
VIMK 0
VIWX 0
VJUY 10
VJVW 0
VKIE 5
VLBP 3
VMGX 1
VOQA 94
VOYG 3
VQIG 1
VQTS 0
VRYX 295
VSHC 7
VWRE 1
VXBU 0
VXFX 0
VYTW 0
WACG 3
WADZ 0
WBSY 0
WDKN 0
WEPU 0
WFCZ 3
WGDQ 1
WGJO 0
WGTQ 4
WGZG 2
WHRD 1
WIEL 3
WIJH 6
WJCV 1
WKQA 0
WLPV 5
WLYY 2
WMKA 44
WMXD 4
WODT 2
WOIA 0
WOIO 0
WONB 0
WOOB 0
WQBJ 0
WRMK 0
WRNR 134
WRNZ 1
WSNL 1
WSRU 0
WTLJ 0
WTOI 0
WTQU 35
WTSA 0
WVDG 0
WVFW 0
WWLA 0
WWZL 0
WYNQ 1
WZCW 0
XAPF 0
XAUP 0
XAZX 1
XBDB 3
XBKQ 0
XBVJ 0
XCLE 2
XDHJ 0
XDOD 0
XDUY 0
XFDX 0
XFOZ 0
XFTL 1
XFZR 0
XGKL 0
XHDI 0
XHRU 0
XHYN 0
XJKD 0
XJYI 11
XKMC 0
XKTE 0
XLJB 0
XLPD 29
XMLL 0
XMZU 0
XOOA 0
XPDW 1
XQAD 0
XQAV 0
XQNP 8
XQST 1
XRCD 5
XRFK 0
XRGR 0
XRZC 2
XSFU 10
XSPT 1
XUFP 1
XUOK 2
XVDN 4
XVKL 1
XWAK 0
XWOQ 0
XXJB 9
XXQE 0
YABM 0
YBDG 16
YBEZ 0
YBNQ 13
YBTE 0
YBXT 0
YCWU 0
YDKI 0
YDOM 7
YEQL 13
YFFU 0
YFKW 2
YFLN 0
YFVR 1
YILW 0
YJFJ 0
YJUA 40
YKCY 1
YLIK 0
YMAD 1
YNCV 998
YOBF 0
YPJK 0
YPUY 4
YSDC 0
YTXB 3
YWCX 0
YWHF 1
YXJK 10
YYLL 1
YYNP 2
YYPL 4
YYQJ 0
YYRZ 3
YZUP 9
ZAER 0
ZCFW 0
ZCOD 0
ZDBV 1
ZENC 0
ZEWH 0
ZEZA 4
ZEZO 1
ZGGJ 1
ZGUG 0
ZHLW 0
ZIEC 1
ZIMY 0
ZIUE 0
ZKFX 5
ZMPX 1
ZNNU 1
ZOFD 0
ZOJF 2
ZOVU 2
ZPKR 3
ZQGJ 0
ZQNW 1
ZRNI 0
ZRSY 1
ZRVK 0
ZTHV 0
ZUUE 2
ZVUM 0
ZWLG 1
ZXGQ 0
ZYQL 1
ZZDG 0
ZZEV 47
