AAEU 0
AAMH 0
AARU 5
ABIT 2
ABQZ 3
AFDL 1
AFOY 21
AGNO 0
AGUC 1
AHEY 1
AHFX 1
AJCD 0
AKRQ 3
ALDO 1
ALKB 18
ALSL 0
AMIH 0
ANEG 6
ANIF 0
AOTN 2
APOK 5
ARYK 0
ASPU 3
ASRV 0
ATTI 10
AUUD 2
AVRD 0
AWJN 3
AWUK 0
AYZR 0
AZSF 9
BAGF 1
BAXI 1
BBOQ 4
BBQV 1
BBZS 1
BCWB 0
BCXZ 0
BCZA 1
BFAD 1
BHAJ 0
BHAU 0
BHZH 0
BIXM 0
BMHK 0
BNCW 0
BNOJ 0
BORI 1
BPMW 1
BPNU 8
BPUT 1
BQRR 0
BQUR 7
BRCU 1
BRPO 0
BRUC 0
BSAJ 1
BSJE 0
BTVW 0
BUER 0
BVSN 0
BXMB 17
BYKV 0
CADF 0
CAGE 0
CBIA 0
CBIR 0
CEKD 1
CFFH 1
CFIZ 1
CFVH 0
CGIK 0
CHMU 1
CHZD 8
CIJT 0
CISJ 1
CIVI 0
CJNO 8
CKGP 4
CKRX 0
CKYF 3
CLAA 0
CMBA 0
CNEB 3
COEG 1
COMV 6
COVK 0
CQNQ 17
CRMJ 0
CSBT 1
CSFP 1
CTAL 0
CTSK 3
CTZB 2
CUMX 0
CUZH 0
CVJF 0
CXCR 2
CXPP 0
CXQZ 2
CXSR 0
CXZZ 163
CYTA 2
DBMF 0
DBNK 2
DBZU 0
DCFR 2
DCHG 0
DCRY 0
DDNB 1
DDNE 1
DEFO 0
DEWE 0
DFJM 1
DFVJ 0
DHMP 0
DIDV 48
DIKQ 0
DLUR 0
DMMM 0
DMYW 1
DNFY 0
DOBT 3
DOSD 54
DOYQ 0
DPNR 1
DPYJ 1
DQEA 0
DQFG 1
DQSQ 1
DQYF 0
DRNZ 10
DTYW 0
DUUW 0
DVUF 1
DWDH 0
DWEY 0
DWJI 1
DYCZ 8
DYWU 1
DZCY 0
DZGV 54
DZKK 0
EAKT 0
EAQZ 0
EBBV 0
EBDK 0
EBMM 2
EBOG 3
EBRG 1
ECQI 0
EEGV 0
EESG 0
EGEV 2
EGFR 0
EGGI 0
EGLA 0
EGSA 0
EHGM 0
EHIE 1
EHKG 3
EHYT 1
EHYY 1
EIXR 1
EKFZ 0
EKPI 15
ELFX 0
ELWF 5
EMEY 2
ENXL 1
EODL 2
EOMU 13
EONP 4
EPIC 2
EPJY 0
EPPP 1
EPVY 0
EPWC 0
EQNR 1
ERTW 0
ESCA 1
ETJT 0
ETKJ 2
ETQO 0
EUJS 3
EUMA 6
EVHO 2
EWDI 0
EWPV 0
EZNC 0
FCNZ 0
FDCY 0
FDFT 0
FDWV 1
FEQR 12
FFAZ 0
FFZP 0
FGHW 1
FGIX 82
FKKQ 0
FMLI 13
FNTP 1
FOBP 2
FOJJ 0
FPPX 0
FQGL 3
FQMI 0
FQUS 0
FQYM 2
FRYN 0
FTKJ 1
FTKO 0
FUFN 0
FUXA 0
FVCX 0
FWDV 0
FYBP 0
FYHX 2
FYKC 0
FYUZ 3
FYVZ 0
FZFE 0
FZXB 0
FZXT 1
GAQM 6
GBCG 0
GBPH 4
GCBA 0
GCCB 1
GEQT 0
GFBP 0
GFOJ 3
GIHX 1
GIXH 1
GJNQ 15
GKFJ 3
GLVN 0
GMMT 0
GNDS 0
GNYU 0
GPAA 0
GPBQ 0
GRBI 0
GTVP 0
GUPT 0
GUVV 0
GVWW 0
GXGD 1
GXHS 0
GYDX 1
GYTR 0
GYWC 0
HAFP 24
HBIM 0
HBZX 6
HDDP 3
HEKE 1
HEPM 0
HEXM 1
HHIK 3
HHMO 5
HHNH 270
HJCO 1
HJQO 0
HJTG 1
HKAH 0
HKUL 0
HKUZ 2
HLKF 0
HMID 1
HNAT 0
HNLY 0
HNWB 2
HOLE 0
HOYK 0
HQQF 5
HQYP 3
HRBW 3
HRGO 0
HRQG 0
HWBZ 7
HXSY 1
HXXG 1
HYBQ 0
HYTF 0
HYWL 1
HZMT 1
IAQX 1
IBGJ 3
IBTY 0
ICTI 2
ICVD 0
IDMD 1
IDPO 1
IEGP 0
IEHQ 2
IEOK 3
IFLM 1
IFZU 0
IGAA 0
IGDH 0
IGIC 0
IGPJ 0
IHPC 3
IIQN 0
IIXX 1
IJGE 2
IJQU 1
IKEK 0
IMDU 1
IPHF 4
IQJW 3
IREI 2
IRNM 0
ISIW 5
IUMG 0
IVAP 2
IVEA 1
IVJH 0
IYCN 2
IYIR 2
IYYE 1
JAPH 121
JBOY 0
JBRU 8
JCZC 2
JFBT 0
JFNB 0
JHXE 0
JHZB 0
JHZJ 1
JIIQ 0
JIJT 9
JIVP 5
JIWQ 1
JJDP 634
JJPQ 3
JKGM 114
JKHT 0
JNKB 1
JORP 2
JOVA 3
JPBU 0
JPRO 102
JQAE 1
JRPO 0
JTQF 1
JUQU 0
JUUM 23
JVLX 1
JVZY 0
JWEL 4
JXRQ 3
JXYA 0
JZBP 6
JZUI 5
JZUO 0
JZZN 0
KBAJ 23
KCAX 1
KCEF 0
KEGJ 0
KETG 33
KFDX 1
KFFY 4
KFUA 0
KFYX 1
KGIG 11
KGML 0
KGRA 0
KHNN 0
KIDI 3
KINE 2
KJBE 13
KKUW 0
KKVG 1
KLPJ 0
KLQW 11
KLTT 1
KMJN 0
KMYJ 0
KNBC 1
KNJT 0
KNWY 0
KOGC 7
KOJB 1
KOUA 4
KPGJ 1
KPWS 0
KQBZ 0
KQRK 5
KQYN 2
KRNL 11
KRQV 0
KSDW 1
KSEB 1
KSNT 1
KSTN 2
KUBB 2
KVOD 0
KWIP 0
KXHL 0
KXMD 0
KYUU 3
KZXJ 2
LAPS 0
LBDW 15
LBTT 1
LBYD 2
LCDA 0
LCZS 0
LDHE 9
LDKP 2
LEFE 10
LEGC 0
LEKQ 0
LESU 4
LGEM 0
LGHL 1
LHCB 0
LHHI 2
LHVC 0
LIEV 0
LIZQ 8
LJYW 3
LKDS 0
LKMR 2
LKQY 29
LKUC 0
LLOQ 0
LLUK 2
LMGS 9
LMWK 0
LNGB 0
LNPN 6
LNUF 0
LOBA 1
LOMN 3
LOVJ 0
LPMV 67
LQSC 2
LRGT 0
LRZO 0
LSFX 3
LSNX 0
LSOE 6
LTGX 13
LTQD 0
LUGL 6
LXDU 0
LXEN 0
LXJX 75
LXPZ 0
LXUJ 0
LYAG 0
LZHK 1
LZVP 0
LZWO 2
MAJX 1
MCLW 1
MDOL 0
MDTD 4
MENJ 8
MFSF 4
MGVC 0
MHGJ 0
MHHF 0
MHLQ 0
MHTU 2
MIBG 22
MJGC 0
MJWP 0
MKHD 2
MKRE 1
MLHP 20
MLLY 1
MPCF 0
MQCQ 0
MRDU 1
MRVG 3
MSEG 1
MSQP 9
MVMA 9
MXCX 0
MYHD 0
MYOX 0
MZBY 1
NBDD 0
NBDT 0
NCCI 0
NCOR 1
NEIB 2
NEIW 1
NFLV 0
NGAM 4
NGGX 3
NGMX 0
NHJQ 0
NHZL 0
NIMK 0
NITJ 4
NJWY 1
NKPK 1
NLRH 1
NMCS 12
NMTO 17
NNNZ 34
NPDX 0
NPFK 1
NQNL 1
NQSD 2
NRAH 2
NSAM 0
NSLB 0
NSXF 6
NTYV 0
NUFE 3
NUZR 0
NWTN 0
NWUR 0
NWUT 0
NYAP 1
NYGO 0
NYHB 36
NYYJ 0
NZOF 0
NZWA 0
NZYL 1
NZYR 0
NZZK 4
OADS 0
OAQF 0
OAZV 0
OBJC 0
OBJF 1
OCRX 2
OCVE 1
ODDE 0
ODLT 4
ODRE 4
OEHM 4
OGAQ 0
OILT 0
OJDH 0
OKCN 0
OLIF 3
OMVE 1
OOIU 0
OPDE 0
OROR 14
OSEZ 0
OSGI 0
OSMO 0
OTGA 1
OUQR 0
OWCO 2
OWGG 0
OWPN 1
OWRW 0
OXPC 8
OXVB 0
OYFM 4
OYLV 1
OYWI 5
OZSN 0
OZWS 3
OZZY 0
PAOL 4
PAQA 7
PBMV 1
PDAX 0
PDCI 64
PDNC 0
PDVR 0
PEFQ 0
PETN 2
PFPL 0
PFXR 0
PGMU 0
PGRN 1
PIHR 2
PIYC 2
PJZW 0
PKGC 4
PKLR 2
PKUW 3
PLCF 1
PLVK 11
PMJQ 3
PNPI 2
POFL 0
POOP 150
PPBF 13
PPGJ 1
PQYI 0
PRUQ 0
PUUM 2
PVGO 5
PVLC 0
PXTQ 6
PYAP 4
PYCL 1
PYST 0
QAHP 3
QBRY 0
QBST 2
QCBJ 0
QFPQ 1
QGCU 0
QGJU 4
QHCH 0
QHJI 0
QHRF 0
QHXQ 3
QJEQ 8
QJHJ 1
QKNY 11
QLJV 3
QMAE 0
QMHP 0
QNKO 0
QNSJ 0
QNUV 8
QNVW 2
QNWO 1
QNXC 1
QOAL 0
QOVG 1
QOXH 0
QPTV 0
QQBK 0
QQJP 0
QQXE 1
QRUP 0
QRYJ 1
QSHM 0
QSMO 2
QSZA 40
QTCJ 0
QUVW 0
QVDQ 0
QVYR 0
QWDL 0
QXVD 0
QYCW 1
QYMC 0
QYOS 2
QZFJ 230
QZGL 3
QZRE 0
QZRJ 2
RAAZ 0
RABB 0
RAZC 1
RBQW 0
RBWN 1
RCXM 2
RDOZ 0
REXD 0
REYC 1
RFGL 3
RGXL 0
RHIL 2
RIUH 4
RJRK 0
RKRC 0
RLHU 1
RMEV 0
RMSZ 1
RNMG 0
ROSQ 1
RQNR 136
RRDI 13
RRMA 0
RRYS 0
RWPD 7
RXCW 2
RXMF 1
RXQK 0
RXYZ 1
RZEL 0
SBHO 0
SBQD 10
SBYX 0
SCGM 0
SCJV 1
SDZE 0
SEDO 1
SESV 0
SFBF 17
SFBN 10
SFRE 5
SFUC 0
SITT 7
SJEU 0
SKTP 3
SLVI 9
SMIX 4
SOJK 4
SPLB 0
SRLC 0
SSBG 11
SSCY 0
SSHA 50
SSLQ 0
SSRB 2
SUCZ 1
SUKM 1
SUTF 14
SUZB 8
SWOK 2
SWST 1
SXRA 1
SZHG 1
SZSD 0
TAOV 0
TAUA 1
TAYT 0
TBUF 3
TCDI 0
TDCK 0
TDIR 4
TDLN 0
TDUS 0
TDYM 0
TEHZ 0
TFNF 1
TGIA 1
TGTR 0
TGWY 0
THNZ 0
TIKM 0
TJZV 0
TKWL 0
TKYM 47
TMGT 0
TMRK 2
TOPV 1
TOZR 0
TPOW 2
TPUO 0
TRFO 0
TRGD 0
TRZB 1
TSGN 0
TTIG 2
TUWZ 0
TYOO 0
TYVZ 0
TYYO 48
UAAC 4
UAOE 9
UASV 1
UBHP 0
UBKB 0
UBXS 0
UCHQ 6
UCNS 13
UDGP 0
UDYX 0
UEYP 1
UHNI 0
UHYQ 1
UIDH 2
UJJR 0
UKAB 0
UKFM 24
ULSX 0
UMNJ 0
UMUE 0
UNAI 0
UOGC 0
UPHV 7
UPYM 0
UQRY 0
URBL 6
URIB 3
URTS 11
URTV 0
URWE 16
URYZ 2
USIF 0
USYA 0
USZJ 0
UTGJ 4
UVBK 4
UWDV 1
UWYY 0
UXLC 0
UXQY 0
UYEU 5
UYKP 0
UZMC 0
UZUI 1
VABD 0
VACL 7
VBSL 4
VCME 3
VDMM 0
VDRS 0
VERU 0
VFHD 0
VHYK 1
VKUQ 1
VKXG 0
VNJM 0
VOYO 2
VOZF 0
VSBI 0
VSKW 0
VTBS 6
VTIN 998
VTOX 1
VTQN 2
VTVS 2
VTXZ 0
VUGU 0
VUJG 0
VVBA 1
VVOI 1
VVSM 21
VVXD 1
VXCI 0
VXKD 0
VXKR 4
VYLI 0
VYSJ 0
VZEQ 1
VZFO 0
VZUG 0
WANC 3
WBLG 1
WBPY 0
WBQC 0
WCTK 0
WCWS 13
WCYI 1
WDWF 57
WFFI 0
WGKQ 0
WHVA 0
WHWK 1
WIEF 0
WKDO 8
WKWG 0
WMAG 0
WMML 0
WMPK 0
WNAH 0
WNSN 0
WNTP 0
WOBC 0
WOQR 2
WQCB 5
WQGO 0
WTDI 0
WTKX 1
WTPI 0
WVFD 0
WWCD 41
WWUK 1
WYIC 3
WYRP 0
XAJY 0
XBPB 0
XBUD 4
XESN 0
XFPF 3
XFZC 1
XHJR 0
XIKN 0
XJFJ 1
XJOY 1
XKQI 3
XLFC 3
XLVO 1
XMOS 1
XMSY 0
XMZJ 10
XMZX 0
XNID 2
XOIZ 0
XQGG 0
XQMQ 0
XQOX 0
XQUM 0
XQZJ 0
XTDU 0
XTFE 0
XTKE 30
XUEZ 0
XVAG 3
XVPD 0
XVXS 0
XWVH 1
XXJG 35
XYBA 1
XYPE 32
XZDU 0
XZOU 0
XZZT 0
YALC 3
YDHR 7
YELF 2
YFBN 0
YFRA 1
YGIR 2
YHNE 0
YHOF 0
YHTK 0
YJHO 2
YMGP 1
YMKC 0
YMWJ 22
YNPI 0
YNVE 0
YOAU 1
YOTG 4
YOWZ 1
YPFS 0
YPRJ 26
YPUA 0
YQCR 4
YQEW 0
YQJG 0
YQXB 70
YRIA 7
YRIQ 0
YRPU 3
YRZL 0
YSGI 0
YSOB 14
YSXK 4
YTIS 0
YTWK 0
YVIK 1
YVMV 0
YVUC 9
YVWH 48
YVZP 1
YWJD 0
YWJW 7
YXMJ 0
YYAB 0
YYAY 2
YZVB 0
ZAIA 1
ZAJK 0
ZBQD 1
ZBWF 0
ZCBI 0
ZEAT 0
ZEBG 4
ZEBU 0
ZEFQ 6
ZEFT 2
ZEZG 0
ZFFS 1
ZGAS 0
ZGEM 0
ZGPV 0
ZGSD 1
ZHEL 3
ZHUS 0
ZIFZ 10
ZISI 0
ZKEF 4
ZKYB 0
ZLBN 0
ZLPR 2
ZLUU 0
ZMDA 1
ZNGG 1
ZOKU 1
ZPLV 1
ZPTF 13
ZPVA 1
ZQJL 5
ZRFI 0
ZRUC 2
ZTCN 0
ZTKU 2
ZTLN 0
ZTSR 0
ZTXU 0
ZTZD 0
ZUWX 2
ZVMA 259
ZVZC 3
ZWAV 1
ZWTL 1
ZWUM 5
ZWWR 10
ZWWY 2
ZXLH 6
ZYKI 6
ZYKK 0
ZYNZ 1
ZZID 0
