AAOI 1
AASN 0
ACAW 0
ACRW 1
ACSW 0
ACTE 0
ADAD 2
AEEU 1
AEKJ 0
AEKY 0
AFKR 5
AFUQ 0
AGAK 1
AGIY 0
AHDD 10
AHPX 4
AHUH 0
AIHO 1
AJSL 0
AKXS 0
ALKX 3
ALQB 7
ALVW 1
AMXA 0
AMYR 1
ANFA 3
ANFR 3
ANKF 2
ANNY 468
ANTT 1
ANZO 2
AOCQ 3
AOIE 32
APEK 1
AQJW 4
AQNZ 0
AQOR 4
AQTQ 0
ARJN 3
ARQK 3
ASAC 0
ASYO 15
ATXA 50
AUDC 0
AUTT 0
AUVY 0
AVTT 4
AWTI 1
AWXD 3
AXBS 0
AYSR 0
AZDF 5
BAHP 11
BCAP 1
BCBM 0
BCEJ 1
BCGG 1
BCGR 0
BFVI 1
BJEY 0
BKMS 0
BKMU 39
BKOI 0
BKSP 0
BLKA 0
BLVG 1
BMYP 3
BNJP 0
BNLD 0
BNUC 0
BPPA 0
BQOE 3
BQVQ 0
BRBR 0
BSDR 0
BTBT 0
BTJK 1
BTVM 0
BVRJ 25
BWLO 87
BXGO 0
BXKQ 0
BYGX 0
BYLU 0
BYRP 0
BZKX 0
BZTC 0
CAXT 0
CBPV 0
CBSN 1
CBTK 0
CCCP 1
CDER 0
CFBD 11
CFBU 2
CFKG 0
CGSK 0
CHBD 0
CHWU 0
CHZY 0
CKME 2
CLBH 0
CLQS 1
CMYC 0
CNAU 3
CNML 9
CNVI 4
COLO 0
COZS 0
CPHT 4
CQNA 0
CQUT 0
CRFZ 1
CSDI 0
CSMO 0
CTAX 0
CUAT 2
CVHZ 1
CVMK 2
CVPP 3
CVRS 1
CWUP 0
CXOO 16
CYSH 1
CYSM 9
CZAL 1
CZFJ 1
CZWD 0
DAGQ 65
DBNZ 2
DCQK 0
DDRB 3
DDYT 0
DENT 11
DFPL 9
DFVR 2
DGXA 0
DGZQ 2
DILC 1
DJQP 0
DKXR 1
DMBF 0
DMFC 27
DOJU 60
DPBP 0
DPQG 12
DPUF 0
DPXK 2
DQNK 0
DQOZ 0
DTUU 1
DTYT 0
DVNX 1
DWQA 0
DWRH 5
DWXV 3
DXOO 3
DXWD 3
DZFK 1
DZSX 0
EBMM 8
ECTV 2
EEQH 2
EHFQ 0
EHXC 2
EIRK 0
EJBH 193
EJJX 0
EKUS 0
ELPW 5
EMIG 1
EMWJ 0
ENMH 0
ENVL 1
ENXS 0
EPNT 6
EPYI 0
EQZA 0
ERIA 10
ERJV 0
ERWN 1
ESGI 0
ESQJ 0
ESWM 0
ETIU 0
EUZD 1
EVGN 9
EVKL 1
EVSD 268
EWHO 0
EWMA 0
EWUF 1
EWUL 0
EXMO 2
EYAW 7
EYWZ 0
EZKX 3
FAQC 1
FBCB 3
FBEP 22
FBMS 2
FCHW 0
FDDS 15
FDSJ 0
FEEV 0
FESN 0
FEXD 0
FFFW 0
FFRG 0
FGGA 0
FHZH 4
FJPG 3
FLIR 0
FLVL 0
FMFT 0
FMNT 0
FMUP 0
FNBV 0
FNMM 0
FOJQ 0
FOLB 0
FPGI 0
FPKD 3
FPNP 0
FPUK 0
FRMV 0
FRUM 27
FVBZ 0
FWMA 0
FWTV 25
FZAY 0
FZUW 1
GAPC 0
GBDI 1
GCNF 1
GEXS 2
GEYH 0
GFWG 0
GFZX 3
GGDS 1
GGXK 0
GHFX 4
GHML 1
GHSA 1
GIQJ 0
GJRI 1
GKSP 0
GLBP 2
GLHP 1
GLPR 0
GMRZ 0
GNKI 3
GNLL 4
GOEL 81
GPIV 0
GPKM 2
GQUM 0
GRBW 0
GRIO 42
GRJK 2
GRVG 4
GSCY 1
GSDD 1
GSQT 4
GTNU 1
GUFD 4
GUQA 0
GUQP 1
GWDY 0
GXVW 0
GYKZ 0
GZMA 5
GZQQ 2
HAFG 1
HBGM 2
HBJO 997
HBSE 1
HBSJ 0
HCWU 0
HEPX 6
HGJT 0
HGOI 2
HGQA 5
HGQH 0
HGYP 0
HGYZ 1
HHGY 3
HIEE 0
HJGO 1
HJRK 1
HKOS 7
HKTT 0
HLCZ 1
HLQH 3
HMBE 0
HMFD 5
HNNR 1
HNRK 264
HNWD 3
HNWS 2
HOVD 0
HPAN 2
HPHN 1
HPKS 0
HPNC 0
HPUK 0
HPYJ 0
HQZA 2
HRNN 0
HRQJ 1
HSCI 4
HTNS 0
HTXL 0
HXCS 1
HXEK 0
HXWD 0
HZFU 2
IAGV 0
IAKI 0
IBEA 0
IBFE 14
IBME 0
IDWM 6
IEGU 0
IFDR 26
IFRO 0
IFZQ 0
IGFI 1
IGYL 0
IGYX 0
IHLR 0
IIAU 2
IIBC 6
IISE 3
IJAU 0
IJDT 1
IJLI 12
IJLM 452
IKRK 10
IKST 0
ILZW 0
IMNF 0
IMPZ 0
IMRY 4
IMWD 0
INZE 0
IOGX 0
IPBX 4
IPSJ 0
IQDG 0
IRBB 5
ISKQ 5
ISPI 0
ISXQ 0
IVIJ 1
IVTS 4
IWIY 0
IWTE 0
IXHN 4
IXKV 0
IXMC 0
IXPB 1
IXWY 1
IXZX 2
IYZX 0
JAGO 0
JAMY 0
JBBY 0
JCWD 0
JDKN 0
JEDB 0
JEOT 3
JGCR 1
JHGV 0
JHYM 0
JKBG 0
JLDI 0
JLEL 2
JMHJ 0
JMZP 0
JNFO 0
JNTB 0
JOQR 0
JOQU 1
JQKA 0
JQKC 72
JQSV 1
JROI 0
JRVE 4
JSSA 0
JTQL 14
JUEH 0
JUMZ 11
JVGC 1
JVKS 0
JVMQ 0
JVPI 0
JWCL 31
JWDQ 1
JWPV 0
JWVO 0
JXFE 0
JYSO 28
JYZC 0
JZGG 0
JZZW 0
KARK 2
KAYC 0
KBIH 5
KBJV 0
KCCO 4
KDGK 5
KDGS 0
KEHA 0
KEQU 0
KFHF 1
KGTX 0
KIXG 0
KJOU 0
KJWT 2
KKBV 20
KKSO 0
KKUV 0
KLKX 4
KLMY 1
KLYP 0
KMAY 0
KMWP 30
KQOP 0
KQXF 8
KRRI 5
KSJF 50
KSRB 0
KSTY 3
KTBZ 5
KTVP 1
KTZA 0
KUAO 5
KUAV 0
KUCA 0
KVIY 0
KVUH 4
KVZF 1
KWHE 0
KWLZ 0
KWPL 3
KWQT 0
KWZW 0
KYBJ 2
KYPL 3
KZWM 1
KZZS 5
LBJD 0
LBKZ 1
LCBY 0
LEOZ 1
LEPH 10
LEVA 1
LGVF 2
LIRO 0
LJYT 0
LLIE 2
LLTN 17
LMHY 2
LMLS 0
LNGX 2
LNZO 251
LOQU 0
LPND 5
LQCO 15
LQKX 0
LSJV 0
LSTX 0
LTGH 4
LTMO 0
LVNE 2
LVYL 0
LXJB 1
LZIJ 2
LZQP 0
MAXG 0
MDFK 2
MFAJ 0
MFML 0
MGTF 5
MHEM 1
MIAC 8
MJIF 78
MKXG 0
MKXR 0
MLJL 1
MLKO 0
MMAH 0
MMHZ 0
MMLV 1
MMPA 0
MNLQ 0
MOSL 0
MPAQ 0
MQOB 0
MQWB 3
MRBC 1
MRET 0
MREU 28
MRRZ 1
MSLH 1
MSQW 1
MTBX 1
MTNR 6
MUEC 3
MVAU 0
MVGV 14
MWCO 0
MWOM 0
MWRX 18
MWSI 0
MWUA 1
MWWR 5
MYQJ 47
NAGD 0
NAGY 1
NAVH 6
NCAQ 5
NDPD 0
NEMU 0
NGSD 2
NHZV 1
NIGD 0
NIVQ 0
NIZH 19
NJLY 77
NJUS 30
NKTZ 0
NLCI 1
NLPO 2
NLXC 1
NMLK 0
NMXS 0
NNNO 0
NNQF 1
NNRM 0
NNUF 93
NOZC 0
NPNF 0
NPQS 0
NQGS 0
NQKP 0
NQUP 0
NTAY 1
NTLJ 0
NTTW 1
NTVR 10
NTZR 0
NUBJ 0
NUTB 20
NUYC 0
NWDI 0
NWWW 6
NXTA 2
NXZC 0
NYLD 0
NYRK 0
NZEO 0
NZHL 3
NZJG 1
OACY 0
OBPO 0
OBRC 1
OBRZ 5
ODNJ 1
OEBX 0
OEML 51
OERW 0
OEWX 0
OFDW 1
OFUA 1
OGSJ 0
OGTQ 1
OHLV 0
OIUN 1
OJOA 0
OJPU 0
OKLP 1
ONEF 0
ONKB 1
ONPM 0
ONXW 3
OOOK 2
OPXO 2
OQTZ 3
ORYS 0
OSKK 10
OSRW 7
OTMR 5
OUAQ 0
OUEJ 1
OVPJ 1
OVSA 0
OWIB 0
OXPI 0
OXYX 1
OYDN 0
PBCQ 0
PDIB 1
PDJH 0
PEGZ 0
PFKE 0
PFTI 9
PHZR 0
PICP 4
PIKC 6
PJIM 9
PJKL 0
PJQS 0
PJYA 0
PKMO 4
PLBY 0
PMFV 0
PMMZ 0
PMSY 0
PNQJ 0
PNUQ 3
PNWA 31
PNXI 79
POJU 4
PPQQ 0
PRUE 2
PRVY 0
PSTA 0
PSXD 0
PTAW 6
PUVA 0
PVBU 0
PVIJ 0
PVJT 224
PVMK 1
PWRN 0
PXBE 8
PXWQ 3
PXZA 34
PYGK 2
PYHI 0
PYUT 0
QAQA 0
QAYW 1
QBCD 0
QBRS 0
QCIW 7
QCZJ 0
QFAT 0
QFPT 0
QFUO 0
QGAM 1
QHIG 0
QIYV 41
QJQW 0
QJVO 0
QJYZ 32
QKYY 1
QLVX 3
QMLU 3
QMVG 0
QNRR 12
QNVP 0
QOHL 0
QOOX 1
QOZM 0
QPRK 0
QTKB 3
QTOS 0
QTOU 0
QUMD 0
QVJV 0
QYGX 2
QYHN 1
QZFH 1
QZLA 2
QZWT 1
RAGL 0
RAVP 1
RBKP 1
RBYW 1
RCLV 13
RDOL 15
RFCF 1
RFPY 11
RGBT 0
RHHZ 2
RINO 5
RITH 14
RIWJ 0
RJKA 0
RJLD 3
RJMG 2
RKXN 4
RMAV 1
RMJR 1
RNHN 0
RPFF 1
RPRL 0
RQBX 15
RREU 2
RRHQ 0
RRVO 0
RTJW 0
RVPN 0
RVUQ 0
RVUY 2
RVVT 0
RYDK 0
RYMS 0
RZNX 1
SAHD 0
SAKS 2
SASG 6
SBCW 2
SBXZ 0
SCDO 0
SCZN 0
SDHB 2
SDIG 0
SDZE 0
SEYL 0
SFFS 0
SFIZ 0
SHIQ 4
SHQR 2
SHTY 0
SJBP 3
SJGM 6
SJHJ 1
SKBV 0
SKBX 2
SKWN 2
SLYI 0
SMNF 0
SMQR 5
SMVB 3
SOEH 0
SQBZ 2
SRUB 59
STQA 0
SVCG 0
SVHY 0
SVLI 0
SVMI 0
SWOW 0
SZOL 1
TAUE 0
TAUW 0
TAWA 8
TBKZ 0
TBWQ 1
TBZL 0
TDQL 0
TEOO 0
TFCL 0
THCY 0
THJY 0
TIMY 0
TKSB 0
TMXC 3
TNOM 0
TNTM 0
TNZJ 39
TNZS 5
TPCP 1
TPJN 3
TQKM 0
TQSG 0
TQYX 7
TRTM 0
TRZD 14
TSKJ 6
TSKR 0
TTDU 0
TTXQ 3
TVCM 0
TVFC 0
TWMX 0
TWUN 0
TWYY 0
TXNX 2
TXVV 0
TYGS 4
UAOU 0
UAYW 14
UBVB 0
UBZL 15
UDTZ 0
UEIW 0
UETG 0
UGVY 1
UHEG 1
UHEY 0
UHLS 4
UKEF 16
UKRQ 1
ULZB 0
UMBH 1
UMOC 0
UMRZ 0
UNHG 1
UOZQ 1
UPCN 0
UPPV 5
UPTE 0
URCI 0
USEF 0
USGS 0
USTQ 0
USYX 1
UTWT 1
UVND 0
UVTT 0
UVVA 0
UWFD 0
UWRX 4
UWWW 0
UWXV 0
UXAI 0
UXCN 6
UXKZ 0
UYJU 0
UYMI 0
VAJB 1
VASJ 2
VATI 0
VBCP 0
VCCN 72
VCJN 0
VCJU 1
VCKC 0
VCKG 3
VENP 5
VEQF 2
VFRN 0
VFXJ 2
VGPH 0
VHCG 1
VHPK 0
VHTB 0
VJAP 2
VKHM 0
VKMA 0
VKPA 0
VKTC 0
VKYT 0
VMED 0
VMGD 4
VOAU 0
VOPD 0
VPCV 0
VPNC 3
VQHT 1
VQMQ 0
VTOM 4
VTWY 2
VUGY 1
VUPJ 0
VUPT 11
VUQJ 0
VWDO 7
VWOI 2
VWOR 1
VWTN 1
VWYY 7
VXIB 0
VXOB 0
VZEY 0
VZIH 20
VZME 1
VZXU 7
WAFU 0
WBCH 0
WCKS 2
WCYG 5
WDMG 3
WEEU 0
WEQE 11
WEQL 1
WFDR 0
WGGG 1
WHCN 0
WHQS 0
WILG 0
WJJL 0
WJLU 10
WKPV 7
WMBX 10
WMOU 1
WOPJ 0
WOQZ 3
WPTN 0
WQRR 0
WRJJ 0
WSGM 0
WSTP 0
WSXZ 2
WTDA 0
WTKA 0
WUAU 0
WUFJ 2
WUJK 2
WVQL 3
WXEY 0
WYFR 2
WYGO 0
WZAZ 1
WZSM 0
WZVM 1
XBWV 3
XCAZ 1
XCHQ 1
XCLU 1
XDWC 0
XESZ 0
XGDZ 5
XIFB 18
XIFP 2
XJBV 0
XKUI 0
XLBK 9
XLGF 2
XLOE 1
XOGC 0
XOIQ 0
XOJN 14
XOMV 22
XPEO 1
XPFC 4
XQUL 0
XSAE 11
XTKG 0
XTLX 0
XVJY 0
XVPW 0
XVSO 7
XWHD 0
XWIH 0
XXMS 0
XXUN 1
XYHB 0
XZLZ 0
YAYB 0
YBLN 0
YBQW 0
YCAX 0
YCBU 8
YCPQ 19
YFPQ 12
YHIS 0
YIFK 0
YIOE 2
YJBK 14
YJRL 1
YKDI 0
YNPJ 0
YOGU 0
YOJV 3
YRDH 1
YUGZ 2
YVBK 15
YVMH 1
YWCB 2
YWYV 0
YXRQ 0
YYAT 2
YYQG 70
YZGK 0
YZZT 0
ZACD 4
ZAZM 2
ZCSI 9
ZCYO 13
ZDWS 1
ZEKN 0
ZEME 0
ZFBB 9
ZFKT 0
ZGMD 0
ZHHR 2
ZHVV 4
ZIKF 0
ZILM 150
ZJSC 2
ZNBO 8
ZNTE 0
ZONB 10
ZREC 0
ZSEB 0
ZSZP 8
ZUPK 1
ZWSG 8
ZWWP 0
ZYPH 0
ZYUM 1
ZZAK 0
