AACQ 0
AAIP 122
AANX 0
ABEO 4
ABJI 0
ABKJ 1
ABKW 24
ABLG 4
ABRG 0
ACJC 49
ACWU 4
ADLI 1
AEWZ 2
AFDO 4
AGKJ 1
AGOM 3
AGXY 4
AHRE 0
AJIG 2
AJSH 3
AKXH 0
AKYU 0
ALLK 1
AMHI 0
AMKJ 0
AMRH 0
ANPB 2
AOFD 0
APDF 2
ARAW 0
ARSR 0
ASND 14
ASUB 0
ATTZ 1
AUCV 0
AUVD 10
AYCF 0
AZRB 1
BBGR 9
BCXR 0
BDAL 3
BDPX 0
BFQB 1
BFRZ 0
BFTS 0
BGHO 0
BHLD 1
BHPV 0
BISE 0
BKEU 1
BKEZ 0
BKXA 0
BLAR 0
BNBI 0
BOVV 0
BPOL 0
BPQB 3
BQNH 1
BRBI 21
BRBJ 19
BRUQ 0
BSCH 1
BSFO 81
BSIP 0
BSVR 12
BTRQ 0
BTRU 0
BTWV 2
BUBB 1
BUJX 0
BWHR 0
BWPW 0
BWWN 3
BXDF 0
BYKT 6
BYXX 0
BZBN 4
BZDA 0
CAPN 0
CAUS 0
CBUR 0
CCEC 0
CCHF 4
CCYY 0
CDCS 0
CDDU 4
CEQG 0
CFJX 0
CGLV 0
CHKD 0
CHNO 1
CKFA 0
CKHP 0
CKRS 67
CLUW 4
CMFP 0
CMMN 0
CNPQ 2
CNWH 0
COHK 3
COLN 2
COUL 0
CPHL 0
CRXG 0
CSAS 0
CSAU 5
CTEE 0
CTHQ 0
CUJX 0
CVJM 0
CVLT 0
CWHV 4
CWSQ 1
CXSQ 1
CZER 0
CZLZ 0
CZSG 0
DCDR 2
DCDV 0
DCLN 0
DCUU 3
DDFE 3
DDLB 0
DEAV 2
DFYW 0
DGPH 9
DGSA 4
DHLM 1
DHPT 5
DHQT 2
DHUL 12
DHVC 0
DHXY 6
DIPK 0
DJRZ 0
DKTV 1
DLBM 19
DMVQ 0
DNUB 0
DOIT 11
DOJO 0
DONT 0
DPIN 0
DQEB 16
DRUA 0
DSLB 0
DTKT 1
DTQJ 2
DTTC 0
DTZZ 20
DUAG 0
DVHS 0
DYHI 3
DZRJ 5
EAQR 2
EBHA 0
EBIQ 0
EBJS 1
EBOX 5
EBZU 3
ECGR 1
ECUR 0
EDER 0
EDXJ 0
EEJK 0
EEPS 4
EFDZ 0
EFED 0
EGPS 1
EIAL 0
EICW 9
EIIX 14
EJCB 6
EJDH 1
ELVD 0
EMBT 1
EMDO 1
EMMF 8
EMPS 1
EMRE 5
ENRU 1
ENUW 8
EOOS 0
EPAH 0
EQJV 0
EQQY 4
EQZW 0
ESYO 0
ETIF 2
ETNZ 1
ETTD 0
ETUY 33
EUIO 2
EVLJ 0
EWHT 1
EWTI 1
EYAR 24
EYNP 16
EYQQ 0
EZPW 0
FAHN 0
FAIL 0
FCNA 5
FDBE 0
FDQO 7
FEZE 0
FFDT 0
FFKR 17
FFQG 0
FGFO 4
FGOY 3
FITW 3
FJSJ 1
FKPI 1
FKSX 33
FKSZ 0
FLNX 8
FLVM 11
FNZF 1
FOQZ 0
FOTT 4
FPUG 0
FQNL 2
FRFF 1
FRVA 0
FRWD 2
FSCY 1
FSDF 1
FSHK 0
FTKN 3
FTVK 10
FTYV 2
FUSI 0
FVSK 0
FZBW 0
FZDQ 5
FZMP 0
FZVJ 0
FZWN 1
GADH 0
GAHS 5
GAYS 0
GBDA 0
GCCJ 1
GCRR 28
GDBQ 12
GDPV 0
GEHZ 0
GFIB 0
GFIO 0
GFNQ 1
GFXK 21
GGEU 0
GGRM 5
GIUA 10
GJCY 2
GJJB 15
GJTG 1
GJVG 0
GKAF 0
GKAW 4
GKNU 4
GKUT 0
GLXV 2
GNCJ 0
GORM 1
GPDG 7
GPLO 1
GPPI 2
GPTM 1
GRSS 0
GUHB 0
GVSB 0
GXHQ 0
GYVR 4
GYWS 1
GYXH 11
GZVR 5
HALY 15
HARI 0
HBBU 0
HBXE 0
HBZU 0
HDAG 2
HERX 10
HESI 0
HEZZ 0
HFED 0
HGKX 0
HGTN 4
HJEU 0
HKDG 0
HLBK 1
HMDL 0
HNRK 0
HNTG 1
HOGM 0
HQJN 1
HSBP 0
HSDB 6
HSUB 0
HUGA 0
HVDF 2
HVWU 1
HXCX 0
HXJW 21
HYYK 5
HZKP 0
HZUD 2
ICAU 0
ICHH 0
IDYB 2
IDZO 3
IEXQ 0
IFFQ 0
IFZN 5
IGAV 43
IHDZ 0
IICN 0
IIHI 5
IKIO 2
IKMX 0
ILWU 0
ILXD 1
ILXW 2
IMRT 0
INPK 30
IOJB 0
IPVV 7
IQPV 0
IRNO 0
ITJI 215
ITVA 1
IUZO 0
IVJB 23
IWDT 0
IXGS 3
IYCT 0
IYHE 13
IYSH 1
IZJA 5
IZJH 1
JBQD 1
JBVS 0
JEAI 0
JFEI 1
JFOO 7
JGQC 0
JHZJ 0
JIDS 0
JJAN 2
JJGD 40
JJWS 0
JKFU 48
JLQB 1
JLXP 1
JNAT 0
JNVM 0
JOBA 77
JPDW 0
JPHG 0
JQEY 0
JRML 0
JRMX 0
JRSL 6
JSBX 0
JSPQ 17
JULB 2
JUYG 10
JVLL 0
JVZZ 0
JWLR 1
JZZH 0
KAMZ 0
KAVR 1
KBAN 0
KCHX 0
KCRC 1
KCTH 7
KCWD 0
KEDW 1
KEYW 0
KFAB 0
KFWY 3
KHPA 3
KHPH 0
KIKE 1
KIXA 1
KJZF 1
KLHT 10
KLKR 0
KMDD 1
KMEI 4
KMLT 47
KMXY 0
KNEY 8
KOLC 0
KOTP 0
KRUH 0
KRYK 0
KSGW 2
KTKT 0
KTWZ 0
KUHH 0
KXHX 3
KXWQ 0
KZBU 15
KZTK 172
LBAH 0
LCCL 1
LCGI 0
LCQZ 7
LEIO 1
LETC 7
LGCA 0
LGIA 2
LHBZ 0
LHOM 1
LIHF 1
LIUU 4
LKPZ 3
LNNJ 0
LNTR 6
LONF 0
LOPY 4
LPGE 0
LQTJ 1
LQXP 0
LQZA 1
LROK 0
LSAY 0
LSKR 0
LSXW 8
LTWM 0
LUCG 0
LULI 0
LVYD 1
LXTU 1
LYWZ 4
LZGJ 1
LZHK 14
LZXX 0
MANB 4
MAZI 1
MBXI 0
MCDM 0
MCGM 0
MDZH 2
MELL 0
MEYH 0
MJZP 0
MLAA 0
MLVF 0
MLWS 5
MMTW 0
MNPR 1
MRLQ 0
MROQ 0
MRPA 0
MRQD 4
MRUG 2
MRZL 2
MTQF 0
MULE 1
MUSD 0
MVBU 2
MWAV 0
MWRM 0
MXMT 2
MXPE 8
MYPQ 1
MYWE 8
NBGP 3
NBWH 5
NBZB 0
NDKG 209
NDVN 2
NFMI 0
NGKI 0
NHJI 0
NHJU 4
NHKJ 0
NJTY 2
NKAG 0
NNKQ 33
NNMN 0
NNVT 0
NOEH 0
NPRY 0
NQDT 0
NRDO 1
NRHI 1
NSHN 38
NTLF 0
NTQV 0
NULK 22
NULM 8
NUXA 0
NVQH 9
NVTD 1
NVTQ 0
NXFE 0
NYHC 2
NZFK 38
NZQQ 0
OCPG 1
ODPK 1
OEOE 0
OERJ 0
OETW 0
OFQS 1
OFTO 7
OGFL 0
OGWA 0
OHDC 2
OHDD 1
OIAZ 0
OIHQ 13
OJEL 0
OJNX 0
OJTX 0
OKQQ 1
OKZL 1
OLRL 3
OMFU 0
OMNY 0
OMRX 6
ONKJ 9
ONPQ 0
ONVL 1
OQCS 5
OQRH 6
OQYL 0
ORBQ 1
ORDQ 1
ORLG 20
ORMM 3
ORPK 1
ORVN 5
OSIY 0
OSTP 2
OTEH 0
OTNF 8
OUND 0
OVGQ 7
OVKS 1
OXEV 0
OXGY 1
OXTF 0
PBCO 15
PBMH 0
PBQO 3
PDKC 0
PDOS 1
PEIF 0
PEME 1
PFAP 0
PFBN 2
PFPZ 0
PHEV 0
PHGG 0
PHYK 1
PIIU 12
PJSX 0
PKDH 0
PMIF 0
PNGO 0
PNSE 10
PODU 5
POYF 8
POZQ 1
PPEV 2
PPHY 0
PPYF 0
PQCJ 0
PQFE 0
PQGE 1
PQGW 0
PQRM 0
PSAI 0
PSPE 0
PTJY 0
PUJY 1
PXAB 1
PXDX 0
PXUH 0
PYOQ 1
QAAI 2
QAHD 0
QBSG 0
QCBO 0
QCPL 0
QCRZ 4
QDKI 0
QDMO 0
QEDZ 1
QGNW 2
QGRF 13
QGRG 0
QGYY 2
QHEC 0
QHOR 10
QIVD 1
QIWE 3
QJOO 0
QKDR 1
QKJI 0
QKJW 1
QMPU 0
QNCX 1
QNRT 8
QOHJ 3
QPHP 0
QPHR 6
QPRK 11
QPVR 0
QSLI 1
QSWP 1
QSZP 0
QTIC 1
QTTV 7
QVPG 0
QVSP 1
QWUJ 0
QWWJ 2
QWXW 0
QXDT 0
QXPW 1
QYKX 11
QYQY 2
QYWI 0
QZSB 0
RACP 12
RBKP 0
REAG 1
REKB 0
RENQ 2
RGQJ 0
RHIN 0
RHNU 30
RIAX 3
RIOZ 0
RJVM 0
RKCT 0
RKDX 5
RKGA 0
RKOV 0
RLXC 1
RMMS 1
RMSW 0
RNBY 0
ROAC 0
ROKR 2
ROMX 0
ROYM 16
RQDH 0
RQMP 0
RRCB 32
RRNF 0
RRUG 0
RSBO 7
RTFO 0
RTPE 33
RUZQ 0
RWET 0
RWQM 0
RXJO 3
RYIH 1
RYXT 2
RZBO 0
RZVP 7
SBKO 4
SEYJ 0
SFIB 0
SFKC 0
SGLR 3
SIEI 5
SIGY 3
SIOA 2
SION 1
SIWK 0
SJGB 0
SKQC 0
SKXL 0
SLTK 0
SLWL 2
SLYQ 998
SMVV 11
SNAE 0
SNFK 0
SNGH 0
SNIW 1
SNSO 0
SPAL 3
SPHY 4
SPIV 0
SPYV 0
SQEH 1
SRWI 2
SSJJ 1
STCK 1
STSG 0
SULX 1
SVDR 0
SXCZ 0
SXIJ 8
SXVV 2
SYKY 17
SZPA 5
TAPC 1
TAWX 8
TBBZ 0
TBVE 3
TBWV 2
TCFP 2
TDHS 1
TFCX 0
TFMI 0
TFMM 2
TGHB 0
TGRP 0
THQC 0
TIQF 0
TITQ 5
TJVA 0
TKBX 1
TKDC 0
TKLL 0
TKNR 2
TKPI 0
TLFU 6
TMGG 4
TNPM 0
TPDZ 1
TPIN 0
TPWM 4
TQUE 0
TRVU 0
TSBD 8
TTWS 1
TTYI 1
TVAA 41
TWDW 0
TWTV 0
TXNR 0
TXNW 0
TXPZ 0
TYKC 2
TZKX 1
TZLA 9
UAPV 0
UBWZ 0
UDIQ 3
UDWT 1
UEDD 0
UFGO 5
UFST 5
UFWX 2
UGAI 4
UGER 0
UGZA 0
UHUO 0
UIAL 0
UIOG 0
ULLH 9
ULNP 8
ULUD 0
ULWH 4
UMTN 1
UNLM 1
UNTM 1
UOHC 0
UOWZ 0
UPIH 0
UPOJ 0
UPOX 0
UPUM 1
UQFT 1
UQJN 1
UQRK 573
URMT 0
USIS 0
USLQ 1
USON 1
UTDW 1
UTJM 0
UUAI 2
UUPA 0
UVPJ 5
UVRS 0
UWMM 0
UWPU 0
UWTT 15
UXRJ 0
UYPC 0
UYTD 0
UYVA 0
UZMH 0
UZOK 0
VALQ 0
VBUV 0
VBVZ 266
VDKU 0
VDWM 2
VEKO 1
VFEI 0
VFIU 0
VFMU 1
VFQZ 0
VFSD 0
VGHG 0
VGPD 0
VHBQ 2
VHJL 3
VHLD 0
VHTM 1
VHZY 11
VIGS 0
VIKO 0
VKQK 1
VKVT 0
VLNT 0
VNKJ 0
VOQH 0
VPFO 2
VQGH 0
VQIE 0
VRDS 3
VRYN 0
VSIM 0
VSTR 0
VUCY 0
VVIQ 5
VVJO 0
VVKD 0
VVNZ 0
VVZD 0
VWIP 0
VYTK 0
VYWK 0
WAFR 0
WAUP 4
WAVP 1
WCYG 1
WDSG 0
WEOL 31
WEUI 1
WFEV 0
WFWS 1
WHHW 0
WIFB 1
WIXD 0
WJQV 1
WKFB 1
WKOT 4
WKYQ 1
WLDJ 1
WLJM 1
WMSU 1
WMVY 0
WNMF 6
WOMZ 3
WQDZ 0
WSWJ 13
WSZM 0
WTGN 6
WTNE 2
WVTL 42
WVZG 89
WWHH 4
WWJE 2
WWOJ 16
WXXV 0
WYTI 10
WZEB 0
WZVV 0
WZWY 1
WZZV 0
XAGX 2
XBBJ 1
XDFN 0
XDHT 1
XDXA 0
XEOV 0
XFPG 3
XGHX 0
XGLC 0
XHGF 0
XHSL 3
XIWM 0
XJXU 0
XKRW 0
XLEZ 1
XLZZ 0
XONA 0
XOUK 0
XOZS 0
XPSI 1
XQHS 0
XQUY 2
XREY 5
XSMI 0
XTRB 35
XUVN 4
XVAL 4
XVBL 0
XVNJ 2
XWEY 0
XWFG 3
XXDQ 2
XXNA 0
XXRU 13
XYIF 0
XZCP 0
XZOF 0
YBKC 0
YBQV 2
YCAW 0
YCGQ 1
YDUL 6
YFTL 0
YGLD 0
YGND 0
YIAA 0
YICC 1
YIRU 0
YIWM 1
YJSD 0
YKBU 1
YKYO 0
YKZB 0
YLJW 1
YLKV 21
YNTJ 0
YNXS 1
YOAE 0
YOSU 1
YPSF 0
YSJN 0
YTTK 0
YTTP 0
YXCM 0
YYTB 0
ZAAG 0
ZBOZ 0
ZBVJ 0
ZCMW 0
ZDCE 1
ZDMM 1
ZFZC 0
ZFZF 24
ZFZL 0
ZGPD 9
ZHPE 6
ZHVV 2
ZIFW 0
ZIIJ 1
ZIOZ 0
ZJLV 0
ZJOL 17
ZJPX 0
ZJUF 94
ZKIJ 3
ZKKR 0
ZLBU 0
ZLCA 4
ZLCO 0
ZMCT 15
ZMEQ 20
ZMOY 1
ZMXH 108
ZNHR 0
ZNVK 0
ZOTM 0
ZPGP 0
ZQOI 2
ZQYJ 3
ZRDQ 3
ZRKE 0
ZRUI 12
ZSDR 23
ZSME 0
ZSXS 7
ZTCT 0
ZUBP 0
ZUNE 0
ZUTZ 1
ZVAR 5
ZVCG 0
ZVJU 2
ZWKW 0
ZWPB 1
ZXDR 3
ZXWH 4
ZXXL 18
ZYEC 0
ZYMC 20
ZYUV 0
ZZMR 0
