ABKE 5
ABUR 0
ADDI 2
AENX 6
AEUV 3
AFXL 0
AHXZ 3
AIWN 0
AJBI 1
AJCI 0
AJTM 0
AKNP 0
ALIP 4
ANRC 0
ANUN 0
AOMU 1
AOUF 16
AOUR 2
AQOV 1
AQSV 5
ASFQ 1
ASVQ 0
ASXH 27
ATPE 0
ATSE 1
ATTI 1
ATYS 0
AWPP 1
AXKF 2
AZGR 0
BAXF 0
BBJF 0
BBOT 0
BCKP 0
BCRS 0
BEJX 36
BERN 4
BGLC 0
BIQQ 0
BJDK 0
BJIX 3
BKVY 14
BKZY 0
BLXW 6
BMCT 0
BMFB 0
BNEG 1
BNJR 0
BOAX 0
BOHG 0
BOOH 0
BPDJ 0
BPQU 2
BPZJ 280
BQOV 12
BQZV 39
BUQD 0
BWAJ 0
BWEJ 0
BXYC 0
BYKD 0
BYYW 3
BZOR 16
BZUW 0
CARA 4
CBDX 1
CDDR 0
CDKD 0
CDMV 12
CDUH 0
CDXK 0
CDYL 0
CEFH 9
CFIA 4
CFJJ 2
CFWQ 1
CGYL 0
CHGJ 0
CHHP 1
CIIX 0
CLJP 4
CLKA 5
CMMC 0
CMTN 3
CNRG 0
CODW 76
COEU 0
CPIY 0
CQAQ 1
CRFZ 1
CRJX 0
CSEV 0
CSHT 0
CTCB 1
CUBT 1
CUQM 2
CVKA 1
CVXA 1
CWRE 0
CYVN 0
CZQW 1
CZQZ 1
CZTW 55
DAFZ 37
DAPG 1
DDMN 0
DFNT 2
DHXM 2
DIIC 1
DIIW 1
DJCV 1
DJPR 0
DJYO 0
DKEO 0
DLLI 0
DLOE 4
DMFE 2
DMSB 1
DOFJ 0
DOZI 0
DQGI 0
DQKO 0
DRKC 0
DRPM 3
DSDK 0
DTWF 5
DVJW 0
DVKK 1
DVOB 4
DWJV 0
DXPI 1
DXZO 1
DYLZ 0
DYYL 11
DZFF 2
DZNG 0
EAAB 0
EACN 0
EAOS 1
EBAA 3
EBAX 0
EBUG 2
ECXH 5
EFGR 2
EFLE 13
EFWA 0
EGGL 6
EGLZ 1
EGVR 0
EGXN 0
EHJC 0
EHKF 2
EHSX 3
EHTN 1
EIKZ 0
EJDD 4
EKPD 8
EKVC 2
EKYR 0
EMHD 2
EMHR 0
EMRF 13
ENKY 0
ENTS 0
ENWC 2
ERNX 11
ERTS 1
EVBN 0
EXZC 847
EYMW 16
FBUX 0
FCTE 10
FDDK 5
FDQZ 0
FEIW 0
FEQZ 0
FEXW 2
FFLM 0
FFNC 0
FFUD 1
FGBW 0
FGKV 0
FGRM 3
FGTY 0
FHSL 1
FHZI 0
FIYM 0
FJFL 0
FJGD 2
FKAD 8
FKBH 2
FKHK 0
FKON 0
FKSE 1
FLFV 1
FLJV 0
FLKD 1
FMUP 0
FNDC 12
FNGK 0
FNJU 0
FORE 1
FQDE 0
FQZC 1
FRLL 0
FRPO 0
FSHP 0
FSMU 1
FTZG 2
FWBN 0
FXTK 0
FXXE 0
FYEY 0
FZZA 1
GAEU 6
GAKD 0
GBRZ 0
GCAW 0
GCED 3
GCLS 0
GCNP 1
GCQZ 0
GCZE 0
GDLF 0
GEZQ 0
GGFO 0
GHNT 0
GIBC 1
GIOQ 9
GJFH 2
GKBW 11
GKCM 5
GKTX 0
GKUX 0
GKZD 0
GLLR 0
GLXY 3
GMFL 3
GMHQ 0
GMHX 0
GMJO 0
GNAG 0
GNPR 0
GNWM 0
GOFE 0
GOOC 0
GPMB 2
GQDU 0
GQQX 1
GSDJ 3
GSIC 8
GSPZ 2
GSTD 0
GUBV 1
GUHA 0
GUYV 0
GVKG 2
GYVS 0
GZCJ 0
GZCP 0
GZDO 0
GZPZ 0
GZRY 7
HADS 1
HAKR 0
HASW 6
HAUI 0
HBBP 0
HDAS 0
HEFI 4
HFOQ 3
HGGE 0
HHEO 25
HHNN 0
HHSZ 0
HHTG 0
HIBU 0
HIOY 0
HIVH 0
HJSP 1
HKGQ 1
HKND 13
HLDO 0
HLKI 2
HLKW 9
HMHN 1
HMZU 0
HNEC 2
HOVA 0
HQVV 0
HSCP 0
HSHC 2
HSWS 5
HTKO 0
HURM 0
HVDK 0
HVPO 0
HWGL 2
HWNI 0
HWPZ 9
HXBZ 0
HXDL 0
HZBC 0
IADX 1
IAUF 0
IBIC 7
IBIU 1
IBYI 0
IEED 1
IEUF 1
IGQL 1
IHGZ 0
IHXI 2
IILK 1
IJVW 0
IKHM 25
IKRB 0
ILPZ 0
IMMS 40
INVL 75
IPGK 0
IQHE 0
IQIS 8
ISLH 1
ISXF 0
IVTO 0
IWVX 1
IXNR 0
IXWJ 0
IYJP 13
IYQP 7
IZBC 0
IZJN 1
JAKS 0
JANX 0
JBBU 1
JCHM 48
JCIN 1
JDUR 0
JEJY 0
JEKI 5
JFEP 0
JHPQ 1
JHPY 0
JIAT 0
JIQF 0
JJWH 0
JJYV 0
JKGP 0
JKLO 14
JKQO 3
JKXS 0
JLTX 0
JNVK 61
JOLK 0
JOQB 0
JPDY 0
JPLP 1
JPSZ 0
JQHV 0
JRFG 0
JRHB 0
JRXK 0
JSDY 0
JTEK 1
JTMS 0
JTYM 4
JVHB 0
JVJW 1
JVOB 6
JWZX 0
JXMY 5
JXVZ 0
JYPR 2
JZWO 0
KAXQ 0
KBKJ 3
KBPS 1
KCLU 15
KCPD 0
KDNV 0
KDYJ 3
KEYJ 1
KFXG 2
KGAR 16
KGRD 0
KHKZ 29
KHOM 0
KJNF 0
KJRU 2
KJYM 0
KJYX 0
KKAY 0
KKEM 4
KKPV 0
KKTT 3
KKZN 0
KLPI 8
KNDC 0
KNJO 10
KNJU 10
KORJ 0
KOWA 9
KQCI 0
KRJG 2
KRKB 212
KRNB 162
KRTO 0
KSUK 1
KSXX 0
KTRW 0
KVRT 0
KVRZ 0
KVVR 95
KXAN 1
KXER 2
KXSK 0
LABF 6
LBEO 47
LBRM 1
LCSU 0
LCVD 0
LDBU 1
LDET 1
LFGJ 0
LFPY 0
LFRN 37
LGOH 0
LHCY 2
LIGJ 0
LIHB 1
LIXN 0
LIYD 22
LJEF 0
LJOL 0
LKHP 6
LLVS 0
LMYX 0
LPOP 0
LPTO 2
LSYR 0
LTSH 0
LTZZ 0
LUHE 0
LUQN 1
LUWZ 0
LVNE 2
LXKE 0
LXSO 0
LYNH 3
LYZP 0
MDMM 0
MENM 0
MFEN 568
MGRC 1
MGWA 4
MHJN 0
MHKF 0
MHNO 4
MIUQ 0
MIWY 0
MLGG 0
MLVA 0
MMCV 0
MMDB 1
MNET 1
MNRM 3
MOJX 5
MOYS 1
MPEI 1
MPHF 90
MPRU 12
MPVX 0
MPWQ 1
MQSQ 0
MQVX 1
MRYF 0
MSKO 3
MSQM 0
MSZE 1
MTKI 0
MUDY 250
MUNR 20
MUZG 0
MVRT 6
MWOD 10
MWRV 5
MXPC 0
MXRY 0
MYHD 1
MYYQ 9
MZFV 4
NAAT 0
NADR 0
NAET 0
NAPK 2
NBDI 0
NBGB 10
NCEF 11
NCSX 5
NDQY 0
NDSP 8
NEFE 8
NEIH 0
NEUA 3
NFNT 1
NFUM 0
NHAW 3
NHBK 2
NICA 4
NIQI 1
NISZ 7
NJGT 31
NKTF 7
NLAU 8
NLVX 1
NMPV 0
NNEE 2
NNPI 1
NOIN 1
NOYD 7
NPYX 2
NQZI 0
NQZV 0
NRRC 0
NSNR 0
NTEV 4
NTHT 0
NTQM 1
NTWN 0
NUIA 10
NUSZ 0
NVMQ 0
NWKN 0
NXJY 5
NXVX 1
NXWU 56
NXZM 1
NYAK 1
NYJG 7
NYXQ 0
NZEB 0
OBEK 1
OCJY 1
OCOL 2
OCUS 0
ODZG 0
OEFY 7
OFKH 0
OGSZ 0
OHBN 7
OIQW 0
OIVF 0
OJSN 0
OKDA 0
OKFF 0
OLZA 0
ONAQ 0
ONFO 0
OQSF 0
OQXE 0
ORGG 2
ORQF 11
OTSD 0
OUPG 2
OUTM 1
OVTT 0
OWMH 0
OWPD 2
OWWC 3
OXFS 0
OXUM 0
OYRQ 2
OYYY 0
OZMA 2
PACX 1
PANL 0
PBBM 0
PBNE 6
PBSF 2
PCXL 4
PDHE 1
PDNS 0
PDSX 0
PDVA 1
PEFR 8
PFEJ 1
PFYE 0
PHQR 0
PING 0
PIUM 0
PJOQ 2
PKZW 0
PKZY 0
PLCT 0
PLFU 0
PLMI 0
PMEV 1
PNLF 0
PNXL 0
POVY 1
PPDI 0
PPHI 8
PPYD 3
PQQD 3
PRXT 0
PSUW 11
PTCW 9
PTLD 9
PTRU 0
PUUM 4
PVBE 0
PVBZ 3
PVLS 1
PVZI 47
PXGM 1
PXTD 2
PYLH 6
PZBE 1
PZBV 0
PZQN 10
QADX 1
QAQR 4
QATX 0
QCVC 0
QFRH 6
QGMC 2
QHMW 0
QIBV 0
QIMS 3
QIQQ 10
QJMO 3
QKDD 1
QLCY 1
QNKV 22
QPQQ 1
QPSS 0
QSCU 1
QTDC 0
QTNO 0
QUQP 1
QUWC 0
QWIT 0
QWSS 0
QWYZ 6
QXEB 5
QXXO 0
QYBH 0
QZLN 0
QZOW 10
QZSF 0
RADA 5
RBJQ 0
RCMO 2
RCMT 1
RDXD 0
RESC 0
RGUH 0
RHKQ 1
RIEQ 0
RIPD 0
RIWJ 0
RIYA 4
RJLG 3
RJPK 0
RJPY 1
RJXT 0
RJZX 1
RKVE 2
RMSO 4
RNIR 0
RNKU 1
RNNA 0
ROKM 1
ROKS 11
ROXW 3
RQWA 4
RRME 3
RSWF 3
RTBA 0
RUJR 1
RUQN 1
RWRC 2
RXZC 0
RYPA 0
SAAA 0
SBDT 0
SBGC 0
SBHY 0
SBLG 0
SBVF 0
SDFL 0
SEQE 0
SFOI 0
SFOY 0
SGKS 0
SHUY 1
SIHT 0
SIIL 0
SJAC 0
SJDZ 0
SJLD 0
SKNW 0
SLET 0
SNBS 0
SNFL 0
SQTB 1
SRXJ 0
SRXY 0
SSWY 0
SSXP 10
STEQ 2
STKP 0
STMA 0
STYB 0
SVCB 3
SVQN 1
SWAO 0
SWTM 0
SYAL 24
SZEV 0
SZIQ 1
SZIZ 2
SZKV 2
SZLX 0
SZSA 3
SZVU 1
TBRY 1
TBYI 5
TBYV 3
TCTR 0
TCXF 10
TDKY 1
TEJI 1
TFCU 2
TFFI 9
TFKF 0
TFLX 0
THGL 3
TIAX 0
TIIZ 0
TIKP 0
TJIQ 0
TJTN 0
TKRA 13
TMUL 15
TOKV 2
TPMG 0
TPPE 0
TQRL 0
TQZO 34
TRCA 0
TRFR 0
TRUB 0
TRWV 0
TRXB 0
TSGU 4
TSKF 5
TSUJ 1
TTIG 9
TTPO 0
TTTG 0
TUJV 2
TVXN 24
TWEO 3
TWKU 0
TXXZ 0
TZTW 40
UBEC 56
UCGY 0
UCWJ 0
UDOB 2
UEAG 0
UETM 0
UFGC 3
UFIT 2
UGWN 996
UHOH 0
UHWX 0
UIMZ 0
UJJT 0
UJOA 2
UKPI 0
ULGN 0
ULQZ 3
UMVW 0
UNIC 9
UOII 0
UOKP 4
UONC 4
UPAN 0
UPKJ 0
UQXC 0
USNI 0
USUD 0
UTKB 1
UUUI 2
UWOU 0
UYHJ 27
UYIS 0
UZEM 0
UZZO 10
VAMG 0
VCRS 0
VFAB 2
VFCJ 1
VFHY 1
VFLC 1
VFQQ 3
VFYO 0
VGCH 0
VHZP 0
VIMG 17
VJFZ 2
VJLT 12
VJPG 0
VKEB 3
VMDV 11
VMGZ 0
VMWR 0
VOCY 12
VOXY 1
VQBT 2
VQMX 0
VQQL 8
VRKV 0
VRLD 0
VRRE 0
VRRY 35
VRTC 0
VRTU 2
VSJL 0
VSOU 0
VTTQ 4
VUIT 0
VUKM 0
VURL 2
VVHB 1
VVIK 4
VWHZ 13
VXLB 0
VXUW 2
VYSQ 6
VZSE 0
WAIG 4
WAQO 0
WAUB 2
WBBA 1
WCHW 1
WCVN 0
WDFH 0
WECZ 3
WEYC 1
WFOZ 0
WGDL 1
WHAI 1
WHQE 5
WHTF 0
WIDE 0
WIQV 7
WJZB 0
WKON 0
WKTY 102
WLMR 13
WLSK 0
WMDO 0
WMMU 0
WNOW 0
WOZM 2
WSDH 0
WSGJ 0
WSLV 3
WSQL 0
WSXL 1
WTJH 0
WWFF 32
WWLV 0
WYQP 0
WZZE 0
XART 2
XBQW 0
XCGY 0
XFBG 0
XFTF 0
XGUL 0
XIKI 1
XKLO 61
XKPV 4
XMCY 5
XMMR 1
XNCR 4
XNKM 0
XNSM 0
XQVF 0
XQWP 14
XQYI 57
XRIT 1
XRXM 0
XSGN 0
XSII 1
XSRF 1
XTPX 2
XUOW 1
XUQH 0
XUWQ 0
XVTT 0
XVZT 19
XWEX 0
XWUD 4
XWVK 0
XXPX 7
XXUO 10
XYMQ 1
XYNG 15
XZKR 0
XZTB 0
XZVT 1
YABX 6
YAMN 1
YARL 0
YBOK 1
YCJQ 1
YCRT 0
YDMX 0
YDPD 0
YFFX 0
YFLM 0
YFUF 28
YGJI 5
YGKW 0
YGLV 1
YGPO 2
YHAI 1
YIUM 0
YJFE 8
YJWP 1
YKTU 0
YKYK 0
YLRA 1
YMKX 1
YNFL 0
YNOI 3
YNTH 0
YNUK 6
YOJG 2
YORE 1
YOZN 1
YPKJ 0
YPXF 24
YQPD 0
YQTH 0
YQVC 0
YSGG 0
YSPF 4
YSPH 33
YTGS 8
YUHZ 0
YXBO 0
YXJT 0
YYCE 3
YYJA 0
YYJV 1
YZHU 0
YZWB 0
YZWU 0
ZAKP 2
ZAOT 0
ZBPH 1
ZBUV 1
ZBUW 2
ZDBO 0
ZDXA 0
ZEBN 1
ZFGW 0
ZHVG 0
ZIJD 0
ZIZT 1
ZJUU 5
ZKCG 6
ZLYL 0
ZMCV 29
ZMUD 0
ZNFQ 0
ZNVV 0
ZOCR 16
ZOSU 2
ZQHX 2
ZRNQ 0
ZRSV 0
ZSKS 0
ZSWB 4
ZTFV 1
ZUAT 0
ZUSM 3
ZUWY 1
ZYEP 4
ZYJO 2
