AAST 0
ABBG 3
ACNE 1
ACTY 13
ADBC 0
ADJW 0
ADOZ 1
AEAO 3
AEOG 0
AFFA 0
AFVZ 5
AGAR 16
AGBG 0
AHJV 1
AIWZ 4
AJGK 24
AJLO 1
AJMW 1
AKUU 0
AKZM 1
ALMN 5
AMDZ 0
AMOD 0
AMRA 2
ANEZ 0
ANWR 0
AOCQ 208
AQZG 0
ARKB 2
ARMR 7
ASJX 0
ATRY 0
AUTU 0
AWUX 0
AXPM 2
AYSB 1
AYWG 3
AZGQ 3
BAQR 0
BARC 0
BBOZ 0
BCPU 2
BDPA 0
BDRV 0
BDWR 0
BFBP 0
BGFF 141
BGFY 0
BGYH 0
BHJC 2
BIHL 0
BITD 0
BJVX 2
BJXD 997
BLBU 0
BLYB 0
BMPH 0
BNJB 22
BNNP 3
BNTJ 9
BOMB 1
BPCO 0
BQVC 4
BRPS 0
BSBR 0
BVCP 1
BVSX 0
BVUM 0
BWDT 4
BWHV 1
CBRK 1
CCIV 0
CDBC 0
CDEQ 3
CDLL 3
CFFE 11
CFOT 0
CFVX 2
CGIR 13
CGWH 5
CHBG 0
CICJ 1
CJNC 25
CJYL 1
CJZM 1
CKES 0
CKJW 0
CKPB 28
COCC 1
CPSO 16
CQBG 9
CQFK 0
CQXI 0
CRJA 3
CRQI 1
CRUC 1
CRYQ 0
CTTC 0
CUXL 4
CUXV 0
CVBG 6
CVSU 0
CWQL 33
CYEV 1
DADR 0
DBHN 6
DBLL 37
DBLX 0
DBNB 4
DCIT 0
DCPT 3
DCQZ 2
DCWC 0
DCWM 3
DEBK 0
DEHL 0
DEML 0
DFNR 18
DGGO 1
DHAJ 0
DIDO 0
DIFW 0
DIMJ 1
DLWM 1
DNLV 0
DNOE 1
DOUB 0
DPWQ 1
DQIN 0
DQTJ 6
DQUM 21
DSFY 0
DSWP 0
DTWD 0
DTWI 1
DUJP 5
DVBL 0
DVEW 0
DVGQ 0
DWOW 0
DYME 1
DZCJ 0
DZZA 0
EABG 0
EAII 0
EATJ 0
EBNZ 1
ECAZ 2
ECDB 0
ECHB 4
ECKI 6
ECTW 15
EDQW 1
EEOH 1
EEWW 0
EFFB 0
EFGD 0
EGAY 1
EHEL 0
EHIT 1
EIER 0
EIHH 0
EIHM 0
EIYC 0
EIZJ 2
EJDS 0
EJGW 29
EJPK 2
EKNT 2
EKRH 10
EMSZ 1
EMUY 0
EMVK 1
ENNZ 2
EORD 0
EPBT 0
EPKS 0
EQYN 0
ESBP 0
ESEL 0
ESPN 2
ETGE 2
ETLT 1
ETOA 0
ETOT 15
EUOR 2
EUPY 9
EUWG 0
EVIT 0
EVUV 0
EWNA 0
EWOO 0
EWXR 1
EWYD 15
EXKR 22
EXYZ 2
EYXS 0
EZEC 0
EZZA 0
FBFE 8
FBHA 40
FCES 2
FDCS 0
FDLC 2
FECA 0
FGGI 6
FGHM 3
FHFR 0
FHIG 0
FJBE 1
FJKU 0
FKCR 0
FLCS 0
FLVV 0
FLYA 0
FMDQ 3
FMYU 0
FNCS 0
FNJQ 0
FOTB 3
FOWZ 1
FPEP 0
FPXO 0
FRDY 0
FTNW 1
FTQQ 0
FTSX 0
FULH 12
FUWT 1
FVTD 3
FWAG 2
FWOD 0
FWZA 0
FXLZ 16
FXTA 21
FYWE 9
FZDV 5
FZJL 0
FZRH 18
FZSJ 4
GAAO 0
GALS 0
GATK 0
GBUB 0
GBUP 0
GDIO 0
GEEC 0
GEYU 0
GGEX 50
GIZC 1
GKKZ 3
GLOB 1
GLRO 1
GMPZ 4
GNWN 0
GOHV 0
GPDA 0
GPKM 2
GPUV 0
GPYP 0
GQVM 0
GSAP 2
GTDK 5
GVGE 6
GVIG 3
GVQX 3
GVVD 0
GWKM 1
GXAH 0
GYRO 1
GZGZ 0
HAYU 3
HBGG 0
HCNY 4
HDYN 1
HEAZ 0
HFFQ 7
HFKI 1
HFNO 0
HFZR 0
HGKI 0
HGLV 0
HGNE 0
HIDZ 0
HINN 0
HITL 1
HJFU 0
HJMH 0
HKKD 1
HKMH 0
HLDJ 0
HLKQ 1
HLOO 1
HNOD 0
HNXR 0
HNYL 0
HOLB 2
HQWK 6
HSJS 1
HSZW 0
HTUY 0
HTVZ 8
HUBO 0
HVEK 1
HVQX 48
HWHU 6
HWKQ 0
HWTM 1
HXFU 0
HXFZ 6
HXIO 0
HXJZ 0
HYGF 1
IACQ 1
IAPC 1
IATQ 14
IBAG 6
ICNW 62
ICUI 0
ICWM 1
IDDI 0
IDLZ 9
IEEV 2
IEIK 0
IELT 64
IGCX 20
IHGL 1
IHKG 1
IHSH 3
IHZG 0
IHZK 7
IJRV 0
IKEA 4
IKJL 0
ILZQ 8
IMGX 0
INKC 1
IODH 0
IOKH 3
IOKM 0
IPAT 0
IPPD 10
IQPE 4
IQQA 6
IQSO 0
IRER 1
ISAT 0
IUGF 0
IVKR 1
IWIU 1
IWXK 1
IXAP 131
IXTF 0
IXTN 0
IZTD 3
JAHB 0
JCPU 1
JCSG 0
JDCT 5
JDWD 9
JEKH 22
JEQT 14
JITU 0
JIYT 0
JJFM 29
JJZO 0
JLKA 1
JMMC 10
JMPG 2
JMXY 0
JNZF 2
JPMF 0
JPVL 0
JRHA 0
JSIR 0
JSQR 0
JSZW 1
JTCR 0
JTLV 1
JTON 104
JUVP 1
JVEZ 1
JVPG 118
JVXU 0
JWCZ 3
JWXB 0
JXUI 0
JYAC 0
JYFW 0
JYMC 4
JZPM 1
JZSS 2
KADO 4
KAEM 0
KAFY 0
KATI 1
KBEW 1
KBFX 1
KBQB 1
KCCO 0
KCFP 1
KFDN 0
KHOU 0
KITF 0
KJNK 5
KJQZ 0
KJXJ 2
KMFK 0
KNHH 13
KOBF 8
KPMK 1
KRYT 0
KSBE 0
KSHI 0
KTAP 0
KTOD 3
KTPQ 37
KUGP 0
KUJI 0
KUKU 0
KUYD 2
KVGW 0
KWPC 2
KWPX 1
KXEU 4
KXGK 0
KYPB 0
KZPH 0
KZUZ 0
LABQ 18
LAYP 3
LBBG 1
LBXA 0
LBZA 5
LCOG 1
LDFO 1
LDMI 0
LDUF 0
LEAM 6
LEFA 0
LEKK 3
LFEN 4
LFKA 0
LGMN 0
LGPP 0
LGPW 0
LHDY 4
LHNK 22
LIFQ 0
LIMQ 0
LISA 1
LKHR 0
LLFQ 2
LLZJ 0
LMSC 0
LONJ 1
LOOB 1
LOSE 0
LPAY 0
LPRS 0
LQEF 0
LQOJ 2
LQPV 170
LQSO 0
LQWU 0
LTBX 0
LTTJ 0
LUOT 0
LUZL 0
LXBN 0
LYYP 3
LZEB 48
LZEL 0
LZFW 0
LZMS 0
MAMH 2
MBCK 1
MBMT 11
MBNZ 1
MBVB 16
MBYB 0
MCHJ 3
MEBW 22
MEUI 1
MFLJ 2
MHGH 1
MHMY 0
MIDI 0
MIKB 2
MJPX 1
MJUZ 3
MLAS 1
MLDQ 2
MMTB 10
MNSD 18
MOLC 0
MOVX 17
MPSI 0
MQGX 0
MQVL 17
MRJX 0
MRMV 0
MTYQ 5
MUWX 2
MWFK 1
MYJG 0
MYMZ 17
MYQR 5
MZJR 2
MZRD 0
MZUX 1
NAIO 0
NAOM 1
NCKO 0
NCTH 0
NCVF 0
NDGE 39
NDIR 0
NETH 0
NFFP 0
NHFV 5
NIAI 4
NJCX 3
NJMW 0
NJOF 1
NKDC 13
NKKD 0
NKSA 3
NKTG 1
NLNQ 1
NLQW 5
NLWP 5
NMAG 0
NMTF 0
NPVV 9
NQDW 0
NQYT 3
NRPY 9
NRYF 0
NSAQ 0
NSDD 3
NSPE 2
NTVG 0
NTXN 0
NUEV 1
NUHF 1
NUYR 0
NVDG 2
NVGA 0
NVNA 2
NVTI 1
NWJH 1
NWJW 0
NWQT 43
NXOM 2
NYFO 1
NYSD 2
NZJZ 0
NZLG 3
NZTM 0
ODYJ 0
ODZO 1
OECO 0
OGDJ 2
OGMQ 0
OGWO 1
OHTC 0
OJSC 1
OKXC 3
OLOO 0
OLXT 1
ONIL 0
OOBN 0
OOXN 0
OPFH 3
OPKS 2
OQBI 2
OQHW 0
OREI 3
ORIX 1
ORPU 0
OUJY 0
OVGP 20
OWXP 2
OXII 0
OYSG 1
OYVA 9
OYXB 1
OZCR 0
PAYY 0
PCNO 0
PCRU 3
PCVA 0
PCXK 1
PDKO 0
PEJR 0
PEQF 0
PFYN 2
PGJD 0
PGRW 1
PILX 11
PIQG 0
PJJT 1
PJRT 0
PKHL 2
PKTJ 5
PLAS 0
PLPG 4
PLUF 0
PLVB 0
PMDW 0
PMIM 0
PNKE 0
PNLM 11
PNWB 6
POZR 1
PPWX 2
PQQG 0
PRDA 16
PTJJ 0
PTNW 0
PUQI 0
PVNT 6
PWCJ 0
PXED 0
PYAA 0
PZAD 0
PZBH 0
QAWX 1
QCDG 0
QCWV 1
QDAY 1
QDGK 0
QDSU 0
QESP 0
QGJF 0
QGTY 30
QHEX 0
QIBM 0
QILF 0
QKZT 0
QLDU 0
QMRB 43
QNKG 0
QNZL 17
QOMM 0
QOQK 2
QPNI 11
QQBQ 7
QQUM 0
QQXX 9
QSNT 0
QSSI 0
QSXG 0
QTES 1
QTWL 0
QUZI 1
QWOH 0
QWQU 0
QWRF 1
QYCB 10
QYMJ 0
QZQD 1
QZRQ 2
QZSZ 3
QZUS 0
RCZF 2
RDCW 8
RDRW 0
RFID 0
RFNR 2
RGFL 1
RHMK 1
RIGU 0
RIYB 0
RJTJ 0
RKNZ 1
RKSE 8
RLJT 0
RMDM 0
RMLT 1
RNSV 8
ROZO 0
RPLK 2
RPPZ 1
RPQB 26
RQLV 0
RQQR 0
RRXW 0
RSNM 3
RTEL 0
RTFN 0
RUWQ 163
RVKS 0
RWWS 1
RXUD 1
RZRA 0
SAFJ 0
SBLV 1
SBOA 2
SBPN 0
SCSA 0
SCTI 1
SDZP 2
SEAA 0
SEMI 1
SENN 0
SEQZ 6
SESS 156
SFGM 0
SGBG 0
SGBO 1
SGBZ 2
SIFX 0
SIIF 0
SITX 0
SIZS 106
SKCC 2
SKRJ 1
SMBW 1
SMFK 0
SOGB 3
SPHS 16
SPRJ 2
SRPM 1
SSEZ 3
SUKB 0
SWTE 1
TAFL 0
TBKB 5
TBSU 0
TBVP 4
TCIM 5
TCIX 10
TCWA 2
TDPC 0
TDZB 0
TECM 10
TEOQ 0
TEVL 0
TEYX 2
TFYY 0
TGMF 2
TGTR 0
TGWB 0
THBU 4
THOZ 1
TIGI 0
TIKG 6
TJBS 0
TJGH 0
TJTA 0
TLEP 0
TLMQ 0
TLSD 0
TMOF 0
TMUW 1
TNGF 8
TNMK 2
TNOY 0
TOGB 0
TONC 1
TPPN 0
TQWT 2
TRRL 1
TSDL 5
TSHD 6
TTKB 0
TTKL 2
TXLM 36
TXOF 1
TXUU 0
TYVI 1
TZQU 2
TZTN 0
UABA 0
UBHQ 0
UDFX 0
UDHD 14
UDOV 8
UDUA 2
UERS 0
UIMW 0
UIPM 5
UIWD 2
UJEA 0
UKPC 0
UKUH 5
UMMQ 4
UOOZ 0
UPJP 3
UPLA 0
UPUK 2
UQEH 4
UQSC 0
URWU 0
USLY 0
USWC 0
UTDB 0
UTFC 2
UUYC 0
UVFP 0
UWOC 0
UWQT 9
UWSL 2
UWUG 136
UXSK 1
UXYC 0
UXYY 1
UZAC 3
VBBK 0
VBDI 2
VFTD 0
VGPU 0
VGQK 0
VHZV 9
VIBU 0
VJBO 2
VJHN 0
VKDS 1
VLYP 0
VMUR 0
VNBC 6
VNOT 0
VOKP 1
VOOC 0
VOOP 0
VPCB 0
VPKQ 0
VPMG 0
VQEZ 0
VQVN 0
VRPG 1
VSBJ 0
VSKD 6
VSTD 0
VTUY 0
VTXU 0
VUBT 2
VVXL 0
VWDO 1
VWTR 0
VXGU 0
VYSC 0
VYXM 0
WADU 0
WAWJ 1
WBAE 2
WBAS 2
WCHG 0
WEHG 1
WEYN 0
WFKF 15
WFXP 0
WHMO 1
WJYM 0
WJYN 1
WLEK 0
WLIU 0
WMHP 0
WMLQ 5
WOSB 0
WPAO 4
WQAR 0
WQIZ 0
WQMM 0
WQSU 6
WSEZ 0
WSYC 3
WTZO 1
WUSJ 4
WVLX 0
WVPO 0
WVTY 2
WWHT 2
WWUU 7
WXOC 0
WXTZ 15
WYES 0
WYSG 0
WZOE 4
WZXS 28
XATF 23
XBEZ 4
XBKQ 0
XBKR 0
XBTY 2
XCJG 0
XDHK 2
XENK 1
XHFW 0
XHRW 0
XHUD 1
XIXF 1
XJNG 1
XJUY 0
XKSC 1
XKTE 3
XLDS 0
XMAQ 3
XMUP 0
XNYN 1
XQJM 0
XQQY 0
XRLB 1
XRMF 0
XRTF 0
XSJO 0
XSQC 3
XSUL 0
XXLC 0
XXNF 1
XXUO 1
XYKB 0
YAKJ 0
YBYP 0
YCEO 0
YCGG 4
YEJD 0
YELP 0
YELT 0
YENG 44
YGPE 0
YIEU 54
YIKX 0
YIXL 1
YJBE 142
YJLX 0
YJRM 0
YKJO 30
YKZQ 3
YMLA 224
YMMV 11
YNFY 0
YOPY 48
YOQU 1
YPMD 4
YPQC 0
YSIH 0
YSSF 0
YSUE 0
YTFS 0
YULT 1
YUPP 1
YVEB 7
YVTO 0
YVVG 2
YWQZ 0
YYPM 0
YZXB 0
ZAAR 0
ZAIV 0
ZAUI 553
ZBEB 0
ZBGV 4
ZBLK 0
ZBRR 0
ZCCY 2
ZCUF 2
ZCVD 0
ZDFN 0
ZDLZ 1
ZGVQ 0
ZHET 0
ZIPQ 0
ZIPR 9
ZIVM 1
ZIVZ 0
ZJDT 0
ZJKJ 9
ZKDF 0
ZKIK 5
ZKUI 0
ZOVS 1
ZQET 6
ZQGQ 169
ZRRC 0
ZRYG 0
ZSQJ 0
ZSXX 0
ZSYW 8
ZUAF 2
ZURL 8
ZUSS 0
ZUYG 0
ZVBS 0
ZVDD 1
ZVHW 1
ZVKT 0
ZVUY 1
ZWIP 0
ZWYN 0
ZXDM 0
ZXKP 0
ZYOO 0
ZYPE 0
ZZOC 1
ZZTR 2
