AATJ 0
ABII 0
ABLA 0
ABYI 68
ADDN 0
AEMR 1
AGPQ 2
AHQY 0
AIMP 0
AJQL 11
AKGL 2
AKKZ 3
AKPI 0
ALCC 80
ALNK 5
ALUC 0
ALXE 1
AMED 14
AMPL 0
AMTV 51
ANCO 0
ANHU 0
ANMD 0
ANYW 3
AOCK 0
AOQF 0
APAJ 4
APMX 6
AQKB 3
AQRH 0
ARAN 0
ARLE 2
ASXJ 3
ATSF 0
AUIW 0
AVMM 0
AXGT 4
AXHA 0
AXLW 0
AXRP 0
AYFW 3
AYHD 0
AYQZ 37
AYYV 0
AZGE 0
AZGL 1
AZTL 0
BAKG 0
BAWB 0
BAXW 0
BBEQ 0
BCGR 69
BCWZ 0
BDEV 0
BGCU 2
BGDB 3
BGPK 2
BGWS 0
BIXC 0
BJHZ 4
BJNM 0
BKAP 3
BKFG 0
BKRF 1
BLEG 8
BLXW 1
BMMF 1
BMUF 0
BMZF 5
BNSS 0
BNXQ 0
BOEA 14
BOWV 0
BPAR 13
BQCH 0
BQHY 0
BQLW 0
BTAE 3
BUKE 0
BUMA 7
BWGA 0
BWOS 50
BYJE 0
BZBP 0
BZXC 0
CANM 1
CATE 0
CBAG 4
CCKX 0
CDDP 5
CDGS 6
CEJF 1
CFIB 5
CFYD 4
CHBM 7
CIMK 0
CIVB 1
CJEC 0
CJFL 2
CJVH 0
CKMA 1
CLGW 2
CLJY 1
CMLV 0
CMYX 0
CNGF 1
COUR 0
COVY 23
COWC 20
CPST 3
CQUG 0
CRPW 1
CSAR 1
CSOP 56
CSQC 2
CSUE 1
CTKJ 2
CUAF 4
CUGQ 0
CULK 0
CUMF 0
CUXY 0
CWLU 0
CXET 1
CXJL 0
CYFN 61
CYHA 0
CZIB 0
DCCE 0
DDCZ 7
DDGG 28
DEIH 127
DGYD 3
DIOU 0
DIQX 0
DJEO 2
DKHO 3
DKLB 3
DMLU 0
DMXZ 0
DNBZ 6
DOLB 0
DPFB 0
DPQD 0
DQCQ 1
DQNC 0
DRCT 0
DRQU 0
DRYV 0
DSAC 0
DSAV 4
DUMI 2
DUZE 16
DVCE 15
DWEO 0
DXVN 1
DYMP 13
DYSU 0
DZRK 8
EACM 0
EAHC 1
EBMW 0
EBPV 1
EBYZ 0
ECVK 0
EDAH 3
EDFQ 1
EDYC 0
EEDW 0
EEFZ 20
EEIP 0
EETA 5
EEZV 0
EFMX 1
EFVH 2
EGSG 0
EGWJ 3
EIGA 0
EIPN 0
EKYZ 0
ENZG 1
EPBJ 0
ERKR 3
ESFP 0
ESHZ 155
ETII 1
EUHH 6
EUHJ 0
EVAJ 2
EVHO 0
EVUN 1
EVXG 6
EWVO 0
EXCN 3
EYGE 1
EYLE 0
EZRB 0
EZXI 8
FDWO 7
FEBU 0
FEVN 2
FFET 0
FFEV 3
FGYJ 0
FHBP 1
FHNL 0
FIEO 0
FJAU 1
FJOZ 22
FJRN 0
FKCB 28
FKCO 1
FLHG 1
FLLC 3
FLRW 6
FMAO 0
FMOY 0
FMXP 1
FNEX 1
FOPF 0
FPQO 0
FQJL 0
FRKZ 1
FRXT 0
FSEC 1
FSET 0
FUKQ 1
FUXR 1
FVEK 0
FVFL 7
FZJS 6
FZQV 0
GAMN 1
GANJ 0
GAUV 0
GBDI 0
GCTQ 2
GDSP 8
GDXA 0
GEUK 0
GFJV 3
GGMR 0
GHEJ 5
GHLR 0
GHWK 5
GILS 0
GKMB 1
GKPM 0
GMPP 16
GNTC 11
GPCY 1
GPUL 1
GQMR 2
GQND 2
GRGC 0
GRHZ 2
GRKF 0
GSPE 3
GUJC 5
GWIC 0
GYIA 15
GYKA 0
GYML 4
HACW 0
HAWL 0
HBFF 0
HCAP 1
HCRH 0
HDFQ 5
HDRF 0
HHXY 1
HIFX 43
HITI 0
HJIB 6
HKMQ 0
HOQX 0
HOZF 65
HPEN 0
HQZE 0
HQZU 0
HSAX 0
HSGT 0
HSRY 4
HUDY 152
HUNZ 0
HVOI 27
HYFE 1
HYJH 1
HYMM 0
HYRU 0
HZRS 0
IAQS 0
IAUA 1
IBGK 1
IBIV 0
ICWZ 0
IDWP 29
IFRN 1
IGBY 0
IGPN 0
IHEJ 1
IHLW 4
IJYW 2
IKCV 0
IKEM 0
IKSS 1
ILIZ 0
ILMO 1
ILTQ 0
ILUD 2
INJO 2
INKC 0
INKW 14
INRK 0
IODQ 0
IOEX 1
IOQP 1
IORA 0
IPAB 0
IPOM 1
IPSW 4
IPTD 0
IQKH 0
IQOO 1
IRRI 0
IRXE 0
ISFJ 0
ISFL 0
ISIX 0
ISKE 998
ISRR 0
ITAT 0
ITWH 0
IUFB 0
IUXO 4
IVFC 0
IWCY 0
IWNE 0
IWNS 2
IYGR 2
IYIK 6
IYMO 0
IYYO 0
IZPG 5
JAHE 0
JBNC 0
JBSM 3
JBVR 3
JBYH 5
JCRQ 1
JCUI 2
JDGW 3
JDRC 2
JDZQ 3
JEJS 1
JFFI 0
JFQW 0
JGPV 4
JGQP 0
JHFF 0
JIHZ 5
JIMV 2
JIVH 1
JJJT 0
JLAB 0
JLWZ 2
JMAS 0
JNHW 0
JNIT 1
JNWY 43
JNYF 0
JOMZ 0
JORL 0
JPEZ 6
JPPR 0
JQND 8
JQNL 18
JRZP 1
JSDT 0
JTGH 5
JUAW 0
JUTT 1
JUXO 0
JVUA 1
JVWP 1
JVZR 0
JYJI 0
KALB 16
KCMV 1
KCYW 0
KDEU 16
KDJA 1
KELS 1
KFYY 0
KGLJ 42
KGRS 0
KJBF 0
KJUR 4
KJWE 1
KKFW 0
KKPR 7
KMGR 0
KMZU 21
KNRX 9
KRIW 0
KSTR 6
KTAG 5
KTFQ 1
KUPB 0
KURM 0
KUYZ 4
KVFC 0
KVIZ 1
KVJY 0
KVMX 0
KVWR 0
KVXQ 0
KWGG 2
KWKP 4
KWMO 0
KWWK 0
KZHK 0
KZXS 26
LAWG 26
LAYC 0
LCTB 0
LEBV 4
LEEV 0
LESF 1
LEUK 1
LFMP 0
LFPA 0
LGUK 1
LGWG 0
LGWH 4
LIDZ 0
LIZV 0
LJNG 0
LJTV 18
LLAJ 0
LMFX 0
LOCJ 0
LONO 3
LPMV 0
LQCX 1
LREG 12
LRZW 0
LSWM 3
LTAL 0
LTST 0
LUJQ 0
LUQU 0
LVHL 0
LWBM 3
LWQU 49
LWVQ 0
LXAC 0
LXCG 19
LXGB 0
LYDI 0
LYSJ 0
LYXV 2
MAPW 0
MBYA 0
MDGC 0
MDJF 0
MECE 0
MEJN 1
MFCN 0
MFHG 16
MGNV 2
MGXR 19
MHXP 0
MILG 0
MIQP 24
MIYA 1
MJOD 0
MJXC 0
MKQM 1
MLRL 0
MMDN 26
MMDP 0
MMDT 2
MMEP 2
MMUL 0
MNQT 2
MOFF 0
MRBE 2
MRLU 5
MSZD 1
MUNN 0
MVGL 0
MWBQ 120
MWXC 1
MYJL 1
MYUC 0
MYVB 10
MZLC 2
MZPD 2
MZRI 12
MZSE 1
MZVS 0
NAFT 1
NDLS 1
NEBD 24
NEQU 0
NFVB 0
NGBL 0
NHFT 0
NHOC 0
NHTO 1
NHZY 0
NITY 47
NJBK 0
NJQD 2
NMFL 0
NNMI 2
NNPF 1
NORT 0
NOWG 5
NQCW 5
NQVA 0
NRGA 0
NRND 1
NRZP 3
NSIG 0
NVDY 3
NVKN 2
NVQO 0
NWBP 2
NWXF 9
NXVK 0
NYJL 10
NYQR 4
NYUH 0
NYUO 0
NZAT 0
OAYY 0
OCHQ 0
ODSN 0
OELG 16
OFRR 0
OGJB 0
OHUP 0
OIJI 9
OINL 0
OJWK 0
OLDN 3
OLIR 0
OLRJ 0
OMTL 1
OPML 0
OPRD 6
OQKP 0
ORCO 7
OROF 0
ORXA 0
OSME 3
OSPR 0
OSUN 0
OTXD 2
OUQH 0
OURU 3
OVFT 0
OVGN 0
OVRE 20
OWEJ 0
OXLX 0
OZHQ 2
OZWE 0
OZYF 2
PBHB 1
PBWH 0
PCCG 1
PFSW 1
PFYS 0
PFZD 3
PGEE 0
PGYM 2
PHJQ 23
PICL 0
PIJN 30
PIKX 0
PJPO 0
PJQR 1
PKFO 0
PKJJ 4
PKNK 0
PKRO 1
PLAM 0
PLDM 2
PLUG 0
PNEX 2
PNGS 2
PNMI 1
PNSD 1
POEJ 7
POEV 0
POPH 0
POTP 7
POZO 1
PPLE 0
PPPV 0
PQYA 0
PRCY 0
PRPV 0
PRTQ 1
PTBX 0
PTOR 1
PXUM 1
PYMU 3
PYNG 2
PYTK 0
PZTD 0
QAHS 0
QAIE 1
QBJU 2
QCRY 3
QCZZ 0
QDUV 0
QEKH 0
QEUM 2
QFRQ 0
QGAP 0
QGJG 1
QHHC 0
QIPD 0
QKFT 1
QKSK 2
QLNG 0
QMOD 0
QQDV 0
QQRB 14
QQYU 0
QSRE 0
QSYW 1
QTOD 1
QTTN 0
QUEU 5
QUKF 1
QUPJ 3
QVJK 0
QXUL 0
QXWS 4
QYCS 1
RAOL 0
RBFD 0
RBPL 9
RBSD 7
RBWN 1
RESP 4
RHJG 1
RHVT 0
RIGO 14
RIRO 4
RIUR 0
RJJR 0
RKTT 4
RLGV 0
RLLW 7
RMBZ 0
RMGK 1
RMIM 0
RMMP 3
RNBC 0
RNWE 0
ROTV 0
RPMJ 18
RRBU 27
RTAY 0
RTRE 0
RVIL 1
RVOP 0
RVUC 2
RWSN 0
RXUB 1
RYBL 11
RZTV 16
SAAB 64
SAID 2
SAWP 58
SBEH 2
SBFG 2
SDGU 0
SDIX 1
SDJD 1
SECQ 0
SEMH 15
SERC 1
SESI 0
SHDT 0
SHXE 1
SIEP 0
SIGJ 6
SKYT 0
SMKA 0
SMKV 0
SNHG 0
SNZK 0
SQEV 3
SQUR 0
SRNB 0
SSMS 0
STYT 4
SUUJ 1
SVWT 2
SWAV 11
SXEV 3
SYHR 25
SYKZ 0
SYPP 2
SYVL 0
SZCQ 0
SZWU 0
SZXJ 0
TANC 0
TAVM 0
TBHO 7
TBRN 1
TCOL 1
TCTV 0
TDRY 3
TEET 0
TFSO 0
TGXK 0
THDV 5
THWP 1
THXP 0
TJJK 69
TKBW 0
TMKJ 46
TMLE 2
TNNB 0
TNZC 12
TOAT 0
TOBB 0
TOXM 19
TQKJ 1
TQSP 0
TRKV 53
TRPG 0
TSEH 1
TTBI 6
TTSA 0
TUFM 3
TVEL 3
TVKP 0
TVRO 0
TWWY 0
TXHN 1
TYLJ 0
TYPT 2
TZVW 0
UAQM 0
UBCT 0
UCRC 0
UFAT 2
UGPH 0
UGQY 3
UHLJ 1
UHUC 3
UJCR 0
UJMR 0
UJUJ 9
UJUP 2
UJWL 2
UKBM 2
UKPF 0
ULQO 0
UMLU 10
UNPL 0
UNVV 1
UOFZ 0
UORW 0
UOVG 0
UPWI 12
URXJ 13
USIL 1
USQD 4
UTQF 1
UTQI 3
UTUI 0
UWKT 1
UWXH 0
UXOA 0
UYGV 1
UYVO 0
UZMH 18
UZYU 0
VAIO 5
VATN 1
VAUG 6
VAXB 8
VBMG 0
VCLS 0
VDDA 2
VDIA 1
VEUK 4
VEWS 1
VFLT 0
VGHL 0
VGIX 2
VGOQ 0
VHAT 15
VIOZ 0
VKSK 3
VKZC 0
VLYP 0
VMFQ 0
VMKX 0
VMMZ 0
VMTP 4
VMTV 3
VOGV 0
VPHF 0
VQHT 0
VRVJ 0
VRWR 5
VSEV 0
VTEA 0
VTMF 6
VUMN 1
VUQX 0
VUSN 2
VVXS 1
VWKN 0
VWQH 11
VWRO 0
VXCM 0
VXDT 0
VXHQ 19
VYCQ 0
VYLA 3
VYWF 77
VZRR 1
VZTC 0
WAPR 0
WBIX 0
WBSH 2
WBTL 0
WCJV 3
WCRF 0
WELR 0
WENP 0
WEWK 0
WFRM 1
WHDD 5
WHPL 1
WJFC 0
WJKH 6
WJMJ 207
WKBU 0
WMXK 0
WNJN 0
WPLK 0
WTEV 10
WUCE 0
WUDU 4
WUGN 14
WUQC 0
WUQU 3
WVAJ 0
WVXP 12
WXRI 14
WYJP 7
WZCX 0
WZTR 0
XAUG 0
XBFL 0
XBGF 0
XDDU 0
XDIA 24
XDKK 0
XESR 0
XEZU 0
XFEJ 0
XFIY 2
XFPZ 0
XHFP 1
XICX 0
XJNC 24
XJTT 0
XJWV 5
XJYQ 1
XKWN 0
XLDH 0
XLVC 4
XLVD 0
XMLC 0
XNCM 0
XNOB 0
XNQK 3
XNXA 1
XNXZ 2
XNZE 0
XOFZ 6
XPGH 0
XPWI 107
XQDK 0
XQXX 0
XQZT 0
XRDN 0
XREC 1
XRIC 3
XRXC 2
XSGC 0
XSPY 1
XUAZ 0
XUQW 0
XVOB 2
XWIO 2
XWLH 11
XXNX 0
XXVH 4
XZAD 0
XZHS 0
YAYE 4
YBFE 6
YBGB 0
YBXJ 0
YCTX 443
YDLT 0
YDPD 54
YDTM 0
YENC 0
YERB 0
YFBU 1
YHIH 0
YHZK 37
YHZV 29
YIRQ 3
YJZJ 3
YKGM 2
YKRB 0
YKZW 1
YLAY 0
YLKL 0
YMNN 0
YMRD 0
YMVM 1
YNEB 1
YNVN 0
YNXJ 3
YODK 4
YOJB 2
YPSD 6
YQBX 7
YQIQ 0
YSDI 0
YTHA 0
YUNR 0
YUYX 1
YVEB 0
YWKJ 1
YWKR 5
YZIQ 0
YZNP 6
YZNZ 2
ZATZ 1
ZBEO 39
ZBEP 22
ZCKQ 0
ZCKX 0
ZCON 36
ZDCL 5
ZDMR 0
ZDNC 0
ZDUQ 1
ZDZW 0
ZFDD 0
ZFPF 1
ZFRF 7
ZHBY 3
ZHGM 1
ZHLD 0
ZJHH 1
ZJJX 0
ZJZP 3
ZLLI 0
ZLVT 0
ZMHI 2
ZOBE 0
ZOEG 3
ZOQV 0
ZPDU 0
ZPYC 1
ZQDW 0
ZQOF 1
ZRMK 60
ZRQV 8
ZRTK 4
ZSMZ 4
ZTJJ 0
ZTNH 6
ZUKD 0
ZUMB 0
ZVGL 0
ZWYX 216
ZYYK 6
