AAMF 3
ABFU 0
ABYR 1
ACJP 0
ACPK 0
ACQA 0
AEXW 9
AFDC 0
AILK 0
AIXM 5
AKQC 0
AKXT 0
ALLX 0
ALXA 0
ALYC 0
AMCL 0
ANKZ 0
ANPN 0
ANTX 0
AOLU 1
AOQL 0
AOUY 0
APNO 18
AQGD 0
AQJW 0
AQVV 0
ASJG 3
ASTQ 2
ASZM 4
ATAW 0
ATRX 40
AUDT 0
AVIA 40
AVMU 3
AVWM 4
AWKB 6
AXKP 1
AXSF 1
AYDH 0
AYDN 0
AYFH 0
AYGE 0
AYMB 0
AYTX 0
AZKT 1
BECD 0
BEDY 0
BEGN 0
BETB 0
BETC 2
BEZO 1
BFEV 0
BFIC 38
BGGF 0
BGWG 0
BGXX 0
BHGG 0
BHKX 4
BILP 53
BIWP 0
BIYC 0
BJER 0
BJEV 0
BJHL 1
BJSL 15
BKNL 40
BMIE 4
BMPU 101
BMRG 1
BMVL 0
BNDP 12
BNGW 1
BNXE 0
BRJO 1
BSKH 0
BTMK 82
BTNG 0
BTTJ 2
BUCH 0
BUNY 0
BUTU 0
BXCR 37
BZON 2
BZYM 0
CABJ 3
CBTC 0
CCCY 0
CCGM 0
CCLI 7
CEBB 0
CENZ 0
CFGJ 2
CGAN 1
CGGZ 0
CHHE 4
CHLI 2
CHML 0
CIAZ 0
CJCW 3
CJFO 44
CJHL 1
CJOP 0
CKAR 0
CKCF 1
CKDW 0
CKIT 0
CNHW 13
CPBG 0
CPFA 0
CPQR 3
CPRU 0
CRCH 0
CROK 0
CSDR 0
CTJO 16
CTMR 0
CTTH 0
CVQL 0
CWDG 0
CWIJ 36
CWLH 5
CWRI 127
CWTH 0
CWTK 1
CWZI 1
CXXG 0
CYKC 5
CYTP 4
CYXW 2
CYZY 0
CZSF 0
DALU 0
DBNM 0
DBRL 0
DCDF 2
DCFR 0
DCJR 1
DCTZ 3
DDEG 0
DDEP 0
DDPS 0
DETU 3
DFTD 7
DGMH 0
DHFT 0
DHXY 2
DIGF 0
DILS 2
DINV 2
DJIM 0
DJJX 3
DJMD 0
DKEU 4
DKKY 0
DKMP 0
DKTK 0
DKWD 0
DKXX 0
DLDC 5
DLZU 2
DMNP 3
DMTO 0
DMUL 6
DNQK 17
DNRD 1
DOEP 1
DOQM 0
DOXN 0
DQBD 1
DQOH 14
DUSE 1
DVKD 0
DVQY 0
DWPN 0
DWQL 56
DWZL 0
DYPL 11
DYWP 6
EAQX 1
EAVV 0
EBCB 2
ECQC 0
EDNN 0
EEXO 27
EFGX 4
EGKG 2
EHAZ 1
EHBH 1
EJLX 0
EKFJ 1
EKRQ 5
ELIQ 2
EMFK 0
EMYZ 0
ENFE 1
ENLW 0
EOIW 1
EOSU 0
EPLK 0
EQLQ 0
ERFM 2
ERNZ 0
ERYC 0
ESJA 0
ETSV 10
EVWB 0
EWUR 0
EXRQ 0
EYLF 5
FATS 1
FBHU 5
FBHV 3
FBLY 14
FCIL 18
FECN 54
FECR 0
FFGL 1
FGSB 0
FHCS 0
FIQR 8
FIYQ 0
FJOS 0
FKIM 3
FKIV 2
FMJW 0
FNLG 0
FPDQ 2
FQDL 2
FRXD 0
FRZQ 1
FSYH 1
FTAB 1
FUFV 2
FUPA 0
FVSF 1
FVTG 1
FWBU 1
FYGH 0
FYVP 1
FYWS 0
FYYN 0
FZGX 32
GAWU 3
GBPH 1
GBVV 0
GCRN 0
GCVW 23
GDNP 2
GEND 1
GFOS 0
GFSX 8
GFYS 0
GGRN 0
GHNY 4
GHQN 2
GHQX 0
GHRD 2
GHRY 3
GHZV 0
GJXY 0
GKCR 0
GKML 0
GKWS 0
GMDB 36
GOOP 0
GPCF 2
GQPL 2
GQWG 0
GSGD 17
GSVW 0
GUGB 0
GUVI 0
GXAQ 0
GYGN 0
GYNS 0
GZBN 0
GZDJ 0
GZDW 2
GZHC 5
GZPP 0
GZYY 0
HAIY 0
HAVV 0
HBMI 1
HBTL 0
HCGM 0
HEXJ 120
HGIK 0
HGPG 0
HHKS 0
HHLG 3
HHUD 0
HIBI 0
HLER 0
HMDY 0
HMGR 1
HMXK 0
HPVN 6
HRBY 1
HRCZ 0
HRDH 0
HRYX 2
HRZK 0
HSHD 1
HTHO 2
HVAE 0
HWAL 0
HXCO 3
HZDB 2
HZPC 0
IBBU 0
IBXJ 1
ICHI 1
IEFK 5
IEVY 0
IEZQ 0
IFII 42
IGLG 0
IHVH 4
IITQ 0
IIZW 0
IJJV 0
IJND 3
IJVT 1
IKWR 0
INBA 0
IOGU 0
IOVR 4
IPIN 0
IPSS 1
IRNV 0
IRQQ 0
ISRK 1
ITWI 0
IUQS 0
IUZR 10
IVAX 3
IVSJ 1
IWBQ 0
IWHP 1
IWXE 4
IZFL 0
IZWL 2
JABQ 0
JBRQ 0
JBUN 21
JCEU 0
JDLL 8
JFBN 0
JFCY 1
JFPX 0
JGZK 7
JINR 0
JJEB 5
JKHB 0
JKHW 5
JKNC 0
JLBL 0
JLXC 5
JMBL 0
JMFL 0
JMPK 7
JNBU 2
JNYP 0
JOZX 0
JPCX 0
JQDE 0
JRMM 1
JRWX 2
JRXW 3
JSFD 0
JSKJ 4
JSUU 1
JTAH 0
JTIZ 1
JTMV 0
JUZA 1
JVTT 6
JWIB 2
JWIJ 0
JWVG 2
JWWV 0
JXDS 2
JXMN 1
JYEA 0
JZOT 1
KACU 0
KBCA 5
KCMA 0
KDZN 1
KEGG 0
KEJM 1
KEMH 0
KFJG 7
KGEC 0
KHND 3
KHOL 14
KHSC 0
KHVU 0
KIPT 14
KKXI 0
KLFZ 0
KMBU 1
KOAW 0
KOBS 1
KQBA 0
KRHL 15
KRTG 197
KSLC 0
KSUG 5
KSZO 4
KVRZ 0
KVWS 0
KVZR 8
KWHQ 0
KYNW 0
KYRB 2
KZHW 0
LBXH 0
LCDW 0
LDHH 0
LEPY 2
LFFR 0
LFHD 4
LFIZ 0
LFLV 3
LHSB 6
LIQY 0
LJAU 24
LJIN 0
LKLI 3
LKLM 1
LKMN 1
LKPJ 0
LKYC 9
LLHT 8
LLIS 0
LLJF 1
LLLY 2
LLPV 1
LOBK 2
LOLT 0
LPHQ 2
LPMG 1
LPPM 1
LQUJ 0
LSSP 0
LSTP 0
LTBE 2
LUVX 1
LVFS 15
LWGR 2
LXCM 1
MABD 2
MAQU 0
MBKN 0
MBYR 43
MCNV 0
MCRO 0
MDVY 5
METD 0
MFDB 3
MHNW 0
MJCX 1
MJYY 1
MJZM 0
MKOM 0
MKSJ 1
MKTU 313
MKUY 3
MLPQ 0
MLTH 0
MMBM 0
MMNR 2
MMRT 1
MNBO 0
MNPR 0
MOVZ 0
MPEK 3
MPFH 1
MQCA 2
MQHP 997
MRIN 2
MROA 2
MTGX 7
MTHB 1
MTSK 19
MURC 4
MVIP 0
MWGQ 1
MWVY 1
MXGP 0
MXIT 0
MYMD 0
MZKT 0
NAVC 1
NDJA 1
NDZZ 0
NEEJ 1
NEVH 5
NEWK 0
NFWM 15
NFZI 0
NGDZ 0
NGMP 47
NGRA 1
NGSA 1
NHAV 0
NHDJ 4
NHEF 0
NHRG 10
NIIF 1
NIQT 1
NITF 1
NJJW 0
NKBY 0
NKIE 0
NLRH 0
NLUO 26
NMCL 0
NMPW 0
NMRN 0
NMWE 0
NMXE 7
NMXX 1
NNXB 621
NOGW 0
NPED 0
NQFW 0
NQFZ 0
NQSU 0
NQYK 0
NRSG 10
NSDG 5
NSUU 1
NTCY 0
NTFU 0
NTQE 4
NTWI 0
NTZC 0
NVHL 0
NWXT 0
NYVQ 2
NYYJ 1
NZTR 2
OBEO 0
OBFM 0
OCKO 1
OCRS 0
OCYB 2
OEAY 21
OEPE 0
OEPN 1
OFGK 0
OFIP 0
OFYS 0
OGJS 0
OGZU 1
OHPF 0
OMBP 0
OMOW 0
OMYN 6
ONKA 0
OONT 0
OPBR 0
OPIG 4
OPJC 0
OPTW 20
OQDR 3
ORJB 12
OROK 1
ORXT 0
OSSG 1
OTEU 4
OTZR 0
OUKP 0
OWGZ 0
OYIO 1
OYLC 11
OZNM 1
PACC 10
PBYM 0
PDER 0
PDMR 0
PFAA 0
PFXH 1
PGEH 0
PGQX 16
PGZA 0
PHAC 1
PHFR 0
PHXD 0
PIJK 0
PISE 0
PJDU 0
PLUO 2
PMFM 0
PMJT 10
PMWW 1
PNXI 15
PODJ 0
POWA 6
PPCA 0
PPFD 0
PPYL 3
PQGB 4
PQMM 0
PQNC 2
PQOL 0
PRAZ 2
PRTG 65
PRYK 17
PSVO 0
PTED 4
PTNH 14
PTOW 0
PUTU 1
PUZY 0
PVMD 0
PVRL 0
PVUU 18
PYUA 2
PYVQ 1
PZIA 6
QABK 1
QBIJ 18
QCNX 0
QCRN 3
QCUC 0
QCYM 0
QCYV 0
QDKC 1
QDZW 0
QFEI 3
QGZG 0
QHGW 0
QHTQ 0
QIDD 0
QMLK 0
QMST 0
QNLF 1
QNMN 19
QNWE 1
QOGL 226
QRJV 0
QRUB 0
QTDQ 11
QTZT 0
QUEU 0
QUYD 1
QXMO 5
QXRP 0
QYUR 68
QYZF 0
QZDY 1
QZKY 0
QZWC 0
RARE 0
RASC 18
RATU 11
RCVC 0
RDVZ 5
RFAS 0
RFMP 0
RFRH 0
RFVE 0
RFYE 0
RGFI 3
RGQF 6
RGSD 1
RGSU 0
RGZU 0
RJCL 5
RKTK 4
RKTX 3
RKVM 2
RLDA 3
RLSB 0
RLXB 0
RMWD 0
RNQO 1
RPGZ 10
RQMU 2
RQOI 0
RTGE 1
RTME 0
RUUC 0
RWHC 0
RYKG 0
RZZS 2
SAYX 17
SBCM 0
SBGA 1
SCHI 0
SDKS 3
SEBN 8
SENQ 1
SGOF 0
SGTD 0
SHOI 0
SHPU 3
SICV 15
SIMD 0
SIVY 1
SJBB 0
SJHN 17
SJWO 0
SKFE 2
SKHN 1
SKTZ 9
SMBE 21
SMYX 1
SNOD 0
SOJV 0
SOUF 0
SPJV 5
SQET 0
SRAB 0
SRQO 0
SSOV 0
SSPM 6
SSUQ 0
STKS 0
STML 1
STQF 118
SUPS 3
SUXH 0
SWJT 1
SWJX 4
SXBW 2
SXQG 2
SXVZ 0
SXXN 35
SXYI 0
SYLP 0
TACA 0
TAMB 0
TCOC 5
TCOG 0
TDJS 2
TFGL 8
TFKT 0
TFLY 0
TGGQ 0
TGSD 6
TGUC 0
THHQ 1
THMZ 6
THPE 0
TJKD 21
TJKW 0
TKCP 2
TKGD 0
TLCK 0
TLIQ 3
TLUB 9
TMLO 1
TMYP 2
TNNA 0
TQAV 7
TQLV 2
TROT 0
TRTV 0
TRZD 1
TRZF 2
TSEM 0
TSGO 9
TULZ 0
TUWG 1
TUXG 1
TVKK 0
TWKL 0
TWRC 2
TWVM 7
TXHD 0
TYKR 1
TZIV 0
TZKL 0
TZLH 6
TZVK 1
UAIW 16
UBFY 4
UCRG 0
UCYY 0
UEAB 2
UEAU 192
UFGV 0
UFYA 0
UFYZ 0
UGSR 1
UGUN 0
UGYZ 0
UHIR 4
UHIY 5
UHQD 3
UHVN 1
UKFO 0
UKUY 3
ULCZ 0
ULFV 0
UMKS 0
UMVO 0
UNDD 0
UNXG 1
UOWM 0
UPCA 0
URFL 2
URVA 0
URVJ 0
USTS 0
USYF 0
UTOK 1
UUTA 0
UVNS 0
UXMG 0
UYEQ 1
UZHN 9
UZHO 2
VAJB 0
VBMU 0
VBNW 0
VCKL 13
VCKY 0
VCYC 3
VEOQ 16
VERV 0
VFAN 1
VFWW 1
VGLZ 0
VHIE 1
VHLT 0
VIDX 0
VIPZ 2
VIRH 12
VJDJ 0
VMKC 0
VNKV 0
VNPQ 1
VORY 2
VOUO 0
VPRW 0
VRWK 0
VSMZ 1
VSWK 0
VTOD 0
VTWQ 0
VVQI 3
VWPR 0
VWYM 0
VXCS 0
VYST 2
VZWJ 0
WDDG 0
WDFC 0
WDZG 0
WEBH 41
WFCF 0
WFXQ 2
WIPT 2
WIWP 0
WIYD 0
WIYJ 1
WJKC 45
WKEF 1
WKTG 4
WLAU 0
WLHA 1
WLQQ 2
WLSO 1
WMGM 0
WMKE 1
WMSI 1
WMWF 1
WMYT 3
WNCJ 1
WOHF 0
WOZB 1
WRJK 1
WRSW 3
WTPO 0
WTRI 0
WTVW 0
WUTU 0
WVGA 0
WVVP 1
WVZZ 0
WWDF 3
WWHE 0
WXLA 0
WXVV 22
WYTR 1
WYXD 1
WZAR 1
XAAH 1
XATV 1
XDRZ 2
XDSM 17
XENW 0
XEUC 1
XFUZ 0
XGBT 0
XGCM 0
XGJP 1
XHBF 0
XIBO 0
XJGP 7
XJXA 144
XKIQ 2
XKJH 0
XKSA 9
XKYK 1
XLWW 0
XLZR 0
XMZL 1
XNDK 0
XPRO 0
XQXD 9
XRDX 1
XRTG 21
XSNU 0
XTZR 1
XVIO 0
XVWF 46
XWRC 0
XXYY 0
XZAH 0
XZTT 1
XZZZ 2
YAKZ 1
YASB 0
YBHO 0
YCUO 0
YEMW 4
YFBA 0
YFMT 7
YFYF 6
YGPL 0
YHRY 1
YHSL 3
YIJC 2
YJWB 4
YKML 1
YMYH 0
YNLY 0
YNPM 0
YOES 2
YORR 0
YQPS 1
YRMO 2
YTLT 4
YUNK 2
YUNS 0
YUUW 2
YVBC 0
YVQQ 2
YVUF 0
YWMT 0
YXDW 0
YYXR 3
YYYE 0
ZAHO 0
ZBFU 1
ZDBU 1
ZDHC 6
ZDUI 0
ZECX 0
ZERH 1
ZFCM 0
ZFDM 2
ZGBA 6
ZGPX 3
ZGWI 2
ZHLW 2
ZIAG 1
ZIQA 3
ZLKB 0
ZLLB 3
ZLMU 0
ZLOS 5
ZNBE 1
ZNEK 10
ZNJY 1
ZNZE 1
ZOHI 1
ZOQQ 0
ZOXJ 1
ZPQY 2
ZQRB 2
ZSDP 3
ZTKE 14
ZTVQ 0
ZWCO 0
ZWJP 22
ZXJF 0
ZXRO 0
ZYDH 1
ZYHX 1
ZYJC 0
