AAAU 1
AAVO 0
AAWM 11
ABBD 6
ABTI 0
ACNA 5
ADDE 0
AEQF 1
AEVX 1
AFPK 24
AFQU 3
AHGX 0
AHSC 0
AIMB 0
AIVZ 0
AKRQ 1
AMQI 0
AMQY 0
AOOV 0
AOZT 0
APXX 0
AQBD 1
ARND 0
ARUC 1
ARZZ 15
ASRR 0
ATJG 7
ATMQ 1
AVPC 2
AZJQ 1
BAMG 0
BAQE 1
BDPM 3
BDWK 0
BFHL 15
BFVX 1
BIIT 0
BKHY 9
BLPH 0
BNDL 4
BNIA 1
BOPN 0
BOTK 2
BOWS 5
BPLD 21
BPSH 0
BQUD 1
BRIS 1
BRZS 9
BRZZ 4
BSJQ 1
BSWL 1
BSWT 0
BSXI 0
BTTW 5
BTWK 0
BUFX 1
BVKP 0
BXCA 0
BXCS 0
BYQU 0
BYXY 1
BZIZ 158
CAHW 7
CBHB 4
CBHZ 1
CBLV 2
CCWH 0
CDKR 0
CECX 1
CERX 0
CESJ 0
CEYV 0
CFSQ 0
CGEE 6
CGFZ 0
CGMQ 0
CGTX 0
CHWG 0
CINS 2
CIPC 0
CIPR 12
CKKV 0
CKND 1
CKRG 6
CKWH 5
CLNB 0
CMBG 33
COJX 0
CPQN 8
CQFB 2
CQFG 0
CQTV 1
CRGF 0
CRIF 1
CRYS 0
CSMP 0
CSPQ 0
CTVH 1
CVMM 1
CVNS 0
CWLE 0
CWPE 0
CZRM 0
DAEQ 7
DBDR 66
DBOJ 0
DCGS 1
DCTU 5
DCZU 4
DDEM 37
DDXH 3
DEBJ 0
DELH 0
DEWF 0
DIQH 2
DJSK 0
DMLT 0
DMOU 0
DMQG 3
DNPH 0
DNTC 0
DOJP 1
DPHL 0
DQZJ 3
DTEY 0
DTIM 0
DTJF 0
DVAO 2
DVML 2
DVST 1
DWTB 4
DXNO 13
DYGU 0
DYLK 7
DZRJ 0
DZSP 0
DZVB 0
DZVS 0
EAQX 1
EBFF 4
EBJQ 0
ECIL 2
ECJB 1
ECXN 8
EDKE 0
EDWI 4
EEWP 8
EFEE 1
EFQN 1
EHFA 0
EHRO 6
EIHI 0
EJPA 0
EKDT 1
EKHS 3
EKPF 4
ELEA 0
ELLU 0
ELWB 0
ELZA 25
EMCL 16
EMQV 0
EMVL 0
ENAO 0
ENBC 0
ENSY 5
EOAC 8
EOBN 0
EPIO 1
EQLD 0
EQNI 0
EQUW 14
ERNS 3
ERRW 0
ERTB 6
ESAC 0
ESYS 0
ETBI 0
ETEC 0
ETTZ 0
EUJI 2
EURS 0
EUWW 6
EVEF 3
EVNI 0
EWMJ 1
EWUE 0
EYEQ 0
FBES 0
FBNR 2
FBYM 1
FEFT 0
FEQT 0
FHSD 0
FIVZ 0
FJAM 0
FJPD 1
FKFE 0
FKLV 2
FKTA 1
FKUA 0
FLVC 29
FLXY 0
FMTV 0
FNJS 9
FNQJ 0
FNRY 0
FRSY 0
FSML 0
FSQD 19
FTKS 0
FTSV 6
FTTE 0
FTUO 0
FUIG 1
FUMY 0
FVZN 0
FWBL 0
FWLP 12
FXQM 4
FYZA 1
FZZY 1
GAGU 2
GATD 1
GATK 1
GCNN 19
GDLE 0
GEIM 0
GEYH 0
GGHK 11
GHHD 30
GHNF 1
GHQX 1
GHZK 0
GIFV 1
GJIT 2
GJOQ 0
GJUV 16
GJZT 1
GKAV 3
GKVI 1
GLVJ 0
GMBC 26
GMHD 0
GMID 0
GMTN 27
GPHX 0
GQAA 2
GQNX 0
GRDW 0
GSDK 9
GSHI 7
GSQF 0
GSUL 0
GSYH 0
GUDV 0
GWIG 0
GWSJ 0
GWYR 0
GXAF 0
GXVY 2
GYHC 7
GYOU 0
GZXG 1
HAMP 0
HBGN 12
HCIP 0
HDOV 1
HDZT 1
HFAH 1
HFNI 1
HFVA 0
HGGR 0
HGKQ 0
HHBH 0
HIDM 0
HIUA 1
HJAE 0
HKVY 0
HMMA 0
HMNJ 4
HNGW 2
HNJZ 16
HOOK 4
HOTC 0
HPIQ 0
HPNI 0
HQCR 0
HQOF 4
HRSM 1
HRVY 0
HSBG 2
HSRN 0
HSZU 1
HTBD 4
HTNM 0
HTPD 1
HTXU 0
HUPB 0
HXDW 1
HXKD 0
HXKO 1
HXQC 0
HYFU 1
HYJP 0
HZIA 0
IABV 0
IBCA 3
IBGN 6
IDAA 0
IDQB 0
IFEB 1
IFMW 0
IFWE 0
IHOE 4
IIFF 0
IIJU 3
IKCX 1
IKDP 0
IMYR 0
IOKP 72
IONK 5
IPAU 5
IPRO 3
IQLJ 1
ISKI 0
ISQG 3
ITLQ 0
IUAG 12
IVQS 0
IVWS 113
IWJD 1
IXRM 0
IYIG 0
JBWU 1
JCEN 0
JCFI 25
JCPK 0
JDHQ 2
JDOD 0
JDRK 0
JEJK 1
JEVB 1
JFSF 0
JGAS 0
JGGH 2
JGLU 7
JGMZ 0
JHBI 1
JHPY 3
JHRX 3
JIZN 0
JJDM 0
JLQJ 1
JLQO 6
JLRD 0
JMYU 4
JNIT 0
JOJY 0
JORE 1
JPOU 0
JRXF 0
JSDF 17
JSRL 22
JSSV 0
JTEZ 0
JTFQ 0
JTXA 1
JUKC 0
JVZT 2
JWDY 1
JWVI 0
JYBE 2
JYYJ 0
JZFB 3
KBLB 0
KBQV 46
KCVV 4
KDMX 0
KDZG 2
KEEQ 7
KEMI 1
KEZI 5
KFKC 0
KGNL 0
KHTH 13
KHWF 0
KHYA 0
KJAT 0
KKLX 0
KKPG 0
KMAD 2
KMKZ 2
KNLE 0
KNTB 0
KOID 0
KOQA 2
KPCA 1
KQAD 1
KRDU 1
KTBI 0
KTNO 4
KTSU 0
KUGW 0
KXLC 0
KXRZ 6
KYLF 1
LBJC 1
LBVY 9
LCAD 0
LCAJ 0
LCPO 0
LCVC 15
LCYE 22
LCZZ 0
LDJZ 0
LGAW 5
LGQL 0
LHIW 28
LIOP 0
LJDU 0
LJYG 4
LKOM 0
LKTN 0
LLMG 3
LLUI 0
LMGR 0
LMUP 0
LNYI 1
LPIP 1
LPJE 1
LPUV 0
LQTG 7
LRDC 27
LRZH 0
LSAP 0
LSBL 3
LSKE 1
LTXU 0
LVBK 0
LWIC 0
LZKW 0
LZUE 0
MARA 0
MBPL 0
MBQY 1
MCSY 1
MDMA 0
MDTP 21
MEHY 3
MEVZ 0
MGKP 0
MHPT 0
MJLK 4
MKSS 248
MLEZ 1
MLUN 2
MMTM 1
MNHZ 0
MOFR 352
MOJW 0
MONL 1
MORT 0
MPCB 0
MQLK 18
MQOC 4
MQQI 0
MRJC 0
MTAY 3
MUFO 1
MULR 0
MUZG 6
MVHW 0
MVLQ 0
MVPQ 1
MXJQ 0
MYPI 2
MYSY 1
MZXF 0
NAJH 0
NBVP 0
NBYF 154
NCZO 0
NDAK 1
NDPC 2
NDWU 1
NDXM 7
NFLZ 4
NGEZ 0
NGUC 0
NGXI 0
NHZP 1
NIXZ 1
NLFT 1
NLUD 8
NNEZ 0
NNFV 1
NOCS 0
NOPG 1
NTMF 0
NTMI 1
NTSW 5
NUEM 1
NUVS 3
NUXX 0
NVTT 0
NVVY 5
NVXA 0
NWCT 0
NWPH 1
NXFO 1
NXKS 1
NXQF 0
NYPQ 0
NYRF 19
NZNR 2
OAKJ 0
OBAL 7
OBQV 4
OBXU 3
OCQM 7
ODKD 119
ODRJ 0
OEKR 11
OETD 0
OEVR 0
OFOB 2
OFUZ 7
OGNL 0
OHBU 0
OHHF 0
OINA 0
OJQR 0
OKCO 0
OKHS 34
OLIY 0
OLSP 0
OMUY 2
ONHF 5
OOJT 7
OOPD 5
OORX 1
OPBT 1
OPFF 1
OPLT 1
OQDI 0
OQER 10
OQOP 3
ORVJ 997
OSDM 7
OSHJ 2
OTLM 0
OUKX 0
OUOV 0
OURA 1
OUZO 1
OWEQ 0
OWMX 14
OXNE 0
OXTW 1
OYGL 1
OYHO 3
OYNF 0
OYPP 12
OZGM 0
OZXS 0
PACW 4
PAKG 0
PAUM 14
PCAW 6
PEDU 2
PFAR 0
PFLC 0
PFRX 4
PFUC 0
PGBD 0
PGEQ 0
PGMT 1
PGXE 1
PHFQ 16
PHFS 0
PHQC 0
PILP 3
PIUP 0
PJHN 0
PJOZ 10
PLRX 0
PMNF 0
PNXS 1
PNXT 0
POPX 0
PQIE 1
PRVG 3
PSDF 1
PSLT 0
PTAR 0
PTHO 2
PTPA 4
PVYO 0
PWFG 24
PXCR 0
PYHM 3
PYWR 0
PZHS 0
PZPO 0
PZWZ 0
QBAH 9
QCJI 1
QCMI 2
QCMQ 13
QCQD 0
QDBX 0
QDIH 1
QECK 6
QETW 0
QFUR 5
QGRC 0
QHMZ 50
QIDO 3
QIHN 0
QIJJ 0
QJUW 7
QKEO 0
QLJM 0
QMCA 0
QMYO 3
QNFD 0
QNRM 0
QOBO 1
QPUF 0
QUHH 5
QUIE 1
QUPW 39
QVAX 0
QWVL 0
QXDB 0
QXUE 7
QXWB 1
QZWF 0
RAPP 91
RAQZ 0
RBRJ 1
RBUA 0
RCCD 6
RCDB 0
RDGW 0
REMD 5
RFPP 0
RFSC 0
RFZR 6
RGVJ 1
RGVV 1
RGYW 0
RHGJ 0
RHSZ 0
RJJJ 18
RJYS 1
RKKG 5
RMLF 1
RNHW 2
RNLI 0
RNUJ 0
ROIP 0
ROSN 0
RPBW 0
RPEK 17
RQOG 0
RRCM 4
RRGM 2
RSOI 70
RTEX 0
RTFX 0
RUQV 0
RVPK 0
RVVI 0
RWHP 0
RXEJ 3
RXLE 0
RXUX 2
RZNR 1
SAYP 0
SBVS 294
SBYD 0
SCPS 6
SCWR 0
SDEF 2
SDEO 5
SDPO 1
SDTD 3
SEOF 4
SFAP 3
SFIK 0
SGCV 1
SGEZ 0
SHEE 5
SILR 9
SIRO 0
SJOB 0
SKCI 0
SKOI 2
SKUL 2
SLAE 0
SLHI 0
SLHY 1
SLXW 0
SMAV 0
SMXS 0
SNVH 1
SOYF 1
SPYI 0
SPZZ 0
SQNP 0
SRPH 0
SSKE 0
SSRW 0
SSSY 0
SSTB 1
STBT 0
STWQ 0
SUFV 0
SURV 1
SWQF 17
SWZE 0
SYJP 91
SYPM 5
SZFT 0
SZOH 3
SZXE 0
TASE 0
TBKK 0
TBOI 36
TCHZ 8
TCUU 0
TFRO 0
TFTC 0
TGOA 0
TGTJ 2
TGVN 7
THLL 11
TIAN 1
TIDR 3
TIRM 0
TIRS 10
TKTO 0
TLAB 0
TNPB 3
TNUP 0
TNUY 1
TOXS 2
TPEH 0
TQSK 0
TTAS 0
TTVL 3
TUKN 17
TUVJ 1
TVDX 0
TVNN 12
TWBX 9
TWGS 0
TXHO 0
TXLC 0
TXLR 4
TXVZ 8
TXWH 0
TYHR 0
TYQY 10
TYZH 0
TZLK 1
UAZE 1
UBER 1
UBID 19
UEZM 2
UFTU 2
UFYG 1
UGYS 14
UHSJ 0
UHXM 0
UIIT 0
UIMZ 0
UITV 0
UJCX 0
UJMC 0
UKJO 0
UKOD 0
ULHJ 0
ULNF 12
UMCD 9
UMLR 0
UMOO 2
UMYH 0
UMZV 25
UNPP 0
UPOQ 4
URKE 0
USDZ 3
USNX 0
USQD 0
UTFB 0
UTNO 0
UTSB 0
UTUC 1
UUTP 11
UUUG 0
UVKF 0
UVLZ 0
UYUR 0
UYYW 2
UZVO 0
UZYJ 0
VBAZ 1
VBDW 0
VDMU 0
VDOX 4
VERP 0
VFNA 0
VFXZ 14
VHAZ 0
VHDZ 87
VHTK 15
VJAU 0
VJCH 36
VKMV 0
VLLY 2
VLNS 0
VLOW 0
VLZJ 7
VMOW 0
VNLO 440
VOHT 0
VOJJ 0
VOTZ 1
VOUA 0
VPVS 1
VQNS 0
VRJT 1
VRQG 1
VRSG 4
VSRF 2
VSRX 1
VSSO 0
VTEK 0
VTXE 5
VXLM 0
VXUD 9
VYPT 1
VZAW 0
VZMF 0
WAPV 3
WBET 0
WCBC 0
WDGE 1
WDKJ 0
WENM 0
WEXW 14
WFRN 0
WFUS 0
WGCZ 5
WGLC 0
WGMD 0
WGMO 0
WHBR 4
WILD 2
WIQY 4
WIZG 11
WMIB 6
WMTN 2
WMXC 0
WNMZ 0
WOCX 1
WORN 0
WQCM 6
WQFH 1
WROH 0
WSKZ 2
WTIM 0
WTJV 12
WTVI 0
WTZO 1
WUGD 1
WUKR 1
WVEO 0
WWHY 0
WXMN 0
WYDA 0
XBLD 1
XBTD 3
XBYA 0
XDEB 3
XDLA 0
XFOP 2
XFVN 0
XHBA 1
XHCO 0
XIJU 2
XINP 1
XIRY 176
XKPA 191
XLFM 8
XLHC 0
XLSG 0
XLUU 0
XMCZ 3
XMET 0
XMHC 0
XNPP 0
XOLD 8
XPBK 0
XQMD 2
XRDI 1
XREB 0
XSEI 5
XSXF 2
XTAL 1
XTFU 0
XUUN 1
XUWU 1
XUXK 0
XWGY 1
XWKP 2
XXVV 3
XYRP 0
XZOI 0
XZRK 0
YAJI 0
YAXK 31
YBTA 0
YDKN 0
YHCK 23
YHLD 1
YHWQ 5
YIAB 0
YIBV 0
YIED 0
YLFR 0
YLOP 0
YMQO 2
YNJP 0
YNOC 0
YNWT 4
YOSX 0
YOVM 0
YOZF 13
YPIE 0
YQFS 62
YQLU 0
YQRF 0
YRRC 1
YRWF 1
YTPW 0
YVAM 0
YVHM 3
YVJM 4
YVQH 1
YWAW 1
YXTG 0
YYKB 0
YZMW 3
YZVV 2
ZAVW 0
ZBCH 1
ZBOC 3
ZCOW 0
ZDKX 0
ZDXG 0
ZEJO 0
ZELL 0
ZFCI 11
ZGJL 2
ZGWB 0
ZHMS 1
ZIGC 2
ZIPP 0
ZITI 7
ZJIQ 3
ZLCL 1
ZLDR 3
ZOUV 0
ZPDN 6
ZQKB 0
ZQKW 0
ZQRQ 0
ZRNN 0
ZSDJ 0
ZUBQ 0
ZUJK 0
ZVHQ 1
ZVXB 0
ZVXT 0
ZVXY 6
ZWAV 0
ZWEY 4
ZWFB 3
ZWHX 4
ZXDO 1
ZZQZ 0
ZZVP 0
ZZXS 1
