AASX 2
ABQG 0
ABWY 1
ACFC 72
ACGT 2
ACVS 3
ADQF 4
ADUU 2
AFJL 3
AGFY 1
AGRM 0
AHLW 0
AHXJ 3
AHZP 6
AIJS 0
AIMB 5
AJQQ 0
AKXI 1
ALRV 0
AMGQ 4
APDK 0
APUY 0
AQRS 0
AQUN 0
ARNK 0
ASBV 2
ATOI 0
ATSY 1
AWLU 0
AWMH 4
AYBV 0
AYGS 0
AYRX 10
AYSW 0
BASU 1
BAWV 2
BAXX 0
BBLO 0
BCEQ 2
BCKA 0
BCMO 8
BDEW 0
BDHL 0
BDUY 13
BGIX 42
BGNM 1
BGTB 1
BHHH 4
BICS 0
BKBV 0
BKKC 0
BNRU 0
BOQP 3
BPKZ 8
BPLB 0
BPVC 1
BPZM 0
BRNS 0
BRXA 0
BSYR 0
BTIE 0
BWIR 2
BWNN 0
BWZM 0
BXBS 1
BXHW 0
BXMS 0
BXYK 1
BYSU 1
BZSV 57
CAYA 0
CBIS 1
CCBA 2
CCLE 4
CCPD 2
CCYI 1
CCZS 2
CDJK 1
CDJP 162
CDLE 0
CEWG 0
CGLR 0
CGNC 0
CGWM 6
CHES 1
CHFT 1
CHJD 6
CHKQ 0
CHST 0
CHZE 1
CICW 2
CIDI 1
CIQQ 31
CJZJ 0
CKCP 196
CKMP 0
CLCL 0
CLUC 1
CMAG 0
CMNY 20
CNZV 0
COFC 0
COGE 4
CPBV 0
CPGY 1
CPNL 0
CPQU 0
CQNV 0
CRXF 1
CSEE 0
CSKI 0
CSPP 0
CURU 1
CUST 4
CUYX 0
CVKR 19
CWDD 0
CWIB 0
CXBQ 0
CXOM 1
CYBN 1
CYGK 2
CZUZ 0
DAWJ 1
DBFO 3
DCJU 6
DCTM 0
DDHQ 0
DDJT 0
DDLI 3
DFNB 0
DIIR 0
DILN 0
DJSG 0
DKAC 0
DKGQ 0
DKPD 0
DKSP 0
DLUZ 0
DMCR 0
DNBE 0
DNTA 2
DPHC 0
DROI 0
DRWX 4
DRXG 5
DSLX 0
DTWD 0
DULZ 0
DUME 3
DUUF 28
DUXS 0
DWGN 1
DWLT 1
DWWR 0
DXKU 36
DXOL 7
DYGU 0
DYOA 1
DZPV 0
EBCG 0
ECRV 0
EDEG 0
EDIP 31
EEAM 0
EEBC 0
EEHM 2
EEQH 10
EFIJ 10
EFPG 17
EFXK 1
EGDX 0
EHOG 0
EHRO 1
EHYT 9
EIWN 4
EKFW 1
EKIS 0
EKJH 0
EKJW 1
EKKN 0
EKWK 0
ELML 6
ELMP 2
EOGF 1
EOJS 0
EPDF 3
EPYG 5
EQIV 0
ETDZ 3
EUTJ 0
EUVN 0
EUZC 1
EWMP 0
EXNK 0
EXXA 0
EZAJ 0
FBUG 0
FDNQ 2
FEGX 2
FEMP 0
FFDK 0
FFYI 0
FGBH 4
FHBP 0
FHYU 0
FIEN 4
FJHI 1
FJLV 2
FJOC 1
FLFV 0
FLIJ 3
FLMB 3
FLST 0
FLSV 4
FMAH 1
FMBB 0
FMHL 0
FNUD 15
FOQS 0
FORJ 12
FRDF 14
FTIY 2
FTXE 1
FUHA 0
FXOE 0
FYWU 0
FZBI 0
FZQQ 0
FZTN 1
FZTS 0
GCDJ 58
GCFP 0
GCHJ 2
GCLI 0
GCRK 0
GDET 0
GDIR 49
GDKW 0
GFHK 2
GFJS 0
GGHP 0
GGMW 0
GGQJ 1
GGXM 1
GHGY 0
GHHJ 0
GILV 9
GJFQ 0
GJPG 0
GJUT 2
GKXQ 0
GLUH 0
GMPL 0
GMZG 1
GNPI 0
GORT 0
GQBC 1
GQTZ 13
GQZD 0
GTTT 0
GUNT 0
GVYL 11
GWMC 3
GWNV 1
GXEV 0
GYEY 3
GYST 0
GZAP 3
HBAJ 0
HBDV 0
HBOG 2
HBZB 0
HCSP 5
HDYX 1
HEAZ 546
HEES 0
HETW 0
HGIX 19
HGPU 0
HGYV 0
HHCP 0
HHGT 0
HJLJ 2
HJMH 1
HJOD 0
HKIM 23
HKJU 0
HKNE 0
HMAZ 3
HMCU 0
HNDW 0
HNGD 4
HNVX 0
HOFT 0
HOOV 9
HPBI 6
HQGH 4
HQLM 2
HQOG 0
HQQU 1
HROW 0
HTAG 0
HTPO 0
HTYN 2
HUAM 0
HUTH 7
HWTK 14
HWWQ 0
HZQX 0
IAGG 0
IALY 0
IAVJ 0
IBVW 0
IBXK 0
IDIC 11
IDYN 0
IELN 0
IGAW 2
IGDW 0
IGIP 0
IGYL 0
IIAB 0
IJOG 10
IJQP 0
IKER 0
IKRV 4
ILKE 0
IMAE 0
IMNB 0
INIP 2
INWC 0
INWU 0
IOPE 0
IOPX 2
IORM 0
IOYD 0
IQGR 2
IRFF 0
IRJU 0
ITEP 0
ITFD 0
ITMS 0
IUBS 1
IUKC 0
IVCB 5
IWEA 26
IWLC 2
IXGP 0
IXHA 0
IXKX 0
IYCY 2
IZCX 1
IZHA 0
JAAL 0
JAEG 1
JAII 0
JBIN 0
JBLE 0
JEHV 0
JETW 1
JGBD 0
JGGR 1
JGPC 0
JGWK 31
JGYH 1
JIAD 0
JLDF 0
JLKV 1
JLRE 0
JLRT 1
JLWZ 0
JMOZ 5
JPVV 55
JQQS 0
JTQD 1
JTWS 1
JUBZ 0
JUJX 0
JVLF 0
JWIR 2
JWQH 7
JXWE 1
JYIA 0
JYWM 7
JYYE 6
JYZN 0
JZSV 7
KANM 12
KBME 0
KBNB 0
KCCD 0
KCIS 7
KCJX 9
KCMY 0
KCOH 5
KCZK 0
KDOH 66
KDRA 0
KDTS 1
KGCC 28
KJQQ 8
KKAV 0
KKQK 7
KLDH 0
KLKQ 1
KLSX 0
KLVG 0
KMIM 0
KMOJ 3
KMXJ 2
KNCA 1
KODU 0
KOJB 2
KOUS 29
KPPC 4
KPPT 8
KQWS 0
KRJI 19
KSOJ 40
KSQY 0
KTDB 0
KUGE 1
KUPA 2
KVFZ 0
KVYJ 4
KWHZ 2
KXGN 0
KXXK 2
KYEQ 0
KZVT 2
LBXI 2
LDNS 6
LDYL 7
LERG 0
LESE 0
LETV 46
LFDC 0
LFRU 0
LGGX 0
LGZH 0
LHHH 8
LIAK 0
LIDU 4
LIVC 10
LJKB 0
LKIP 2
LKJY 91
LKXT 0
LLKQ 0
LMBR 0
LMKW 8
LNET 0
LOPX 1
LOTF 9
LPCH 1
LPHE 4
LPJC 1
LQGR 0
LQKJ 0
LREW 4
LRZW 0
LSBM 0
LSZG 1
LTDZ 0
LTUI 0
LTYL 1
LUKC 3
LUKG 12
LWKR 0
LWMY 15
LXDH 0
LXYU 0
MAHN 0
MBSV 4
MGAE 1
MGAT 0
MGHC 1
MGMU 0
MGYD 0
MIAC 1
MIZC 0
MJCP 0
MJGJ 0
MKFZ 0
MKSI 7
MLCR 0
MMAD 0
MMMI 0
MMVE 0
MNTA 0
MODO 4
MPCB 0
MPIE 13
MPXO 64
MQAH 1
MQCR 12
MQHZ 0
MQOQ 2
MQWI 11
MRDE 0
MRFR 0
MRVB 0
MRVU 0
MSTD 3
MSUT 15
MUCX 0
MWDU 0
MWLA 1
MXLJ 0
MZEX 0
NABS 12
NAIH 1
NAJX 2
NEEG 0
NGOW 2
NGWF 2
NHHU 0
NISE 0
NKYF 3
NNMZ 13
NODM 0
NPHH 0
NPHS 0
NPKB 1
NQEY 7
NRYU 0
NSJA 1
NSKX 2
NTUK 0
NUCX 0
NUDU 0
NULA 3
NUVX 0
NVOH 1
NVOI 4
NWDO 0
NWFV 0
NXBL 0
NXJR 3
NYUK 0
NZHY 0
OAET 0
OAWK 6
OAWN 13
OBFO 1
OCAY 0
OCNR 3
OCRL 0
ODDO 15
ODIY 2
ODRP 0
OFHJ 7
OFVY 17
OGDU 3
OHFE 2
OHJL 3
OHKO 0
OHTF 0
OHZX 3
OIAO 0
OJBP 0
OJSH 3
OKRP 0
OLHE 6
OLPM 0
OMNS 0
OMPO 6
ONGF 0
OOMU 10
OPOH 0
ORQN 0
OSLR 1
OSVA 1
OVJL 1
OVQT 1
OWCM 2
OWWF 0
OXZJ 8
OYZG 0
PACX 3
PAER 3
PAHO 5
PBKK 0
PBVS 0
PBYR 3
PCLR 1
PCRP 6
PDAH 4
PDWD 0
PGYH 2
PGYW 1
PHNS 0
PIBI 1
PICR 4
PIGG 2
PIIU 0
PILW 1
PJMZ 0
PJNQ 0
PJTZ 0
PKYQ 2
PNQS 2
POZN 0
PPKZ 0
PRAQ 2
PSFJ 0
PUCB 0
PUKB 0
PUKN 0
PUMF 0
PVBO 0
PVWH 0
PXHH 2
PYHI 0
PYMF 0
PYOT 0
PYRF 0
PZFU 1
PZTT 127
QAFC 4
QAFO 0
QAFP 0
QAJT 1
QAML 0
QBIN 1
QCAV 7
QCRI 0
QFMU 0
QGPA 3
QHJN 130
QHKP 0
QIAL 0
QIHW 6
QJPE 1
QJYP 0
QKYI 1
QLGP 0
QLMU 0
QLNY 0
QLUV 0
QMCG 4
QMFE 0
QNIR 0
QNZB 1
QOQK 9
QPEK 0
QPXL 5
QQUL 0
QQZI 0
QRKN 5
QSDJ 4
QSWA 159
QTAO 2
QTBQ 0
QTMB 0
QTSC 0
QUIS 0
QUOD 0
QUVB 0
QWOD 0
QXDY 1
QXEQ 2
QXJB 1
QXUY 0
QYEC 5
RADD 14
RAEV 0
RAOE 0
RBFX 4
RCAN 1
RCHJ 2
RCYT 0
RDBI 0
RDBT 125
RDHD 0
RFET 6
RHHP 0
RHJR 0
RKBK 0
RKNW 4
RLSF 0
RMPE 0
RMWV 2
RNHN 1
ROOG 0
RPCH 1
RQKR 2
RQQG 1
RQSW 49
RRLW 63
RTHU 0
RTXN 0
RURL 4
RUTA 0
RVKK 0
RVVK 0
RXBF 2
RXIX 2
RYKV 0
RZYN 1
SAHK 0
SAYC 0
SBOA 0
SBWG 1
SBXX 0
SDMQ 1
SGKI 32
SGUF 0
SGZC 0
SHPC 4
SJSI 12
SJTY 0
SJXE 0
SLDX 0
SMKL 0
SNWJ 0
SOBD 2
SOFN 959
SORL 4
SPVX 0
SQNQ 4
SSAC 0
SSMV 0
SUVE 9
SWMI 0
SZNX 1
TAKK 0
TAQF 1
TCKY 1
TDCN 1
TDEZ 0
TDKI 6
TDZA 3
TEFX 0
TEIM 3
TELW 14
TEZI 0
TFOT 0
TGDJ 10
TGHG 0
TGJE 2
TGKR 1
THDV 0
THPF 2
TIAK 0
TIBI 28
TKGK 1
TMBM 0
TMJA 1
TMKK 1
TNDB 0
TPLA 26
TPPB 1
TPTJ 0
TPZV 4
TQLD 0
TRAX 0
TUER 2
TVJY 1
TVYG 0
TXCB 0
TYSV 25
TZHX 1
TZJL 0
TZKJ 1
TZNV 1
UCAN 0
UCEI 0
UDAY 0
UDFX 0
UEIH 2
UFNT 0
UFOV 0
UFUJ 0
UGGK 0
UGTF 2
UHEJ 5
UHHA 0
UHKH 0
UHLX 0
UIBU 0
UINQ 0
UJDE 2
UKFF 1
UKXD 0
ULFF 72
ULYR 0
UMBQ 0
UMMB 0
UMQN 0
UOLU 0
UPOU 9
UQKT 1
UQTX 16
UROA 0
URRP 2
URSE 1
URUN 0
USAG 0
USKQ 0
USQU 0
USXA 0
UTDZ 0
UVCB 4
UWET 11
UYFW 24
UZWS 0
VAGC 4
VBTG 2
VCDD 0
VCZX 0
VEAM 2
VFHK 2
VFTG 1
VGGT 0
VGKS 1
VGZZ 0
VHJJ 31
VHST 0
VIZZ 0
VJLK 1
VKBR 0
VKDF 1
VKTD 1
VLBE 15
VQJL 0
VQJN 1
VQMU 2
VQYC 0
VRMU 0
VTHW 0
VUIV 0
VUJZ 1
VUNE 0
VUWN 0
VVUD 2
VXBC 1
VYOI 15
VYPH 2
WAFD 7
WBMY 11
WCCF 0
WCPI 3
WCZK 0
WDHZ 0
WDPG 0
WDQJ 0
WDQP 12
WEPP 2
WESQ 1
WFAW 5
WFCI 0
WFWB 2
WFYJ 11
WGMW 0
WHFG 0
WJAY 1
WJJV 10
WJKQ 2
WJPP 0
WNGR 41
WNRR 4
WOOM 35
WQKT 0
WQPD 53
WROZ 0
WSCZ 0
WSJH 0
WTPL 1
WUAX 0
WUVL 0
WVAA 0
WXGA 0
WYHF 3
WYKM 0
WYRD 0
WZBV 0
WZCG 0
WZCM 0
WZEV 1
WZNI 5
WZXI 6
XAON 0
XBGK 5
XBSF 1
XCAC 1
XCSK 2
XCXV 4
XDGX 0
XEJO 2
XELC 11
XFIV 0
XGQB 0
XGSU 0
XHSF 0
XISU 0
XJIK 0
XJJJ 3
XJRB 0
XJVA 0
XJWV 12
XLUQ 0
XMKF 6
XNIF 2
XOUW 0
XOXT 2
XPDU 8
XPKM 2
XPUO 6
XRYE 5
XSDR 6
XSDT 0
XTHJ 0
XTYR 2
XVTG 4
XVUQ 0
XVXW 4
XWEQ 0
XWIK 1
XWNY 997
XWON 0
XWPE 0
XXMD 0
XYAY 0
XYLC 1
XYUX 6
XYVD 0
XZZS 0
YAKD 1
YDZG 1
YEPV 4
YGKH 1
YGZH 3
YHMJ 0
YHNP 1
YJGY 1
YLLY 0
YMJD 22
YMOQ 1
YMWP 5
YOFT 0
YPAQ 0
YQDP 9
YQYV 0
YREF 2
YTPD 0
YTPS 3
YUZA 0
YVZJ 1
YWLE 0
YWUN 4
YXTS 0
YXVQ 27
YXZV 5
YYZL 3
YZAB 2
YZOM 1
ZAHF 2
ZARE 1
ZCRO 0
ZCSR 0
ZDBR 1
ZDIC 13
ZDIN 8
ZDIT 2
ZDQO 0
ZGLQ 0
ZHHL 4
ZHNG 423
ZIFW 0
ZIVD 0
ZJTB 1
ZKMN 1
ZKWH 0
ZLAI 0
ZLID 0
ZLRY 3
ZLTY 1
ZLUA 8
ZMCD 0
ZMYI 0
ZNHG 0
ZOJX 0
ZRBG 1
ZRGR 1
ZRPE 0
ZSQJ 1
ZSTI 305
ZSVC 0
ZTBI 0
ZTCS 0
ZUTG 0
ZVRO 1
ZWGD 2
ZYQB 0
ZYYY 1
ZZLC 0
