AARQ 13
ABFC 0
ACPW 0
ADSJ 1
ADUK 0
AEDL 0
AFQV 2
AGSN 0
AGXH 0
AHGO 4
AHJO 0
AHRF 0
AIZP 1
AJBU 1
AJHD 0
AJIA 4
AJRL 0
AKTN 0
ALLC 0
ALQO 0
ALTI 0
AMFM 1
AMFV 9
AMJB 1
AMKQ 0
AMOI 0
AORI 17
AOXW 2
APJD 1
APVD 1
AQUK 0
ATAU 59
AUAB 0
AUEI 1
AVAP 0
AVCF 0
AVEE 1
AVFL 0
AVHZ 8
AWZS 0
AXGI 1
AXLP 0
AYDS 6
AZYF 0
BBHG 1
BBHS 0
BCUO 0
BDJO 9
BDMG 0
BDRX 0
BEUS 0
BFQT 0
BGTA 3
BHNY 0
BHVQ 0
BJGG 0
BJIS 5
BJLP 0
BKDU 9
BKMU 0
BLEG 0
BLEX 3
BMVJ 9
BPEP 2
BPQV 0
BPWY 0
BQAX 0
BQRE 1
BRDQ 7
BRXI 1
BSNU 1
BTCM 0
BUON 0
BUSK 4
BVGC 0
BVLJ 0
BVRW 0
BXAJ 0
BXPH 1
BXUC 0
BYCC 0
BYTX 0
BZBE 1
CAIA 1
CAIL 0
CBNL 3
CCVH 0
CDGK 446
CDLM 5
CEOE 0
CFBM 0
CFKE 0
CFLH 9
CGMG 0
CGOR 1
CGUL 7
CHRV 10
CHUV 0
CJOX 12
CJRL 0
CKCK 0
CKGY 2
CLMY 0
CLXC 0
CNMU 1
CORS 0
COYX 1
CPDH 0
CQFO 0
CSOW 2
CTEM 0
CTGP 0
CTOS 3
CVHE 0
CVOW 2
CVSL 0
CWAI 20
CWHT 3
CXIH 59
CZUV 0
CZUZ 2
DALA 0
DAWS 0
DBAM 0
DBCG 1
DBIT 0
DDCO 1
DDDN 0
DDGN 2
DDOK 196
DDUP 3
DEGA 10
DFFT 2
DFMB 0
DGLM 4
DINT 1
DIQA 0
DKVL 0
DLFP 1
DLUA 4
DLZY 1
DNVA 1
DOGM 4
DOIX 0
DQCJ 0
DRGV 2
DRUI 4
DSLX 0
DSVH 1
DTNV 0
DUXC 0
DWPQ 0
DWTF 0
DWYA 9
DXBJ 7
DXFQ 0
DXPD 0
DYDF 0
DYZN 11
DZBH 0
EALI 0
EBCY 0
EBVB 0
ECLW 0
ECZH 2
EDKQ 1
EEHA 0
EFEB 0
EFHH 7
EGXY 3
EHFA 72
EHXW 3
EILA 3
EJXL 2
EKKM 0
ENQI 0
ENQP 2
EOPV 0
EPKC 0
EPMF 3
EPSM 0
EPWQ 2
EQGV 3
EQHY 0
EQTK 0
ERDK 3
ESGP 6
ESIW 1
ESNA 0
ETLK 0
ETWR 0
EUCY 0
EUSM 0
EWFT 0
EZIP 2
EZXV 29
FAOW 0
FARB 1
FAWM 13
FAYD 0
FBKI 0
FBRJ 2
FDAJ 0
FDIN 10
FEFP 0
FERU 1
FEYO 3
FICP 0
FITK 1
FJGK 0
FJPQ 2
FJSI 87
FJSJ 4
FKFA 2
FKXK 0
FMVL 1
FNIS 0
FNUI 151
FQEE 1
FQVZ 3
FTCU 0
FTEZ 0
FTTJ 0
FUQQ 0
FVUC 2
FWGV 0
FXKU 1
FXTG 0
FYUN 0
FZNX 0
FZUC 1
GAQM 0
GAUR 1
GAZY 0
GDUW 0
GEIV 1
GGCA 0
GHIG 0
GIOG 3
GJDO 4
GKHR 1
GKUO 2
GMJM 5
GMPL 6
GNDD 40
GNEU 1
GOLT 0
GORA 0
GPAF 1
GQSG 0
GQSZ 4
GRDL 0
GRET 0
GRTZ 0
GRXA 0
GSIX 0
GSOB 0
GSYQ 1
GUFS 47
GUMN 7
GVWA 0
GWVI 1
GWXU 5
GYDZ 4
GYQA 2
GYTT 0
GZMP 0
GZQU 0
GZVU 0
GZYW 2
HAMO 1
HBBD 32
HDOG 0
HDZU 1
HEHR 39
HELI 0
HENO 1
HETG 0
HEXM 3
HFFF 0
HFGI 0
HIFY 0
HIWC 0
HJDA 0
HJIQ 8
HJOX 0
HJZJ 0
HKJY 0
HLUV 0
HMHM 6
HMNF 2
HNCP 28
HNKH 0
HOWL 2
HQOA 14
HRVZ 35
HSOV 0
HSUR 0
HTHN 3
HTIP 1
HTSQ 0
HVNJ 1
HVUK 5
HWDN 0
HYBR 6
HYJQ 13
HYLP 2
HYRM 0
HZSE 0
HZTJ 1
IBEZ 0
IBUN 0
IDYF 3
IDYL 0
IEDG 0
IHCE 0
IHRI 1
IHWA 0
IKIC 0
IKKZ 1
IKXJ 3
ILDY 0
ILJO 0
ILQT 0
ILRE 2
IMJD 0
INJR 0
INRQ 3
IOJA 1
IPYR 0
IQBP 0
IQCP 1
IRBY 0
IROW 0
ISPS 0
ISSM 0
ITOP 1
IUHO 0
IVQI 32
IWEW 0
IYKL 0
IZEZ 1
IZFL 0
JAJW 0
JAJZ 0
JAYH 38
JBYY 0
JCHQ 0
JCIC 0
JDFD 14
JDMG 7
JEUH 2
JFDF 0
JFYB 0
JHXP 1
JIGS 1
JISM 1
JJES 1
JJGS 11
JJHP 2
JKHS 2
JKOF 4
JLPU 2
JMVD 0
JOCL 2
JODP 2
JORX 0
JOYM 1
JPDT 0
JPNP 0
JPOZ 20
JROX 0
JRVQ 5
JSKQ 2
JSMA 1
JSYY 2
JTIT 4
JTUA 3
JUWN 0
JVIY 0
JVNX 0
JVOG 0
JVZU 0
JWTD 0
JXJX 0
JXVH 2
KBHK 0
KBOI 1
KCLM 3
KDEX 4
KDMX 4
KDXJ 1
KEZM 0
KFBH 15
KFVN 16
KGFR 0
KHEL 1
KHJM 0
KIIQ 0
KIPY 1
KISN 4
KJMO 3
KLMW 4
KLOV 0
KLRZ 4
KLUY 0
KMJL 5
KMYQ 2
KNNZ 4
KOIE 1
KOPB 15
KOPI 0
KOVI 0
KPLG 0
KPMC 0
KPRT 0
KQED 1
KQXL 3
KRCW 0
KRLE 1
KSUG 1
KTTB 0
KTWJ 22
KUDP 0
KUIZ 0
KUMR 0
KVQG 0
KVSC 11
KVUC 0
KVWR 0
KWMQ 5
KWRI 0
KWZV 3
KYVC 2
KZDJ 1
KZPM 51
KZXL 0
LBCY 4
LBKA 5
LBMT 0
LBUF 0
LCNC 1
LCNH 7
LDXR 0
LEAD 0
LFMV 0
LFPT 0
LIKX 48
LKZX 0
LLDN 3
LLEU 0
LLQK 1
LLTI 0
LLYY 0
LMHR 0
LMLO 1
LMOW 0
LNIG 1
LNLF 0
LNOE 2
LNVE 0
LNYM 0
LOOZ 0
LOWE 0
LPUU 0
LQJS 0
LQVQ 8
LSCB 4
LSUX 1
LTRX 0
LVAW 0
LVNM 3
LWSE 3
LZKU 0
LZYP 0
MARR 5
MATG 0
MBLO 126
MCRK 0
MEJL 2
MFHU 0
MGJA 0
MHQR 0
MIZU 5
MJHC 0
MJIA 0
MJIC 15
MJPJ 0
MLOR 0
MNER 1
MOHD 0
MOLJ 0
MOOZ 0
MOUM 0
MOXD 1
MPRW 0
MQJA 0
MRMY 0
MRWQ 0
MSHP 3
MSUU 0
MSXG 1
MSXP 0
MTHR 0
MTOO 14
MTYU 1
MUCG 5
MVLG 0
MWOY 0
MXJZ 0
MXWA 2
MYAM 0
MYGG 0
MYMU 0
MYRN 3
MYUA 0
MZEG 0
MZEW 1
MZLZ 1
MZTH 0
MZUA 10
NAGP 8
NAHO 0
NAJD 0
NBDO 14
NBVW 0
NCHD 2
NEGQ 1
NETC 0
NFCX 0
NFJY 0
NGPE 1
NJIM 0
NKLG 0
NKRT 1
NLJZ 0
NLTA 0
NPWL 9
NQIV 4
NRRO 0
NTTC 0
NUEZ 0
NUFO 1
NVMU 4
NVZC 0
NWJQ 0
NWQN 2
NXKQ 0
NYBL 5
NYLZ 0
NYQN 0
NZPG 0
NZSB 9
OAMF 0
OBIT 0
OBJM 0
OCFD 1
OCOB 4
OCSA 1
ODHL 1
ODQU 8
ODUT 0
OEMA 42
OEUI 0
OFXG 996
OGEL 33
OHJU 0
OHPB 13
OIFV 4
OIOA 0
OJXA 4
OKRJ 0
OKYQ 0
OLNY 0
OMBR 0
OMOY 0
OMPH 2
OMWY 0
ONNW 6
ONSH 0
OQXI 3
OSGA 1
OSSV 0
OTGO 18
OTPO 0
OUFZ 36
OUPZ 0
OUQM 0
OVYD 0
OYJZ 0
OYKB 5
OYSX 7
OZDT 25
OZRK 0
PAKT 0
PAMY 0
PDAD 1
PEQA 1
PEZF 5
PFOH 9
PFWR 0
PGJP 0
PGKC 1
PGZJ 0
PHJU 5
PIBD 1
PIMH 0
PINL 24
PJFA 0
PKDJ 12
PKGT 0
PKWJ 2
PLCX 0
PLNJ 0
PMOX 1
PNEU 63
PNGW 0
PNMB 0
POVR 3
PPJK 0
PQOJ 9
PRBI 0
PSQT 2
PTVC 0
PUDU 0
PWFG 11
PYOD 1
PYRO 4
QBJB 34
QCNN 2
QCWX 0
QDGJ 0
QDTX 1
QFOW 0
QFXO 11
QGHQ 1
QGPJ 2
QHHZ 1
QIOG 1
QITI 1
QIXM 2
QIXS 0
QJHL 0
QJZF 0
QKYU 0
QLGM 0
QLNS 3
QLZO 1
QNSL 8
QQBV 0
QQED 0
QQKV 0
QQLZ 0
QRGM 0
QSXT 0
QUSZ 3
QUXO 4
QVKX 0
QWAS 0
QXPU 0
QXXM 0
QZHZ 0
RABF 3
RAWJ 2
RBSV 19
RCDL 1
REMZ 0
REZI 1
RFYV 0
RGOG 0
RHLK 0
RHMX 6
RHND 1
RHVK 4
RHWZ 1
RICP 0
RIIJ 0
RIUF 0
RJHS 0
RJJV 0
RJKQ 0
RJWD 108
RKSN 1
RLIG 0
RLKG 2
RLXC 5
RMAU 1
RMSC 0
ROGZ 3
RRFZ 0
RTRQ 0
RUNR 4
RWBV 1
RXDA 2
RXQK 0
RZJT 4
SBDY 22
SCLF 6
SCPU 18
SCYX 94
SDKP 0
SDPK 2
SDYA 0
SEIW 1
SEWL 2
SGCL 1
SGXK 4
SHCZ 0
SHIM 49
SHPC 0
SILV 5
SIOB 3
SISK 22
SITO 0
SJFQ 6
SJFU 2
SKBA 1
SKIM 0
SLNW 1
SMMR 10
SNTG 1
SOHL 0
SOUL 4
SQKI 9
SQMI 0
SQRM 0
SRFE 0
SSQX 0
SSWW 0
STJG 1
SUNA 1
SWGM 0
SWWS 0
SXYE 0
SYFG 2
SYOS 0
SYVF 0
SZJD 0
TANI 8
TBIG 0
TBMG 0
TBOC 0
TCKA 0
TDBS 0
TDUV 0
TEEP 0
TELE 0
TEOI 19
TEQL 0
TEXQ 0
THCW 2
TIWC 1
TJLE 0
TKLI 0
TKTE 2
TKXD 4
TLTS 0
TMDS 0
TNYM 53
TOIV 94
TPDA 4
TPNE 2
TPOG 0
TPVU 4
TQJQ 1
TRCF 3
TSKA 4
TSYW 0
TTMQ 0
TTTO 2
TUXC 0
TVJJ 2
TVKO 0
TVUT 1
TXBK 0
TZIJ 0
TZKI 5
UBBE 155
UBKM 3
UBPL 1
UBSV 4
UCCD 0
UCSC 4
UEAQ 0
UEBF 0
UEDE 0
UEGU 16
UELW 2
UEOE 0
UESC 0
UFEL 2
UGJN 0
UGNA 0
UGQX 5
UHCP 0
UHED 2
UIFE 0
UJEW 1
UJSN 13
ULMB 2
UMEC 0
UMFW 0
UMQT 0
UNPG 3
UNZM 1
UPNI 1
UPRQ 0
UPYO 0
UQHN 2
UQHT 0
UQVG 2
URBD 0
URIH 0
UROI 8
URUY 46
USKJ 0
USKX 0
USZA 0
UUIT 2
UUXP 0
UVDH 1
UVYO 0
UWWB 15
UXBI 11
UXHD 0
UYRM 22
VAXJ 3
VCIF 0
VETX 0
VFAZ 0
VFDP 1
VGCX 3
VGOW 4
VHIK 0
VHVP 0
VJRP 2
VKDT 0
VLLH 1
VLXR 0
VMIP 0
VNGO 2
VNNE 1
VNSU 0
VOFH 3
VOQI 4
VPDI 0
VRCJ 2
VRDV 0
VRSI 0
VTWQ 14
VUXF 10
VVZF 0
VWXF 0
VXEW 1
VXKE 0
VXKP 0
VXYH 1
VYUB 1
VZUC 126
WBDQ 25
WBWE 8
WDEX 22
WDTG 1
WEVD 9
WFEQ 6
WFKO 2
WFYI 0
WGEF 1
WGMR 0
WGTG 0
WHVB 19
WHWW 1
WIKU 8
WISO 9
WLEZ 0
WLPJ 0
WMFH 2
WMPR 0
WNLB 0
WNSO 2
WOLR 2
WPNB 1
WQRB 0
WQSX 1
WRAR 3
WRPS 0
WSIR 2
WUDX 1
WVAC 0
WVNB 0
WWCR 0
WXXZ 1
WYNH 0
WZCO 2
XAAS 0
XATR 1
XBCK 0
XBVT 3
XCDJ 1
XCIB 2
XDJT 4
XDLS 0
XERA 1
XFFX 0
XGFX 61
XGVD 0
XHCY 0
XHFW 0
XIKC 1
XJCC 1
XJLM 3
XKKF 4
XKTF 0
XKXR 4
XLAF 9
XLLI 5
XMBB 0
XMMW 1
XNGE 0
XOJR 1
XOJU 0
XORP 0
XPGO 0
XPOQ 0
XRJB 0
XRQB 45
XSKB 0
XSYU 0
XVEX 3
XWFC 4
XXFT 25
XXIR 0
XZHA 0
YAMS 2
YBLW 0
YBRI 0
YCAW 1
YDJX 0
YEUM 3
YFEW 0
YFJX 0
YFVN 0
YHBA 1
YHGI 5
YHVY 0
YIIT 0
YKDZ 0
YKLX 0
YKSR 13
YNON 0
YONU 1
YOZJ 1
YQET 3
YQXH 3
YRVC 983
YSAI 0
YTJI 8
YUCA 7
YULX 0
YVDU 3
YVJY 0
YVXP 1
YWGG 0
YWHT 0
YXCN 1
YYDD 0
YYIR 1
YZRP 0
ZBOF 0
ZDBN 0
ZDSN 0
ZELE 1
ZGIO 0
ZHWF 9
ZIJH 0
ZIOK 0
ZJRF 4
ZLGJ 1
ZLJZ 1
ZLQZ 0
ZMFE 6
ZMNX 0
ZMTB 1
ZNXT 3
ZOUX 0
ZPDZ 0
ZPUU 0
ZRMT 0
ZSID 0
ZUQH 0
ZVEU 1
ZWQX 6
ZXTX 0
ZYDY 1
ZYPJ 0
ZYQY 0
ZZMN 23
