AADL 5
AAOD 0
ABOA 13
ABYB 0
ADXF 0
AEAU 11
AEQE 7
AEYR 3
AGLN 1
AHHP 1
AKFC 0
AKFY 0
AKQT 0
AKUH 1
AMGQ 0
AMWH 4
ANFG 2
AOBS 6
AOMR 0
AQGY 0
AQMW 0
AQQW 0
ARJH 4
ARJI 0
ASAT 1
ATNR 0
ATYA 0
AWHH 0
AXOC 1
AXOE 0
AXVB 0
AXVR 4
AXZE 0
AYIA 3
AZEV 0
BAKT 1
BAYH 56
BBIX 0
BBTF 0
BBYQ 6
BCIZ 0
BDEY 0
BDTY 0
BEEQ 0
BEXK 1
BFLK 0
BFXN 0
BGBR 14
BGRP 0
BGSF 2
BHRD 0
BIPM 2
BIZE 0
BJII 8
BKND 0
BKXA 1
BKXJ 4
BLEW 0
BLYK 0
BMLG 9
BMNP 0
BNJK 1
BONX 0
BOVR 0
BPMT 2
BPNS 0
BPOU 0
BPPV 14
BQAP 4
BQTH 0
BSYE 0
BTSD 0
BTXX 33
BUAT 1
BUDU 0
BUFH 4
BUYN 0
BVXB 4
BWHR 0
BWIC 0
BXVD 5
BYOM 1
BYVL 0
BZME 1
CAER 8
CAES 6
CBRJ 0
CCDJ 0
CCEC 1
CDFB 0
CDXJ 0
CFDP 0
CGOV 0
CIGJ 0
CIHS 1
CIKS 0
CIKV 0
CJXZ 1
CLCX 1
CLGN 5
CLOU 1
CMWV 2
CNKD 0
CNQT 43
CNUW 1
COFB 5
COHD 16
COWR 0
CQEB 0
CTNH 0
CUKG 0
CUWE 3
CVAZ 0
CWMY 3
CZUS 0
DAGF 0
DAXL 0
DBFZ 1
DBPY 1
DBXA 0
DCUX 7
DDEY 1
DFCK 0
DGNA 0
DIJH 1
DIJL 9
DISI 0
DIVY 0
DKPH 5
DMXJ 0
DOJW 2
DPGD 0
DPMN 0
DPSL 0
DQDB 0
DQHC 0
DRHJ 4
DSHU 0
DTQF 0
DUJW 0
DUNW 0
DVVR 0
DVXD 8
DVYD 0
DWIP 0
DWLU 0
DWRM 3
DWXB 3
DXLF 0
DYDG 0
DYIE 2
DYTZ 19
DZFK 0
DZNQ 2
DZRV 1
DZZX 0
EAGO 2
EAXN 0
EBNP 1
EDHD 2
EDNB 0
EDTA 0
EDZV 0
EFEZ 0
EFNX 4
EFOY 0
EGOA 1
EIZY 0
EJRP 4
EKBJ 0
ELKW 23
EMYE 15
EONT 1
EOXS 1
EPHW 21
EPNZ 4
EPXN 7
EQFP 1
EQOE 1
EQPZ 0
ERBA 0
ERNU 0
ERTD 2
ESJK 0
EULZ 0
EVDU 0
EVIK 0
EVSO 4
EWPR 0
EWVJ 17
EXDN 2
EXLX 0
EXPO 0
EXSN 0
EYDZ 9
EYYU 0
EZYN 0
FAWI 0
FBHQ 1
FCEV 0
FCWC 0
FCXE 3
FDHU 1
FDIW 1
FGQJ 1
FGVM 0
FGZA 1
FHQF 0
FIKX 0
FIMY 1
FISP 56
FIXN 33
FJBN 10
FJIJ 0
FKPC 7
FLEF 1
FLKR 0
FMIK 0
FMYW 0
FNSJ 27
FPLR 0
FPOW 1
FRKA 4
FRYT 0
FSAQ 2
FSCA 0
FSDH 0
FSEU 88
FSHZ 0
FSOK 5
FUGO 0
FUKK 4
FUMT 10
FUSJ 0
FVCD 0
FWEB 1
FWTL 0
FXKB 0
FYIP 0
FYQQ 1
FZQM 1
FZYD 1
GBHO 1
GBSO 0
GDWP 1
GDWZ 0
GEKS 0
GENM 1
GEPJ 15
GEPR 0
GFFP 0
GFIQ 2
GFZD 1
GGCO 0
GGZM 3
GHFX 165
GIAP 3
GIUS 0
GLIQ 0
GLRA 2
GMVG 0
GNHO 0
GPAH 4
GPAU 0
GPCN 5
GPSN 30
GQOH 1
GQRE 0
GRPJ 3
GRWL 1
GSOP 1
GUPL 1
GVMM 0
GVNY 0
GVRY 0
GWHB 1
GWNR 1
GWRE 2
GWZU 0
GXGN 4
GYYM 0
HAUA 0
HAVG 0
HBYE 0
HCBY 3
HCYC 0
HDAE 0
HDUM 0
HEAT 2
HEIO 5
HERU 0
HETU 0
HFEW 4
HFJZ 0
HGFK 9
HGXQ 0
HHHQ 12
HIAP 0
HICQ 0
HJKA 31
HKBE 8
HMAI 0
HMJJ 0
HOEE 0
HOHH 0
HPGC 1
HQYV 0
HRCM 0
HRDW 0
HSVB 1
HUCN 3
HWRS 0
HWXI 0
HXMQ 0
HXPM 3
HYSR 0
HZAH 2
IAHT 3
IAKQ 4
IAOO 0
ICEH 0
ICRM 0
IDAG 0
IDGU 3
IEPC 0
IEVF 0
IFFW 0
IFMO 0
IGBZ 0
IGDB 0
IHLD 0
IHVX 2
IIAK 4
IIHS 0
IIYS 0
IJAC 6
IJLF 2
IJPB 1
ILLB 0
ILMQ 3
ILUZ 17
IMEO 0
INTE 6
IOAC 0
IPAE 0
IQAQ 2
IQQG 5
ISCH 0
IUAH 1
IUHO 0
IUYR 2
IVHO 3
IVOE 1
IVVF 20
IWMU 0
IWVO 0
IZNE 0
IZUG 0
IZXT 0
JBAF 0
JCKO 11
JDAX 1
JDRB 3
JEWD 0
JEYQ 0
JFKD 2
JGFO 0
JGTZ 2
JHFL 0
JHIR 0
JHPB 0
JHVG 1
JIQH 2
JISW 3
JJCG 0
JJWP 1
JKZA 0
JNHT 3
JNKK 0
JPPW 0
JPUX 2
JQCG 0
JRNS 0
JRUX 1
JSRN 3
JSSA 0
JTJV 0
JTQF 1
JTYQ 4
JUHS 0
JUQN 5
JVZX 7
JWFO 0
JXRU 1
JXUI 0
JXYL 3
JYAQ 0
JYJK 0
JYKU 2
JZBV 7
JZQT 0
KACA 4
KAEG 2
KAFN 1
KAKV 45
KCFU 1
KCHH 5
KDDY 5
KEKY 0
KFFY 0
KFGV 0
KGEX 1
KHDY 0
KHKC 0
KHOO 3
KHWW 3
KIED 0
KINC 1
KIVM 11
KLCY 1
KQAL 2
KSKR 2
KUKX 0
KUUA 7
KVGQ 0
KVIJ 0
KWCN 1
KWTJ 5
KYHS 0
KZZJ 6
LBQX 0
LCGJ 0
LCGU 0
LCPA 0
LCQU 10
LCZE 2
LDJP 33
LDKX 0
LDZQ 998
LEXG 2
LEZE 0
LFTT 5
LGKB 0
LHRM 8
LHRR 4
LIVN 2
LJAB 3
LJQL 2
LKDO 1
LKEM 0
LLTB 0
LMIC 11
LMVI 0
LMWU 1
LOSZ 5
LPGJ 3
LPZF 2
LRMK 0
LSKT 0
LTAQ 1
LUMP 0
LUYU 5
LWDQ 0
LXKA 0
LYJB 0
LYOQ 1
LZKY 0
LZTV 1
MABY 0
MBSM 3
MCEL 0
MCTI 4
MESN 0
MESV 0
MFEB 0
MGDE 180
MGDI 0
MHGH 5
MHRB 5
MIUK 0
MJES 4
MJLT 0
MJXB 1
MKIC 4
MKKM 0
MLNK 4
MMJK 0
MMQS 0
MMTE 2
MMYB 2
MNXG 0
MODX 34
MSDS 2
MSNE 0
MSST 7
MSTQ 0
MUEO 0
MVVB 0
MVYE 0
MXQT 0
MYHE 4
MYMC 10
MYMY 1
MYRC 0
MYSH 2
MZBT 0
MZJE 0
MZWD 0
NAPU 0
NAQI 13
NBAB 0
NBMP 1
NBPJ 0
NCXC 0
NDYA 0
NEDT 1
NEFX 0
NHBQ 0
NHVD 1
NIFX 0
NJGV 17
NJYL 0
NKJA 2
NKTA 0
NKYG 0
NLJX 4
NLKP 10
NMFK 9
NMLJ 1
NMQW 0
NOFW 1
NOIB 0
NOMO 1
NQEL 0
NQGP 22
NQXQ 51
NRXV 2
NSMM 8
NTEY 203
NTJA 8
NVDA 1
NVHO 0
NVUQ 2
NWOS 1
NXLO 0
NXPT 1
NZKU 0
NZMG 0
OAGD 6
OALZ 0
OAYH 10
OCMR 0
ODAN 1
OEAO 2
OEEL 1
OERR 29
OEWV 3
OFBI 0
OFCH 0
OFPT 0
OIHN 5
OIUU 0
OJSC 1
OLOI 0
OMEZ 0
OMHM 0
OMLQ 14
OMOH 0
ONOS 12
OPGQ 0
OPPZ 1
OPVO 29
OQLO 1
ORYS 4
OTMK 1
OTYA 0
OUFC 0
OVRZ 0
OWRW 0
OXDO 0
OXEG 1
OYBL 2
OYPP 1
OZUZ 2
PACX 0
PAIK 2
PBJL 0
PBOY 1
PCPR 1
PDDR 0
PDGI 0
PFBJ 1
PFHT 2
PFLI 0
PFOT 0
PFRN 1
PGBD 0
PGQZ 0
PHIK 0
PIRD 2
PIWW 3
PJYM 11
PKDS 0
PKGF 22
PKPA 0
PKPP 2
PLMC 0
PMQR 1
PNFZ 33
PNKW 0
PPNJ 0
PPSI 0
PPVJ 2
PQMZ 0
PQOJ 0
PRHA 0
PRKT 4
PRQS 0
PTIQ 1
PTSC 2
PURR 0
PUWG 12
PVQO 0
PWDN 47
PWRL 5
PWZA 0
PXAI 0
PXJI 0
PXQW 9
PZEE 25
PZQZ 0
QADZ 0
QBWI 0
QCHP 1
QCMV 2
QDMJ 0
QDNM 0
QESZ 0
QFQI 5
QGCR 1
QHOE 1
QKHR 1
QKQW 3
QLFN 1
QNDO 3
QNEY 0
QNJY 0
QPII 15
QPXG 0
QQBU 6
QQHQ 0
QQKZ 1
QQRA 142
QRAL 4
QSDE 0
QTCC 0
QTFH 0
QTJW 1
QTKD 0
QTSD 0
QUDM 0
QUKV 0
QUXJ 3
QVJD 2
QVKE 3
QVLO 0
QVXA 4
QWQB 0
QXAA 0
QXSG 0
QXXA 4
QYUO 0
QZHE 3
QZXP 7
RAGS 1
RAUD 5
RAXF 0
RBKC 1
RBKR 0
RCKF 14
RCRC 0
RDAR 4
RDVA 0
RDYP 8
RFFQ 0
RFUM 0
RGWS 1
RHJO 0
RHLK 0
RIMG 0
RIWZ 1
RJSR 0
RKTA 2
RLBB 5
RMFF 2
RMQV 5
RNFK 0
RNRX 6
ROQB 0
RRXM 15
RSJZ 0
RUKT 1
RUXN 3
RUYK 7
RVAH 0
RVCR 0
RVPQ 0
RWZF 4
RXGO 3
RYOE 0
RZQY 10
SAYE 1
SAYT 0
SBAT 2
SCED 4
SDCB 7
SDCV 1
SEWL 0
SEXW 0
SGLP 1
SGNH 1
SGOI 0
SGXS 1
SHGV 0
SHNH 40
SHZC 2
SIAN 3
SIFN 1
SJSS 312
SKXS 0
SLSE 3
SNGX 55
SOOT 4
SPTM 2
SPUD 1
SQAZ 0
SQTC 4
SSBV 101
SSNJ 1
STZS 0
SUWV 2
SVKB 0
SVMC 21
SVNJ 0
SWMI 8
SWVK 54
SYRQ 0
SYSD 1
SZEX 2
SZGJ 1
SZRC 0
SZWK 0
TCAJ 3
TCGE 2
TCPU 4
TCRE 84
TDGG 0
TDOD 4
TEXZ 0
TFDG 0
TIPB 6
TIVC 0
TJQB 0
TKRB 6
TKRF 1
TMHM 20
TMVN 0
TOPP 2
TOQO 0
TPSE 0
TQNX 6
TQTN 0
TRZX 0
TSOO 0
TSZN 1
TTGM 0
TTLV 1
TUHX 0
TWWR 10
TXAI 4
TXBF 2
TYDD 1
TYYP 2
UAQA 0
UBDY 2
UBMT 0
UCIU 14
UCMN 3
UCOU 10
UCYO 10
UDWV 0
UFDP 0
UFDY 1
UFGP 2
UFJL 1
UFSJ 1
UGSS 1
UGYT 0
UJCD 0
UKEW 18
UKWZ 0
UKZC 4
ULLM 0
ULWL 0
ULWY 1
ULXY 0
UMXN 0
UMYA 0
UNPL 8
UNTG 2
UONE 8
UOZO 1
UPDW 0
UPFX 0
UPHR 3
UPOR 0
UPPD 83
UQZJ 0
URDJ 2
UUSA 1
UUVW 9
UWBM 0
UWHQ 0
UWNV 0
UWPO 5
UXJR 3
UXRF 0
UZEX 7
UZNZ 1
VBPC 0
VBZW 0
VCSZ 0
VDAO 3
VDNG 4
VENJ 3
VHZV 0
VIUM 0
VJDG 3
VJSF 0
VJXX 1
VKDS 1
VKSP 0
VLBC 0
VLKO 0
VMMH 0
VNJD 0
VNKG 0
VOFZ 0
VPGD 1
VQDD 0
VRKC 0
VRLT 5
VRWI 0
VSFF 0
VTJF 1
VTRF 0
VTTU 0
VUDN 0
VULL 2
VWQO 0
VYEU 47
VYEY 0
VZPK 2
WBFL 1
WBPO 1
WDYQ 0
WEPR 2
WFJR 3
WFNE 0
WGOX 15
WHRT 8
WLCK 3
WLDS 1
WMDT 0
WMGR 0
WMQX 0
WNWF 2
WNYU 0
WOAI 0
WOAN 0
WOBG 0
WPGE 4
WPPX 1
WPSD 0
WPZC 6
WQTX 0
WSNP 0
WTMK 74
WUCJ 0
WUEQ 0
WUEW 4
WUTC 8
WUYU 1
WVLS 4
WVUM 2
WWBF 2
WWIQ 0
WXGV 0
WXJW 15
XAPT 2
XBDA 0
XBEL 0
XBHO 0
XBKP 0
XDAM 1
XDHE 0
XEZZ 0
XFAA 1
XGCA 2
XGLQ 1
XGNG 0
XIHA 0
XJAW 3
XJNH 0
XJPU 0
XJTA 0
XJWK 0
XKEU 3
XKLJ 0
XMUS 1
XOEE 14
XPLL 0
XPMQ 72
XPQH 5
XPST 0
XRQW 2
XRRP 2
XTBT 0
XULF 0
XWPF 1
XWYM 0
XXKQ 11
XXPE 0
XYND 0
XZPV 0
XZRD 0
XZVC 0
YCCG 0
YCOU 0
YDHM 15
YDIA 5
YDSS 4
YFHH 0
YIUM 0
YIYH 4
YKJO 4
YMQV 0
YMUV 1
YMWQ 75
YNOM 0
YNUK 2
YOKF 2
YPZM 0
YQST 1
YRBJ 0
YRQM 0
YSUS 9
YSYZ 5
YTLI 49
YUMF 1
YUTC 0
YVXN 0
YWML 23
YXTV 0
YZWC 1
ZAJA 0
ZAYA 0
ZBEB 0
ZCFQ 5
ZDDR 1
ZEIN 2
ZEXI 2
ZGAK 7
ZHFM 10
ZHPB 0
ZHQK 9
ZIHQ 0
ZIOX 1
ZJWN 1
ZKHF 0
ZLOS 2
ZMES 0
ZMRB 0
ZMYH 1
ZNCL 0
ZOZJ 0
ZPDF 47
ZPPN 0
ZRGC 2
ZRMC 12
ZRUE 16
ZTAX 0
ZVME 0
ZVTF 0
ZVXS 0
ZWCN 0
ZWHV 4
ZWIM 1
ZWLM 0
