AACW 6
AAMR 0
ABBD 0
ABJW 4
ABNO 0
ACIC 2
ACVM 0
AETK 0
AFHH 2
AFSL 2
AFXD 2
AFZM 5
AGIF 0
AHCO 0
AHIA 0
AHRP 0
AIBD 0
AIBS 5
AICZ 2
AIWX 1
AJBE 4
AJQW 0
AKNL 0
ALCX 0
ALNY 0
ALWS 0
ALXU 0
ANOT 2
ANWF 2
AOCP 4
AOIV 0
AOTB 0
APRE 1
APRJ 1
AQUF 0
ARPV 23
ATUJ 0
AUHO 4
AWZP 0
AXOV 0
AYEN 0
AZBF 6
AZTG 2
AZXS 4
BBAZ 0
BBFY 3
BBZA 0
BCNK 20
BCRD 16
BDPX 0
BEDQ 0
BEJH 0
BFDS 3
BFVL 12
BFXT 2
BHFN 2
BHTA 1
BHVS 0
BJBZ 0
BJLT 1
BJZF 3
BLKE 10
BMWC 3
BOCC 0
BPRJ 0
BPUK 1
BPXQ 0
BQJF 0
BQPG 2
BQSV 0
BRQV 0
BSHA 0
BSWJ 5
BTKG 1
BVBU 0
BWBF 0
BWKG 5
BXZV 0
BZVM 0
BZVZ 0
CAUK 0
CBBK 0
CCMG 1
CDRM 0
CFDE 1
CFQZ 2
CFRJ 1
CFYR 0
CFZP 0
CGNF 4
CHVI 3
CIMB 0
CJUR 23
CJWD 6
CJWQ 0
CJZM 0
CKFQ 0
CKKN 0
CKZK 29
CLRZ 3
CMCH 1
CMLB 0
CMMU 0
CMYU 0
CNJC 2
CNOC 3
CNTV 15
CNXQ 0
COIE 0
COUN 13
CPEM 1
CPLG 0
CPNW 0
CQIP 1
CQRW 1
CQTF 70
CRJF 9
CRKH 22
CRUK 3
CSBN 29
CSUU 0
CUDY 45
CVUH 0
CVVR 3
CWXY 0
CXLK 0
CZTB 5
DAGK 0
DBAR 0
DBWM 33
DCOQ 2
DDDL 4
DEBU 1
DEGA 0
DEVX 1
DFIY 5
DGWR 0
DHGK 9
DICC 0
DILT 0
DJGQ 4
DJIW 35
DJKP 5
DKAS 0
DKJV 0
DKNR 1
DKRA 0
DMQF 0
DMUX 4
DNCK 0
DNCR 0
DNGR 124
DOFH 0
DOVR 1
DPGL 0
DPJJ 0
DQLA 1
DQMO 37
DQMV 4
DRQF 2
DSED 8
DSJK 2
DSOB 0
DTHL 0
DTSR 0
DTYT 0
DUNL 12
DUNX 16
DURW 0
DUWM 0
DUZL 0
DVFO 0
DVHD 0
DWMJ 0
DWRW 0
DWTS 0
DXRV 0
DXXQ 11
DYQF 0
DZGE 0
EAGY 2
EAPI 34
EBCM 0
EBDM 4
EBNM 7
EBUS 4
ECZB 7
EDDN 0
EDEA 0
EDID 0
EDQS 0
EFRK 189
EHLI 0
EHOA 9
EHZM 0
EIEW 1
EIJV 1
EJTH 0
EJUP 0
EKDQ 26
ELPB 0
ELVK 0
EOHP 1
EPOB 1
EQRA 1
EQSG 2
EQUP 0
EQZR 0
ERBM 0
ESBV 2
ESVB 0
ETUY 2
EUHL 0
EUWQ 0
EVGA 0
EVSX 0
EVUZ 1
EWLZ 0
EXWH 0
EYEN 3
EZJM 0
EZZQ 1
FBZU 2
FCEB 0
FCEN 0
FDLC 0
FEEY 11
FEKA 2
FGAA 0
FGSZ 4
FIJC 1
FIYG 1
FMMD 31
FMPO 0
FMXV 1
FMZM 0
FNAL 5
FNIX 0
FPYJ 0
FSHE 0
FTHC 4
FTLY 0
FUHW 1
FVKW 0
FVVX 0
FWAJ 0
FWAK 2
FWGZ 1
FXYD 7
FYED 1
FYWN 0
FYXV 1
FZKL 0
FZPA 0
FZXD 0
GAAT 2
GAAZ 0
GAOF 0
GARU 0
GAWC 0
GAYZ 35
GBBE 0
GCGH 0
GCIO 0
GCUW 8
GDDB 57
GDWR 1
GEYC 6
GGMA 0
GGVN 0
GHYE 1
GIBE 0
GIDR 2
GJEJ 0
GKPM 6
GLAM 0
GMAY 30
GNHW 1
GNWN 0
GONN 0
GPCS 1
GPZR 4
GQEP 0
GQNR 2
GQRF 0
GROA 2
GSEK 3
GSSY 12
GTOR 0
GTRB 3
GVAW 1
GVPQ 1
GWDX 0
GXQM 0
GXRB 4
GXXY 1
GYIX 0
GYIY 0
GYQD 0
GZHR 3
HALT 0
HAVR 0
HAXQ 5
HBOK 0
HDBR 0
HDOB 0
HDSY 2
HDUQ 1
HEAO 1
HEBS 0
HESS 0
HEVA 3
HEXM 5
HFXT 2
HHMS 1
HILH 0
HJXE 0
HLAQ 0
HLBN 5
HLNY 0
HMUM 0
HOBG 1
HOQU 0
HOWG 1
HPIQ 0
HQPE 1
HRHG 2
HRQU 0
HTPP 0
HTPU 9
HTRJ 3
HUFD 5
HUOP 67
HXJZ 0
HXRE 1
HXXP 2
HYPY 0
IAHN 1
IBQV 1
IDYP 0
IDZK 0
IDZM 4
IFHC 3
IFHM 1
IGOD 0
IGYY 0
IHIM 11
IIUV 1
IJTP 0
IKDH 2
IKOF 0
IKUA 0
IMRS 0
IMZB 0
INOC 0
IOFO 0
IPGH 4
IPIN 0
IPJN 0
IQJL 0
IRDR 0
IRUX 10
IRZY 0
ISQV 2
ISYU 10
IUFD 6
IUIG 1
IVUI 0
IWBJ 6
IWCI 2
IWDS 1
IWEC 8
IXXG 5
IYKC 6
IYSS 0
IZOO 0
JAUO 0
JBKC 1
JBMN 0
JBWA 1
JBWS 3
JDCE 0
JDDV 0
JDNY 2
JDQR 0
JEVA 0
JEWQ 0
JEYL 0
JFEG 0
JFQP 1
JGFV 0
JGPV 1
JKFJ 11
JKZQ 0
JLAZ 0
JLQE 10
JLWU 1
JODA 3
JOJV 0
JOQO 0
JPAQ 1
JPSF 109
JPUP 0
JQEL 0
JQQL 0
JRKM 0
JRUX 0
JTOQ 0
JTYX 26
JUDG 0
JUGT 0
JULQ 1
JVPV 0
JVQY 0
JVXJ 0
JXCQ 3
JXTR 2
JYXC 0
JZMG 24
KBMI 4
KCFY 2
KFBH 13
KFGY 3
KFLO 0
KGZO 2
KGZY 0
KHIS 2
KHXE 1
KIGO 2
KJIM 0
KKPD 0
KLPM 0
KLXP 1
KMBV 1
KMDB 0
KNFV 20
KNRT 61
KOQQ 2
KOYD 1
KPYZ 0
KSBM 12
KUCG 2
KWFL 0
KYNA 0
KYPK 6
KYQT 43
KZDA 13
LAGT 0
LAJX 2
LASB 88
LBOE 0
LBVX 0
LBWW 0
LDIJ 10
LDIQ 1
LIHS 0
LKZQ 30
LLMI 0
LLRW 0
LMTA 3
LNAZ 1
LNSX 2
LPDC 0
LPES 2
LPHJ 6
LQJC 0
LQOR 2
LSCT 0
LSMQ 3
LVDV 0
LVLN 18
LVOL 0
LVUQ 0
LVVP 0
LWBX 0
LYMR 0
LZKP 0
LZQJ 7
MAWC 2
MBSU 1
MDUV 0
MEBR 28
METY 1
MEUE 0
MFGH 138
MGGA 0
MGZJ 5
MHAD 9
MHHO 3
MINS 0
MJKU 1
MKZK 1
MLWT 11
MOUW 0
MPJY 0
MPQU 4
MQTJ 0
MSPM 0
MSUX 0
MSVY 0
MTRX 1
MTSF 3
MUAN 0
MVDM 5
MXJQ 0
MXMF 5
MZOA 0
MZXU 0
NALO 0
NANZ 2
NBMV 0
NBYK 2
NCDL 3
NCXQ 3
NCZN 3
NFAD 2
NGSL 0
NHCM 19
NHGQ 3
NHPS 8
NIWU 0
NJBQ 0
NJGQ 0
NJIP 0
NJVB 0
NKGU 2
NKSM 0
NLFV 0
NNYG 21
NOLJ 0
NOUI 0
NPXU 1
NRAJ 0
NRSA 0
NRVR 10
NTGE 26
NTNB 2
NTNH 2
NUCH 5
NUMA 2
NUWH 0
NUYO 0
NVMC 2
NXKD 0
NXZG 6
NZFV 1
NZLH 0
NZUA 21
OAJB 0
OAMH 7
OBWP 13
OCBR 0
ODDO 0
ODLP 1
ODYA 0
OEPS 0
OFAB 0
OFEU 0
OHBT 5
OHGP 192
OIIV 6
OISH 0
OJHC 0
OJWS 2
OKFU 4
OMJC 2
OMQU 1
ONEW 0
ONSF 0
ONTA 0
OOIA 48
OOPZ 2
OOWC 0
OOWT 0
OPDA 3
OPYT 0
OQUE 0
OSBK 0
OTPG 17
OTSZ 0
OUJM 1
OWWM 18
OXJT 0
OXYD 0
OYFF 2
OYKM 1
OYSH 0
OYUR 0
OZUF 2
PBDR 2
PBTN 0
PCOS 0
PCPL 0
PDZV 0
PEHH 2
PESC 0
PFTK 5
PFTY 0
PGOX 8
PHPO 1
PHTL 0
PIBM 3
PIFV 0
PJVG 0
PKPE 0
PKQK 0
PLXW 0
PLYT 2
PMFH 0
PMHW 0
PMWN 0
PNVX 7
PNXC 1
POQA 1
PPUH 0
PRMV 0
PSPI 1
PSVL 0
PTPU 4
PTZD 23
PVGL 1
PVOO 2
PWYX 1
PYBL 1
PYRF 23
PYRI 26
QABG 110
QELC 1
QELT 2
QFDG 1
QGAL 1
QGJQ 56
QGVU 0
QHGP 0
QHLL 3
QHPU 1
QINA 0
QJXX 0
QJYJ 0
QKZD 0
QLPG 3
QLSQ 1
QLVJ 0
QLZX 4
QMKT 0
QOLG 3
QQJF 0
QQPH 4
QRWP 0
QRYO 8
QSPK 0
QTSE 2
QTZE 0
QTZX 7
QUBY 1
QUGI 0
QUTZ 0
QVDK 0
QVJG 0
QXBP 0
QXNP 1
QYQB 0
RAHX 0
RBJM 4
RBLK 0
RBOF 4
RBQW 0
RBUY 8
RDXW 1
RDZQ 0
RFPP 0
RHYZ 0
RITW 6
RLKT 0
RNLC 12
ROEH 0
RPOJ 21
RPSC 0
RQMM 0
RQRZ 1
RSAH 0
RSBD 0
RSBJ 1
RSFF 3
RTPE 0
RUJM 0
RVFG 0
RVLQ 3
RVOE 6
RXGS 0
RYAN 0
RYIN 3
RYOL 1
RYYS 1
RZLD 7
RZUN 1
RZVA 40
SBCI 1
SBQU 0
SBYJ 0
SBZG 2
SEOP 0
SEXU 0
SFCM 1
SFDP 1
SFEI 1
SGAA 5
SGMR 0
SHJD 1
SJAB 0
SJJZ 0
SJXN 0
SLFD 28
SLXV 1
SMCL 0
SMJR 14
SNVY 1
SOHZ 0
SOQR 0
SOTT 8
SOYC 0
SQSF 0
SRBQ 3
SRWY 1
SSAJ 2
STET 0
STMB 0
SVIO 0
SYMW 17
SZTF 4
TAZM 0
TBBC 2
TBOQ 16
TBXO 0
TBXS 0
TDWK 2
TEYE 0
TILO 1
TJBS 6
TJKA 0
TKAQ 2
TLVL 2
TMDO 1
TMUD 0
TMWX 4
TNCO 0
TNEN 1
TOLH 0
TPKA 1
TPNF 1
TRLX 0
TRNU 3
TSTG 4
TTWN 5
TTXU 10
TUCK 2
TUGR 159
TUUM 7
TVBL 24
TXLX 0
TZHR 1
UAFZ 0
UBHY 10
UBLM 0
UCVQ 3
UDJI 0
UDPX 14
UFIZ 0
UFKO 0
UFRD 0
UFWG 0
UFZT 0
UGKP 52
UHDS 0
UHFY 1
UIAH 0
UICB 1
UIFN 0
UIVX 1
UJIR 0
UKBX 11
UKCR 1
UKND 1
UKNS 0
UODS 1
UPEE 7
UPPL 13
UPPM 0
UPXG 0
UQJX 2
UQZV 4
URJR 0
UUQR 0
UVGA 4
UVGX 32
UVLE 0
UVQE 0
UWMZ 2
UWSQ 0
UXPH 9
UXUS 1
UXXW 0
UYKF 0
UZZG 1
VAOW 0
VAUN 0
VAWU 1
VBEM 0
VBLP 0
VEFT 0
VFWO 0
VFXV 0
VGFB 1
VGGE 0
VGLH 0
VGVB 0
VHED 0
VHEZ 0
VHJV 7
VHNQ 0
VIRW 17
VJLJ 0
VKFQ 0
VKIF 0
VKPQ 0
VMSY 0
VMXQ 7
VNOP 0
VSDU 0
VSJL 1
VTCK 0
VTNZ 0
VTUR 1
VUBZ 1
VUMI 3
VVRB 0
VWAZ 0
VWCZ 0
VYFY 0
VYNL 125
VYSV 0
VYUY 0
VZMJ 0
WAKE 5
WBEX 0
WBTG 0
WCDH 3
WCKY 0
WDXK 1
WEQE 0
WERD 16
WFKB 0
WGOK 1
WHMZ 5
WHRK 1
WHYE 0
WISU 0
WJFU 0
WLDR 0
WLXI 0
WMLJ 1
WNST 1
WNZD 0
WOGH 1
WOHI 2
WOOV 0
WOUG 0
WRBO 2
WSLU 62
WTCS 0
WTNB 0
WVIP 0
WWEX 0
WXRP 1
WYYV 1
WZFH 0
WZJB 0
XBFN 2
XCAD 28
XCCF 1
XCYQ 1
XETZ 3
XFWQ 2
XGAB 1
XGCA 34
XGDK 1
XGQC 1
XGVO 0
XHCJ 0
XHCK 8
XHHX 1
XHNN 0
XHNR 0
XICZ 0
XILT 5
XITC 998
XIXK 1
XJYP 0
XKFS 0
XKHH 347
XLCI 3
XLEM 0
XLGH 11
XMDG 5
XNKP 2
XNOK 11
XQHD 0
XRPH 0
XRUH 2
XRWZ 1
XSCV 1
XSEF 0
XSMO 0
XSOY 1
XUBO 0
XUCV 0
XUET 2
XVEJ 4
XVIL 69
XVPX 1
XVZJ 0
XWZT 30
XXCL 8
XXFA 0
XXLT 0
XYFZ 1
XYKH 6
XZHF 0
YAYN 1
YBOZ 3
YDMJ 0
YDTP 10
YFNZ 0
YHEA 1
YHJH 2
YHUU 0
YIOH 0
YJTX 0
YKUJ 3
YKXQ 0
YKYZ 1
YLMH 0
YNSO 0
YOJO 1
YOPN 4
YPKJ 0
YPLZ 3
YQCH 0
YQCK 0
YQFX 5
YQNV 4
YRCM 7
YRGF 3
YRVO 0
YSFO 14
YSJF 1
YSPP 1
YTOX 20
YUYN 0
YVLZ 0
YXHD 0
YYPT 0
YYTP 1
ZBFV 0
ZCIC 0
ZCNX 1
ZCRF 2
ZCYK 5
ZEHN 2
ZFDZ 6
ZHTE 0
ZHVH 2
ZJAE 4
ZKIW 2
ZKOR 5
ZMCV 0
ZMNI 0
ZMTP 0
ZNRY 5
ZNVD 0
ZOUG 0
ZPHK 0
ZPNS 0
ZQJS 4
ZQVA 0
ZRNW 3
ZRPF 0
ZRSZ 11
ZSAB 0
ZSAS 262
ZSYZ 10
ZTPD 20
ZTWX 1
ZWCV 4
ZXJL 1
ZXTZ 11
ZXZI 2
ZZWY 0
ZZYN 1
