ABCL 0
AEDI 0
AFVE 0
AGKE 2
AGMH 0
AGQK 2
AHAZ 1
AHUO 0
AHVP 0
AHZN 3
AIFL 0
AIHB 1
AJLS 3
AKSB 3
ALFF 2
ANKQ 0
ANWN 0
AOOE 0
APDK 1
APQO 1
APRD 0
AQYN 4
ARJY 0
AROC 0
ASNC 4
ATCV 7
AUYM 33
AXLN 0
AYQH 0
AYWS 9
AZGI 1
AZJD 0
BAWR 1
BBLH 3
BBSO 0
BBWG 0
BCHA 1
BEDP 10
BEOP 3
BEYK 0
BFGX 0
BFTX 0
BHNV 0
BIGF 4
BJCN 0
BJGT 2
BKZB 0
BLSM 0
BMGM 0
BPBB 1
BPMU 3
BQGC 0
BRIK 1
BRPZ 22
BTIO 1
BUVL 0
BWKO 1
BWSO 1
BXWH 1
BYAB 0
BYEC 0
BYIN 93
BYKF 18
BYZB 0
BZBA 46
BZHL 0
CAAL 6
CALW 0
CAWX 1
CCCC 14
CETL 2
CFQO 20
CFTQ 1
CGAF 0
CHHQ 2
CHIF 0
CHLP 2
CIHF 0
CJEG 0
CKXA 0
CLAM 0
CLJH 0
CLPY 5
CMAD 10
CMAW 6
CMXW 1
CNKL 0
CPAP 1
CPMK 0
CPQB 0
CPXR 0
CRNY 4
CRQW 0
CRRT 20
CSLU 0
CSRE 6
CTDJ 0
CURO 0
CWBZ 9
CWIW 2
CXES 0
CZEG 6
CZJH 10
CZJQ 2
CZPW 1
DAGH 0
DAKK 0
DARY 0
DAUB 1
DBGO 4
DCKF 1
DDAY 0
DEAJ 0
DFHI 0
DFJG 0
DFXZ 4
DFYJ 1
DHBC 15
DHKP 1
DJVK 2
DJZU 1
DKJP 4
DLBW 0
DLSU 0
DMMC 1
DOHE 1
DQTA 2
DSJH 0
DSKG 4
DSKP 0
DSYN 1
DTIZ 0
DTTW 0
DVBS 0
DXSR 7
DYXA 0
EAKF 87
EAYU 4
EBAM 0
EBCZ 4
EBFU 0
EBUY 0
EDDI 15
EDID 7
EEOQ 2
EGGB 1
EGMG 0
EHCP 0
EHPN 0
EJBO 0
EJDJ 1
EJHX 0
EJJU 1
EJWI 0
EJYA 0
EKBZ 2
EKKS 0
EKRD 0
ELEC 1
ELLK 1
ENNH 0
EOFC 9
EOFD 0
EPIX 0
EPWS 0
ERPY 0
ERPZ 0
ERUK 0
ERWZ 9
ESSJ 2
ETHU 0
ETXL 1
EVPS 4
EWCQ 4
EXGK 0
EXLY 1
EXYD 0
EYKH 0
EYTZ 0
EYYO 11
EZAZ 2
EZDL 3
FAAE 0
FAKD 0
FARZ 0
FCUU 0
FDHH 5
FDTQ 2
FEGX 1
FELA 0
FEOF 3
FERU 5
FEYY 0
FFGV 0
FGHR 15
FGYS 2
FIFL 6
FJEA 0
FJFZ 0
FJPM 0
FKIM 0
FMBU 0
FMZA 1
FNOD 0
FNQB 1
FOUZ 0
FPAX 7
FPOY 3
FPWO 0
FQAV 0
FRPZ 4
FRSG 3
FRWK 1
FSBG 1
FSET 0
FSEY 0
FSJM 2
FSUL 1
FTWL 5
FTWN 0
FVUC 0
FVZH 9
FXQK 0
FXYD 1
FYLY 0
FYZS 0
FZEL 0
GAMY 0
GBGR 0
GBZB 1
GDQC 1
GEKX 0
GERQ 5
GFGL 3
GFOQ 0
GHHQ 6
GHUL 1
GHVH 0
GIAN 0
GITT 40
GIXI 0
GLUZ 0
GMCZ 0
GNAR 3
GOEG 0
GOKG 0
GOPN 1
GOPO 12
GOYB 0
GPBJ 7
GPKU 95
GPLX 0
GQOJ 6
GRCF 0
GSHG 1
GSKW 1
GUUR 5
GVTU 0
GWAE 0
GWPA 1
GWWQ 0
GWWV 0
GXKB 0
GXPK 15
GXVK 0
GYBH 10
GYTI 0
GZTF 2
HAAZ 10
HAOG 0
HAOK 1
HBMD 11
HCGD 9
HCID 0
HCQX 1
HDHU 0
HDUW 0
HEPZ 8
HEWI 0
HFND 1
HGUR 0
HGVT 0
HHAH 0
HHFV 0
HHML 0
HIOQ 0
HJCD 1
HJGL 3
HJKW 2
HJPQ 0
HKXK 1
HLAS 4
HNSL 11
HOQO 0
HPRR 2
HQDA 0
HQMG 0
HQOT 4
HQPJ 12
HRIQ 0
HRWW 0
HSOL 2
HSOM 0
HUYC 1
HVGB 12
HWTN 0
HXRT 4
HXYH 5
HYMX 6
HYOV 0
ICDV 9
IETB 0
IGFU 0
IGGT 0
IIQM 0
IIWV 0
IKIN 2
IKPG 1
ILRC 2
IMDE 4
IMLY 5
IMYR 0
IMZJ 1
INEJ 0
IOEQ 9
IOTQ 0
IPRI 0
IQMI 0
IQTM 0
ISRR 0
ITGQ 1
ITMA 3
IUBC 172
IVJW 1
IVZT 0
IWWF 0
IYSW 0
IYYW 0
IZAY 33
IZLG 0
IZRM 0
JAKR 7
JBLK 1
JBTM 8
JBVX 0
JDEF 0
JFEH 12
JGFV 0
JGLN 1
JHBC 0
JHPC 10
JHPO 0
JJHJ 9
JJPE 0
JKDO 3
JLVP 1
JMXZ 0
JPCP 0
JPGJ 6
JPKF 0
JRGU 1
JROI 0
JRRG 1
JSTB 1
JTHX 0
JTJK 14
JUAA 0
JUYA 0
JVRL 11
JWJF 4
JWPR 3
JXRE 2
JYHD 0
JYLK 1
JYPH 0
JZVG 0
KBRK 4
KCKH 1
KDHM 11
KFPD 2
KFXW 1
KHOR 0
KHTN 2
KHYT 2
KIYG 0
KJJI 0
KJSH 0
KJYD 0
KKGA 2
KKGI 0
KKRI 2
KLLC 27
KLXE 0
KMDA 0
KMIQ 0
KNOQ 3
KOTE 0
KQTK 8
KQZZ 2
KRSH 24
KRZH 0
KSMD 0
KSYR 1
KTAW 0
KUBI 8
KUBY 0
KVWC 11
KVYO 1
KWKX 0
KWPE 0
KWYM 0
KXTE 10
KYBO 0
KYYR 0
KZCS 0
KZPC 1
KZRX 2
LARM 0
LARY 4
LAXD 0
LCHK 0
LDDW 2
LDJR 0
LDYH 14
LECT 3
LEMZ 0
LGOS 0
LHAR 0
LHLI 7
LHQU 1
LIDW 2
LIJU 1
LIUO 0
LJIU 6
LJXJ 0
LKTF 3
LLAV 0
LMMF 1
LMWI 0
LNBG 0
LNMQ 2
LOYJ 0
LOZH 0
LPML 0
LPOO 7
LPRC 0
LQDT 0
LQFX 2
LQQJ 2
LSMW 0
LSNS 0
LTZJ 0
LUMO 69
LUSQ 1
LVFY 8
LVKG 1
LXIV 10
LXUJ 1
LYUG 3
LYXL 1
LZOK 1
MARD 0
MBEC 3
MBID 3
MBNC 0
MCIO 2
MDKP 54
MEAW 2
MEUM 3
MFHK 1
MGBD 1
MGZX 0
MJRV 4
MKUR 4
MLIE 6
MLLA 8
MLWL 8
MMBG 0
MMLE 0
MNPP 0
MNQN 2
MNVW 4
MOZL 0
MRIT 0
MSOU 0
MTIQ 5
MTSZ 2
MUTX 1
MWNR 0
MXBU 2
MXJX 8
MXUN 446
MXWO 51
MYQE 0
MYVK 0
MZFJ 0
NCDI 0
NCPE 0
NCYA 0
NDGQ 1
NDJC 0
NDOK 0
NDRP 0
NDWG 25
NDYP 2
NGNW 0
NIMS 1
NJCK 0
NJOD 0
NJSC 0
NJYL 0
NKXV 2
NLJS 0
NLYI 0
NMPL 0
NNDJ 0
NNFJ 3
NNXD 0
NNXR 0
NPIB 0
NPMP 0
NPMW 0
NQGH 0
NSBC 0
NSJM 0
NSSR 0
NSXZ 0
NTJI 0
NTQU 0
NULO 0
NUUR 0
NUXX 0
NWLM 7
NWYC 1
NXEB 0
NXFY 15
NXIK 4
NXPW 0
NYRM 0
NZJK 0
NZPR 0
OCLP 1
ODHS 1
ODYM 0
ODZX 0
OEJY 2
OFDG 0
OFFJ 11
OFGR 1
OFZV 0
OIAD 6
OIEK 0
OIFL 0
OJMR 0
OJPQ 0
OKHT 0
OLYP 2
OMCS 3
ONQP 1
OPOT 0
OPVL 0
OQCX 5
OQGF 5
ORFB 17
OSEG 8
OSHB 0
OTAR 8
OTTR 47
OUTM 1
OVOB 0
OXJT 75
OXSJ 1
OXXX 0
OZLE 0
OZLJ 0
PAFC 1
PARW 4
PATB 0
PBDF 4
PBGP 0
PBXD 0
PCVB 7
PCVL 0
PERN 0
PEZY 0
PHCG 0
PHEL 0
PHFY 4
PJIK 0
PKAU 25
PKDI 0
PLOE 110
PMDC 0
PNBM 3
PNUV 2
POEL 0
POIS 0
PPDQ 0
PQIW 28
PQLW 5
PRGN 0
PRIF 6
PSVQ 1
PTNW 0
PUDH 2
PUVP 6
PVMG 1
PVQH 3
PVYK 0
PWFW 1
PWZJ 0
PXVG 1
PYEY 0
PYGK 1
QBLC 1
QBPD 262
QCPS 1
QCWD 0
QDLJ 0
QEEV 0
QFAJ 0
QFHN 1
QGGH 0
QHHA 40
QHUW 0
QIAQ 0
QJBU 0
QKOT 0
QLQO 8
QMYB 0
QMYF 1
QNHD 27
QNSG 1
QNWN 0
QOEQ 6
QOWC 0
QPKS 7
QQBZ 0
QQGG 1
QQXP 0
QRBP 10
QSDY 2
QSND 5
QTEU 1
QTJL 0
QUDH 74
QUST 0
QUXB 2
QVYX 2
QWSE 2
QWYO 17
QXVZ 0
QYHY 1
QYNF 46
QYQM 3
QZFP 0
QZVT 6
QZXM 0
RABX 4
RAMZ 2
RBRS 0
RBVJ 2
REQH 0
RGOZ 2
RHCX 19
RIAH 0
RIPI 17
RJPR 0
RJSA 3
RLHA 0
RLLF 1
RLNC 0
RNIC 1
RNMH 7
ROID 0
RPEU 2
RPYO 0
RQRJ 22
RSEX 0
RTLA 0
RTMW 1
RUHJ 1
RVII 26
RWJU 5
RYHE 0
RZRB 0
SAME 3
SANQ 0
SAON 133
SAPK 0
SAWP 0
SAZA 1
SBGO 5
SBKB 1
SBVH 6
SBVZ 1
SCBK 0
SCEC 2
SDST 0
SEJT 27
SFRJ 0
SGCB 0
SIER 1
SJAM 0
SJZO 0
SJZZ 0
SLUI 0
SLZX 0
SOGR 14
SQJZ 1
SSPI 29
STSP 17
SVUW 0
SXNN 0
SYEB 2
SYNE 0
TARL 1
TATY 0
TBTD 0
TBXH 146
TCEC 0
TCGS 0
TEDY 1
TEXP 158
TFJG 0
TFYS 2
TGSD 2
TJEI 0
TJLN 18
TJNC 997
TJNQ 0
TJOO 0
TJOQ 0
TKJT 0
TKPH 0
TLUW 2
TLVE 0
TMPL 0
TMZT 1
TNIQ 0
TNUP 4
TNXA 8
TOIP 0
TPOE 0
TRJQ 1
TRRX 0
TSKQ 1
TSMA 0
TSZQ 0
TTFT 0
TTWZ 0
TTYV 0
TUCI 2
TUKI 0
TULG 1
TVWR 0
TWRR 0
TWUX 0
TXOB 0
TYEB 31
TYVL 0
TZOZ 0
UAYH 1
UBUM 0
UDTO 3
UEUD 0
UEWD 1
UFME 0
UFZG 1
UGVJ 0
UHRZ 0
UHSD 0
UIBU 0
UIFH 1
UIYS 6
UKGZ 1
ULIJ 0
ULKE 0
ULML 0
UMSK 7
UMVS 0
UNCK 66
UOCP 2
UOHY 0
UOOK 8
UOWS 0
UPAO 3
UPDP 1
UPKO 0
UQFJ 1
URKV 0
URQQ 0
URVL 1
USOB 3
UTAU 0
UTLC 0
UTPD 2
UTPK 0
UUAI 0
UUHE 0
UUHL 2
UUWU 0
UUYD 0
UVUT 1
UXDM 0
UXJM 0
UXOC 0
UXXW 0
UYAE 0
UZDV 1
UZLJ 3
UZPN 6
VBHZ 1
VBJV 0
VBMB 0
VBZC 0
VBZK 0
VCXK 0
VDFE 0
VDLU 0
VECZ 3
VEHO 1
VEIF 7
VERB 0
VFWI 0
VGIY 2
VILL 0
VKFI 0
VKMF 0
VKPW 1
VKTN 1
VLFT 0
VLPG 4
VMUI 0
VNDQ 32
VNHN 0
VPBS 1
VPEG 1
VPGR 0
VRFC 0
VTER 0
VTWM 0
VUWQ 1
VVPB 4
VWVO 0
VXNA 2
VXOH 0
VYUE 1
WAAU 7
WAKY 3
WBCB 5
WBMU 33
WCNZ 0
WGAE 1
WGBH 11
WGLB 0
WGWI 21
WGZP 13
WHFA 13
WHUN 0
WIUK 0
WLVV 1
WMIQ 0
WMOZ 1
WNNJ 6
WNWL 3
WODD 0
WOJX 0
WOXD 17
WQHD 2
WQTM 2
WQUZ 0
WQYT 1
WRCD 2
WRCV 0
WRIN 0
WRIZ 3
WRUB 0
WRVY 0
WSFO 0
WSKM 11
WTBH 0
WTZA 0
WUIO 0
WVFS 25
WVLD 0
WWXW 0
WYBX 0
WYEL 0
WYSH 0
WZNJ 0
WZSJ 0
XAEA 0
XAEQ 0
XAYH 0
XAZE 4
XDHS 0
XFQT 2
XGQX 0
XHJJ 0
XHLY 0
XHWI 0
XILU 6
XINZ 0
XIWT 34
XIYG 0
XJDQ 0
XJKH 10
XLER 0
XLWY 0
XMYX 1
XNOI 2
XPEP 1
XPRM 1
XSBX 2
XSDH 1
XSKF 0
XUEO 1
XVCJ 0
XVZN 0
XWJY 0
XXIU 0
XYQW 1
XZXU 0
YABC 0
YACI 1
YAUE 2
YBAV 3
YBKU 3
YCBR 2
YCHH 0
YCUR 0
YDAL 3
YDDE 0
YFAM 0
YGOF 0
YHMM 0
YKJX 5
YLLC 1
YMMW 0
YMVA 4
YNGJ 20
YOZR 0
YPBO 0
YPJS 0
YQCP 0
YQJR 1
YRFT 0
YSIR 1
YVUY 0
YWCX 1
YWXN 0
YXCI 1
YXME 1
YYJP 0
YYUG 0
YZBU 0
YZHU 24
YZJG 0
YZNG 12
YZSA 1
ZAKF 0
ZCPZ 9
ZDJN 0
ZDNH 0
ZDTH 15
ZEOL 0
ZFJC 113
ZFYR 9
ZGHG 2
ZGMA 4
ZGMW 7
ZGVJ 4
ZHCH 0
ZHMW 1
ZJCS 0
ZJJM 0
ZKPQ 6
ZLEY 3
ZLQO 30
ZMKM 0
ZNCK 0
ZNCR 1
ZNTR 0
ZPYD 137
ZQSE 2
ZTEQ 0
ZVLH 1
ZWEB 0
ZXGV 0
ZXJK 0
ZXJS 0
ZZDH 0
ZZEB 1
ZZPI 61
ZZSY 80
ZZVH 0
ZZXU 0
