AASL 0
AAYX 0
ABEN 0
ACBQ 5
ACHG 3
ADAD 25
ADLI 9
AEOZ 0
AFFK 5
AFWD 2
AGLT 0
AIGV 0
AJVF 2
ALCZ 0
ALPH 0
ALYW 0
AMBR 0
AMHW 6
AMJL 0
AMJT 2
ANBX 0
ANHQ 4
ANQA 2
ANWD 0
AOIG 30
AOKK 4
AOOQ 34
AQPI 0
ATQZ 0
AWHF 1
AXAT 2
AXTW 0
AXYY 2
AYEH 0
AYIA 2
AYQI 1
AZDR 1
AZNU 0
BABK 4
BAEQ 0
BALY 4
BARF 2
BAUQ 0
BCQU 2
BDTS 29
BEWS 0
BHUJ 4
BISH 0
BKAT 0
BKCY 1
BKTR 1
BLQV 0
BMIK 0
BMMC 1
BNZU 0
BOAD 1
BPFN 1
BPTK 0
BQUO 0
BRFV 23
BRMC 2
BSJF 0
BVSC 0
BVXI 0
BZGE 9
BZTO 0
CACD 0
CCBR 0
CCPF 0
CFKL 0
CGAH 3
CGJA 0
CGYC 11
CHME 0
CHRQ 0
CJFZ 0
CJRO 6
CLDJ 0
CLFT 1
CLLX 0
CLZO 3
CMFI 2
CMNP 3
CMOT 0
CNEM 12
CNQG 3
COAM 0
COBO 1
CPED 5
CRJR 50
CRUL 0
CTRT 1
CUBY 1
CVGR 0
CXHR 1
CYEK 1
CYKL 0
CYQC 0
CZHW 0
CZSA 0
CZWX 1
CZZF 2
DAPZ 3
DARB 20
DAVX 0
DCCC 3
DCJZ 0
DCUQ 5
DDIR 1
DDMX 9
DEAO 4
DEBW 0
DEEA 0
DEOE 0
DFEO 0
DFFS 0
DGAG 1
DGYF 0
DGZZ 0
DHHZ 0
DISY 7
DIWW 0
DJKE 0
DKNS 0
DLOE 117
DLVP 3
DLYR 1
DMTJ 9
DNHJ 1
DNWH 0
DOET 6
DOQT 8
DRVF 0
DSET 0
DSEV 0
DTEF 0
DTPS 0
DTRT 10
DUCY 2
DVFY 3
DVKJ 0
DVKY 3
DVLH 2
DVLR 20
DVTM 0
DVVZ 0
DXBA 1
DXEH 0
DXEV 33
DXVQ 0
DXZZ 0
DZCZ 0
DZEE 11
EABQ 4
EAGD 0
EAZS 0
ECDU 1
EDDA 0
EEIG 5
EHCR 9
EHRX 0
EHVZ 3
EJSY 0
EJZH 31
EKDR 6
ELPG 9
ELPI 0
ELSN 0
ENHA 2
ENPS 2
ENQJ 0
ENSI 0
EOQP 0
EPCY 1
EPIV 0
ERHG 3
ERJB 5
ERMW 7
ERST 0
ERZM 0
ESLM 2
ETPM 2
ETPZ 0
ETSJ 0
EUAU 1
EUQZ 0
EVZH 0
EWSB 0
EWWC 0
EXDX 4
EYLR 0
EYTQ 1
EZWC 1
FBCI 0
FBUS 0
FBVM 0
FBXU 1
FCWU 0
FDYF 0
FEGS 1
FENS 0
FEYZ 0
FFXA 995
FGWK 0
FGYY 1
FHJI 2
FHWE 20
FKFV 0
FMIU 1
FMUQ 0
FNQF 0
FNYU 2
FOEX 0
FPJE 1
FRIS 0
FRLL 7
FRZD 0
FSGD 30
FSOR 0
FTKU 0
FUXZ 0
FWNV 0
FXBG 0
FYGH 5
FYKH 0
FYSZ 0
FZHI 0
FZVJ 0
GAIV 0
GBDQ 0
GBUS 0
GBYC 1
GBZB 0
GCAZ 0
GCEI 0
GCXX 0
GDGW 0
GDHD 1
GDMW 0
GDRF 0
GDXV 8
GEEH 1
GEVB 153
GEXP 0
GFFR 0
GFLK 0
GGGK 0
GGNQ 20
GISH 0
GIXE 0
GIZQ 0
GKDG 1
GKZG 0
GLJJ 0
GPDK 0
GPFY 6
GQJL 0
GQXM 0
GQZY 9
GRYK 4
GSAQ 1
GTPE 8
GUAG 0
GVQN 208
GVXU 0
GWGH 0
GXCP 0
GXHS 0
GXPV 0
GZDI 1
GZTI 31
HBIW 14
HBJL 4
HBKN 0
HCDC 8
HCKB 3
HFBZ 1
HFNL 15
HFSA 0
HFTO 4
HGMP 36
HHOW 0
HHRX 0
HINN 0
HIVC 0
HIXV 1
HJME 5
HKTO 2
HLBO 1
HLHJ 1
HLRL 0
HLXW 1
HNLB 0
HNOJ 0
HOAQ 6
HOSK 2
HPBB 3
HPDP 5
HPVS 1
HPXI 0
HRLH 0
HSYS 0
HTCT 0
HTEG 2
HTPG 0
HTQB 187
HUFF 1
HUKJ 25
HUOK 0
HVPC 0
HWKY 3
HWWZ 0
HXAF 0
HYGM 3
HYZW 0
HZLN 0
IAQA 1
IBEL 0
IBHM 0
IBVA 0
ICED 1
ICMN 3
IDUJ 1
IFHQ 0
IFKC 2
IHCP 0
IHJC 0
IHMY 0
IHPC 1
IHXD 18
IIFK 1
IIGH 0
IJNQ 1
INVH 2
INVQ 0
IOJP 0
IPFF 0
IPMU 1
IPNV 0
IQCU 0
IQVE 1
IRZC 0
ISYK 0
ITOI 0
ITQA 3
IUFK 0
IUNB 2
IUSY 0
IVBW 2
IVER 11
IVWT 0
IXBX 8
IXVF 3
IYBA 5
IYDJ 0
JABG 1
JABZ 0
JAWM 10
JBKL 2
JBTJ 0
JBYT 2
JCBN 2
JCFK 0
JCLQ 3
JCZQ 12
JEBQ 1
JFHC 0
JFKD 0
JFNZ 1
JGUG 0
JGZB 1
JIZJ 0
JKWN 0
JLFZ 0
JLMM 0
JLQP 0
JMAA 0
JMAV 26
JMMS 0
JNZO 6
JOMC 0
JPMK 0
JPVL 0
JRBS 0
JRJK 0
JRPX 0
JSBF 0
JSPA 0
JTTQ 0
JUNS 0
JVTR 0
JVVO 4
JWHG 0
JXFE 0
JXYH 0
JYDF 1
JZGX 0
KATP 2
KBRM 0
KCRZ 4
KCXY 0
KCZD 0
KDFV 0
KDHH 1
KDWW 1
KFRU 22
KFWF 1
KFYV 0
KGDA 1
KGJQ 0
KHBS 0
KHYR 0
KICI 12
KIPV 15
KISG 0
KJAL 42
KKBT 0
KKCS 0
KKKD 0
KKWZ 13
KLQQ 2
KMHC 1
KMLC 0
KMNU 60
KMSR 1
KNMI 28
KNNU 0
KOEN 3
KOGS 0
KPBJ 0
KPDA 1
KPFE 0
KPIO 1
KQRQ 1
KQST 0
KRGO 4
KUKJ 0
KWLB 1
KWZJ 1
KXIZ 1
KXLH 0
KYJZ 25
KYUA 2
KZLI 0
KZXW 2
KZYV 0
LART 0
LCCJ 1
LCUM 3
LDGT 0
LEGF 12
LFAE 0
LFRN 3
LFZO 0
LGVY 4
LHBU 0
LHJA 0
LIVG 6
LJIA 0
LJLP 0
LJXE 0
LJZO 0
LKCN 26
LKNT 0
LKPK 7
LKSQ 26
LKSU 1
LLKG 1
LLNV 0
LQTI 0
LQUV 0
LSLN 3
LTIS 6
LTKO 0
LTNT 1
LTSY 16
LUMF 0
LUSH 0
LXFS 1
LXRT 1
LXZN 1
LYTJ 19
LZDD 2
MAJM 2
MBIE 0
MBWZ 0
MCJB 0
MCUE 12
MEJW 4
MEVO 8
MFAK 0
MGDE 0
MGJJ 1
MHIY 0
MHLZ 0
MIAO 37
MIND 0
MIZX 1
MJLC 0
MJUA 1
MKPN 2
MLEW 0
MLKD 0
MLYD 584
MMFS 0
MNEM 6
MOXD 0
MPXC 0
MQVN 8
MRAZ 0
MRDM 1
MRHP 2
MRXH 2
MSGJ 0
MSWO 4
MTEG 0
MTIH 7
MTUU 2
MUEH 0
MVLA 5
MVMY 0
MWCU 0
MWIP 1
MWPJ 1
MWQE 4
MWSO 1
MZIX 0
NAZJ 2
NBLO 0
NBOB 7
NCZQ 0
NDDI 2
NDDR 0
NEUL 1
NEYC 0
NFAH 0
NFCS 6
NFKN 1
NGED 0
NGKX 8
NGNU 5
NHMU 1
NIOE 0
NIQT 7
NJCE 4
NKQS 3
NKSV 0
NLBD 2
NLGD 1
NLRH 0
NPEE 0
NPJC 7
NQIC 0
NQXK 0
NRHR 0
NRRR 3
NSOT 1
NTGB 0
NTOH 13
NTYP 0
NUFX 0
NVOR 1
NVTH 56
NXWE 0
NYNU 0
NZHN 2
OAOU 5
OATQ 10
OAYS 0
OBKM 0
OBPU 1
ODKY 1
OECK 15
OEYA 14
OFGT 0
OFUV 2
OGAI 327
OHTS 0
OHVD 0
OKJZ 1
OKNZ 11
OKRN 0
OKYV 0
OLLW 0
OMFU 1
OMUK 0
OMZC 1
ONDQ 9
OOHB 0
OOZJ 4
OQAS 47
ORHZ 0
OSJS 1
OUAB 1
OVUA 0
OWBX 1
OWJK 0
OWZK 0
OXCC 2
OXOZ 1
PAJE 0
PAXB 0
PDTI 0
PEMK 0
PEOC 0
PEST 0
PFBN 4
PFFR 1
PFUE 9
PFUK 0
PGOX 2
PJUH 4
PLNI 0
PLOV 1
PLTW 28
PLWN 0
PLXX 0
PMDK 0
PMEF 0
PNSA 50
POLH 0
POPY 5
PORG 0
PORO 0
PPSN 0
PPUL 0
PQAY 0
PQTF 0
PRAY 0
PRWT 1
PTHR 0
PUTO 2
PVIG 0
PVJT 34
PVLG 24
PWNB 1
PZCI 1
PZWG 0
QAAZ 1
QBNC 3
QCJJ 0
QCNO 0
QCWV 0
QDJR 0
QECL 0
QEDJ 0
QEGJ 1
QEVL 0
QGGB 0
QHML 12
QNKP 0
QNZY 0
QOIE 0
QOTF 11
QOUA 0
QPMM 2
QPVI 0
QQBZ 1
QRSX 2
QRZG 0
QRZV 1
QSAL 0
QTFL 2
QUEK 2
QUFH 4
QUQD 7
QZEK 0
QZHB 5
QZKC 1
QZKM 26
RAPE 3
RAPO 26
RAWW 0
RAZG 1
RBHT 6
RCDH 0
RCXI 16
RDPD 0
REAS 0
RENB 0
REOF 2
RFFI 0
RFGO 1
RFHT 0
RFOA 0
RFTC 0
RHFR 1
RHPO 0
RHWC 0
RIEK 9
RIRO 0
RIXL 2
RIZQ 19
RJGI 2
RJXQ 0
RKEZ 0
RKKI 0
RLLN 0
RLYV 7
RMVI 1
RNKE 0
RNMC 4
RNSC 1
ROGB 0
RPAV 3
RPEI 0
RPEX 1
RQTR 0
RRCJ 0
RRUD 0
RSJL 2
RSQU 0
RSXS 2
RSZJ 0
RUKS 4
RUKT 0
RUSP 0
RUTM 120
RUYG 202
RUZE 0
RVSY 1
RWBL 96
RWEQ 6
RWLZ 0
RYRT 0
RZDK 0
RZJK 3
RZLN 0
SALZ 4
SBIF 2
SBVW 0
SDHH 0
SDJA 0
SEMA 0
SENP 0
SEQB 2
SFJW 0
SFTB 0
SFWM 1
SHHX 0
SHTW 151
SIUW 1
SJYL 1
SKBE 1
SKVA 0
SMDA 0
SQXU 0
SQZJ 1
SSJR 34
SVBL 2
SVUN 0
SVYG 0
SWAL 1
SWDW 2
SWLT 15
SXUL 0
SYNV 1
SZEI 0
SZNR 0
TABL 0
TALG 3
TBDZ 0
TBRC 4
TDFG 28
TDFX 3
TDHV 2
TEDL 0
TELD 1
TEPY 0
TFRT 0
TGDN 0
TGKT 20
TGQH 3
THQL 5
TIZJ 0
TJXO 0
TLAT 4
TLDW 17
TLYY 5
TNJX 11
TOTL 2
TPHS 0
TQQO 0
TRJV 1
TROI 0
TSTC 1
TTIO 79
TTMS 0
TTWD 0
TUGQ 1
TUOL 2
UACL 2
UAJR 0
UASO 2
UCQI 3
UDNG 1
UDQM 5
UEDG 0
UEHD 0
UFYS 0
UGVN 1
UHJS 4
UIBH 0
UIMZ 2
UIUJ 0
UJCC 0
UJKZ 17
ULCN 0
UMFM 950
UMZN 0
UNIH 5
UQTN 2
USMP 0
UTFP 1
UTOW 0
UUXQ 0
UVGA 1
UXJZ 98
UXSH 3
UYPL 1
VAXZ 0
VBHK 0
VCVL 2
VCZD 3
VEEL 4
VEKZ 16
VEVV 0
VFZF 0
VHIT 0
VJBX 4
VJDC 12
VJHE 6
VJNZ 0
VKWE 1
VLDC 0
VLSL 11
VMEG 7
VMQK 1
VNTZ 0
VOII 0
VOVB 1
VRYI 3
VSCV 1
VSPH 0
VSZF 0
VTLP 0
VWEJ 1
VWQE 0
VWYQ 0
VYRG 0
VYXG 0
WAVH 0
WBQX 2
WCMA 2
WCOH 1
WCQH 0
WCUS 0
WCWK 0
WDJH 4
WECB 1
WEIN 27
WEJC 1
WFNT 0
WGGC 20
WGHF 2
WHLB 2
WHQL 1
WIWY 0
WKGT 0
WMXI 0
WNDQ 0
WOFB 224
WQKI 0
WRLB 2
WSUC 0
WTAF 3
WTGC 0
WUAN 0
WVMV 0
WVTT 0
WWDA 5
WWKZ 0
WWOH 0
WWWC 2
WXBN 0
WXCV 1
WYKT 2
WYMO 28
XADZ 0
XAHI 0
XAIQ 4
XBYF 1
XBYR 0
XCCY 0
XCIZ 0
XCXD 21
XCXZ 1
XDSX 0
XFJR 1
XGHD 0
XHFA 0
XJBB 2
XJQR 0
XKIB 0
XKKJ 0
XKLT 0
XLJN 14
XLZL 0
XMIN 0
XMTX 1
XOSC 1
XPVQ 2
XQES 5
XQJP 0
XQNX 0
XQVJ 0
XRPT 1
XRVP 2
XSUP 4
XTEV 11
XUDK 3
XUZS 8
XVHH 2
XVLH 3
XVMI 0
XVTO 2
XVZS 1
XWHP 2
XWMB 0
XWSX 4
XXRN 0
XXTI 0
XXYM 0
XYSJ 15
XZEQ 0
XZZT 0
YAHZ 11
YAVC 0
YBGG 0
YCLF 1
YCOV 0
YCWL 2
YDNF 3
YGEC 0
YGIC 0
YGUB 0
YHZR 2
YIFB 0
YIHC 15
YJQU 0
YKCJ 2
YKKE 0
YKNT 1
YLMF 2
YMDS 2
YNHX 1
YNZC 0
YPDA 0
YPXS 7
YQRT 0
YSSJ 0
YSUP 0
YVKM 0
YVPV 8
YVQY 0
YWWI 10
YWYJ 1
YWZG 87
YXSO 10
YYDY 0
YZJK 0
ZEJW 0
ZFRC 0
ZFSP 2
ZGYQ 0
ZHJG 2
ZHUH 34
ZKCC 1
ZKOF 0
ZMKQ 1
ZMUU 2
ZOHT 0
ZOMT 1
ZPDG 0
ZQKX 6
ZSNW 1
ZTPU 10
ZUPO 2
ZUZR 3
ZVSQ 0
ZWIS 0
ZXGM 1
ZYAY 7
ZYTF 0
ZYYW 47
ZZHG 9
