AABI 1
AAFX 0
ADXH 4
AFBJ 1
AIOI 0
AIPX 0
AJVN 0
AKDQ 1
AKRY 0
ALXE 2
ANDH 0
ANFJ 8
ANLP 0
ANMY 0
APZB 0
AQFY 0
AQWT 0
AQZJ 0
ARJA 0
ATHJ 0
ATYL 0
AUMW 1
AUXZ 2
AVUT 0
AXGT 0
AXMM 1
AYSE 479
BBRO 9
BBZS 0
BDOU 0
BEWA 1
BFTF 0
BGXF 0
BHNW 0
BJSC 3
BKFT 13
BKJF 0
BLRV 6
BLUC 0
BLWD 2
BNOJ 0
BNSZ 1
BOKJ 3
BPKE 1
BQHU 0
BQQM 0
BRPL 2
BSGF 2
BSSZ 13
BSVQ 1
BTVY 0
BTYW 0
BUCT 5
BUPE 0
BVDN 1
BVOX 1
BWFQ 2
BWFS 0
BWLV 3
BWQR 7
BWWL 3
BXBK 2
BZPC 0
CAUX 0
CAWA 1
CBGP 2
CBMP 0
CCZH 0
CDFQ 0
CDLA 14
CDVZ 1
CDWR 0
CFJT 0
CFSB 0
CFZV 0
CGRH 24
CGTG 0
CHCT 65
CHNL 2
CHRY 997
CIJI 0
CIYW 1
CJGL 2
CJJH 0
CKSS 0
CKVF 0
CLAU 5
CLGE 5
CLLU 1
CLSB 1
CMRU 0
CNUJ 0
CNVJ 5
CNZU 31
COLA 2
COVL 0
CPKN 0
CSMR 2
CSZH 0
CTIB 0
CTUW 0
CUIX 37
CVLG 3
CVWO 0
CWBE 3
CWIT 6
CWUV 15
CXQR 0
CXVC 0
CYQU 19
CYWL 0
CZHQ 5
DAEE 0
DALP 4
DBAK 0
DBLH 0
DCYX 0
DFPV 1
DFWR 8
DFXZ 0
DIAO 0
DJSV 0
DLHR 0
DNBX 0
DNFM 0
DNTD 1
DNUS 0
DOGQ 4
DONM 0
DOVM 5
DPCJ 0
DPEF 1
DPHW 0
DPIE 1
DPNE 0
DPYO 0
DQOI 0
DRBS 17
DRCP 2
DRJI 0
DSZU 0
DUSK 0
DVMS 1
DWAY 1
DXGL 0
DZGV 3
DZRQ 6
EABQ 1
EBPI 0
ECCX 0
ECQG 0
ECUH 0
ECWZ 0
EDWE 0
EFUI 0
EFVM 3
EGJI 2
EJCA 0
EJEX 2
EJHL 0
EKJD 0
ELRM 0
ELUD 0
EMCJ 0
ENOJ 2
ENVI 1
ENYB 5
EPBM 0
EQHV 0
EQTX 0
ESHO 1
ESTC 1
ETGD 0
ETLB 0
ETTC 2
ETYC 1
ETZB 0
EUAG 0
EUMY 1
EURE 0
EWGP 0
EWMS 0
EXXQ 0
EYDR 2
EYFB 0
EZRT 2
FAEZ 0
FBTP 0
FCDY 0
FCQH 0
FDHT 2
FDIY 0
FDWE 0
FDZH 0
FETP 0
FEZI 26
FFSQ 2
FGZP 0
FHRL 1
FICL 0
FJAC 0
FMAO 0
FMJJ 5
FMTT 0
FOXU 0
FPSR 0
FQEL 11
FQOE 0
FRSF 1
FRUK 3
FTAK 20
FTMI 2
FUZH 0
FVYD 1
FWRW 1
FWTM 0
FWWT 0
GAKX 0
GALX 4
GAYF 0
GCKM 0
GCWF 15
GCZM 0
GDIX 0
GEZN 1
GFBH 1
GFFA 0
GFJY 1
GFPY 0
GFVG 1
GHEQ 0
GHUB 0
GHVM 5
GIRX 0
GJIE 1
GJZH 0
GKRR 3
GKWT 0
GMAE 1
GNMD 0
GNWR 0
GOAM 11
GOAR 2
GPDO 1
GPQI 0
GQOW 1
GQTT 13
GSNI 2
GTJW 0
GTKW 0
GVLT 1
GVNE 9
GVNZ 1
GVPX 0
GWAQ 4
GWIF 0
GWKX 1
GWVH 10
GYDE 2
GZJR 0
HAQO 0
HCLJ 28
HDMR 0
HDOZ 1
HEAD 3
HFBQ 1
HFFP 0
HFHW 0
HFRJ 2
HFYV 0
HGJN 3
HGJR 2
HGNG 38
HGTG 1
HGUE 2
HHWC 2
HINB 0
HIUZ 7
HIVE 0
HJNH 0
HJYH 3
HMIT 0
HNWZ 2
HOMP 0
HOQE 0
HOUB 1
HPHP 1
HQJN 5
HQOF 0
HQRD 8
HRTD 0
HSMM 0
HSPA 36
HSUD 0
HUJK 0
HUPK 31
HVOD 2
HVPK 0
HWQZ 0
HXRR 66
HYTY 12
HZJV 0
HZYB 0
ICOM 27
ICZB 0
IEKX 3
IEWR 4
IFLG 0
IFXJ 0
IFYP 0
IGDZ 1
IGIP 0
IGTJ 4
IGXV 368
IHPO 11
IHZF 0
IICD 4
IKZR 0
ILDB 0
ILDR 2
INFU 0
INGM 0
INST 0
IOKR 1
IOMV 6
IOYZ 0
IPOZ 0
IPSN 0
IQMW 0
IRHX 5
IRRI 0
IRUT 12
IUCA 0
IWKE 0
IXGU 0
IXPQ 1
IXXZ 0
IYAR 0
IYGS 0
IYVX 0
IZPF 5
JAFS 2
JAIL 8
JBCE 0
JBWE 0
JCFV 6
JCLX 0
JCQV 0
JDPU 1
JEBR 21
JEXF 2
JGJZ 0
JGUA 3
JHIC 1
JHNZ 0
JHPS 1
JITE 0
JIYM 0
JJDW 6
JJKB 3
JJTS 1
JJUO 0
JKDH 1
JKSQ 0
JMES 2
JMQQ 0
JNBL 0
JNZD 107
JODO 2
JPJL 0
JPOB 0
JQBV 1
JQHN 0
JQHT 3
JQQD 5
JROK 7
JRQQ 1
JSKQ 0
JTGI 21
JTPV 0
JUHE 1
JVAQ 0
JVJO 3
JVQB 9
JWFH 24
JWVD 30
JXPR 0
JXWN 0
JYDW 6
JZWJ 2
KBHY 2
KCOD 0
KDDC 1
KDRF 1
KDTT 0
KGEM 2
KIGD 0
KJMA 0
KKAL 0
KKHR 47
KKLJ 0
KKYA 0
KLDV 0
KLFU 0
KLKQ 6
KLMQ 1
KLTG 10
KMRL 0
KNPH 0
KOSP 2
KQPP 0
KSDX 1
KTZS 1
KUGY 6
KUKZ 3
KUUO 4
KWDP 1
KXAR 1
KXPW 6
KYAV 4
KYGN 0
KYHB 1
KZMO 7
LBNN 17
LCSN 3
LCTD 1
LCTF 1
LEFT 0
LGZR 4
LHMD 10
LHMX 2
LHOB 0
LIYO 34
LJAU 1
LJEG 0
LJYO 10
LKEV 28
LLPG 0
LLST 0
LMNX 0
LMXY 4
LNTG 4
LPSC 0
LQDL 45
LQDT 0
LQUR 0
LSNX 1
LSQA 1
LULD 3
LUPC 0
LWGI 0
LYEQ 0
LYRS 0
LYVC 0
MASJ 12
MBMM 5
MCPX 4
MDOZ 1
MEVN 0
MGRE 30
MHCQ 2
MHWN 2
MIAY 3
MIHW 1
MIXB 0
MJFK 2
MJLJ 2
MKGC 7
MKRO 0
MKRT 3
MLCS 142
MLIV 0
MLJO 1
MLVP 3
MMRJ 0
MPJC 2
MPYF 0
MQIG 0
MRDI 3
MRFY 11
MSGH 3
MUCC 0
MVKH 0
MVPQ 3
MWVP 0
MXJC 0
MXPQ 1
MXXU 0
MYEJ 0
MYUR 1
MYYN 0
MZBP 7
NBUV 0
NCBL 1
NCDT 1
NCTN 8
NCVG 1
NDGQ 1
NDQZ 0
NDTQ 2
NEPS 15
NFCC 0
NGBW 16
NGGD 0
NGUK 0
NIKP 0
NIUT 0
NJOE 1
NJQV 0
NKBE 0
NKHD 52
NKSC 0
NLFL 0
NLVE 100
NMEQ 0
NNOP 0
NNQK 1
NNWP 11
NOIP 18
NOLK 0
NQEL 6
NQMA 1
NRQU 1
NRSY 0
NTSQ 1
NTWU 2
NVWE 2
NYFJ 22
NZAR 0
NZHX 0
NZXP 2
OASJ 0
ODSP 0
OESW 0
OFDO 0
OHJM 2
OHWD 29
OIDX 0
OIDY 0
OIJP 1
OJUL 2
OJVR 0
OKJH 0
OKLW 1
OLBW 3
ONBI 0
ONNC 2
ONZD 0
OOGR 0
OOHY 31
OPED 0
OPWM 1
OPZN 5
OQSO 0
ORJP 0
ORXJ 0
ORZQ 0
OTEI 0
OXJF 0
OXUC 0
OYGS 0
OYQW 6
OZHN 0
OZJC 1
OZMU 67
OZUV 1
PAZU 0
PCGF 3
PEFU 0
PEGL 0
PFTH 0
PFWJ 0
PGKA 7
PGMO 0
PHWE 29
PIVK 0
PJJF 0
PKJO 0
PKOP 10
PKQY 3
PLQR 12
PLUG 0
PMAN 0
PMBJ 3
PMLO 1
PMUF 0
PMXN 0
PPHR 0
PPNE 1
PPQX 30
PQMP 0
PRAT 0
PROA 0
PRWC 2
PSJO 1
PSRB 0
PUAX 3
PVAC 0
PVTR 0
PWWQ 1
PYHT 0
PYVS 1
PZJF 2
PZXD 0
QAKG 0
QAKV 0
QBEM 0
QBIW 0
QBSM 0
QCEA 0
QCNR 0
QCRP 0
QCZQ 6
QDRU 20
QFOO 1
QFTF 0
QGNM 6
QHBC 7
QIIR 0
QISI 0
QIWV 1
QLUE 1
QMZF 6
QNDK 0
QNDO 0
QNKY 4
QQLQ 1
QQRL 1
QRRI 0
QSKX 0
QTYZ 0
QUUK 2
QXAO 0
QXIK 0
QXUS 0
QZKB 1
QZQP 1
QZRO 2
RAHZ 0
RAWH 0
RAYO 1
RCSA 5
RDTD 4
RDWM 1
REHP 2
REPI 6
RFWH 1
RGVH 0
RGXY 14
RHRR 1
RHUN 11
RHVZ 1
RIAZ 0
RIDF 0
RIUO 6
RIZN 2
RJBE 2
RJBL 1
RJYU 0
RKKD 0
RKYY 2
RLUB 0
RLXW 0
RNAI 0
RNBT 0
RNHO 4
ROIK 81
RQHN 0
RRUU 3
RSSJ 0
RTNL 0
RTOM 0
RTQX 4
RTST 1
RUJX 0
RUKW 5
RUPR 5
RUPT 1
RVAC 0
RXXL 0
RXZQ 39
RYQY 4
RZAJ 13
RZKI 2
SBDQ 0
SCDQ 0
SCFB 16
SCTP 8
SDJV 4
SDQW 0
SEDC 0
SEUV 0
SFBB 2
SGIA 0
SGUW 0
SIBX 0
SIQU 0
SJOR 0
SJTH 0
SJZH 1
SKGT 0
SKWE 4
SLWG 0
SOFJ 31
SPOS 1
SRPT 0
STBQ 1
SUBK 0
SVKF 0
SWDV 2
SWGT 0
SWIN 0
SWKP 0
SXEY 1
SXGH 2
SXJQ 0
SXMU 0
SXQN 0
SXYH 1
SYMQ 0
SYPQ 0
SYWL 0
SYXS 0
SZRP 4
TBLD 1
TBYQ 3
TDAR 0
TDPW 3
TEUU 0
TEVH 2
TFHO 346
TFNQ 2
TFOK 3
TGBO 1
TGEN 0
TGUL 3
TINO 3
TIQW 6
TJUU 0
TKMF 0
TKWD 1
TNEZ 2
TNFR 0
TNJK 0
TNPG 0
TOZJ 4
TPAY 2
TPJD 5
TPZL 0
TQQH 3
TRPA 0
TRPO 2
TSJP 7
TSKR 0
TULM 2
TUOH 0
TVLK 0
TVOQ 0
TVPP 2
TWZT 0
TXOD 0
TXXD 0
TYFA 8
TYWB 16
UAJO 0
UBKG 0
UCCS 1
UDQM 1
UDSC 0
UDYS 0
UEIN 0
UEPH 0
UEQE 0
UEYT 0
UFBZ 0
UFMX 1
UFSG 0
UGFH 4
UGYC 4
UJHZ 3
UJRZ 0
UJTT 1
ULQN 0
UMUA 0
UNQE 0
UORQ 0
UPKR 0
UQAZ 0
UQFT 0
UQIV 0
UQWC 0
URQJ 0
URXT 1
UTBZ 0
UTIM 1
UTJU 1
UTYZ 0
UVIV 0
UVOS 1
UWFI 2
UWSC 1
UXIT 4
UXZZ 2
UZBO 3
VAZV 3
VBHE 0
VBID 0
VCAX 0
VDMQ 0
VDWY 0
VEIQ 0
VEVD 244
VFBZ 0
VFQB 1
VFYU 0
VGIT 0
VGLK 6
VGPZ 1
VGVM 0
VGWM 0
VHJA 1
VHYC 6
VIBH 0
VJIH 0
VKTY 1
VLDK 0
VLXY 52
VMES 105
VMTJ 0
VMYR 0
VORY 2
VOUR 0
VPJE 10
VPXD 0
VREN 0
VRPX 0
VRZO 0
VSCR 0
VSFP 0
VSKF 1
VSLJ 8
VSNV 2
VSOB 4
VSZE 1
VTQV 4
VTRX 0
VTUV 1
VTXK 0
VUAC 0
VUAE 1
VVAS 0
VVCB 1
VVDE 1
VVUF 0
VWBX 19
VXCT 4
VZQT 0
VZSO 0
WAIH 0
WAMN 2
WBDB 0
WBMI 3
WESK 0
WFHC 0
WFKK 0
WGEU 0
WHLS 0
WHTA 0
WKLR 3
WLKL 1
WMUE 1
WNWN 2
WOAE 0
WOZP 1
WRQP 13
WRZO 1
WSYE 0
WUQT 0
WVFR 5
WVOG 0
WWIM 0
WWQI 0
WXCX 0
WXGI 3
XAFG 2
XAOM 2
XBLU 0
XBZX 17
XCNA 17
XCYO 0
XEZX 0
XFDB 11
XGOR 11
XIII 0
XIMZ 0
XIUK 2
XIWM 3
XJIJ 0
XJLV 0
XKVB 26
XKXE 0
XLQO 10
XLWJ 0
XMCQ 14
XMVN 1
XNAL 1
XNME 0
XOCM 1
XOMF 5
XPBM 1
XQSV 0
XRDX 0
XRUQ 0
XSJL 0
XSKH 112
XTBI 1
XTOO 7
XUEZ 0
XVTO 0
XVVN 2
XVXX 0
XYGK 0
XYSR 1
XYVL 0
YABO 0
YALL 0
YCEM 0
YEIT 0
YFFR 0
YFYA 6
YGDD 6
YGIH 6
YILG 2
YIQC 18
YIWT 7
YJEJ 0
YJFW 4
YKQF 18
YLLA 0
YLLS 0
YLNU 1
YOCO 74
YOJL 5
YOOJ 0
YOQZ 4
YPIH 49
YQXV 0
YQZR 0
YRSN 10
YRVF 1
YSFB 0
YSNC 2
YSTX 2
YTKQ 8
YTWF 1
YTZW 3
YUNW 0
YUVP 0
YVJN 0
YXEJ 28
YXIY 2
YXLJ 45
YYFR 1
YYZM 0
YZIK 0
ZAAY 0
ZBWI 0
ZCPR 0
ZEPP 0
ZFWL 0
ZGTP 10
ZIDA 1
ZIXL 0
ZLNZ 0
ZLOK 0
ZLQA 2
ZLZT 0
ZMUR 1
ZPON 21
ZPOS 1
ZQCI 0
ZQFM 3
ZQPU 0
ZRPJ 2
ZTCC 0
ZTHS 0
ZTKF 0
ZUKH 2
ZUWT 0
ZVCO 0
ZVJT 9
ZVZZ 0
ZXIK 0
ZXLC 1
ZXMR 12
ZXPI 3
ZXXD 0
ZYTF 0
