ABAM 1
ABHN 0
ABMO 0
ACHM 0
ACYG 0
ADAV 2
ADSN 1
ADWK 4
AENM 1
AENU 0
AERY 0
AEZQ 1
AHFC 0
AHUH 4
AIFI 0
AIPF 0
AIZO 1
AJHD 0
AJMZ 3
AJQY 0
AKEA 1
AKXL 0
ALKV 0
ALNC 1
ALTJ 2
ALUL 4
AMHE 1
AMRS 0
ANPF 1
ANZF 6
APJA 0
APJK 1
APKL 0
AQPV 3
AQTC 1
ARCY 1
ARHC 0
ARPS 6
ARTS 0
ATKS 0
ATNO 9
AUKA 39
AUTO 1
AUUK 0
AXEX 2
AXNY 0
AYLM 1
AYWX 2
AZGM 0
BALT 1
BBGW 3
BBQG 8
BBSS 5
BCFN 0
BCGT 2
BCRO 0
BEYH 0
BFCU 1
BGHA 13
BHCG 2
BHTX 0
BJDA 0
BJRR 0
BKNV 0
BLBB 0
BLNB 4
BMMM 25
BMWC 2
BNHV 0
BNJN 4
BPBB 1
BPBC 0
BPGW 1
BPLU 0
BPSZ 3
BQIF 2
BQPC 0
BREC 3
BSFP 0
BTOX 1
BTYR 1
BUJF 0
BVJM 0
BVVR 0
BWEZ 0
BYSL 0
CABV 0
CCBI 1
CDHV 0
CDIA 1
CHHN 20
CHQE 0
CIGY 0
CIWH 0
CKJZ 4
CLDI 0
CLOC 1
CMKY 0
CNWY 0
COQU 0
CPGL 19
CPSQ 0
CQEH 0
CQFT 9
CQOW 4
CQRQ 5
CRLV 0
CSJV 1
CSPE 1
CSRP 1
CUQH 0
CWCX 0
CXEC 42
CXTX 1
CXUS 14
CXXK 1
CYHB 0
DAEH 6
DAFF 2
DAFP 0
DAKT 2
DBJT 0
DBYG 0
DBZM 0
DCCA 0
DCHC 0
DCTM 5
DDNI 0
DDVN 0
DEMX 0
DFQD 0
DGCT 0
DGQF 1
DHHR 0
DHIR 11
DHKE 14
DIJW 4
DJQP 4
DKQG 0
DLAY 1
DLUF 0
DMKB 0
DOCQ 0
DPOH 0
DPXX 0
DPXY 0
DQXU 0
DSBE 242
DTCS 0
DTDG 0
DTUH 1
DUAR 0
DUMQ 0
DUUF 0
DUVP 0
DUWG 0
DVDJ 2
DVWK 0
DWJJ 9
DWKB 0
DWUG 1
DYTA 0
DZGW 0
ECAJ 1
ECST 0
EDSO 0
EEJA 1
EFCR 31
EFVY 0
EGAL 0
EGNC 3
EHTD 18
EJJA 0
EJWX 0
EKDM 0
EKKM 0
ELAN 0
ELHB 0
EMLB 5
ENVF 2
EOSZ 1
EPHT 0
EQBZ 0
EQRW 2
ERAF 0
ESAQ 12
ESGV 0
ESHY 2
ESIT 0
ESUD 0
ETIX 0
ETKS 3
EUZG 0
EWAW 1
EWWQ 1
EXIP 23
EXNS 1
EZFZ 8
EZHX 1
EZWH 1
FAML 0
FAUZ 3
FBVC 3
FDIZ 0
FEDE 12
FEKZ 0
FFEI 0
FFJU 0
FHLH 0
FHXW 0
FIFF 4
FIVU 0
FIWH 0
FIXR 0
FJLD 10
FJTT 0
FKRW 3
FLDN 0
FLFP 0
FLPI 9
FMKB 3
FMKT 0
FMTB 0
FMWS 0
FNKQ 0
FPIY 1
FPMS 0
FPSV 0
FQCY 1
FQPZ 1
FQZA 0
FRJL 1
FRLM 0
FSYD 0
FVHG 0
FVLE 0
FWHZ 1
FXDC 0
FZPY 2
GAVK 0
GBVH 0
GCPS 5
GDDW 0
GDPN 0
GFPP 2
GFWA 2
GGMI 1
GGUT 0
GHDI 0
GHGM 1
GHWN 0
GILQ 36
GJEK 5
GJFO 0
GJFU 0
GJGO 0
GKNR 2
GMFY 233
GNJS 0
GNSQ 0
GNZA 3
GOAI 0
GOXY 3
GQJO 0
GQMT 0
GRDZ 0
GRKA 0
GTPG 0
GTZQ 1
GUGO 0
GUKD 1
GUPJ 3
GUQY 0
GUWI 0
GVWC 0
GWCS 1
GYMZ 0
GZEN 1
GZMU 0
GZOM 0
GZQJ 1
HBCK 0
HBMQ 13
HBSC 0
HBSY 0
HBXQ 0
HCCO 0
HCFM 2
HDVU 1
HGPB 1
HIDB 0
HIDL 0
HIKM 0
HILK 0
HIPK 0
HIUK 2
HJAV 0
HJBG 0
HKCI 0
HLDG 0
HMXI 5
HNFO 0
HPAU 0
HPJT 0
HPXL 11
HQNJ 1
HRND 3
HRRV 0
HSAK 8
HTGU 1
HTRB 0
HURG 2
HWDO 1
HXRZ 0
HYQZ 4
HZFS 0
HZGM 0
HZNS 5
IABN 5
IBFO 1
IBGE 2
ICLZ 0
ICQH 0
ICVE 12
IDHY 1
IEIV 1
IEJA 0
IEUS 2
IGQZ 0
IGWT 0
IHAY 0
IICZ 0
IIDY 0
IIMY 0
IIOI 0
IJLB 0
IJLC 0
IJXX 30
IKCQ 2
IKEG 0
IKOT 10
IMFR 3
IMJH 3
IMQC 0
IMTB 1
INJA 0
INQQ 6
IOVZ 0
IRKW 1
ISPI 1
ITFS 11
ITQS 1
ITUY 0
IUAF 2
IUHJ 10
IWUN 4
IYCH 1
IZIA 27
IZQB 11
JBJD 3
JCIW 0
JELW 0
JFHI 1
JFII 0
JFNT 1
JJCD 3
JJRX 0
JJSM 0
JKCV 3
JKVV 1
JMHG 2
JMLL 0
JMMW 92
JNHV 0
JNNW 32
JNOJ 1
JOKY 2
JPCE 0
JPHY 0
JQIZ 2
JQJL 0
JROY 4
JRTJ 0
JSZZ 1
JTSM 0
JTTO 1
JUKT 2
JUSI 12
JVTF 0
JXCL 0
JYHS 1
JYPR 5
JYSJ 0
JZLY 0
KAKB 0
KAST 0
KATM 3
KBKY 98
KCFI 1
KCMK 0
KCTG 69
KCYB 7
KFIS 0
KFMZ 1
KFZD 2
KFZW 7
KGEO 62
KGVQ 1
KHNI 4
KIDH 1
KIDR 0
KIGW 0
KIIN 0
KIMO 0
KIOJ 0
KISI 0
KJEA 0
KJZL 1
KMGL 6
KMJC 0
KMUJ 1
KNVZ 0
KPHN 0
KPPA 0
KQCM 1
KRBB 2
KRDA 0
KTTH 2
KUWD 1
KVEB 4
KVIM 0
KVSR 0
KWAW 7
KWHD 2
KXHG 0
KXSV 0
KYLI 0
KZDT 1
KZFM 0
KZGS 0
KZNG 0
KZUP 1
LAUI 0
LBDP 0
LBTC 0
LCWL 20
LDTR 30
LDUL 1
LEZC 2
LGAP 0
LGZY 0
LHHU 0
LHIW 0
LHUL 0
LIGP 1
LJAC 5
LJFN 3
LKXI 457
LLRR 27
LMLM 0
LNJO 0
LNUD 0
LNXJ 2
LNYV 3
LODK 0
LOKH 0
LPEA 16
LPKO 0
LPNI 1
LPSY 0
LPTQ 0
LQYB 1
LRUM 9
LSGU 0
LSRQ 2
LVCA 0
LVDI 5
LWRK 3
LXBC 0
LYKR 0
LZFR 0
LZKS 0
LZOI 3
MARY 0
MBTK 2
MBTU 0
MCIE 0
MCJI 21
MCNQ 0
MCSB 0
MDGO 0
MFEA 0
MFMM 0
MFOS 2
MJCG 0
MKIM 0
MKMW 0
MLBD 11
MLCH 3
MMHK 0
MMOZ 0
MMWG 2
MMYE 4
MNVE 1
MOGG 1
MPDQ 15
MPQI 1
MPRQ 9
MPUE 2
MQNB 6
MQWH 3
MQYT 0
MQZR 2
MTEA 0
MTEO 3
MTQA 2
MUEZ 0
MUUD 16
MUYD 1
MVMZ 1
MWKA 2
MWWQ 0
MYGM 2
MYWN 8
MZAM 4
MZIX 2
NAGS 0
NAPF 0
NARE 7
NCFG 1
NCLL 1
NCUC 0
NDGT 13
NHGF 1
NHWU 0
NHZF 1
NJGG 1
NJRP 2
NKIE 2
NLGO 0
NLNU 0
NMAY 1
NMNO 4
NMZQ 11
NOCC 0
NOQZ 1
NPGM 1
NPIQ 3
NPQG 0
NPTB 1
NQFU 4
NQYM 1
NSCX 0
NUKH 3
NVQX 2
NVZN 0
NWDW 0
NXAR 0
NXKN 0
NXQD 0
NYIU 1
NYSW 4
NZHC 5
OAIY 0
OCYN 0
ODQZ 8
ODXP 1
OFCV 0
OFCW 4
OFON 13
OFVX 0
OIHI 0
OKDC 1
OLON 0
OLWX 0
OMHG 1
OMYB 2
ONLR 0
ONWN 0
OPGO 0
OQQJ 0
OQUU 0
OQVY 3
OQXE 0
ORVJ 5
OSNA 0
OTYW 6
OUHH 0
OUNN 1
OVHS 2
OWCA 0
OWMN 0
OXLD 7
OYBH 25
OYEX 3
OZCP 69
OZEJ 2
OZST 11
OZUY 0
PBBM 4
PBIV 2
PCLK 0
PCOF 10
PCTH 1
PDDV 0
PDOX 0
PDRS 1
PEIS 0
PGBT 2
PGML 0
PHBW 1
PHHL 3
PHNY 0
PIEP 12
PIJE 1
PILB 0
PJBV 0
PJPR 1
PKAT 1
PKRU 4
PKTH 0
PODB 1
PPGX 8
PQLE 0
PQSL 1
PRBJ 10
PRZT 2
PTXN 18
PUGW 1
PVVZ 2
PWEF 0
PWJU 9
PXGG 0
PYKU 0
PYXN 1
PZCQ 1
PZMS 0
PZUY 0
QAIL 0
QAKF 13
QAPG 0
QBAV 0
QBGI 18
QBOX 28
QBPH 2
QCFK 4
QCGR 0
QCGX 2
QCHT 0
QCJF 0
QCLC 16
QDIU 0
QDTP 2
QEEZ 11
QGDP 0
QGLQ 0
QGVU 1
QHHD 2
QIPX 28
QJNU 0
QNLM 3
QORP 1
QOWQ 5
QOYN 0
QPXE 0
QQNR 2
QQRM 0
QRLR 3
QRZA 7
QSIJ 0
QSLX 0
QSRI 105
QTRT 9
QVDJ 3
QVJC 3
QWWH 0
QXUZ 0
QXYX 0
QYDN 1
QZHF 1
RAFQ 0
RCIA 1
RDPX 0
RDTK 4
REKZ 2
RFEN 2
RFLC 1
RFYP 0
RGHY 0
RGRC 1
RHAT 0
RHGT 76
RHIO 1
RJMY 0
RKUP 1
RLKT 0
RMOJ 2
RNUK 1
RNWA 4
ROSX 2
RPIZ 0
RRIZ 6
RRPP 0
RRWF 2
RSOA 25
RSRH 1
RSTQ 5
RTBH 10
RTVJ 0
RVIE 1
RXCD 0
RXGI 0
RXQH 0
RYCO 357
RYJB 0
RZMB 1
RZQW 0
SCKG 0
SDXO 0
SENE 5
SEOL 8
SFGW 8
SFPD 0
SGVZ 0
SHRB 0
SIAC 2
SIBU 3
SIKZ 3
SJLZ 3
SJUU 0
SKGA 1
SLMC 0
SMBX 0
SMGU 0
SMKQ 0
SMVO 0
SOOR 0
SPIT 1
SPJI 1
SPJM 9
SPRA 0
SPRQ 2
SQQF 1
SSRA 64
SUHH 0
SUKF 5
SUWK 3
SUYR 11
SVKD 0
SVPC 0
SWLO 0
SWPH 0
SXSG 0
SXXX 0
SYGS 0
SZPX 1
TABC 0
TAQA 4
TCEI 0
TDYT 0
TGIL 0
TGWP 0
TIZH 2
TKFF 2
TKHC 2
TKIV 0
TOMY 6
TPAJ 0
TPGA 1
TQPM 30
TSWO 6
TTBB 2
TWNX 0
TWOO 0
TYXB 2
TZVZ 3
UANK 0
UBPJ 1
UBYX 20
UCQX 0
UGXA 2
UHKE 0
UJMP 1
ULCB 7
ULMI 1
UNQR 0
UPRC 0
UQEP 47
UQOZ 2
URFT 0
UROS 2
URUP 1
UTSY 0
UUYN 4
UVPU 1
UXSY 0
UYAN 41
UZCT 3
UZEQ 1
UZYX 1
VACX 2
VAZV 0
VBJO 8
VBOV 8
VCFU 1
VCTO 1
VDGG 2
VDPH 0
VFNA 0
VFQF 1
VGJB 0
VGZM 0
VIBG 3
VIJG 0
VIRD 0
VISZ 0
VJYI 0
VLKV 996
VLOM 0
VLWL 6
VLXM 0
VMOB 96
VMSI 2
VNEZ 4
VOLS 0
VOSL 0
VPXA 0
VPZK 0
VQHF 1
VQLQ 1
VQWD 0
VRXC 11
VSSY 0
VUOL 1
VVER 0
VVQN 1
VVRQ 0
VWNA 0
VWTX 2
VWXM 0
VXTI 2
VYHE 0
VZIT 0
VZNI 0
VZQF 1
WBGC 24
WCQU 0
WDAM 0
WDKT 3
WEGY 1
WFGL 7
WFJY 2
WFLM 0
WFZO 0
WHIR 0
WJBB 0
WJJS 53
WJZT 1
WKMZ 1
WMDF 1
WMOD 6
WNGX 0
WNMX 7
WNZC 0
WOAU 0
WOJI 0
WONN 2
WPGA 14
WPKA 5
WQHF 4
WSCU 0
WUBM 0
WVWV 5
WWCQ 90
WWHA 3
WWRS 0
WXAB 0
WXKI 0
WXQJ 0
WXRQ 0
WXXX 0
WZRV 0
XAVQ 0
XAYN 0
XBBB 1
XBJT 0
XDCC 0
XDLM 2
XEDQ 12
XFCS 0
XFEZ 1
XFYG 0
XHTJ 3
XIGZ 0
XIPK 335
XIRU 14
XJRZ 4
XKID 0
XKMI 1
XKSO 1
XLRP 12
XLUJ 0
XMEQ 0
XOER 0
XOUJ 0
XQCI 5
XQPD 0
XQUF 0
XRMX 0
XRQS 8
XSAM 0
XSDG 0
XSTP 15
XSVR 1
XSZK 4
XTUK 1
XVCD 9
XXHC 1
XXRH 0
XYEB 2
XYHO 0
XYLH 0
XZBE 1
XZJU 1
XZLZ 0
XZQB 1
XZSE 0
YCBJ 0
YDAU 1
YDKS 4
YDRU 0
YEZN 0
YGQH 0
YGWW 0
YHVZ 1
YIEN 0
YISR 0
YJFV 2
YKVH 1
YMKX 2
YMOJ 0
YOVQ 8
YPDK 0
YPKW 10
YQAA 7
YQOO 1
YQRJ 1
YQYW 0
YRNP 5
YRYI 0
YTMP 3
YUEL 0
YUSD 1
YUSY 0
YVDC 0
YWAV 0
YWUK 0
YWUV 0
YXBQ 0
YYWP 0
YZFW 2
YZMW 1
ZALM 1
ZCON 0
ZEIL 3
ZEVS 1
ZEZG 0
ZIJD 1
ZIZQ 83
ZKHO 3
ZKQW 1
ZMNI 2
ZNCC 0
ZNKO 0
ZOFG 0
ZOTQ 2
ZPUU 0
ZQKK 0
ZQTE 1
ZRFR 0
ZRFY 6
ZRMW 9
ZRRV 9
ZRWY 0
ZRYU 0
ZSZC 0
ZTZS 0
ZUMX 0
ZUPJ 1
ZUWZ 0
ZVJB 0
ZVNQ 69
ZVOB 3
ZWBJ 0
ZXNQ 0
ZXVM 2
ZZPT 4
