AAIZ 0
AASD 0
ABDW 0
ABEM 0
ABKH 68
ABLJ 0
ABMX 1
ABNT 0
ADIF 0
AEHN 2
AFDO 2
AFDZ 0
AFJV 5
AFMC 2
AFQO 1
AFUZ 5
AGAZ 3
AGBF 4
AGRX 0
AHIA 0
AHMI 0
AHVE 0
AIJU 0
AJFR 3
AJQQ 0
AKAF 0
AKTT 0
ALSQ 82
ALXE 1
ANAF 23
ANLI 1
ANWP 4
AOLY 9
AOSI 0
ARPJ 0
ARRK 0
ASMW 1
ASNM 1
ATKN 0
AUEO 78
AUSJ 129
AUVR 0
AUYE 1
AVSV 2
AZOS 12
BAAT 0
BAJX 0
BBEK 1
BBGQ 0
BDEI 3
BEME 0
BEVM 0
BFFI 2
BGRF 0
BHQT 0
BICP 3
BIEG 0
BIRM 1
BJAO 2
BJJU 0
BKMR 0
BKPQ 2
BLKC 0
BLPH 8
BNBI 2
BNBJ 1
BOQK 0
BOZZ 1
BPEZ 7
BPPA 57
BPTF 3
BPTR 1
BQFH 2
BRIY 0
BRRO 5
BTGC 0
BTNJ 0
BTYX 0
BVZT 1
BWNH 0
BWOR 1
BXEO 0
BXPZ 0
BYIX 8
BYPA 0
BZSW 0
CAEU 1
CAVQ 1
CAWH 0
CCAC 0
CCSU 0
CDOG 2
CFRR 0
CGFH 47
CGXQ 1
CHDW 3
CJLG 0
CKST 3
CLPK 1
CLSM 14
CMOH 1
CNIG 1
CNLF 13
CQUJ 0
CRLQ 12
CRMK 7
CRNZ 0
CSCO 1
CSFZ 11
CSJS 1
CTTF 0
CUZO 0
CVKA 0
CVLJ 1
CWBD 0
CWLR 1
CXPA 8
CYEI 0
CYTJ 2
CZWE 4
DALR 0
DBEI 0
DCLS 0
DCQQ 0
DDKV 2
DDYS 0
DFDG 9
DFMN 27
DFZR 0
DGQF 4
DGXW 13
DHYR 0
DIRR 1
DJDJ 2
DJNF 26
DJPN 0
DJYJ 0
DKGT 0
DMIJ 2
DNDO 3
DNIG 0
DNOQ 2
DPGE 0
DPWP 0
DQFJ 0
DQPB 3
DRGY 4
DRZO 4
DSJG 7
DSPD 0
DSRQ 1
DSVT 1
DTLH 0
DVVE 0
DWPW 3
DXOB 0
DYAD 225
DZEY 5
DZKT 4
DZWJ 1
ECOZ 0
EDYG 0
EEOJ 0
EERF 0
EEZJ 1
EFER 4
EKVF 1
ELLE 0
ELOR 0
EMLF 0
EMRH 0
EMZD 0
ENIJ 2
EOVU 0
EPLZ 0
EPOZ 996
EQNM 0
EQNP 0
EQTJ 0
EQXM 0
ERWG 0
ESDB 0
ETDF 0
ETSG 0
ETTT 0
EUHX 1
EUXQ 3
EXPN 0
EXVC 1
EZGB 4
EZVB 3
FARM 1
FAVR 1
FBVS 1
FCXW 0
FDAF 2
FDRB 49
FEJG 0
FEKN 0
FEXX 3
FFGX 8
FGDA 17
FGSY 0
FGYE 1
FHMI 1
FHMZ 24
FHVQ 0
FHXS 1
FIDJ 0
FKLN 0
FKQL 0
FLAZ 0
FONL 5
FOQX 0
FOUO 0
FPEF 0
FPXQ 0
FQOS 12
FRKR 0
FRTZ 0
FTJQ 3
FUFJ 4
FVAY 0
FVHV 1
FVJU 1
FWPQ 1
FWQI 1
FWUC 8
FWWA 1
FXGM 1
FXXF 2
FZCV 0
GAJE 0
GBGI 1
GBIM 6
GBSM 9
GBWV 200
GCIA 1
GDPL 1
GDRY 15
GDUV 0
GEXF 0
GFII 0
GFIO 2
GGFQ 36
GHAW 0
GHDH 0
GJFQ 4
GKCL 0
GLEY 6
GLKX 3
GNTE 1
GPIX 1
GPUS 5
GRBA 0
GSAP 0
GTMJ 0
GUHT 0
GULE 2
GUPW 0
GVIF 0
GVPO 1
GWLY 1
GYZY 2
HAGY 3
HAJQ 2
HARF 0
HBVH 0
HCKC 1
HCXA 0
HDVB 9
HENJ 0
HEPF 3
HFUN 0
HHUK 0
HIEM 0
HJBD 0
HJFJ 0
HJOG 354
HKFO 3
HKHO 1
HMUX 10
HNCV 0
HNDZ 0
HPFA 15
HQGH 0
HQKX 0
HSGO 0
HUZZ 5
HVHM 1
HWJC 1
HWNX 5
HWUU 1
HXJE 5
HYOX 0
HYVA 0
HZBA 3
IAMD 2
IANS 0
IAPI 1
IASE 2
IBPU 0
IELQ 2
IEYM 0
IFOT 0
IHBG 56
IHGX 0
IIQK 0
IJBD 1
IKKY 0
ILAU 0
ILHG 10
ILOT 1
IMSV 1
INZT 0
IOHD 1
IPTR 12
IPVB 0
IPYH 0
IQSN 1
IRKR 2
IROE 3
ISGX 0
ISKJ 2
ITHG 34
ITYW 8
ITZP 0
IUTS 8
IUWE 0
IVDQ 25
IWKR 2
IWXD 1
IWZO 0
IXLL 2
IXOV 0
IYRN 0
IYTC 0
JASW 0
JAXF 0
JCSD 0
JDMF 4
JEGR 2
JEPY 1
JJGR 1
JJZD 5
JKAS 0
JKDP 1
JMEO 1
JMKG 0
JNAB 0
JNFF 0
JNUP 35
JPAB 0
JPML 6
JPQV 0
JPRQ 0
JQCB 1
JRBV 2
JRDF 0
JSFI 0
JSPR 1
JSWG 1
JSYV 0
JUUG 0
JVKF 1
JWEV 78
JYJS 0
JZSI 0
KBAQ 0
KBSY 3
KCKQ 19
KCLV 2
KDVC 1
KGHU 0
KGPL 8
KHGY 0
KIZZ 3
KJKK 0
KJXN 2
KKKS 3
KMLY 0
KMOT 10
KMTK 1
KMXL 0
KNGV 0
KNVG 4
KNZF 0
KOHY 3
KOWW 1
KOXV 1
KOZM 0
KPHE 3
KPJU 1
KPKJ 1
KQDN 1
KQKW 0
KQYJ 0
KRAW 3
KREE 0
KREN 7
KRKF 0
KRXR 0
KSJJ 6
KTEF 0
KTEL 3
KTHA 1
KTJG 0
KUGA 12
KULM 0
KVTR 1
KVUL 0
KYGR 29
KZAB 2
KZCN 5
KZNF 0
LCDN 0
LFAS 0
LFID 2
LGRG 0
LHAO 0
LHFE 0
LHPJ 0
LIOY 1
LJJP 11
LKAA 0
LKAK 1
LKZW 0
LLGP 0
LLXP 0
LLYL 0
LMPA 0
LPAE 0
LPLC 3
LSAD 0
LSAP 2
LSQS 3
LTXP 0
LVYT 0
LVZO 0
LWII 0
LWOT 3
LWSB 1
LXMY 3
LYNR 0
LYPV 0
MAHI 0
MAJN 0
MAJW 2
MAUH 6
MBEG 1
MBTP 0
MBZT 2
MCHL 1
MCQF 0
MDZC 20
MFTU 4
MFZF 1
MHND 0
MJDD 0
MJFP 79
MJJG 0
MJUH 2
MJZM 0
MKAY 0
MKQR 10
MKTW 0
MLHC 4
MMXC 0
MNCD 0
MNIX 0
MNJJ 4
MNSF 0
MOEZ 1
MRFY 1
MRJK 0
MRKY 2
MSMZ 2
MSVC 3
MTED 1
MUNY 0
MURS 0
MVLM 9
MXKW 27
MYTW 29
MYUP 0
MYVX 0
MZHS 3
NABI 0
NABJ 3
NAKC 0
NBKL 1
NBLX 2
NBYQ 1
NCZD 1
NDNU 0
NEGI 1
NEUO 1
NFZK 0
NHTO 3
NIBL 0
NJBZ 0
NJIJ 0
NJXQ 8
NKEP 1
NLLQ 1
NLOF 1
NMPH 0
NNKI 0
NOSR 3
NOWI 3
NOYT 0
NPVG 1
NPXF 0
NQDT 0
NQLO 4
NQVT 0
NRBK 0
NRMO 31
NRVU 0
NTOC 1
NUCU 2
NVSK 0
NWAL 1
NWUY 0
NXUT 4
NYCM 0
NYVK 0
NZDH 0
NZJZ 0
OAAB 0
OBIL 0
OBSL 0
OCAO 1
OEDO 2
OETN 0
OFAN 0
OHBE 11
OHTO 11
OIEV 1
OIKO 2
OIRU 1
OIUE 1
OIVZ 0
OKGS 5
OKLL 2
OKZH 0
OLCO 0
ONXV 0
OPKW 0
OPNG 0
ORMW 1
ORRX 2
ORZX 0
OSSO 0
OTFS 48
OUSP 0
OVEZ 0
OVGD 0
OVVH 1
OWSR 0
OXST 0
OYHT 1
OYQY 2
OYUR 3
PAFC 0
PAVT 2
PDHS 0
PDHV 0
PEDJ 0
PEMA 0
PEYE 3
PHCZ 0
PHEF 0
PHTD 0
PHXB 1
PIED 1
PNCI 0
PNXA 0
POJZ 0
PONO 18
PPBO 0
PQCC 1
PQNI 0
PSJK 11
PSZI 0
PTYI 4
PUYG 1
PVRR 2
PVSU 27
PXWL 2
PYTV 5
PZDV 0
PZWA 0
PZZH 5
QATN 1
QBTB 0
QCDW 0
QCEN 2
QCHX 9
QCYF 3
QDBF 1
QDYP 0
QFOF 0
QGPL 0
QGWB 2
QHZF 0
QJDW 0
QJJK 0
QJKX 53
QJTH 1
QKQO 0
QKQU 0
QLHX 0
QLSV 0
QLZH 1
QMSG 1
QMTQ 0
QMYX 0
QOIW 1
QPDE 0
QPEH 0
QPFT 0
QQKU 0
QRWT 1
QRXH 9
QSRN 1
QTGZ 3
QUFM 1
QUIU 0
QURY 0
QVGK 25
QWMA 4
QZHC 0
RAGB 0
RBBF 0
RBRA 1
RCRE 0
RCVD 0
RDCJ 1
RFNK 54
RGIK 2
RGMQ 0
RGOO 0
RHEA 2
RHPK 3
RHSJ 7
RJOW 5
RJVL 0
RKEZ 1
RKOW 17
RKWQ 0
RLMF 0
RLXN 0
RMIH 2
RNFZ 0
RNOL 1
ROCG 0
RORJ 0
RQEZ 0
RREN 0
RRJX 0
RRXW 1
RSAO 0
RSYC 3
RTNE 0
RTRM 6
RUQS 0
RVYR 1
RXNO 6
RXPD 0
RXQI 4
RYGD 1
RYJW 2
RYOH 1
SAFE 0
SCLU 0
SDUG 1
SDXF 0
SFFR 0
SFLM 11
SFME 1
SFQS 0
SHOL 7
SIBM 2
SILS 2
SIQL 1
SJET 1
SJGT 2
SJJR 0
SJUB 0
SKBM 1
SKIJ 0
SKNA 0
SKNJ 9
SLJY 8
SLOA 1
SMKL 0
SNPP 2
SOIU 0
SONA 0
SOQO 2
SPRG 0
SQLK 0
SRAA 0
STAO 1
STRR 2
SWGE 0
SWHM 0
SXAB 9
SXNG 0
SXTV 0
SXTW 0
SXZG 4
SYCG 4
SYSR 0
SZMV 0
TBID 0
TBSD 0
TBUG 1
TCTX 1
TENC 5
TEPO 0
TEWZ 0
TFNI 35
TFNJ 2
TFRO 1
TGES 0
THMT 0
TIVS 8
TJCX 0
TJDS 3
TJDW 3
TJGA 0
TJKE 0
TJRX 13
TLAH 0
TMBF 0
TMWR 5
TMXT 0
TOLL 0
TPGT 0
TQWW 0
TSNO 0
TSOJ 7
TSTX 0
TUJI 15
TUZO 6
TVNL 2
TWKV 0
TXLD 2
TXLQ 0
TXUE 6
TXUG 1
TYBX 0
TYJE 3
TYSH 0
TYVR 63
UAFJ 1
UAMQ 3
UAWU 0
UBIG 0
UCFX 0
UCUP 0
UDFP 0
UDYI 1
UEVD 15
UFFL 4
UHCX 0
UHJM 2
UHVU 1
UIIM 47
UJEH 9
UJHR 0
UKEL 1
ULAA 0
ULGK 2
UMES 0
UMUU 2
UMZC 0
UNCG 0
UNHA 1
UNRU 0
URIT 0
URXY 1
USPE 5
USWC 3
UTCQ 0
UTRZ 0
UUCA 0
UUQL 0
UVLK 1
UYMD 0
UZBC 0
UZFP 6
VAKX 0
VBFK 0
VBOY 0
VCHP 1
VCJL 0
VCNS 1
VCSJ 1
VDLR 1
VDUH 1
VDZQ 0
VEGZ 0
VETP 0
VEYE 0
VFTX 0
VGLF 3
VGPB 1
VHRM 0
VHVD 106
VIDH 1
VINK 0
VJRR 0
VJUZ 1
VKJS 4
VKTD 2
VKYT 0
VLKX 0
VLXC 2
VMBX 4
VMNI 3
VMOL 0
VNBQ 48
VOMR 5
VONQ 0
VOXD 0
VQOO 3
VRAI 0
VRSM 4
VRVT 0
VTFA 0
VWCZ 45
VWJE 0
VXHV 0
VXLB 2
VXNV 3
VXTE 0
VYUS 5
VZQL 21
WABH 4
WCZG 7
WDJW 0
WDMM 1
WFQC 0
WFWB 0
WGEB 0
WGLN 0
WGRF 3
WHDU 0
WIFV 1
WJHZ 2
WKAE 0
WKSB 0
WLQA 0
WLXX 5
WMBD 1
WMJA 0
WNBE 0
WNXR 4
WOKG 0
WOMP 2
WPFB 1
WPLE 0
WPYG 0
WPZV 0
WQOH 1
WQZU 4
WRDN 0
WTPZ 2
WWPB 0
WWSM 3
WXBI 1
WYFY 7
WYYE 2
WZCZ 0
WZHN 0
WZPU 136
XBHU 2
XBOH 7
XBOW 5
XCVA 0
XDET 0
XEXY 1
XGCK 1
XGOB 3
XGOX 0
XHSH 0
XKCM 0
XKFS 0
XKIB 3
XMEH 1
XMQK 3
XMQP 0
XNHC 0
XOTF 0
XOZO 2
XPBM 0
XPCQ 0
XQAA 1
XRTA 1
XTYL 4
XUIL 0
XUXE 8
XWIC 26
XWLR 10
XWYV 14
XXGQ 2
XXIT 0
XXMO 0
XYVY 3
XZYN 0
YAJW 0
YASI 0
YBND 0
YCEL 3
YCKD 27
YCLS 0
YCSX 2
YDAA 6
YEAI 0
YFIK 1
YFTW 0
YGAL 0
YGBK 4
YGNE 0
YGNU 3
YHMI 0
YIOT 0
YJGA 0
YKZG 0
YLOI 1
YMVV 0
YMZY 46
YNTZ 1
YQZN 3
YRDP 1
YSEK 0
YSUO 16
YSXI 1
YTIW 0
YUJS 0
YUML 22
YVEZ 1
YVJD 0
YVPE 3
YVVB 2
YVVR 12
YWCW 1
YXCQ 0
YXED 51
YXJL 2
YXVY 3
YYOK 0
YYPQ 0
YZEC 2
YZFU 237
ZBTB 0
ZCIL 0
ZCMA 1
ZCND 0
ZCXI 1
ZDBC 1
ZEAZ 2
ZENA 1
ZFAA 1
ZFJI 1
ZFNA 9
ZFZY 2
ZGCG 0
ZIXX 0
ZJLL 0
ZJMX 0
ZLEQ 0
ZMBZ 1
ZMIP 0
ZPXF 0
ZQGC 0
ZQLM 0
ZQNX 2
ZQVQ 0
ZREN 0
ZRLQ 1
ZRMI 10
ZRVW 820
ZSDL 0
ZUIZ 1
ZVFB 1
ZVIU 0
ZWSU 2
ZXFI 0
ZXNE 10
ZXVP 0
ZYDI 0
ZZDP 1
ZZXK 0
