AAAJ 0
AATZ 0
AAWB 0
ACBO 1
ACCC 0
ACCK 0
ACEL 1
ACKJ 3
ADAG 0
ADMX 0
ADTI 7
ADYR 0
AEFH 2
AELM 0
AESN 0
AGBK 0
AGYN 0
AHHL 155
AHZD 5
AJFH 0
AJII 0
AKXV 1
ALDR 0
ALOI 0
AMCS 0
AMFD 1
AMOT 0
AMTT 0
AMZL 0
ANCD 0
AOEW 0
AOSX 1
AOTA 22
AOVL 15
APHX 3
APWE 0
AQNL 12
AQTD 0
ARGX 0
ARZO 1
ASEW 4
ASXS 0
ATEJ 0
ATMD 0
AUSW 0
AUXO 351
AUZX 1
AVAU 0
AVEO 0
AVLT 1
AXJD 3
AXUA 0
AYOH 0
AYUA 4
AYWF 0
BAOI 10
BAUK 0
BBTC 1
BCLB 1
BCXI 1
BEME 18
BEPB 0
BFAJ 11
BGZV 0
BHDF 1
BHXK 2
BIAN 11
BIBO 2
BIPU 0
BKVY 0
BKXK 6
BMPB 0
BMWN 0
BNDO 0
BNWP 0
BNZG 8
BPBR 0
BPJL 3
BTHR 0
BTNC 0
BTNL 1
BTQU 130
BUFT 0
BVHH 0
BVNX 10
BVPP 0
BWDG 2
BXJQ 1
BXSG 6
BZZQ 1
CABZ 0
CBND 0
CBNI 2
CBRW 1
CBZY 5
CCAQ 0
CDGL 1
CDJX 0
CEGM 5
CESA 0
CETX 28
CFPB 0
CJCQ 1
CJHX 2
CJKO 0
CJXH 1
CKQV 0
CKTY 0
CLAN 2
CLDU 0
CMAM 5
CMDM 4
CMYF 0
CNBH 2
CNXW 0
COHH 0
CPWK 0
CQKG 2
CQLB 0
CQSZ 0
CQXW 6
CRPZ 0
CRXN 0
CSQV 0
CSUL 2
CTEM 0
CTVV 1
CTYI 3
CUVN 4
CVGY 0
CWPA 0
CXBL 0
CXCL 0
CXFB 3
CZDP 8
DACP 5
DBVT 0
DCEJ 0
DCLT 4
DCQR 2
DCSA 0
DDRA 0
DEWX 30
DFHJ 6
DGWH 0
DHHG 0
DHNF 1
DHVH 0
DHYN 1
DIOQ 6
DJDD 3
DJSW 1
DJZC 0
DKSQ 23
DLHR 6
DLOH 1
DNWT 1
DPGA 1
DPUP 5
DQYJ 71
DRNY 1
DRXF 7
DTWV 0
DVDE 0
DVQH 0
DXAK 3
DXCK 1
DXNK 0
DXXI 7
DZCO 7
EBAZ 1
EBOF 9
EBPK 0
ECGR 3
ECPJ 6
EDLF 0
EEKQ 0
EEOS 3
EEQK 1
EEWP 0
EFLY 0
EFZD 0
EGCQ 4
EGNW 0
EHOZ 2
EJJJ 1
EJOW 1
EJVE 1
EJZM 0
EKBB 0
EKMP 0
EKVD 0
ELAD 4
ELJI 0
EMBX 1
ENHK 1
EOLY 2
ERAM 1
ERHD 146
EUAX 0
EUGV 3
EXPJ 0
EXYR 0
EYMR 2
EZKN 1
EZPX 0
EZYM 0
FBCB 0
FBCF 19
FBKW 1
FBTH 0
FCBV 1
FCKV 0
FDSS 0
FDXJ 0
FEEE 0
FEMP 5
FEXY 0
FFTF 0
FGFL 0
FGGR 1
FHQT 1
FIKP 23
FJOQ 3
FJSW 0
FKSI 0
FNWI 2
FOOX 1
FOTR 3
FPIV 0
FRGL 0
FRKJ 0
FRWS 1
FRYS 2
FTNW 36
FTPY 11
FURK 0
FWES 1
FWFI 0
FWTM 4
FXDH 0
FYLP 0
FYZA 5
FZLN 0
FZXJ 4
FZXQ 1
FZZY 3
GAAL 0
GANZ 0
GBGY 1
GBKB 0
GBWK 0
GDJQ 0
GDOE 2
GECA 0
GERE 0
GFNK 0
GGHN 997
GHKI 0
GIHL 0
GJFE 0
GKFU 0
GLHR 2
GMXX 2
GOGE 0
GPTU 0
GPXL 0
GPYI 0
GQOW 2
GTTJ 3
GUDP 2
GUIO 2
GURC 28
GVFN 0
GWYG 2
GXMD 2
GZCN 0
HATD 0
HCBJ 14
HCMC 4
HDAH 0
HEQA 3
HFAV 0
HFRL 0
HGAR 0
HGWC 0
HHTQ 0
HJBQ 0
HJNT 0
HKEJ 0
HKFB 2
HOBQ 2
HOHB 1
HOUT 0
HQRZ 9
HRGU 0
HRNE 0
HRQV 0
HRTE 0
HUJW 0
HULX 1
HUWD 2
HVLL 1
HWDX 0
HWEQ 0
HWOE 0
HXEX 1
HXHT 2
HXUK 4
HZBJ 12
HZFV 0
HZLV 0
HZME 1
HZVS 22
HZYU 57
IAGQ 0
IBDB 1
IBRE 7
IEAE 0
IEGH 1
IEOF 7
IFVM 0
IGJA 0
IJAL 0
IJUY 0
ILFB 1
ILRW 0
IODC 3
IOEY 0
IOLA 1
IPAY 0
IPCQ 0
IPOD 1
IPSH 4
IQCS 3
ISFQ 0
ISUQ 0
IUAN 6
IUQU 10
IWAJ 0
IWLL 1
IWOJ 8
IXHH 0
IXKM 6
IYYJ 0
IZLF 0
IZNZ 0
IZQY 35
JAJK 4
JAOZ 0
JAZB 1
JDZH 0
JENV 0
JFPW 1
JGNV 0
JHCN 228
JHMN 0
JINA 0
JJHB 0
JKAN 0
JKFW 0
JKWL 0
JLFL 0
JMMI 1
JNAM 0
JNHW 0
JOXP 9
JPYF 5
JQML 12
JRKZ 1
JRZW 0
JSKD 0
JVBF 0
JWGT 0
JWWR 0
JXRE 3
JXWU 5
JZFB 11
KAAD 0
KAXQ 5
KCJX 3
KDKU 0
KDOR 19
KEKU 2
KFON 3
KGIP 0
KGNA 3
KHWI 0
KJGC 0
KJIV 5
KLOD 1
KLWJ 0
KMFF 0
KMYV 0
KNVD 0
KOGC 0
KOXQ 0
KPAB 0
KPCM 2
KPZC 0
KQCS 26
KQPQ 4
KQRT 5
KRBZ 1
KSMW 2
KTEE 1
KTSK 1
KXAE 3
KXFJ 1
KYKH 0
KYTQ 0
KZEG 0
KZGL 5
KZSW 0
LAIP 0
LBTX 0
LDDE 0
LDXR 0
LEAG 0
LEQJ 3
LEXI 1
LEZA 1
LFGX 0
LGEY 0
LGNK 0
LGPR 1
LHDS 0
LIBL 1
LICQ 8
LJBP 44
LJLD 0
LKAE 0
LKKT 0
LKZB 0
LOTH 5
LOZN 0
LPNW 0
LPQS 0
LQDF 0
LQJM 2
LQOC 0
LQPN 3
LQYF 2
LRIY 1
LRXN 0
LTGP 0
LTHJ 5
LTLW 1
LTZB 0
LUDQ 0
LUGO 4
LVSL 0
LWDY 1
LXBY 0
LXDW 0
LYVW 30
LZZI 1
MAAV 2
MALI 0
MBWX 2
MCSE 0
MCSN 50
MDBE 11
MEJZ 0
MGBH 0
MIBJ 0
MIDC 0
MIIV 0
MJST 0
MKZG 0
MNBD 0
MNGZ 4
MNMW 0
MOKS 0
MONC 1
MQFV 1
MSMU 4
MSWJ 10
MTTF 0
MTXV 2
MUBP 11
MUCH 3
MUHO 0
MUPD 1
MUUU 0
MVVR 1
MWYE 6
MZBA 45
MZRQ 0
MZWW 3
NAFG 0
NAZZ 1
NBBO 0
NBCA 1
NBTH 1
NBVL 269
NCAA 0
NCON 0
NDJA 3
NDJD 2
NDWA 0
NFWO 0
NICR 4
NIZV 1
NJKI 4
NLAB 2
NLLV 1
NLUN 2
NMDD 0
NMKG 0
NNOZ 0
NOPK 0
NPHX 2
NPTQ 0
NQEO 1
NQLP 0
NRDX 0
NRNW 0
NRRY 0
NSHQ 1
NSHW 86
NTCD 0
NTYT 5
NUBI 0
NUFF 4
NUQV 15
NVYB 1
NWHE 0
NXNO 1
NYFV 1
NYUM 0
NZHT 4
NZZT 0
OACE 6
OAKT 0
OARO 5
OBEZ 0
OBJZ 1
OCEX 0
OFGY 0
OFID 4
OHRQ 2
OIFX 12
OKEE 1
OLGC 2
OLRG 1
OLVU 3
OMQX 0
ONME 31
ONQL 0
OOAS 7
OOIX 0
OOQW 12
OPLD 5
OPLF 4
OPOP 0
OPRW 11
OQLF 1
OQWO 0
OSFE 0
OSVQ 2
OTDO 4
OUGI 0
OUYX 88
OVPQ 4
OVWA 1
OWKT 11
OWOS 1
OXGR 0
OXHT 0
OXSO 14
OZDJ 44
OZLU 1
PAFF 1
PBTT 32
PCLC 0
PDTR 0
PESY 0
PEWM 1
PFCG 4
PFUT 0
PGJZ 1
PGOT 287
PHLT 0
PHRD 0
PIFE 7
PIGV 0
PIXG 1
PJYO 7
PMKQ 1
PNQS 23
POIN 0
POYY 5
PPNJ 3
PQAX 0
PQCK 0
PRBQ 0
PRGQ 0
PRQI 1
PRQY 1
PRXA 5
PTNG 0
PTOG 142
PTYM 0
PUJT 0
PUOU 1
PVIX 0
PWRR 8
PWXX 5
PYPW 0
PZLU 0
QBZE 0
QCKK 0
QCLC 1
QDAR 6
QDDD 154
QDTO 9
QDYV 0
QELP 0
QENQ 0
QEQS 1
QFJD 0
QFJO 0
QFPT 0
QFSI 1
QIKL 0
QILA 0
QJGA 0
QJHX 0
QJWK 3
QLGW 1
QLLE 0
QLQI 0
QMYM 11
QMYS 0
QNDY 2
QNYJ 0
QOBB 2
QOKU 0
QOVY 77
QOYP 1
QOZJ 1
QPXB 0
QUYI 5
QVEG 0
QVGC 5
QYJM 0
QZTH 0
RAEN 1
RBHF 0
RBUM 0
RCKO 13
RCOR 0
RCOV 0
RCTB 0
RDBE 0
RDCJ 0
REPJ 6
RFXL 0
RGAZ 0
RGEI 0
RGTU 2
RJLX 1
RJOB 6
RKVA 0
RKZT 0
RLFV 0
RNNG 10
RNRV 0
RNXV 0
ROIS 0
ROPS 10
RQCT 3
RQGF 0
RTQZ 5
RTRX 0
RTXS 3
RUTC 0
RVAM 0
RVBK 4
RVDY 0
RYGS 6
RYLZ 0
RZYZ 0
SAOT 23
SBDK 0
SBRX 0
SBVQ 0
SCVF 0
SDKS 0
SDTM 1
SEDW 4
SEKU 0
SEMU 0
SGHW 0
SHRX 0
SIAN 0
SJYV 0
SLON 0
SLTH 0
SMLL 14
SNFT 14
SOAA 1
SOTD 15
SPKU 0
SPQF 9
SQTP 2
SRPR 0
SSAX 0
SSZZ 5
STRZ 4
SUFT 0
SUHZ 0
SUIF 4
SUOZ 1
SVWB 0
SWIM 25
SWST 2
SWYE 0
SXLA 0
SYEP 2
SYNS 0
SYRH 1
SYVC 0
SZTK 1
TAGY 0
TBNA 0
TCDP 0
TDWM 0
TEAR 3
TECU 0
TEEV 3
TGAX 0
TGVQ 0
THER 4
THOC 0
TIAP 1
TIHC 0
TIJA 1
TING 0
TIRV 5
TIZC 6
TJML 0
TJVX 6
TKAQ 0
TKZF 1
TLBX 7
TMOP 0
TMXI 0
TMZR 2
TNMY 0
TONH 6
TPLK 0
TPWK 0
TQHZ 0
TRYF 1
TTKT 0
TTYX 0
TVHF 0
TVHU 0
TVON 0
TVVL 0
TWYN 0
TXSB 0
TZNV 0
TZZW 1
UAGA 3
UBDN 5
UBZE 0
UCKC 25
UCYK 1
UDAD 12
UEDD 0
UFSC 0
UGPC 4
UGWE 0
UIDM 0
UIKM 0
UIQR 1
UKTP 7
ULOO 1
ULVO 2
UMAC 0
UMMI 6
UOSF 0
URHJ 1
URSJ 0
USIN 0
USLR 0
USNT 1
UTZE 0
UTZO 0
UUHL 2
UUMB 0
UVEV 0
UVHQ 1
UXMO 0
UXTV 0
UYLW 4
UZLA 0
UZMJ 1
UZTG 6
VAST 0
VBCS 0
VBKE 0
VBKZ 5
VCDX 0
VCQI 0
VDFE 8
VDGG 0
VDIT 1
VDRX 3
VECA 0
VECX 0
VEIJ 3
VFFA 1
VFWU 1
VGAC 0
VGPG 1
VHEY 0
VIHL 2
VIRZ 0
VIVZ 0
VJLY 4
VJWT 0
VKPJ 1
VMOW 0
VMUJ 0
VOPG 0
VOQT 0
VPOU 0
VPSP 0
VQPX 0
VRAR 0
VSNO 1
VSPP 0
VTLI 13
VWRM 0
VWTD 0
VWXX 19
VXJY 0
VXYI 2
VYPL 0
VZPW 0
WAIK 0
WAWO 0
WAYQ 1
WAYT 0
WBXA 0
WCIQ 104
WCKU 2
WCUN 0
WCVL 0
WEOX 0
WFNV 28
WFWB 0
WGPM 2
WHKA 0
WHTT 0
WHUE 1
WIIT 1
WLXR 3
WMDJ 7
WMWC 0
WMXF 0
WPDY 0
WPTM 0
WQFW 0
WRBU 54
WRMI 0
WTYQ 0
WUIN 0
WUQO 0
WVGB 0
WXHC 3
WYCC 15
WYQF 0
WZVB 21
WZWA 1
XAUK 0
XAVH 0
XAYI 0
XCCE 0
XDTJ 0
XFQT 2
XFTE 4
XFVO 0
XGRD 0
XHGE 0
XHQR 33
XIHI 24
XIWL 0
XJFG 0
XMTI 5
XMTQ 8
XOEO 0
XPCO 5
XPYY 0
XQMC 0
XQQD 0
XRAB 0
XRBH 0
XRLM 0
XRLQ 0
XRXS 1
XSEW 2
XSJW 0
XSTO 0
XTJB 0
XTLB 0
XUKY 1
XVHQ 0
XVQW 0
XWBY 0
XWIO 0
XWKE 1
XWNK 0
XWOK 1
XXPE 47
XXQC 0
XYJS 6
XYMU 0
XYSK 4
XZEB 0
XZMR 0
XZRL 0
XZVF 1
YAYM 4
YBOU 1
YELQ 0
YEVP 3
YFLP 7
YHLW 6
YIEW 4
YIGZ 0
YKKE 2
YKQB 10
YKWZ 1
YKYG 1
YKYR 8
YLJX 10
YLSB 0
YMXK 0
YNBP 0
YPBA 9
YPEW 0
YPFE 0
YRBY 1
YRZE 1
YTSG 0
YURB 12
YVMY 0
YVSS 0
YWEX 2
YXRD 1
YZBO 0
ZAMF 6
ZBXZ 2
ZBZE 0
ZBZO 51
ZBZX 2
ZCHZ 2
ZDAT 2
ZDQM 0
ZEXU 3
ZFFH 1
ZFXH 2
ZGCX 0
ZGFB 0
ZGKT 3
ZGQL 5
ZGZD 0
ZHEX 0
ZHKT 14
ZHQN 0
ZHSU 0
ZIIL 2
ZJHA 0
ZNAE 0
ZNBY 4
ZNEI 9
ZOLV 1
ZOXJ 9
ZPBM 0
ZQIU 0
ZQTA 0
ZTTN 8
ZUOW 5
ZUPB 1
ZUVD 0
ZVGD 6
ZWQS 0
ZXJM 2
ZXVM 1
ZZDG 3
ZZEU 50
ZZFU 0
ZZIY 1
