AAUG 0
AAUZ 0
ABGP 2
ABVY 0
ACKX 0
ACYF 2
ADTZ 1
AECO 0
AEIT 37
AEKL 0
AETB 1
AFCI 1
AFGM 0
AGAN 2
AGKF 2
AGYG 7
AHBT 0
AIOT 1
AJHR 0
AJKU 0
ALBL 50
ALWD 0
AMBB 7
ANIN 7
APJY 1
APOD 3
AQMV 0
ASCZ 0
ASGJ 0
AVVK 0
AVZR 8
AWPV 5
AWTQ 3
AWZA 0
AXLV 0
AYKT 0
AZMG 11
AZTD 26
BABA 0
BAES 1
BATH 0
BAWY 0
BBYU 0
BCED 1
BCXC 2
BDQT 0
BEHC 0
BEKU 2
BFAQ 0
BFBC 4
BGKF 0
BHBY 0
BHIV 45
BHVU 0
BKHP 0
BLBB 2
BLJD 0
BLMV 0
BMFJ 0
BNJG 0
BNPY 3
BOIU 1
BOPC 1
BPES 0
BPMB 1
BQAN 0
BQFH 0
BQVA 3
BRHR 1
BRLA 1
BRWC 0
BSHQ 0
BUNP 2
BXTX 6
BYKN 0
CCBR 0
CCLB 0
CDPR 99
CGUO 0
CHLT 6
CIGW 11
CIJX 0
CKEZ 0
CKIF 4
CKIZ 0
CLGI 3
CLPF 7
CLYH 1
CNEE 5
CNQZ 7
CNSC 1
COZX 2
CPGU 0
CPLZ 0
CQHC 2
CQUG 0
CRTV 0
CSII 8
CTHW 1
CUKR 0
CVXS 15
CWOR 0
CXON 0
CXPF 0
CYGY 1
CZIP 0
DAYX 1
DDOJ 29
DEOG 4
DEXK 39
DFBU 0
DFTB 1
DGAX 7
DHDF 0
DHNN 0
DHVK 0
DIDH 1
DIPG 3
DODD 0
DOYA 2
DPQL 0
DPSW 1
DPZS 0
DRIO 0
DTMP 0
DTQE 2
DTVE 2
DUUM 2
DVPU 0
DVSS 4
DVYE 0
DWAU 1
DWJL 0
DWQF 0
DWYN 1
DXOO 4
DXVG 0
DYUN 2
DZAJ 2
EAES 5
EBNG 0
EBZF 6
EDLC 4
EEDK 0
EFPI 1
EJAJ 0
EJEP 5
EJFD 23
EJUZ 0
EKWN 128
EMEI 0
EMNI 11
ENRL 2
ENXH 0
EOAB 0
EOJP 0
EOJV 1
EPDO 2
EQHW 0
EQWT 1
ESQZ 1
ESZE 1
ETKK 0
ETLK 0
EUWN 0
EWTA 1
EXQE 2
EXRO 0
EZAF 0
EZGP 1
EZJG 2
EZZH 0
FABD 0
FAML 1
FBBM 2
FCOH 5
FEBU 1
FESP 1
FFGC 14
FFTV 0
FFUE 2
FGXU 266
FHHW 9
FIPO 1
FIST 0
FIVQ 0
FJAQ 0
FKPX 1
FNPP 55
FNWB 4
FNWP 0
FPVS 0
FSUL 66
FTDB 0
FTUP 0
FTWJ 1
FULV 1
FXOQ 2
FYPE 0
FZYM 2
GAKU 0
GBOT 0
GCLX 0
GCPQ 0
GEAS 1
GEGC 5
GFFN 2
GGZP 2
GINL 0
GJGE 1
GJUC 0
GLDH 4
GLKU 1
GLUH 0
GLZY 1
GNAG 0
GRBR 5
GREB 0
GRYK 0
GSLK 0
GSSH 0
GVDB 0
GVVD 0
GWET 2
GWKU 0
GXGW 5
GYDA 0
GYLD 3
GZIQ 0
GZLS 0
HACX 0
HAQC 1
HAUM 5
HBNB 1
HBYO 3
HDDE 0
HDIO 0
HDJU 0
HEVZ 1
HFTM 25
HHWE 1
HIRL 0
HJGL 0
HJSG 0
HKJU 3
HLAI 0
HLPT 43
HOMW 2
HOOL 0
HPSH 3
HPYJ 1
HRQR 2
HSEF 0
HSHA 1
HSYP 35
HTCZ 2
HTZV 4
HUQB 0
HVDN 0
HVSE 0
HXVZ 16
HXWB 4
HYLQ 3
HYTX 0
HYYE 0
HZBI 0
IAJQ 0
IAND 0
IAPP 1
IATN 8
ICKS 1
ICLY 1
IDII 0
IDXN 9
IEPH 15
IESS 0
IFLI 3
IFNW 2
IFWR 1
IGBM 0
IGII 0
IGPW 0
IGRB 0
IGTW 9
IHPU 0
IIXV 5
IKMW 3
IKRP 0
IMWE 0
IMXA 0
INOL 0
INQX 0
IOJD 0
IOJR 2
IPHI 36
IRFQ 1
IRJA 9
ISKP 0
ISRJ 0
ITOS 0
ITRT 2
ITUC 2
IUDM 0
IVPW 0
IVWT 0
IXHK 0
IYST 17
IYWU 0
JBNX 27
JDAQ 14
JEEN 0
JEND 2
JFCV 2
JFDO 0
JFJN 0
JHCS 22
JIBL 1
JIDE 0
JIGJ 0
JIQT 0
JJLA 0
JKRC 918
JKUA 0
JLHP 3
JLIG 0
JLWC 2
JLYA 0
JMCS 0
JMNZ 0
JMOG 1
JMRH 0
JOGE 2
JOLG 0
JONQ 6
JPBW 2
JPVV 3
JPXY 74
JQNG 0
JRED 0
JRQD 3
JRQY 8
JSWD 6
JTJD 1
JTND 72
JVDP 0
JVSK 1
JWIY 0
JWKC 0
JXAK 4
JXTJ 0
JYZJ 0
KAAH 2
KASF 2
KBHI 5
KDWP 0
KEAZ 0
KEBO 1
KEHT 3
KEUU 0
KFKQ 11
KGLP 0
KHDH 0
KHJK 8
KHUO 6
KIEL 0
KIPI 0
KJBV 9
KJLI 4
KLKS 0
KLVX 0
KMBD 12
KMEY 5
KMLP 48
KMUR 0
KMVM 0
KNFI 0
KNSY 1
KNTZ 0
KOLB 5
KQTX 4
KRJP 1
KRJR 0
KRWB 357
KRZK 0
KSGM 0
KSVG 0
KSZS 3
KUFO 2
KUFR 9
KURG 1
KUSR 1
KUZI 0
KVAI 2
KVFZ 0
KWLM 1
KXOM 0
KZAR 1
KZCD 1
LAGM 0
LASJ 0
LASX 10
LBBH 1
LBLK 0
LCAB 0
LCXC 0
LDAU 22
LEKE 6
LEPM 9
LFAC 0
LHHF 0
LHKG 5
LHNH 0
LHNR 2
LIPK 2
LKOH 0
LKSV 0
LKYR 0
LMNJ 4
LMPG 0
LNOB 1
LNTP 0
LODB 0
LORO 5
LPWX 0
LQLF 0
LRCN 0
LRWW 4
LRZB 9
LTKY 1
LTWU 2
LUMS 1
LUPE 0
LVHK 1
LVTC 0
LWJW 7
LXHI 14
LXUF 0
LYQX 1
LZYH 996
LZYW 0
LZZH 0
MAHU 2
MANI 0
MCAU 1
MCSU 26
MDIC 0
MDVZ 2
MEFJ 0
MEZE 0
MFGY 0
MGCM 2
MHQK 2
MHZC 0
MIBF 1
MJQS 0
MKTY 0
MLDL 1
MLDV 0
MMZH 0
MNJF 9
MNUW 0
MOUW 0
MPKO 2
MPYK 2
MQNP 0
MQYB 0
MRSF 0
MSIV 0
MSNR 0
MTKA 1
MTYU 0
MUHI 0
MVOS 0
MWMA 0
MXRG 0
MYDO 0
MYKB 1
MYVU 2
MYXT 1
MZDT 1
MZFZ 1
NBCW 0
NBTM 0
NDGA 1
NDNN 0
NEAK 2
NEON 0
NEXN 0
NHTA 1
NJJD 0
NKOT 4
NLNV 0
NLTQ 0
NMPY 3
NNNU 0
NNRZ 2
NODK 1
NOFE 0
NPEU 1
NPOM 1
NPWR 7
NPXR 0
NQER 2
NQFF 0
NQFR 1
NSBC 0
NTIF 0
NTXV 0
NTZT 0
NUNA 8
NUWP 0
NVFN 0
NVVC 0
NWGQ 0
NXLY 0
NYDJ 0
NZWY 0
OAFI 2
OAXZ 7
OBFN 0
OBOS 1
OCWM 0
ODFK 1
ODIB 1
ODKX 4
ODLL 0
ODOU 1
ODUN 0
ODZT 0
OERE 10
OFHB 0
OGEU 0
OGQP 10
OHUX 0
OIFH 0
OJKW 1
OJMO 0
OJNG 4
OKDB 4
OKOI 4
OLJM 1
OMUL 0
OMYD 0
ONYW 22
OOMC 10
OOTR 0
OPOF 5
OPOK 116
OQXT 0
OQYW 0
ORDV 6
ORKA 0
ORNQ 1
OSNX 0
OTMS 5
OUCC 0
OURM 0
OVFF 0
OVIE 0
OVZS 0
OWAK 0
OWJY 0
OWLA 2
OWRC 0
OXBB 0
OXNT 1
OYRH 0
OYWF 0
PAMW 0
PBIZ 0
PCDS 0
PCOJ 1
PDKK 2
PDMP 0
PETG 15
PGNU 0
PHON 1
PHVN 2
PINF 0
PIOJ 0
PKGJ 0
PLJI 1
PLWS 0
PMUT 0
PMVV 0
PMYS 33
PPCI 0
PPHQ 0
PQVU 1
PRTG 1
PSJQ 0
PTHD 96
PTZL 0
PVBO 3
PVDA 3
PVNM 1
PWEW 0
PWLY 5
PWTK 4
PWWZ 0
PYUR 0
PZWU 4
QALP 0
QANO 4
QAUC 0
QBAY 1
QBWN 9
QCPE 3
QCZR 1
QDQN 1
QEOD 1
QEPZ 0
QFNJ 6
QFYX 72
QGGI 0
QGPI 2
QHWR 0
QJLZ 11
QJZL 0
QKFP 2
QKHT 2
QMBW 8
QMXK 1
QNJI 1
QOGL 3
QPAT 0
QPJP 0
QQCI 10
QQQM 2
QQYJ 0
QRII 0
QRUQ 2
QRXU 0
QRYZ 2
QSFH 0
QSLE 3
QTRK 3
QVTI 1
QWDY 2
QXAU 1
QYMC 4
RACW 5
RAOD 0
RBBN 0
RCDW 0
RCEY 6
RCUV 60
RDDY 0
REOP 0
RESY 9
REZN 2
RFGY 0
RGEB 0
RGKY 0
RGKZ 1
RGSF 0
RHNB 1
RJAX 0
RLKP 1
RMMR 0
RMVI 0
RNMO 0
ROHZ 5
RPEC 11
RQBS 0
RQET 12
RRHB 0
RROP 0
RRRV 1
RSJW 0
RSYD 0
RVPH 0
RVUY 0
RWFS 0
RXLG 0
RXPI 0
RXTA 0
RXXT 2
RYAD 0
RZJE 3
RZUB 2
SBIE 0
SBSN 1
SCAQ 2
SCCN 0
SCNS 0
SCNW 1
SDLE 1
SDUK 0
SECW 3
SGSG 28
SHPT 18
SHZE 2
SIGR 0
SJZS 12
SKDA 0
SKYU 0
SLDP 0
SMCJ 0
SNCS 1
SNHM 0
SNSL 0
SODA 5
SODQ 1
SPLG 3
SPSR 0
SRHC 0
SRSU 10
SSQH 1
SSZH 0
STZS 0
SUEA 0
SVRR 1
SWPI 0
SXDH 0
SXMK 6
SYIZ 2
SYRB 8
SZCF 0
TASD 0
TATK 0
TBBH 1
TCDR 3
TCWG 2
TDIF 9
TDJM 3
TDJT 0
TDVX 2
TEKI 0
TFAC 0
TFHS 0
TFPQ 4
TGLU 1
TGOM 0
TGRU 2
THDB 13
THKB 0
TJGR 0
TJTC 0
TJXK 6
TKYQ 1
TLGT 1
TLSR 3
TMRP 2
TMWF 0
TMWM 1
TMYI 10
TNEC 3
TNFQ 7
TNFW 2
TNHM 0
TOXW 0
TQGB 1
TQWU 11
TRKQ 0
TRKW 8
TTTN 0
TTWN 3
TUHG 3
TVLH 0
TWMD 0
TWTB 26
TXQL 0
TZAI 6
UAAI 1
UAFJ 6
UAQE 0
UAVM 0
UBXG 19
UCXJ 72
UCZN 0
UDWG 12
UEKI 0
UEVN 4
UEVZ 70
UGJY 1
UGNV 1
UHJT 0
UHLH 4
UHOZ 16
UHYW 1
UKBD 1
UKXB 0
ULCB 5
UMEC 38
UNFS 0
UNIH 0
UNSP 0
UNYR 1
UOCN 187
UOFB 9
UOKS 0
UPIQ 11
UQHX 1
UQZZ 0
URBL 0
URQF 4
USDV 33
USQD 0
USYR 3
UVPO 1
UVSP 2
UWRN 0
UWRP 6
UXIN 0
UXQG 4
UXXQ 4
UYEN 0
UYQC 1
UZOA 4
VAFX 0
VBNA 3
VCEO 1
VCMG 0
VCTK 45
VCUC 0
VDMX 1
VDYS 0
VEMK 11
VFEU 0
VFHI 0
VGES 0
VGGH 0
VGRN 0
VICE 0
VITT 8
VIVQ 1
VJSM 0
VKFB 2
VKVD 0
VLEC 3
VLTG 2
VMWP 0
VNFA 0
VNVL 2
VPTN 7
VRZW 1
VTCF 4
VTCM 4
VWUD 9
VXUN 0
VXVG 1
VYEO 0
VYHB 4
VYKK 2
VZKQ 0
VZPL 1
WAPT 2
WARK 0
WBBJ 8
WBKW 2
WCEE 2
WCNJ 1
WDAN 0
WETQ 1
WEWI 0
WFOL 7
WFZD 0
WFZQ 0
WGTU 0
WGYI 0
WHMN 1
WHOR 0
WIGK 2
WJYA 0
WJZC 3
WKDK 6
WKLJ 1
WNBX 0
WOBR 3
WODR 1
WPJG 0
WSJP 97
WSMY 0
WTQK 3
WUZO 6
WWRU 6
WXMV 0
WZBA 21
WZBL 30
XAGR 0
XBCN 0
XBWH 2
XCXI 0
XDVQ 0
XGCT 8
XGRW 0
XHAU 1
XHCA 1
XHYU 0
XIQH 0
XJJD 1
XJYF 0
XJZU 0
XKDX 0
XKJS 0
XNLN 0
XNLR 1
XOAK 4
XPJA 0
XPKM 0
XPZN 0
XQIU 0
XQMI 0
XQQV 2
XQSB 0
XRTY 0
XSTY 8
XSWH 190
XUIN 0
XVRM 0
XWAL 0
XXBG 0
XXYB 1
XXZS 0
XZET 1
XZTH 0
YALH 0
YAOE 0
YBHF 9
YBTT 0
YCXC 0
YDDR 1
YDPG 1
YDTK 0
YDVG 1
YEDL 0
YFWS 0
YGVK 3
YHKV 27
YHSX 0
YIJM 2
YIOV 0
YKQQ 0
YLQH 4
YLST 3
YMFB 1
YOFL 5
YPDJ 0
YPJE 0
YPZH 0
YQNO 3
YQNP 3
YQSN 1
YRET 10
YSNB 2
YTKP 44
YTNK 0
YUFW 2
YURY 0
YVIS 9
YWBY 1
YWGN 1
YWLZ 0
YWWR 9
YXDP 0
YZAD 2
YZUD 0
ZBSY 2
ZCYO 0
ZEHO 0
ZEMC 0
ZEMZ 15
ZFPU 3
ZGGI 0
ZHNV 0
ZHWW 1
ZIFV 0
ZJAH 25
ZJFJ 0
ZKFW 0
ZLYU 0
ZMMJ 53
ZNFX 4
ZNFY 0
ZNKW 0
ZNSD 0
ZOHK 0
ZOPZ 0
ZORX 0
ZOXO 17
ZPEY 0
ZRCN 6
ZRKI 1
ZRNH 0
ZRRM 0
ZRZD 5
ZSAX 1
ZSPF 3
ZTRC 0
ZUQH 6
ZVWF 0
ZWEY 11
ZWFY 4
ZWGO 0
ZXHT 0
ZZFU 0
