AAIV 0
AAWG 0
ABAA 0
ABAW 2
ABGB 1
ACAJ 3
ACMW 0
ACOM 0
ADWT 15
AEXV 3
AFAG 0
AFEC 0
AFEH 3
AFFR 82
AFRB 0
AGCO 28
AGGD 12
AGMY 2
AGPF 0
AGSP 0
AGTF 0
AHIB 2
AHVK 3
AIHU 1
AIWN 5
AJDQ 3
AJEY 1
AJXR 1
AKLJ 0
AKXA 8
ALGQ 5
AMDZ 0
ANMP 2
ANST 3
AQFU 5
AQUW 0
AREH 0
ASAC 3
ATMB 0
AUDV 0
AVBR 0
AVJA 0
AVWL 4
AXED 0
AXPI 24
AXSK 3
AYCK 0
AYDT 0
AZIG 10
BADC 0
BBSA 12
BCBH 0
BCXY 0
BDLH 0
BDQY 0
BDZV 0
BEKG 0
BGSB 0
BGWX 0
BHSO 1
BIEH 1
BIHA 115
BIMJ 0
BIPV 1
BITC 1
BITP 0
BJDA 3
BJFG 0
BJOS 5
BJQM 1
BJXI 0
BJXS 0
BKJY 0
BKVJ 2
BNEM 0
BNRC 2
BONM 15
BPUX 2
BQLG 0
BQTB 0
BQZT 0
BRXJ 0
BSIR 7
BSIV 1
BVBP 0
BVME 3
BWHL 34
BWKL 0
BXAI 0
BXGT 3
BZVK 0
CABT 17
CAPS 4
CAXA 0
CBQI 0
CCKI 1
CCPX 0
CCTJ 0
CDCD 2
CDCN 1
CDHF 0
CFLB 0
CFLT 7
CGHM 0
CHCF 1
CIEI 0
CLIP 114
CMVC 0
CMWQ 0
CNZN 4
COPB 0
CPPW 8
CQEO 0
CRIC 0
CRMK 0
CSPK 1
CTCD 0
CUBC 0
CUIV 0
CUIW 2
CUXI 2
CVST 1
CXAB 0
DAHC 1
DAIA 0
DAZS 0
DAZU 1
DCGE 0
DDGQ 0
DDJJ 0
DDOA 0
DETN 1
DFHK 0
DFRX 1
DFWF 2
DGGC 13
DGGR 2
DGWG 10
DIUI 9
DJZV 1
DKDO 0
DKJF 5
DKVE 12
DLKU 4
DLOB 0
DNVV 0
DOLX 0
DOOT 0
DPGS 1
DQHT 0
DQUD 2
DRTC 4
DRWW 0
DSPJ 2
DSPZ 0
DSYX 0
DTCL 4
DTGF 1
DTYM 5
DUDV 0
DULP 1
DVDM 2
DVZK 0
DWEU 4
DWUP 6
DYEI 2
DYKB 0
DYOB 1
DZEL 0
EARU 0
EBHA 5
ECRE 0
EEFA 0
EEIZ 4
EEJM 0
EFDP 0
EGIZ 0
EHBS 0
EHGR 11
EINT 0
EJTT 0
EKTO 161
ELJW 21
ELVM 5
ELYQ 0
EOFC 1
EPFV 37
EQEK 10
EQZT 2
ERJS 0
ERSK 2
ESAZ 1
ESJY 0
EUJK 43
EUND 1
EUOH 0
EVFE 0
EVKA 2
EVUH 1
EXBU 0
EXKW 0
EYMQ 0
EYSW 3
EZGT 5
EZLR 16
EZXZ 0
FBDY 0
FDAH 17
FDCU 0
FDLI 0
FDOU 1
FDRG 1
FFNX 0
FHXC 0
FHXS 0
FIAK 0
FIBW 0
FIMJ 0
FIMW 1
FIYD 8
FJDD 3
FJKF 3
FKPB 0
FKTY 476
FLOP 1
FMIZ 0
FMNN 0
FMRD 26
FNCQ 4
FNGL 2
FOGH 19
FPGX 0
FRJV 0
FRKH 0
FSQY 11
FUQI 0
FVSB 0
FVWR 7
FWLR 0
FWPE 0
FXHT 0
FXUL 0
FXUM 0
FZGF 1
FZMT 0
GARS 11
GATW 0
GCIJ 3
GCSI 0
GDBB 0
GDBR 0
GDNQ 0
GEYP 4
GFHK 0
GHKM 0
GIMB 0
GIOQ 0
GITE 0
GKDE 0
GLSG 1
GMNZ 0
GNCZ 5
GNQR 0
GOFR 1
GOTZ 0
GPBQ 0
GPJK 0
GQFT 112
GRMZ 1
GRPI 4
GRWB 0
GRXI 2
GSCX 2
GSFH 0
GSSB 0
GSTF 1
GTKG 0
GTPB 5
GTPZ 0
GTZG 0
GUYG 0
GVTN 8
GWPI 2
GXPW 2
GYDK 1
GYFK 4
GYHG 0
HBNP 0
HBQX 0
HDJZ 11
HDRN 1
HENW 0
HFJC 0
HGDM 0
HGSQ 0
HHBN 4
HIOW 2
HJMW 0
HJSB 2
HKMR 1
HMTB 50
HNFX 0
HNGR 3
HNQR 1
HNRZ 0
HPAX 1
HPJU 5
HQBX 0
HQQA 0
HRVT 5
HSTL 2
HSWJ 1
HTKA 0
HTSL 0
HUEV 13
HUPH 0
HURQ 0
HWCD 0
HWJA 0
HYDA 2
HZCA 0
HZLP 1
HZWV 0
HZXJ 1
IASW 2
IBCE 0
IBHC 0
IDHV 2
IEMZ 67
IEQJ 0
IFXX 1
IGPO 3
IJWI 3
IKGK 0
IMOK 15
IMUF 7
IOOF 1
IORA 8
IOSD 0
IOXI 7
IPFE 34
IPXB 0
IPZF 6
IQGL 0
IRIG 0
ISII 0
IVTM 0
IWCA 0
IWPH 0
IXCU 0
IXNV 2
IXXS 2
IYJY 0
IYNS 0
IYUK 1
IZGC 0
IZHI 0
IZQD 3
JBJE 2
JBVT 0
JBZG 3
JCCG 1
JCLJ 1
JDJH 1
JDTH 0
JEUW 4
JGNU 1
JKLR 0
JLLU 0
JLVC 1
JLWH 0
JMKM 0
JMNI 0
JNRU 4
JNUE 0
JOIH 0
JOLE 1
JOWL 1
JOWO 0
JPYM 2
JQPY 7
JQTW 26
JRDR 2
JRMQ 0
JRPR 2
JSRJ 0
JTMB 0
JVAU 0
JWCI 0
JXHD 2
JXMM 1
JZRU 4
JZYQ 1
KABA 3
KAGW 1
KAVJ 17
KAXA 2
KBPG 1
KCQZ 2
KDJC 0
KDPI 1
KDUE 0
KEFO 10
KFND 72
KGAQ 1
KGEX 0
KHBS 1
KHNI 0
KIKJ 0
KIVE 0
KJCU 0
KJPM 3
KJTI 9
KKOO 1
KKQH 0
KKTJ 0
KLJA 1
KLMH 0
KLQM 1
KMHT 0
KNDQ 4
KPQF 7
KQIM 0
KQNM 4
KQOC 2
KSFX 0
KSJZ 2
KUEF 3
KVCB 1
KVIG 2
KVUQ 0
KWTZ 1
KXEE 0
KXFY 0
KYAR 0
KYIZ 0
KZAH 0
KZGS 15
KZRF 692
LACO 0
LAER 4
LAUS 0
LBPM 14
LCAJ 0
LCHF 2
LCRV 3
LFCJ 0
LFQL 1
LIAG 2
LITF 0
LJJK 2
LJNR 0
LJQQ 0
LKJS 1
LLCB 0
LLFH 0
LLXW 0
LLZI 0
LNPD 0
LNZI 0
LOBE 22
LOKI 2
LQAB 2
LQOH 8
LRYN 0
LSGC 44
LSMO 21
LTEH 0
LTNK 6
LUWX 0
LVVZ 0
LVYV 0
LWZG 0
LXNZ 68
LYJK 0
LYMK 0
LZJT 2
MADB 24
MARD 0
MDON 0
MEMW 6
MEPG 0
MFFP 0
MFJE 1
MGJE 4
MHYD 0
MKAS 4
MKYM 2
MMZT 0
MONJ 4
MOPB 0
MPPP 0
MPXT 1
MPZZ 0
MSIM 59
MSTB 1
MTFZ 7
MTSO 20
MVSW 0
MXIF 0
MXSD 2
MYNW 1
MZWP 21
MZZY 1
NAQP 0
NAZT 96
NDKF 0
NDPK 0
NEAZ 0
NEIM 3
NFAO 6
NGHR 10
NHTV 0
NIQL 1
NIYF 3
NJHR 5
NLDF 0
NLPA 0
NLXH 1
NLZY 0
NMJM 1
NMWT 1
NNOQ 7
NOIA 1
NOKA 1
NOTC 3
NOXY 0
NPGO 1
NPHN 1
NPLD 0
NQZX 2
NUFJ 0
NUZG 1
NUZL 0
NWHI 0
NXKQ 0
NXMW 1
NYNE 0
NZKV 2
OAHB 1
OAIR 0
OBIU 0
OBMS 0
OBOR 21
OBSG 2
OCFH 0
OCHV 0
OCQP 1
ODQK 0
OEGB 0
OEIM 3
OERL 0
OEVX 79
OEZZ 0
OFUY 24
OGKE 0
OGLT 0
OGRW 5
OGYC 0
OHBQ 17
OHXN 0
OIFU 0
OJRB 0
OJRC 1
OLAJ 4
OMGP 0
ONDF 7
ONQG 8
ONQY 0
OOWM 14
OPCR 0
OQYU 2
OQZL 2
ORSH 0
ORUH 0
ORWA 0
OSFC 17
OUON 0
OUXY 0
OVGM 1
OVJO 0
OXCL 0
OXHV 0
OYTB 0
OZGY 0
OZXG 1
PALF 1
PBLE 1
PCBR 8
PCXS 0
PDBO 0
PEDA 11
PELA 0
PELR 8
PEUX 0
PGTO 0
PHLV 0
PJBC 0
PJDQ 0
PJFG 2
PMIC 0
PMUJ 0
PNSV 215
POCT 0
POLR 0
PPRV 7
PPVY 2
PQFH 6
PQQY 0
PRAS 0
PRLT 0
PRQE 25
PSBS 3
PSDP 2
PSHT 0
PSIL 3
PSZV 0
PTJF 31
PTMC 16
PTRP 0
PVLY 0
PVXU 0
PWGC 1
PXPT 6
PYPP 0
PYUY 0
PZML 0
QAKD 3
QAOG 0
QBBT 3
QCSI 0
QDNB 0
QFMJ 1
QHKG 21
QHMS 0
QHNX 159
QIAO 4
QIRE 0
QITA 0
QJGD 1
QJLR 0
QJMA 7
QJSS 0
QKEY 0
QLBP 6
QLJB 0
QLOI 0
QMTP 0
QNGT 2
QNLH 11
QNMT 0
QNTT 0
QODF 54
QOLN 7
QOOC 3
QPIH 0
QPMD 0
QPRU 0
QQOF 0
QRQC 1
QSDC 1
QTWK 1
QUFL 7
QVRF 1
QWFM 1
QYIX 5
QYPN 0
QZVD 3
RADA 3
RAVV 0
RBLW 0
RDDW 0
RDMI 4
RFBO 0
RFFC 2
RHMS 1
RIHH 2
RIYP 1
RJBN 1
RJMN 2
RKKV 0
RLJM 0
RMTY 0
RNZE 0
ROMN 0
ROYJ 1
RPBR 0
RPXA 0
RQOD 0
RRHO 0
RTSM 1
RVQY 1
RWHU 1
RWZS 1
RXAP 1
RYSX 1
RZJD 16
SADQ 7
SCMC 1
SCOK 105
SCVG 3
SDXS 14
SIEL 0
SKBO 0
SLKC 0
SMTK 2
SMUX 1
SNMO 0
SOGU 2
SOJB 0
SPME 0
SPQW 7
SPXZ 0
SQEY 5
SQJE 0
SRQV 0
SSPX 1
SUQW 0
SUYF 1
SVPD 0
SVYI 2
SWUY 3
SXHO 2
SXOG 0
SXXI 6
SZED 0
SZOP 6
SZVD 1
TABJ 25
TAEZ 0
TANJ 0
TAOB 2
TBTK 0
TCOX 0
TDJB 0
TDVE 0
TERU 0
TFCS 0
TFKM 0
TFPR 0
THKQ 5
TJNE 0
TJUH 4
TLPZ 1
TMHG 0
TNFC 0
TNFT 0
TNQZ 9
TNXN 10
TOBD 0
TOOK 0
TOPD 1
TSSK 0
TTMK 0
TUFP 0
TURE 2
TUTR 0
TUXP 0
TVAL 3
TVBL 4
TVIR 0
TXID 4
TYGG 2
TZSH 3
UCSB 9
UCST 16
UCYM 1
UEWE 0
UFFW 49
UFUK 2
UGAH 0
UGDM 28
UHHS 1
UHPD 6
UIIX 0
UJEC 0
UJGI 1
UJQM 0
UJWY 0
UJYA 5
UKYT 0
ULQL 0
UMKO 3
UNXB 0
UPKH 0
UPKI 0
UQIX 0
USEG 0
USJH 0
USWZ 1
UTHA 0
UVHZ 283
UWLY 0
UWUD 0
UWUL 0
UYLH 8
UYXJ 0
UZMR 0
UZPX 0
VAGY 8
VAHO 0
VBKX 73
VDDA 1
VDQE 0
VELN 1
VERM 1
VFJO 3
VGKI 3
VHVY 11
VIIB 0
VIWT 1
VJGM 996
VJXC 3
VLDB 1
VLSE 0
VMKH 0
VNLJ 2
VNSZ 0
VOYA 0
VQNL 0
VRIK 5
VSTB 85
VSUQ 0
VTUJ 0
VUGF 2
VUYA 0
VVYE 0
VWBO 8
VWHM 4
VWJZ 0
VXEF 1
VXFB 0
VYNB 3
VYNR 6
VZEN 0
WCUL 0
WDAA 1
WDBH 2
WDOQ 0
WDZQ 1
WEEG 1
WFTZ 0
WGQI 0
WGSB 0
WGUH 0
WGWB 88
WHNC 0
WHOP 9
WHSW 2
WIHB 2
WIRL 0
WJBS 3
WJPQ 5
WKIZ 6
WKMB 1
WLBZ 0
WLLF 0
WMNA 7
WNED 0
WOIJ 1
WOKR 3
WPPJ 0
WQFG 0
WRWK 0
WUBQ 1
WUFM 0
WURV 2
WVFF 40
WVNM 1
WVOC 4
WVSF 3
WVUY 0
WVVS 1
WWCG 0
WWCO 0
WWCR 0
WWFS 0
WWVY 3
WWXW 0
WXHV 2
WXRS 2
WYAD 0
WYOD 0
WYQP 12
WZSH 0
XBDS 1
XBHL 3
XBKB 0
XCAL 0
XCZB 9
XDLL 1
XDSD 0
XEAU 0
XEKG 0
XFOG 4
XFYE 0
XJES 3
XJOH 2
XJYZ 0
XKNC 9
XLHX 0
XMUW 3
XNQF 0
XNWB 0
XOGX 0
XPES 0
XPFG 1
XQLC 0
XQZA 1
XRGZ 2
XRRW 2
XTOE 0
XUAW 6
XUQP 0
XWYJ 3
XXLC 0
XXOT 0
XXTC 0
XYRB 1
XZCH 5
YAKE 0
YCNK 4
YDFK 40
YDKZ 0
YDMP 1
YDVT 0
YDYH 18
YEEV 1
YEFH 0
YEYJ 0
YFNV 0
YFOM 0
YGDJ 1
YGEK 7
YGPI 0
YHHL 0
YJCA 0
YJQT 1
YJWE 0
YJYS 1
YLAK 2
YLCR 0
YLDY 0
YLIL 0
YMVN 1
YMZF 2
YODR 2
YPEA 0
YQCE 0
YQVZ 0
YRBL 0
YREH 0
YRWH 4
YSLI 0
YSRB 5
YUAJ 8
YVAA 13
YVXS 0
YWAN 14
YWPX 0
YWTB 0
YWZE 0
YYPW 0
YZGV 0
YZMC 5
ZBHH 2
ZBVJ 14
ZDAY 21
ZDSN 6
ZEFN 3
ZFGD 2
ZFQG 0
ZGGH 0
ZGTA 0
ZHCU 0
ZJPJ 7
ZLIS 1
ZLJL 0
ZLOM 0
ZNTF 0
ZOKI 0
ZPKT 0
ZPYW 1
ZQDS 0
ZQGH 0
ZQTL 0
ZRIU 2
ZRMT 1
ZRNB 1
ZSPW 2
ZUHI 1
ZVRF 0
ZXAR 0
ZXCN 18
ZXXH 0
ZYRM 3
ZZOJ 0
