ABLI 0
ACYL 4
ADAU 16
ADDH 0
ADDO 0
AEPR 43
AFMO 29
AGCP 0
AGLK 12
AHUS 0
AIGY 0
AKBI 0
AKTQ 0
ALCG 3
ALZS 0
AMXM 2
ANCW 0
ANVQ 0
AODJ 1
AOGU 0
AOKO 29
AOKU 0
AQAU 1
AQHJ 0
ATBU 0
AUWM 8
AUWO 0
AUYN 19
AVUA 1
AXKE 0
AXQR 0
BALU 31
BAQK 8
BBGD 2
BBKO 20
BCYG 0
BDCB 0
BDVW 1
BEON 0
BFGB 0
BFUL 4
BGXU 8
BGZY 1
BHEO 6
BKBU 1
BKNA 0
BKWX 1
BKZP 0
BLLG 4
BLRY 2
BMUI 1
BMZE 41
BNRO 1
BNUC 3
BOEB 0
BOMR 0
BOVH 98
BRBM 0
BRMR 8
BUDS 0
BVPS 2
BVQR 0
BXCL 0
CAPK 2
CBCP 0
CBFB 0
CBKS 112
CCCW 3
CCHI 0
CCMS 3
CDGK 0
CDNB 0
CESW 1
CFOJ 0
CHJP 4
CHJZ 0
CHNA 0
CICM 1
CIXT 0
CKVD 0
CLUE 16
CNPL 2
CPFM 0
CPUW 0
CQBK 0
CSHB 0
CSJD 1
CSSL 2
CTTU 1
CTVZ 0
CUAV 13
CVPV 6
CWBT 0
CWOZ 5
CZHD 0
CZKR 0
CZMZ 0
DASH 0
DAWN 0
DBME 0
DBPE 2
DCZS 0
DDGP 2
DDND 3
DDZG 0
DEEY 4
DEHC 0
DEMM 37
DEMT 0
DGIJ 2
DGOU 1
DGRR 0
DGRW 3
DHSN 1
DIBS 0
DJNA 0
DKYX 0
DLBJ 1
DLFJ 0
DLKK 1
DMYV 2
DNVT 0
DOKJ 15
DOTE 0
DOWJ 0
DOYM 0
DOYN 1
DPUX 0
DRJF 1
DRNO 0
DRRJ 24
DRWL 0
DRXL 2
DSCJ 4
DTXC 0
DUXF 0
DVCG 2
DVHT 4
DVJV 4
DVOF 4
DWHZ 1
DWNX 9
DXBM 1
DZGI 0
DZZY 0
EAOM 0
EAYP 2
EDDK 0
EDPH 1
EEJX 0
EGOP 0
EHPP 0
EKMO 0
ELYE 0
ELYH 0
ENME 3
ENPQ 12
ENRE 1
ENYH 5
EORJ 0
EOWR 2
EPGW 0
EPLP 2
EPVC 0
ERER 0
ESGQ 27
ESWH 117
ETEO 0
ETZU 22
EURU 1
EVEE 1
EVYK 1
EWJY 2
EXGO 1
EXOK 76
EXSW 0
EXZC 6
EYBD 3
EYTD 0
EYWL 0
FAHY 0
FAOL 0
FAOP 3
FCEI 0
FCSY 0
FEJQ 0
FEMR 1
FGIP 0
FGWK 0
FIAE 0
FIZW 1
FJEM 0
FJNI 4
FJRI 0
FKGM 2
FKST 1
FMGP 8
FMMW 1
FNCQ 0
FNSR 3
FOHK 0
FOMW 1
FOWD 12
FPGP 38
FQOO 1
FVOY 0
FVVD 0
FVVO 1
FVXR 0
FWUT 7
FXAZ 0
FXBO 0
FXNL 1
FXUF 48
FXYJ 7
FYCR 0
FZBF 1
GAAY 18
GAHV 12
GAPS 0
GAYT 2
GDFQ 1
GDUN 4
GEAL 18
GEDI 0
GEOX 0
GEUM 0
GEWB 4
GEYS 0
GFZP 3
GJEE 0
GJMX 3
GMUR 20
GMYK 1
GNOD 1
GORD 0
GOWV 4
GPNV 1
GQYI 1
GRPG 59
GRWJ 36
GSUT 10
GUYZ 0
GVBE 0
GWHZ 376
GXBG 1
GXOW 1
GYWW 0
GZAT 0
GZCD 2
HAGC 0
HAST 11
HBEH 0
HBPX 7
HBYB 0
HCZJ 0
HDQE 0
HDXQ 0
HERM 7
HFDJ 2
HFGK 0
HFJK 0
HFMX 0
HHUO 0
HHUY 0
HILH 0
HJCS 0
HJIF 0
HLGO 0
HMNO 6
HNAZ 0
HNZU 0
HOSH 0
HPAQ 1
HPHH 1
HPNG 3
HPPX 0
HQDS 0
HQOE 0
HQVS 0
HSTL 0
HTHD 0
HTYJ 0
HUHE 0
HULD 2
HVIS 2
HWNE 6
HWRB 1
HYZN 0
HZEN 1
HZUF 0
IASB 0
IAYU 1
IBME 2
IBXP 0
ICOL 0
IDIC 0
IEUO 0
IFCD 0
IGJN 0
IHDJ 0
IHFU 0
IHGE 2
IHIX 0
IIAY 2
IIIO 0
IIWC 6
IIXC 49
IIYB 1
IKCF 0
IKEW 3
ILVQ 0
INRW 0
INZV 1
IOAL 1
IOGU 0
IOQL 2
IPAQ 0
IPPT 3
IQCF 1
IQHJ 0
ISGW 0
ITIX 2
ITKT 0
ITMX 8
ITOQ 2
IUOE 0
IWAX 2
IWFZ 0
IXSW 7
IYQV 1
IZFA 1
IZNY 0
IZTL 0
JABR 0
JAES 24
JAEW 0
JAFX 0
JAWV 0
JBCI 3
JBWK 5
JCPH 2
JDVE 2
JEGF 0
JEVT 0
JFGZ 0
JGWS 1
JITH 1
JITZ 1
JJFL 3
JKIJ 0
JKMX 0
JLJZ 22
JLUU 11
JPJB 6
JPTM 2
JRMS 0
JTGQ 8
JUUK 1
JUVP 0
JUYI 0
JVEH 8
JXDA 2
JYBM 0
JYHA 1
JZMB 0
KASR 3
KBEY 0
KBGA 5
KCUW 3
KDBH 0
KEJZ 4
KEPK 0
KFJN 3
KGEQ 0
KHJZ 0
KICV 0
KJXG 0
KKPQ 4
KLIK 0
KLSS 1
KNTA 3
KOHH 1
KOST 2
KPFJ 0
KPOV 0
KQMB 0
KQSI 1
KRHE 0
KSPZ 4
KUSM 0
KUWA 0
KVCF 0
KVDZ 14
KVFE 3
KVTO 23
KVUI 4
KWFC 2
KWIB 6
KWKQ 0
KWPK 0
KWQX 0
KXCC 6
KXPR 0
KZEK 0
KZFX 1
KZHL 0
KZPZ 0
KZSW 3
LAAK 0
LDNZ 0
LECP 0
LEUN 0
LHEJ 0
LHML 1
LIUU 0
LJIR 1
LKGH 5
LKMF 2
LKPE 0
LMQY 4
LNDH 1
LPWG 1
LSNN 0
LTMS 0
LTOK 5
LTQS 0
LUYG 8
LUYQ 4
LVKP 0
LWRJ 30
LXMY 0
LXXL 0
LZJT 0
MAMO 34
MBJE 0
MCGL 8
MCKJ 0
MDJQ 1
MECH 0
MFXG 0
MHKC 0
MHXM 0
MIBP 3
MIDT 0
MITR 1
MIZX 0
MJIY 0
MKYK 0
MLYN 0
MMSV 0
MNRY 1
MNZM 0
MOAK 0
MOII 2
MOUW 1
MPBT 4
MPKZ 0
MQUV 0
MRKZ 2
MRPW 0
MRWF 0
MRWX 1
MTFE 0
MULI 0
MVHP 0
MVSB 0
MWWG 1
MXGW 0
MXST 3
MYVG 0
MZBH 0
MZYS 0
NADO 0
NAEN 0
NALJ 1
NBGK 1
NCEB 4
NCNI 0
NCZL 2
NFGI 0
NFJZ 0
NFRC 0
NGFG 116
NGMV 0
NHDI 0
NHLY 39
NIBL 0
NIEV 0
NIKM 0
NKUV 0
NKVO 2
NKYH 0
NLAF 3
NLIH 6
NLLT 0
NLOO 0
NLSW 2
NLZJ 84
NMLK 2
NMPE 1
NOFV 0
NOLT 0
NOOV 2
NRGV 7
NSFQ 5
NUCG 0
NUPV 1
NVDK 6
NVMV 0
NVQJ 0
NWPV 0
NXIV 1
NYKC 0
NYSJ 1
NZGP 11
OAPJ 5
OBHR 0
OBLY 0
OBNF 0
OBZB 0
OCMK 0
OCPN 21
OEGU 0
OEOQ 1
OERN 9
OFGO 3
OFMY 1
OGPR 0
OGSW 9
OGWK 0
OHYY 0
OIGB 0
OIIR 0
OIKK 3
OITN 0
OJCJ 0
OJDY 0
OJPT 0
OKKC 0
OLQR 12
OLVF 0
OMFZ 1
OMIR 0
OMNG 5
OMXJ 0
ONTA 5
OOEU 1
OOEZ 8
OOIV 3
OOQJ 17
OQTU 0
OSDK 5
OSDO 2
OSIE 0
OSUX 1
OTJU 10
OTUO 1
OUBO 0
OUXQ 0
OWVO 0
OXEB 57
OYIQ 0
OZTC 0
PATG 0
PDEK 1
PDFE 0
PDLY 3
PEIU 1
PEVI 0
PFCR 0
PGCA 0
PGOT 1
PHNT 0
PJMN 0
PKHF 0
PLIL 48
PLOH 2
PLSU 3
PMSH 2
PMYR 0
PNJD 7
PONN 2
POPX 2
POYR 1
POZY 0
PRKB 1
PSAU 0
PTPZ 58
PTQL 10
PTSP 0
PTWX 5
PVFD 0
PVXT 1
PWRQ 0
PXXG 4
QADG 9
QADH 1
QAUF 1
QBQE 4
QBWJ 6
QDFW 0
QDMG 0
QENZ 1
QEVT 0
QGMZ 1
QHEY 0
QHMI 2
QHXB 10
QIMH 4
QJAO 29
QJIO 0
QKQW 0
QLAH 0
QLNU 0
QLQT 1
QLRB 2
QLSD 2
QLWX 0
QLXM 0
QMGM 0
QOWJ 2
QPFZ 0
QPZN 1
QRBM 0
QRIV 0
QSGB 6
QSPZ 0
QTTA 2
QUAS 25
QUHR 0
QVTQ 1
QVVM 0
QWCL 0
QWNT 1
QWVP 1
QWYA 3
QWYZ 0
QYLT 0
QYNA 1
QZGF 0
QZRJ 0
QZVJ 9
RDIV 0
RDJE 0
RELP 4
RETL 1
RFLT 0
RHBN 3
RHQQ 0
RHQY 1
RKYU 3
RMGP 2
RNKJ 0
RNRW 2
RNXT 0
ROCH 0
RPGB 0
RPHC 0
RQBV 19
RRJO 20
RRVC 4
RSOB 997
RTPK 1
RTTF 0
RUDP 0
RVMM 1
RWWG 5
RXXQ 2
RZHJ 8
RZUC 1
SAFH 0
SBJV 3
SCCY 0
SEIY 0
SFIS 0
SGCS 0
SGMR 1
SGRP 1
SHDK 0
SHRF 3
SHSO 6
SHTJ 0
SHWV 100
SHXA 10
SICI 0
SIOV 0
SJKB 1
SJTY 0
SJWG 0
SKAD 0
SKOI 5
SKUC 7
SNDD 20
SOOB 26
SOYL 0
SPJV 110
SQFS 4
SQIU 1
SQKK 0
SQPB 18
SRDK 2
SRSG 0
SRYP 0
SRYR 0
SSLS 0
STEJ 2
SUBW 1
SUTO 0
SVNZ 1
SVSC 1
SWBU 1
SWKK 0
SWXG 1
SWZO 10
SZLL 0
SZPB 3
SZPK 0
SZRP 0
TATH 0
TCLP 0
TCOF 1
TEPF 2
TFJM 0
TFQH 0
TGBY 25
TGTX 0
THPE 1
TIBO 0
TJJT 0
TJQH 2
TKWT 1
TLEI 0
TLNZ 3
TLUM 0
TLWP 0
TMOC 11
TMVM 0
TMXH 1
TMYO 0
TNCL 0
TNQO 0
TNXK 8
TOWR 6
TPAG 0
TQMK 1
TQNH 0
TRDP 1
TREM 6
TRGV 1
TTCP 1
TTSN 0
TUCK 4
TUDQ 3
TUQW 3
TVBJ 0
TVEC 4
TVWW 0
TWUY 0
TWYM 0
TYYJ 16
TZMX 29
UACD 6
UATE 11
UBZO 23
UCNC 1
UCPI 0
UDSJ 0
UDSQ 0
UERK 0
UFGX 2
UFNY 4
UFSF 1
UFTQ 0
UHYF 4
UJQJ 20
UKFZ 0
UKRR 0
UMLV 5
UOPY 0
UOXL 4
UQBH 10
URIG 1
URTT 0
URZJ 0
USNN 0
USQS 0
UTDN 0
UTVN 0
UVOB 0
UVUD 0
UWGT 0
UXYY 0
UZFF 0
UZVJ 2
VCZU 0
VEGG 3
VFAA 4
VIFY 0
VJQB 0
VKAH 0
VKWK 2
VLCO 0
VLJJ 5
VLTQ 0
VLUG 0
VOBI 0
VPWU 8
VPYW 0
VQHV 2
VQPT 0
VQUA 1
VQXS 0
VREA 0
VRQD 0
VRZI 8
VSQB 5
VSRX 124
VTCB 0
VUQR 1
VVCL 0
VVGI 0
VWIL 0
VWKT 4
VWZL 0
VXSS 0
VYYF 5
WANG 0
WAXJ 3
WBAA 1
WBPA 1
WCLY 3
WDHK 1
WEFY 0
WENX 0
WESH 0
WEZS 0
WFRI 2
WHPH 1
WHSW 2
WHWW 2
WIQB 18
WIWS 0
WJEW 9
WJNR 0
WJXP 0
WKEQ 0
WKOE 1
WLBE 0
WLKB 29
WLNB 0
WMLT 1
WMTO 9
WNWA 1
WNYJ 0
WOCN 1
WOPA 1
WOVT 0
WPHD 0
WQRF 3
WQXP 0
WQZT 23
WRBW 0
WRKT 0
WRUK 0
WSCQ 0
WSYB 2
WTMT 0
WTOG 0
WUFY 1
WVMX 0
WXAH 0
WXPO 0
WYAW 12
WYCJ 16
WYUX 0
WZAU 0
XAGK 0
XAUB 1
XAWP 1
XCJO 0
XDMY 0
XEPI 0
XEPW 3
XERF 18
XFXI 0
XGNZ 0
XGZA 0
XHDS 0
XIMQ 0
XIPP 1
XIRL 289
XIXE 1
XJEO 0
XJQB 7
XLNQ 3
XLSR 1
XMNG 1
XMON 3
XMPH 4
XMPS 0
XMWM 2
XOFN 0
XQIQ 3
XQPI 14
XTEP 0
XTIY 2
XTXM 9
XUGX 10
XUNM 1
XUNY 1
XUTS 0
XVTB 0
XXLU 1
XYNF 7
XYXZ 0
XZHI 2
XZWQ 0
YBZU 16
YCIM 0
YCVU 0
YCYN 3
YDBY 0
YDGF 0
YDKA 9
YDWT 0
YEFE 8
YFJI 0
YFQY 2
YFWI 0
YGCL 1
YGMT 0
YGYJ 2
YIEL 62
YIRR 0
YIVR 1
YJAZ 0
YJRF 0
YJVW 0
YKVL 0
YKYT 2
YLVN 1
YMCT 1
YONH 0
YPMX 0
YPSE 0
YQCI 0
YQCX 0
YQEV 2
YQQR 1
YQTK 0
YSHG 0
YTHO 0
YWPY 0
YWTT 0
YXSO 0
YXTH 8
YYAM 1
YYDO 1
YYPV 13
YZSL 0
YZSM 103
ZBCV 0
ZBMG 0
ZEHB 0
ZENM 0
ZEUD 0
ZHNX 0
ZHSG 0
ZHVE 1
ZIJD 3
ZJIJ 0
ZJSZ 1
ZJTJ 0
ZKDT 0
ZKHR 27
ZNRZ 49
ZNWP 2
ZOCL 0
ZPDC 0
ZPQG 13
ZPRD 2
ZQGT 0
ZQKG 3
ZRMY 2
ZSSR 1
ZSVY 5
ZTLR 0
ZTSK 1
ZUDP 1
ZUGR 1
ZUGT 0
ZULD 0
ZUSR 1
ZUTB 0
ZVOG 2
ZWDH 1
ZXDK 2
