AABI 0
AAIQ 0
AARU 0
AAUA 0
ABLI 3
ADAF 2
ADCM 1
ADED 0
ADNY 2
AEUV 0
AEXS 0
AFPT 1
AGJA 1
AGVM 0
AHIX 4
AHJO 0
AIXI 0
ALTB 0
AMPP 0
ANZZ 11
AOBH 7
AOFT 4
AOXI 9
APAN 0
APJW 0
APRY 0
APVO 0
AQHQ 2
AQZJ 0
ARDR 0
ARJX 1
ARUC 18
ASHF 2
ASJU 2
ATKY 0
AUAZ 0
AUCL 5
AUZW 1
AVRI 0
AWGY 0
AWIU 1
AWKT 31
AXUO 3
AXWF 0
AYYI 9
AZHN 6
AZLK 0
BAPO 2
BAWO 0
BBWP 29
BDFU 3
BFGP 3
BHNG 3
BHRL 0
BIEP 1
BINF 2
BKOU 0
BONV 0
BOVV 0
BOYH 1
BPEZ 5
BPUK 2
BQWC 0
BRCD 0
BSQX 2
BVDR 0
BVDS 23
BVLD 2
BVZS 0
BWAR 3
BWGN 5
BWML 6
BWSC 1
BXKD 1
BYYW 0
BZBW 0
BZIW 46
BZJB 29
CAMF 0
CCZE 1
CDUE 1
CFQT 0
CGJW 1
CIPH 1
CISZ 1
CJEZ 2
CJPZ 0
CKSJ 0
CLGW 0
CLJH 0
CMGY 0
CMNL 0
CNUL 0
COSR 0
CPBH 0
CPGS 15
CQAE 0
CQTU 0
CRBE 1
CRLG 0
CRZY 0
CSMQ 1
CTJG 0
CTPJ 0
CUNX 1
CUUB 2
CWFP 0
CWJU 1
CWKM 0
CWWP 0
CXCW 0
DADM 1
DAON 0
DBYD 1
DCNP 1
DCSP 0
DDAR 0
DEQI 2
DFPM 4
DGOE 3
DGZA 0
DHEP 0
DHKY 1
DHUX 1
DIRY 6
DIXY 0
DKBQ 1
DKEE 2
DKSR 3
DKTT 4
DLDU 0
DLHK 6
DNOF 474
DNOI 0
DNYB 0
DODQ 7
DOVV 0
DPFZ 0
DPGB 0
DREN 0
DSCY 9
DSOD 16
DSVS 2
DSXY 0
DSYA 0
DUCA 7
DUIE 0
DUMU 3
DVFU 1
DVGT 3
DVZO 1
DWVD 0
DWZA 0
DXAC 0
DXZM 4
DYCU 0
DYOR 0
DYTY 2
DZEX 59
EBUE 15
ECLD 1
EDFQ 3
EDLA 1
EFSE 0
EFUB 7
EFVI 0
EHBJ 1
EHMM 0
EHQG 0
EHVZ 45
EIGV 1
EKUC 4
ELUO 1
ELXK 108
EMUS 2
ENCO 0
EQBY 9
EQXL 0
ESYG 0
EUCV 25
EUFC 1
EUFD 7
EUJZ 41
EUUQ 0
EUVP 0
EVLK 17
EWDP 4
EYFZ 1
EZPK 1
EZUA 3
FARN 12
FBTV 0
FCEK 0
FCIJ 4
FCSV 1
FDIF 0
FEQA 0
FFGI 191
FFJY 0
FFOH 14
FGHC 0
FGTF 3
FHXM 4
FIDR 0
FKKT 0
FKUI 0
FLVD 0
FLXQ 0
FMCA 2
FNDG 0
FNUM 6
FNYI 3
FPOY 8
FQLP 0
FRHI 0
FRIS 1
FRMM 0
FSSD 0
FSTP 3
FTKT 0
FTVE 2
FUVE 2
FVBH 0
FVOF 0
FVVL 0
FWTU 0
FWYO 8
FXTQ 0
FXUS 0
FXXJ 0
FYCB 3
FYNO 0
FZDJ 0
FZEM 5
FZLT 0
FZOE 0
GAUW 6
GBAE 1
GCFO 0
GDIO 0
GFJX 4
GFLP 0
GFLV 0
GGKR 1
GHIP 3
GHJU 0
GIBQ 2
GIDD 0
GIOA 0
GJST 0
GKPP 0
GLAZ 0
GLZH 2
GMRA 1
GNVB 2
GNVH 0
GOVJ 1
GPRT 61
GQJB 2
GRPX 0
GSMF 4
GTEM 14
GUQV 0
GVEZ 0
GVWG 1
GWEF 0
GWRL 1
GXQA 0
GZET 0
GZFR 0
HAGT 0
HBGB 0
HBKN 1
HBMS 0
HCKG 5
HDJD 1
HFKT 0
HFLW 8
HHMH 0
HHUI 0
HIJK 7
HJXS 0
HLKW 9
HLSK 5
HLVW 0
HLXW 0
HMLG 0
HMUX 1
HNZZ 0
HODT 0
HOLA 25
HONI 0
HOYG 1
HPGU 11
HPOD 7
HPTC 0
HQBP 0
HQJB 0
HRXX 10
HSRH 0
HTWX 0
HUEP 0
HUKL 7
HURG 0
HVHR 0
HXWQ 1
HYGQ 12
HZJQ 44
HZPP 0
HZTB 0
IAYN 1
IBAQ 1
IBID 0
IBYD 0
ICEE 995
ICXD 1
IDVM 1
IEHE 0
IFXL 4
IGJT 0
IIDM 1
IIIU 0
IIKG 2
IIMA 0
IKMT 0
ILTM 0
INIE 1
INUV 45
IOGE 0
IOIB 2
IONR 0
IPDU 1
IQLQ 1
IRLL 0
ITEO 29
IUMT 3
IUUG 0
IVCN 10
IVSA 0
IWAN 0
IWHR 0
IWOG 4
IXHR 4
IYGI 0
JBRD 2
JBTE 61
JCTJ 0
JDZI 0
JEOC 5
JFSG 0
JFTW 0
JFZV 0
JGQU 0
JGRK 0
JGYB 1
JHAZ 0
JHIL 0
JHKL 1
JIJS 2
JKFE 0
JKWM 0
JKYU 0
JLBY 1
JLCU 9
JLMD 1
JMFW 0
JMHZ 1
JMQM 1
JMXB 2
JNCA 3
JNHF 0
JNMP 2
JNUM 2
JOFG 1
JPRP 1
JQPK 2
JSJR 0
JSLB 0
JTUP 2
JUCW 0
JUXE 9
JVAF 0
JVCV 0
JYFZ 0
JZER 1
KAUK 0
KBIT 0
KBWP 0
KCDC 4
KCRA 2
KFWB 5
KFZY 12
KGQK 0
KHMG 1
KHMI 12
KHQX 1
KISL 0
KJIJ 0
KJTQ 0
KJXO 16
KKGW 1
KLDU 10
KLEN 0
KMBU 7
KMHG 0
KOBQ 1
KOJJ 0
KOSO 0
KQHJ 1
KQNS 1
KRRG 0
KSAO 0
KTFI 0
KVDJ 1
KVPK 0
KWOI 0
KWSB 0
KYHW 0
KYNM 5
KYSP 0
KZUJ 3
LAFW 0
LAKT 0
LCAE 0
LCUD 0
LEQR 0
LEWB 2
LEYG 1
LFWX 0
LFXC 0
LGYB 0
LGZL 0
LISW 0
LKVK 0
LKWY 0
LLKZ 0
LMCL 0
LMEK 0
LMRU 114
LMSI 360
LNPW 2
LNRF 8
LNSR 0
LODR 1
LOIK 6
LPIE 0
LPKQ 1
LPRF 0
LPSM 1
LQPG 0
LQWN 0
LRGT 3
LRUL 0
LSAZ 0
LTEG 0
LTRP 0
LTST 0
LUAA 1
LUAK 11
LVSV 4
LXJQ 31
LXXV 0
LYGE 0
LYIX 0
LZOJ 2
MBNT 0
MBPK 0
MCEL 0
MDEB 0
MDOU 13
MEDR 0
MELB 0
MERS 0
METI 0
MFEN 0
MFYC 1
MGAL 0
MGUC 0
MICG 0
MIIX 0
MIOI 1
MJYC 0
MKAX 5
MMHS 0
MMSZ 0
MNVE 0
MOKU 0
MOTT 3
MOWE 17
MQNP 0
MTVK 1
MUTG 3
MVFA 1
MWAD 0
MWLQ 0
MYCT 0
NASA 0
NCMX 0
NDBQ 2
NDKM 0
NDXF 2
NEEV 0
NESI 1
NGRA 0
NHCA 1
NHUG 0
NJKO 1
NJPM 0
NKVQ 0
NMPX 14
NNGK 0
NNOV 0
NPSG 0
NQKL 1
NRAK 0
NRPM 1
NSJW 0
NVDF 0
NVGE 0
NVIH 0
NVMH 2
NVZG 0
NYTB 1
NZIJ 0
OAOI 1
OAXA 2
OBYP 0
OCEI 0
OCSE 1
ODFZ 0
OEGJ 1
OGBJ 0
OGLD 0
OHCO 2
OHFE 0
OIKZ 4
OIMV 2
OIMZ 8
OINZ 1
OIOH 2
OIRH 1
OJED 0
OJPW 1
OKXS 0
OLLG 0
OLOM 0
ONXN 1
OOIK 3
OOVD 2
OPVN 1
OQUX 0
OQVX 0
ORPX 0
ORQV 0
ORRN 0
ORXE 2
OSFA 0
OSXT 7
OVBY 0
OVKR 1
OVWV 0
OVXX 5
OWJY 6
OWUA 0
OZBR 2
OZTU 0
OZXS 0
PACW 0
PAFK 0
PAQF 0
PBIQ 0
PBXC 37
PHFQ 0
PHIX 0
PIPF 3
PIZI 0
PJBM 0
PJZO 0
PKBD 0
PKLD 0
PKMP 1
PKVT 25
PLVK 0
PMOE 2
PNDA 58
POBF 2
POUT 0
POYY 0
PPLW 5
PQWZ 6
PRMF 5
PVWQ 0
PWJM 0
PXKX 0
PXOT 0
PXUA 0
PYEV 0
PYHG 3
PYQG 0
PZVR 29
QAHV 0
QBEI 0
QBSF 3
QBSZ 0
QBTL 0
QCCW 4
QDOZ 0
QETS 0
QGIO 3
QILO 0
QJBA 0
QKNC 0
QLTU 1
QNDB 0
QNLF 0
QOTC 64
QPHY 0
QPIG 1
QPOA 0
QQQF 38
QQRP 0
QQWS 1
QRPJ 22
QSES 2
QSHZ 8
QSSU 2
QTEQ 0
QTMV 0
QTWO 5
QUAU 1
QUJO 0
QULA 3
QUXQ 2
QVCO 0
QWSR 0
QZOU 0
QZRT 0
RAAG 1
RAUU 0
RBIP 4
RBKT 0
RBOX 0
RCRO 3
RDHH 0
RDPL 1
RDXL 55
REPZ 1
RFJG 0
RFWK 12
RGGL 0
RGKA 0
RGTZ 0
RKCP 1
RKRZ 0
RKTG 4
RLNE 1
RMPP 0
ROWS 2
RQPO 0
RQQK 0
RQVP 0
RRRV 0
RSCO 0
RTAY 1
RTXN 19
RVEC 0
RVQW 6
RWGR 0
RWKN 0
RWXU 0
RXDX 2
RYMK 0
RYWZ 0
RZFZ 0
RZTF 0
SAFD 14
SBEV 0
SBRQ 0
SBWI 1
SDIF 0
SDJX 0
SDTZ 0
SENY 2
SFSY 3
SGLA 0
SGSS 0
SHCD 0
SHCE 7
SHFX 3
SHOH 0
SIGO 0
SIHT 0
SIVX 0
SJSB 0
SKDF 0
SMWH 2
SNBI 1
SNVY 34
SPJV 0
SQCQ 12
SRHG 1
SRHS 1
SROK 8
SRTD 3
SRXQ 0
SUSG 0
SVCR 2
SXDH 7
SXRZ 0
SXTP 2
SYME 0
SYUA 0
SZNM 0
SZPI 1
SZXA 4
TABR 0
TALY 13
TANC 3
TAYA 4
TBBL 0
TBCA 0
TBZO 0
TDBL 0
TERC 1
TGBU 1
TGPG 0
THCJ 2
THSZ 5
TIAT 0
TIIL 1
TJGD 5
TLUJ 2
TNMD 3
TNMV 0
TOHZ 0
TOQN 35
TOUD 5
TPCI 27
TQOL 28
TRFP 0
TRIZ 0
TSFF 4
TSLY 5
TTKY 2
TTPN 1
TTQL 0
TWMK 0
TWQL 3
TZEV 0
TZGH 3
TZGO 1
UAGS 8
UBJC 21
UBTF 1
UCPR 0
UEKN 0
UFMH 0
UHCD 0
UHEC 0
UHEJ 0
UHRI 1
UISC 0
UJOT 0
UNCR 0
UNUH 5
UOAB 32
UPAZ 1
UPBS 7
UPOF 0
UQDT 0
UQGU 2
UQQO 2
UQRF 2
UQXW 2
URIE 1
URNC 0
USBU 2
USCR 1
USFR 5
USUQ 0
UTBR 0
UULS 2
UUOO 0
UXAR 0
UYXM 5
UZEQ 63
VAGT 3
VATC 0
VAZP 0
VCJH 0
VCTX 0
VCUR 0
VDTF 3
VDVJ 2
VEBL 4
VEEE 6
VFTX 1
VFVD 1
VGLM 0
VHSK 0
VIJJ 44
VJPN 9
VJSS 0
VKIN 0
VKKO 2
VKXO 1
VLZC 1
VMAH 5
VNMZ 4
VOVT 0
VPZO 10
VRIT 0
VRQT 1
VSFX 0
VSGE 0
VTKQ 1
VTRA 0
VVIN 0
VVIW 3
VWBG 1
VWCL 0
VWIA 0
VWMU 0
VXHJ 2
VXJQ 0
VXSW 2
VZVW 5
WBNK 0
WDHA 0
WEHA 0
WETS 4
WGBH 0
WHKR 0
WISN 0
WJCH 2
WJLJ 35
WJTS 5
WKBN 0
WKXA 0
WLDX 6
WLHC 0
WLWZ 0
WMKG 0
WMPM 0
WMTW 0
WMYZ 0
WNKB 0
WNLT 4
WPPH 1
WPUX 2
WQBL 2
WQCW 0
WSKG 29
WSLP 1
WSPP 1
WUBQ 0
WUIJ 0
WVIU 0
WWBO 2
WWBP 5
WWDD 0
WWLD 8
WWXV 0
WXRQ 6
WXTQ 9
WZSM 1
XAJY 0
XAWE 1
XBQT 3
XBZG 0
XCUG 1
XCXO 7
XDKB 0
XDLK 0
XDZO 1
XDZU 1
XEOO 4
XEYQ 0
XFGX 1
XFLH 0
XGMK 3
XHCF 0
XHMM 0
XIRH 2
XJDW 0
XKMX 3
XKXU 1
XLCF 1
XLMC 0
XMEG 0
XMSJ 2
XMZZ 1
XNLE 0
XNLS 9
XNQZ 3
XOYU 1
XPJU 0
XPSS 0
XRVW 1
XTLX 0
XTUA 1
XUOR 0
XUPD 1
XUSR 38
XVNX 0
XWCG 34
XXBZ 0
XXCC 0
XXEZ 7
XZME 3
YBAQ 1
YBXR 10
YBZI 0
YCER 0
YDWA 1
YEFT 1
YEGJ 0
YFOF 1
YGTF 1
YGYZ 0
YHIL 0
YHSJ 2
YHYN 0
YIAF 0
YIFZ 0
YIMD 1
YITQ 198
YKBR 1
YMJQ 0
YNCR 13
YNGG 0
YNHG 0
YNTY 4
YOCM 1
YODU 0
YOHD 1
YPOM 1
YPZG 0
YQDH 0
YQDV 0
YQIA 0
YQMV 10
YQRB 2
YQTW 0
YRJW 2
YROO 6
YRWY 1
YSRA 0
YUCL 0
YUUA 0
YWQS 3
YXTD 2
YXUM 2
YYFD 7
YYQZ 2
YYXU 0
YYYA 0
YZBU 10
YZQJ 1
ZAQQ 1
ZBZU 0
ZDKJ 10
ZDMJ 0
ZFOI 1
ZFQJ 0
ZFSD 1
ZGAQ 20
ZGNT 0
ZGWF 1
ZHCF 1
ZHIU 0
ZITI 0
ZITZ 6
ZJNT 2
ZJWD 2
ZKAY 9
ZKJJ 0
ZLXA 4
ZMHR 1
ZNFK 0
ZNOE 0
ZPBR 0
ZQCD 48
ZRCL 0
ZRDV 4
ZSHC 2
ZSVS 1
ZTRJ 0
ZUXS 0
ZVGP 0
ZVQY 14
ZVTH 0
ZWFV 0
ZYAF 0
ZYMP 12
ZZUW 1
